[2025-11-29T09:31:53.479+0000] {taskinstance.py:1165} INFO - Dependencies all met for <TaskInstance: example_bash_dag.simple_bash_command scheduled__2025-11-27T00:00:00+00:00 [queued]>
[2025-11-29T09:31:55.163+0000] {taskinstance.py:1165} INFO - Dependencies all met for <TaskInstance: example_bash_dag.simple_bash_command scheduled__2025-11-27T00:00:00+00:00 [queued]>
[2025-11-29T09:31:55.443+0000] {taskinstance.py:1362} INFO - 
--------------------------------------------------------------------------------
[2025-11-29T09:31:55.495+0000] {taskinstance.py:1363} INFO - Starting attempt 1 of 1
[2025-11-29T09:31:55.511+0000] {taskinstance.py:1364} INFO - 
--------------------------------------------------------------------------------
[2025-11-29T09:31:57.372+0000] {taskinstance.py:1383} INFO - Executing <Task(BashOperator): simple_bash_command> on 2025-11-27 00:00:00+00:00
[2025-11-29T09:31:57.447+0000] {standard_task_runner.py:55} INFO - Started process 497 to run task
[2025-11-29T09:31:57.812+0000] {standard_task_runner.py:82} INFO - Running: ['***', 'tasks', 'run', 'example_bash_dag', 'simple_bash_command', 'scheduled__2025-11-27T00:00:00+00:00', '--job-id', '140', '--raw', '--subdir', 'DAGS_FOLDER/example_bash_dag.py', '--cfg-path', '/tmp/tmp3pmz0eut']
[2025-11-29T09:31:57.907+0000] {standard_task_runner.py:83} INFO - Job 140: Subtask simple_bash_command
[2025-11-29T09:31:59.634+0000] {task_command.py:376} INFO - Running <TaskInstance: example_bash_dag.simple_bash_command scheduled__2025-11-27T00:00:00+00:00 [running]> on host e6234453012c
[2025-11-29T09:32:01.467+0000] {taskinstance.py:1592} INFO - Exporting the following env vars:
AIRFLOW_CTX_DAG_OWNER=***
AIRFLOW_CTX_DAG_ID=example_bash_dag
AIRFLOW_CTX_TASK_ID=simple_bash_command
AIRFLOW_CTX_EXECUTION_DATE=2025-11-27T00:00:00+00:00
AIRFLOW_CTX_TRY_NUMBER=1
AIRFLOW_CTX_DAG_RUN_ID=scheduled__2025-11-27T00:00:00+00:00
[2025-11-29T09:32:01.562+0000] {subprocess.py:63} INFO - Tmp dir root location: 
 /tmp
[2025-11-29T09:32:01.626+0000] {subprocess.py:75} INFO - Running command: ['/bin/bash', '-c', 'echo hello ***']
[2025-11-29T09:32:01.803+0000] {subprocess.py:86} INFO - Output:
[2025-11-29T09:32:01.864+0000] {subprocess.py:93} INFO - hello ***
[2025-11-29T09:32:01.870+0000] {subprocess.py:97} INFO - Command exited with return code 0
[2025-11-29T09:32:02.263+0000] {taskinstance.py:1406} INFO - Marking task as SUCCESS. dag_id=example_bash_dag, task_id=simple_bash_command, execution_date=20251127T000000, start_date=20251129T093153, end_date=20251129T093202
[2025-11-29T09:32:04.617+0000] {local_task_job.py:164} INFO - Task exited with return code 0
[2025-11-29T09:32:05.200+0000] {local_task_job.py:273} INFO - 0 downstream tasks scheduled from follow-on schedule check
