[2025-11-29T09:32:18.521+0000] {taskinstance.py:1165} INFO - Dependencies all met for <TaskInstance: example_bash_dag.simple_bash_command scheduled__2025-11-25T00:00:00+00:00 [queued]>
[2025-11-29T09:32:19.986+0000] {taskinstance.py:1165} INFO - Dependencies all met for <TaskInstance: example_bash_dag.simple_bash_command scheduled__2025-11-25T00:00:00+00:00 [queued]>
[2025-11-29T09:32:20.057+0000] {taskinstance.py:1362} INFO - 
--------------------------------------------------------------------------------
[2025-11-29T09:32:20.095+0000] {taskinstance.py:1363} INFO - Starting attempt 1 of 1
[2025-11-29T09:32:20.186+0000] {taskinstance.py:1364} INFO - 
--------------------------------------------------------------------------------
[2025-11-29T09:32:21.426+0000] {taskinstance.py:1383} INFO - Executing <Task(BashOperator): simple_bash_command> on 2025-11-25 00:00:00+00:00
[2025-11-29T09:32:21.514+0000] {standard_task_runner.py:55} INFO - Started process 525 to run task
[2025-11-29T09:32:21.610+0000] {standard_task_runner.py:82} INFO - Running: ['***', 'tasks', 'run', 'example_bash_dag', 'simple_bash_command', 'scheduled__2025-11-25T00:00:00+00:00', '--job-id', '149', '--raw', '--subdir', 'DAGS_FOLDER/example_bash_dag.py', '--cfg-path', '/tmp/tmpyx9ue75n']
[2025-11-29T09:32:21.890+0000] {standard_task_runner.py:83} INFO - Job 149: Subtask simple_bash_command
[2025-11-29T09:32:23.978+0000] {task_command.py:376} INFO - Running <TaskInstance: example_bash_dag.simple_bash_command scheduled__2025-11-25T00:00:00+00:00 [running]> on host e6234453012c
[2025-11-29T09:32:26.322+0000] {taskinstance.py:1592} INFO - Exporting the following env vars:
AIRFLOW_CTX_DAG_OWNER=***
AIRFLOW_CTX_DAG_ID=example_bash_dag
AIRFLOW_CTX_TASK_ID=simple_bash_command
AIRFLOW_CTX_EXECUTION_DATE=2025-11-25T00:00:00+00:00
AIRFLOW_CTX_TRY_NUMBER=1
AIRFLOW_CTX_DAG_RUN_ID=scheduled__2025-11-25T00:00:00+00:00
[2025-11-29T09:32:26.615+0000] {subprocess.py:63} INFO - Tmp dir root location: 
 /tmp
[2025-11-29T09:32:26.926+0000] {subprocess.py:75} INFO - Running command: ['/bin/bash', '-c', 'echo hello ***']
[2025-11-29T09:32:27.568+0000] {subprocess.py:86} INFO - Output:
[2025-11-29T09:32:27.732+0000] {subprocess.py:93} INFO - hello ***
[2025-11-29T09:32:27.776+0000] {subprocess.py:97} INFO - Command exited with return code 0
[2025-11-29T09:32:29.173+0000] {taskinstance.py:1406} INFO - Marking task as SUCCESS. dag_id=example_bash_dag, task_id=simple_bash_command, execution_date=20251125T000000, start_date=20251129T093218, end_date=20251129T093229
[2025-11-29T09:32:30.426+0000] {local_task_job.py:164} INFO - Task exited with return code 0
[2025-11-29T09:32:30.955+0000] {local_task_job.py:273} INFO - 0 downstream tasks scheduled from follow-on schedule check
