[2025-11-22T12:41:10.284+0000] {taskinstance.py:1165} INFO - Dependencies all met for <TaskInstance: dag2.first_task manual__2025-11-22T12:41:08.869918+00:00 [queued]>
[2025-11-22T12:41:10.305+0000] {taskinstance.py:1165} INFO - Dependencies all met for <TaskInstance: dag2.first_task manual__2025-11-22T12:41:08.869918+00:00 [queued]>
[2025-11-22T12:41:10.306+0000] {taskinstance.py:1362} INFO - 
--------------------------------------------------------------------------------
[2025-11-22T12:41:10.306+0000] {taskinstance.py:1363} INFO - Starting attempt 1 of 6
[2025-11-22T12:41:10.307+0000] {taskinstance.py:1364} INFO - 
--------------------------------------------------------------------------------
[2025-11-22T12:41:10.337+0000] {taskinstance.py:1383} INFO - Executing <Task(BashOperator): first_task> on 2025-11-22 12:41:08.869918+00:00
[2025-11-22T12:41:10.348+0000] {standard_task_runner.py:55} INFO - Started process 1249 to run task
[2025-11-22T12:41:10.353+0000] {standard_task_runner.py:82} INFO - Running: ['***', 'tasks', 'run', 'dag2', 'first_task', 'manual__2025-11-22T12:41:08.869918+00:00', '--job-id', '48', '--raw', '--subdir', 'DAGS_FOLDER/dag2.py', '--cfg-path', '/tmp/tmp1c09op7f']
[2025-11-22T12:41:10.354+0000] {standard_task_runner.py:83} INFO - Job 48: Subtask first_task
[2025-11-22T12:41:10.472+0000] {task_command.py:376} INFO - Running <TaskInstance: dag2.first_task manual__2025-11-22T12:41:08.869918+00:00 [running]> on host f42cc5a7ff63
[2025-11-22T12:41:10.804+0000] {taskinstance.py:1592} INFO - Exporting the following env vars:
AIRFLOW_CTX_DAG_OWNER=admin
AIRFLOW_CTX_DAG_ID=dag2
AIRFLOW_CTX_TASK_ID=first_task
AIRFLOW_CTX_EXECUTION_DATE=2025-11-22T12:41:08.869918+00:00
AIRFLOW_CTX_TRY_NUMBER=1
AIRFLOW_CTX_DAG_RUN_ID=manual__2025-11-22T12:41:08.869918+00:00
[2025-11-22T12:41:10.808+0000] {subprocess.py:63} INFO - Tmp dir root location: 
 /tmp
[2025-11-22T12:41:10.816+0000] {subprocess.py:75} INFO - Running command: ['/bin/bash', '-c', 'echo "hello, lets learn Airflow..."']
[2025-11-22T12:41:10.854+0000] {subprocess.py:86} INFO - Output:
[2025-11-22T12:41:10.862+0000] {subprocess.py:93} INFO - hello, lets learn Airflow...
[2025-11-22T12:41:10.863+0000] {subprocess.py:97} INFO - Command exited with return code 0
[2025-11-22T12:41:10.992+0000] {taskinstance.py:1406} INFO - Marking task as SUCCESS. dag_id=dag2, task_id=first_task, execution_date=20251122T124108, start_date=20251122T124110, end_date=20251122T124110
[2025-11-22T12:41:11.063+0000] {local_task_job.py:164} INFO - Task exited with return code 0
[2025-11-22T12:41:11.120+0000] {local_task_job.py:273} INFO - 1 downstream tasks scheduled from follow-on schedule check
