[2025-11-29T09:31:47.789+0000] {taskinstance.py:1165} INFO - Dependencies all met for <TaskInstance: dag2.first_task scheduled__2025-11-25T00:00:00+00:00 [queued]>
[2025-11-29T09:31:48.227+0000] {taskinstance.py:1165} INFO - Dependencies all met for <TaskInstance: dag2.first_task scheduled__2025-11-25T00:00:00+00:00 [queued]>
[2025-11-29T09:31:48.247+0000] {taskinstance.py:1362} INFO - 
--------------------------------------------------------------------------------
[2025-11-29T09:31:48.279+0000] {taskinstance.py:1363} INFO - Starting attempt 1 of 6
[2025-11-29T09:31:48.308+0000] {taskinstance.py:1364} INFO - 
--------------------------------------------------------------------------------
[2025-11-29T09:31:48.701+0000] {taskinstance.py:1383} INFO - Executing <Task(BashOperator): first_task> on 2025-11-25 00:00:00+00:00
[2025-11-29T09:31:48.815+0000] {standard_task_runner.py:55} INFO - Started process 494 to run task
[2025-11-29T09:31:48.851+0000] {standard_task_runner.py:82} INFO - Running: ['***', 'tasks', 'run', 'dag2', 'first_task', 'scheduled__2025-11-25T00:00:00+00:00', '--job-id', '139', '--raw', '--subdir', 'DAGS_FOLDER/dag2.py', '--cfg-path', '/tmp/tmpdi8gpm0x']
[2025-11-29T09:31:48.854+0000] {standard_task_runner.py:83} INFO - Job 139: Subtask first_task
[2025-11-29T09:31:53.107+0000] {task_command.py:376} INFO - Running <TaskInstance: dag2.first_task scheduled__2025-11-25T00:00:00+00:00 [running]> on host e6234453012c
[2025-11-29T09:31:57.744+0000] {taskinstance.py:1592} INFO - Exporting the following env vars:
AIRFLOW_CTX_DAG_OWNER=admin
AIRFLOW_CTX_DAG_ID=dag2
AIRFLOW_CTX_TASK_ID=first_task
AIRFLOW_CTX_EXECUTION_DATE=2025-11-25T00:00:00+00:00
AIRFLOW_CTX_TRY_NUMBER=1
AIRFLOW_CTX_DAG_RUN_ID=scheduled__2025-11-25T00:00:00+00:00
[2025-11-29T09:31:57.806+0000] {subprocess.py:63} INFO - Tmp dir root location: 
 /tmp
[2025-11-29T09:31:57.873+0000] {subprocess.py:75} INFO - Running command: ['/bin/bash', '-c', 'echo "hello, lets learn Airflow..."']
[2025-11-29T09:31:58.360+0000] {subprocess.py:86} INFO - Output:
[2025-11-29T09:31:58.802+0000] {subprocess.py:93} INFO - hello, lets learn Airflow...
[2025-11-29T09:31:58.867+0000] {subprocess.py:97} INFO - Command exited with return code 0
[2025-11-29T09:31:59.726+0000] {taskinstance.py:1406} INFO - Marking task as SUCCESS. dag_id=dag2, task_id=first_task, execution_date=20251125T000000, start_date=20251129T093147, end_date=20251129T093159
[2025-11-29T09:32:00.939+0000] {local_task_job.py:164} INFO - Task exited with return code 0
[2025-11-29T09:32:01.266+0000] {local_task_job.py:273} INFO - 1 downstream tasks scheduled from follow-on schedule check
