[2025-11-29T09:32:30.406+0000] {taskinstance.py:1165} INFO - Dependencies all met for <TaskInstance: task_flow.getname scheduled__2025-11-28T00:00:00+00:00 [queued]>
[2025-11-29T09:32:31.002+0000] {taskinstance.py:1165} INFO - Dependencies all met for <TaskInstance: task_flow.getname scheduled__2025-11-28T00:00:00+00:00 [queued]>
[2025-11-29T09:32:31.005+0000] {taskinstance.py:1362} INFO - 
--------------------------------------------------------------------------------
[2025-11-29T09:32:31.020+0000] {taskinstance.py:1363} INFO - Starting attempt 1 of 1
[2025-11-29T09:32:31.039+0000] {taskinstance.py:1364} INFO - 
--------------------------------------------------------------------------------
[2025-11-29T09:32:32.743+0000] {taskinstance.py:1383} INFO - Executing <Task(_PythonDecoratedOperator): getname> on 2025-11-28 00:00:00+00:00
[2025-11-29T09:32:32.906+0000] {standard_task_runner.py:55} INFO - Started process 540 to run task
[2025-11-29T09:32:32.945+0000] {standard_task_runner.py:82} INFO - Running: ['***', 'tasks', 'run', 'task_flow', 'getname', 'scheduled__2025-11-28T00:00:00+00:00', '--job-id', '152', '--raw', '--subdir', 'DAGS_FOLDER/task_flow_api.py', '--cfg-path', '/tmp/tmpudeg9z8c']
[2025-11-29T09:32:32.978+0000] {standard_task_runner.py:83} INFO - Job 152: Subtask getname
[2025-11-29T09:32:34.884+0000] {task_command.py:376} INFO - Running <TaskInstance: task_flow.getname scheduled__2025-11-28T00:00:00+00:00 [running]> on host e6234453012c
[2025-11-29T09:32:37.550+0000] {taskinstance.py:1592} INFO - Exporting the following env vars:
AIRFLOW_CTX_DAG_OWNER=***
AIRFLOW_CTX_DAG_ID=task_flow
AIRFLOW_CTX_TASK_ID=getname
AIRFLOW_CTX_EXECUTION_DATE=2025-11-28T00:00:00+00:00
AIRFLOW_CTX_TRY_NUMBER=1
AIRFLOW_CTX_DAG_RUN_ID=scheduled__2025-11-28T00:00:00+00:00
[2025-11-29T09:32:37.580+0000] {python.py:177} INFO - Done. Returned value was: Suresh
[2025-11-29T09:32:37.985+0000] {taskinstance.py:1406} INFO - Marking task as SUCCESS. dag_id=task_flow, task_id=getname, execution_date=20251128T000000, start_date=20251129T093230, end_date=20251129T093237
[2025-11-29T09:32:39.129+0000] {local_task_job.py:164} INFO - Task exited with return code 0
[2025-11-29T09:32:39.428+0000] {local_task_job.py:273} INFO - 1 downstream tasks scheduled from follow-on schedule check
