[2025-11-23T10:10:53.895+0000] {taskinstance.py:1165} INFO - Dependencies all met for <TaskInstance: python_branch_operator_ex.branching_task manual__2025-11-23T10:10:51.025414+00:00 [queued]>
[2025-11-23T10:10:53.908+0000] {taskinstance.py:1165} INFO - Dependencies all met for <TaskInstance: python_branch_operator_ex.branching_task manual__2025-11-23T10:10:51.025414+00:00 [queued]>
[2025-11-23T10:10:53.909+0000] {taskinstance.py:1362} INFO - 
--------------------------------------------------------------------------------
[2025-11-23T10:10:53.909+0000] {taskinstance.py:1363} INFO - Starting attempt 1 of 1
[2025-11-23T10:10:53.909+0000] {taskinstance.py:1364} INFO - 
--------------------------------------------------------------------------------
[2025-11-23T10:10:53.931+0000] {taskinstance.py:1383} INFO - Executing <Task(BranchPythonOperator): branching_task> on 2025-11-23 10:10:51.025414+00:00
[2025-11-23T10:10:53.939+0000] {standard_task_runner.py:55} INFO - Started process 685 to run task
[2025-11-23T10:10:53.944+0000] {standard_task_runner.py:82} INFO - Running: ['***', 'tasks', 'run', 'python_branch_operator_ex', 'branching_task', 'manual__2025-11-23T10:10:51.025414+00:00', '--job-id', '76', '--raw', '--subdir', 'DAGS_FOLDER/python_branch_operator.py', '--cfg-path', '/tmp/tmp_oh_k1rz']
[2025-11-23T10:10:53.946+0000] {standard_task_runner.py:83} INFO - Job 76: Subtask branching_task
[2025-11-23T10:10:54.055+0000] {task_command.py:376} INFO - Running <TaskInstance: python_branch_operator_ex.branching_task manual__2025-11-23T10:10:51.025414+00:00 [running]> on host c29f43dc8107
[2025-11-23T10:10:54.140+0000] {taskinstance.py:1592} INFO - Exporting the following env vars:
AIRFLOW_CTX_DAG_OWNER=***
AIRFLOW_CTX_DAG_ID=python_branch_operator_ex
AIRFLOW_CTX_TASK_ID=branching_task
AIRFLOW_CTX_EXECUTION_DATE=2025-11-23T10:10:51.025414+00:00
AIRFLOW_CTX_TRY_NUMBER=1
AIRFLOW_CTX_DAG_RUN_ID=manual__2025-11-23T10:10:51.025414+00:00
[2025-11-23T10:10:54.141+0000] {python.py:177} INFO - Done. Returned value was: task3
[2025-11-23T10:10:54.142+0000] {skipmixin.py:155} INFO - Following branch task3
[2025-11-23T10:10:54.143+0000] {skipmixin.py:190} INFO - Skipping tasks ['task4']
[2025-11-23T10:10:54.199+0000] {taskinstance.py:1406} INFO - Marking task as SUCCESS. dag_id=python_branch_operator_ex, task_id=branching_task, execution_date=20251123T101051, start_date=20251123T101053, end_date=20251123T101054
[2025-11-23T10:10:54.238+0000] {local_task_job.py:164} INFO - Task exited with return code 0
[2025-11-23T10:10:54.274+0000] {local_task_job.py:273} INFO - 1 downstream tasks scheduled from follow-on schedule check
