[2025-11-29T09:23:34.928+0000] {taskinstance.py:1165} INFO - Dependencies all met for <TaskInstance: dag2.second_task scheduled__2025-11-23T00:00:00+00:00 [queued]>
[2025-11-29T09:23:35.025+0000] {taskinstance.py:1165} INFO - Dependencies all met for <TaskInstance: dag2.second_task scheduled__2025-11-23T00:00:00+00:00 [queued]>
[2025-11-29T09:23:35.027+0000] {taskinstance.py:1362} INFO - 
--------------------------------------------------------------------------------
[2025-11-29T09:23:35.028+0000] {taskinstance.py:1363} INFO - Starting attempt 1 of 6
[2025-11-29T09:23:35.029+0000] {taskinstance.py:1364} INFO - 
--------------------------------------------------------------------------------
[2025-11-29T09:23:35.083+0000] {taskinstance.py:1383} INFO - Executing <Task(BashOperator): second_task> on 2025-11-23 00:00:00+00:00
[2025-11-29T09:23:35.100+0000] {standard_task_runner.py:82} INFO - Running: ['***', 'tasks', 'run', 'dag2', 'second_task', 'scheduled__2025-11-23T00:00:00+00:00', '--job-id', '136', '--raw', '--subdir', 'DAGS_FOLDER/dag2.py', '--cfg-path', '/tmp/tmpz5vy1f2g']
[2025-11-29T09:23:35.093+0000] {standard_task_runner.py:55} INFO - Started process 155 to run task
[2025-11-29T09:23:35.103+0000] {standard_task_runner.py:83} INFO - Job 136: Subtask second_task
[2025-11-29T09:23:35.413+0000] {task_command.py:376} INFO - Running <TaskInstance: dag2.second_task scheduled__2025-11-23T00:00:00+00:00 [running]> on host e6234453012c
[2025-11-29T09:23:35.739+0000] {taskinstance.py:1592} INFO - Exporting the following env vars:
AIRFLOW_CTX_DAG_OWNER=admin
AIRFLOW_CTX_DAG_ID=dag2
AIRFLOW_CTX_TASK_ID=second_task
AIRFLOW_CTX_EXECUTION_DATE=2025-11-23T00:00:00+00:00
AIRFLOW_CTX_TRY_NUMBER=1
AIRFLOW_CTX_DAG_RUN_ID=scheduled__2025-11-23T00:00:00+00:00
[2025-11-29T09:23:35.746+0000] {subprocess.py:63} INFO - Tmp dir root location: 
 /tmp
[2025-11-29T09:23:35.758+0000] {subprocess.py:75} INFO - Running command: ['/bin/bash', '-c', 'echo "hello, lets excute tasks"']
[2025-11-29T09:23:35.814+0000] {subprocess.py:86} INFO - Output:
[2025-11-29T09:23:35.829+0000] {subprocess.py:93} INFO - hello, lets excute tasks
[2025-11-29T09:23:35.836+0000] {subprocess.py:97} INFO - Command exited with return code 0
[2025-11-29T09:23:35.928+0000] {taskinstance.py:1406} INFO - Marking task as SUCCESS. dag_id=dag2, task_id=second_task, execution_date=20251123T000000, start_date=20251129T092334, end_date=20251129T092335
[2025-11-29T09:23:36.069+0000] {local_task_job.py:164} INFO - Task exited with return code 0
[2025-11-29T09:23:36.307+0000] {local_task_job.py:273} INFO - 0 downstream tasks scheduled from follow-on schedule check
