[2025-11-22T12:35:30.474+0000] {taskinstance.py:1165} INFO - Dependencies all met for <TaskInstance: dag2.first_task scheduled__2025-11-21T00:00:00+00:00 [queued]>
[2025-11-22T12:35:30.569+0000] {taskinstance.py:1165} INFO - Dependencies all met for <TaskInstance: dag2.first_task scheduled__2025-11-21T00:00:00+00:00 [queued]>
[2025-11-22T12:35:30.570+0000] {taskinstance.py:1362} INFO - 
--------------------------------------------------------------------------------
[2025-11-22T12:35:30.571+0000] {taskinstance.py:1363} INFO - Starting attempt 1 of 6
[2025-11-22T12:35:30.571+0000] {taskinstance.py:1364} INFO - 
--------------------------------------------------------------------------------
[2025-11-22T12:35:30.627+0000] {taskinstance.py:1383} INFO - Executing <Task(BashOperator): first_task> on 2025-11-21 00:00:00+00:00
[2025-11-22T12:35:30.658+0000] {standard_task_runner.py:55} INFO - Started process 990 to run task
[2025-11-22T12:35:30.807+0000] {standard_task_runner.py:82} INFO - Running: ['***', 'tasks', 'run', 'dag2', 'first_task', 'scheduled__2025-11-21T00:00:00+00:00', '--job-id', '45', '--raw', '--subdir', 'DAGS_FOLDER/dag2.py', '--cfg-path', '/tmp/tmpoxuup09m']
[2025-11-22T12:35:30.813+0000] {standard_task_runner.py:83} INFO - Job 45: Subtask first_task
[2025-11-22T12:35:31.194+0000] {task_command.py:376} INFO - Running <TaskInstance: dag2.first_task scheduled__2025-11-21T00:00:00+00:00 [running]> on host f42cc5a7ff63
[2025-11-22T12:35:31.458+0000] {taskinstance.py:1592} INFO - Exporting the following env vars:
AIRFLOW_CTX_DAG_OWNER=admin
AIRFLOW_CTX_DAG_ID=dag2
AIRFLOW_CTX_TASK_ID=first_task
AIRFLOW_CTX_EXECUTION_DATE=2025-11-21T00:00:00+00:00
AIRFLOW_CTX_TRY_NUMBER=1
AIRFLOW_CTX_DAG_RUN_ID=scheduled__2025-11-21T00:00:00+00:00
[2025-11-22T12:35:31.476+0000] {subprocess.py:63} INFO - Tmp dir root location: 
 /tmp
[2025-11-22T12:35:31.479+0000] {subprocess.py:75} INFO - Running command: ['/bin/bash', '-c', 'echo "hello, lets learn Airflow..."']
[2025-11-22T12:35:31.508+0000] {subprocess.py:86} INFO - Output:
[2025-11-22T12:35:31.518+0000] {subprocess.py:93} INFO - hello, lets learn Airflow...
[2025-11-22T12:35:31.520+0000] {subprocess.py:97} INFO - Command exited with return code 0
[2025-11-22T12:35:31.584+0000] {taskinstance.py:1406} INFO - Marking task as SUCCESS. dag_id=dag2, task_id=first_task, execution_date=20251121T000000, start_date=20251122T123530, end_date=20251122T123531
[2025-11-22T12:35:31.650+0000] {local_task_job.py:164} INFO - Task exited with return code 0
[2025-11-22T12:35:31.692+0000] {local_task_job.py:273} INFO - 0 downstream tasks scheduled from follow-on schedule check
