[2025-11-23T12:56:42.244+0000] {taskinstance.py:1165} INFO - Dependencies all met for <TaskInstance: task_flow.intro manual__2025-11-23T12:56:37.694836+00:00 [queued]>
[2025-11-23T12:56:42.257+0000] {taskinstance.py:1165} INFO - Dependencies all met for <TaskInstance: task_flow.intro manual__2025-11-23T12:56:37.694836+00:00 [queued]>
[2025-11-23T12:56:42.258+0000] {taskinstance.py:1362} INFO - 
--------------------------------------------------------------------------------
[2025-11-23T12:56:42.258+0000] {taskinstance.py:1363} INFO - Starting attempt 1 of 1
[2025-11-23T12:56:42.259+0000] {taskinstance.py:1364} INFO - 
--------------------------------------------------------------------------------
[2025-11-23T12:56:42.275+0000] {taskinstance.py:1383} INFO - Executing <Task(_PythonDecoratedOperator): intro> on 2025-11-23 12:56:37.694836+00:00
[2025-11-23T12:56:42.281+0000] {standard_task_runner.py:55} INFO - Started process 2538 to run task
[2025-11-23T12:56:42.286+0000] {standard_task_runner.py:82} INFO - Running: ['***', 'tasks', 'run', 'task_flow', 'intro', 'manual__2025-11-23T12:56:37.694836+00:00', '--job-id', '96', '--raw', '--subdir', 'DAGS_FOLDER/task_flow_api.py', '--cfg-path', '/tmp/tmpi3aqbsvs']
[2025-11-23T12:56:42.287+0000] {standard_task_runner.py:83} INFO - Job 96: Subtask intro
[2025-11-23T12:56:42.381+0000] {task_command.py:376} INFO - Running <TaskInstance: task_flow.intro manual__2025-11-23T12:56:37.694836+00:00 [running]> on host 782f86c5e75f
[2025-11-23T12:56:42.509+0000] {taskinstance.py:1592} INFO - Exporting the following env vars:
AIRFLOW_CTX_DAG_OWNER=***
AIRFLOW_CTX_DAG_ID=task_flow
AIRFLOW_CTX_TASK_ID=intro
AIRFLOW_CTX_EXECUTION_DATE=2025-11-23T12:56:37.694836+00:00
AIRFLOW_CTX_TRY_NUMBER=1
AIRFLOW_CTX_DAG_RUN_ID=manual__2025-11-23T12:56:37.694836+00:00
[2025-11-23T12:56:42.512+0000] {taskinstance.py:1851} ERROR - Task failed with exception
Traceback (most recent call last):
  File "/home/airflow/.local/lib/python3.7/site-packages/airflow/decorators/base.py", line 188, in execute
    return_value = super().execute(context)
  File "/home/airflow/.local/lib/python3.7/site-packages/airflow/operators/python.py", line 175, in execute
    return_value = self.execute_callable()
  File "/home/airflow/.local/lib/python3.7/site-packages/airflow/operators/python.py", line 193, in execute_callable
    return self.python_callable(*self.op_args, **self.op_kwargs)
  File "/opt/airflow/dags/task_flow_api.py", line 20, in intro
    age = dict1[age]
UnboundLocalError: local variable 'age' referenced before assignment
[2025-11-23T12:56:42.551+0000] {taskinstance.py:1406} INFO - Marking task as FAILED. dag_id=task_flow, task_id=intro, execution_date=20251123T125637, start_date=20251123T125642, end_date=20251123T125642
[2025-11-23T12:56:42.582+0000] {standard_task_runner.py:105} ERROR - Failed to execute job 96 for task intro (local variable 'age' referenced before assignment; 2538)
[2025-11-23T12:56:42.622+0000] {local_task_job.py:164} INFO - Task exited with return code 1
[2025-11-23T12:56:42.648+0000] {local_task_job.py:273} INFO - 0 downstream tasks scheduled from follow-on schedule check
