[2025-11-23T12:56:40.803+0000] {taskinstance.py:1165} INFO - Dependencies all met for <TaskInstance: task_flow.details manual__2025-11-23T12:56:37.694836+00:00 [queued]>
[2025-11-23T12:56:40.828+0000] {taskinstance.py:1165} INFO - Dependencies all met for <TaskInstance: task_flow.details manual__2025-11-23T12:56:37.694836+00:00 [queued]>
[2025-11-23T12:56:40.829+0000] {taskinstance.py:1362} INFO - 
--------------------------------------------------------------------------------
[2025-11-23T12:56:40.830+0000] {taskinstance.py:1363} INFO - Starting attempt 1 of 1
[2025-11-23T12:56:40.833+0000] {taskinstance.py:1364} INFO - 
--------------------------------------------------------------------------------
[2025-11-23T12:56:40.863+0000] {taskinstance.py:1383} INFO - Executing <Task(_PythonDecoratedOperator): details> on 2025-11-23 12:56:37.694836+00:00
[2025-11-23T12:56:40.875+0000] {standard_task_runner.py:55} INFO - Started process 2535 to run task
[2025-11-23T12:56:40.883+0000] {standard_task_runner.py:82} INFO - Running: ['***', 'tasks', 'run', 'task_flow', 'details', 'manual__2025-11-23T12:56:37.694836+00:00', '--job-id', '94', '--raw', '--subdir', 'DAGS_FOLDER/task_flow_api.py', '--cfg-path', '/tmp/tmpxph6laxp']
[2025-11-23T12:56:40.884+0000] {standard_task_runner.py:83} INFO - Job 94: Subtask details
[2025-11-23T12:56:41.159+0000] {task_command.py:376} INFO - Running <TaskInstance: task_flow.details manual__2025-11-23T12:56:37.694836+00:00 [running]> on host 782f86c5e75f
[2025-11-23T12:56:41.414+0000] {taskinstance.py:1592} INFO - Exporting the following env vars:
AIRFLOW_CTX_DAG_OWNER=***
AIRFLOW_CTX_DAG_ID=task_flow
AIRFLOW_CTX_TASK_ID=details
AIRFLOW_CTX_EXECUTION_DATE=2025-11-23T12:56:37.694836+00:00
AIRFLOW_CTX_TRY_NUMBER=1
AIRFLOW_CTX_DAG_RUN_ID=manual__2025-11-23T12:56:37.694836+00:00
[2025-11-23T12:56:41.416+0000] {python.py:177} INFO - Done. Returned value was: {'age': '24', 'college': 'poornima university', 'company': 'tredence', 'role': 'data engineer'}
[2025-11-23T12:56:41.496+0000] {taskinstance.py:1406} INFO - Marking task as SUCCESS. dag_id=task_flow, task_id=details, execution_date=20251123T125637, start_date=20251123T125640, end_date=20251123T125641
[2025-11-23T12:56:41.592+0000] {local_task_job.py:164} INFO - Task exited with return code 0
[2025-11-23T12:56:41.648+0000] {local_task_job.py:273} INFO - 0 downstream tasks scheduled from follow-on schedule check
