[2025-11-23T07:36:46.218+0000] {taskinstance.py:1165} INFO - Dependencies all met for <TaskInstance: simple_python_dag.task_1 scheduled__2025-11-22T00:00:00+00:00 [queued]>
[2025-11-23T07:36:46.236+0000] {taskinstance.py:1165} INFO - Dependencies all met for <TaskInstance: simple_python_dag.task_1 scheduled__2025-11-22T00:00:00+00:00 [queued]>
[2025-11-23T07:36:46.237+0000] {taskinstance.py:1362} INFO - 
--------------------------------------------------------------------------------
[2025-11-23T07:36:46.238+0000] {taskinstance.py:1363} INFO - Starting attempt 1 of 1
[2025-11-23T07:36:46.238+0000] {taskinstance.py:1364} INFO - 
--------------------------------------------------------------------------------
[2025-11-23T07:36:46.262+0000] {taskinstance.py:1383} INFO - Executing <Task(PythonOperator): task_1> on 2025-11-22 00:00:00+00:00
[2025-11-23T07:36:46.274+0000] {standard_task_runner.py:55} INFO - Started process 578 to run task
[2025-11-23T07:36:46.280+0000] {standard_task_runner.py:82} INFO - Running: ['***', 'tasks', 'run', 'simple_python_dag', 'task_1', 'scheduled__2025-11-22T00:00:00+00:00', '--job-id', '58', '--raw', '--subdir', 'DAGS_FOLDER/python_dag_example.py', '--cfg-path', '/tmp/tmpog69yywo']
[2025-11-23T07:36:46.283+0000] {standard_task_runner.py:83} INFO - Job 58: Subtask task_1
[2025-11-23T07:36:46.449+0000] {task_command.py:376} INFO - Running <TaskInstance: simple_python_dag.task_1 scheduled__2025-11-22T00:00:00+00:00 [running]> on host f9e4ee478640
[2025-11-23T07:36:47.285+0000] {taskinstance.py:1592} INFO - Exporting the following env vars:
AIRFLOW_CTX_DAG_OWNER=***
AIRFLOW_CTX_DAG_ID=simple_python_dag
AIRFLOW_CTX_TASK_ID=task_1
AIRFLOW_CTX_EXECUTION_DATE=2025-11-22T00:00:00+00:00
AIRFLOW_CTX_TRY_NUMBER=1
AIRFLOW_CTX_DAG_RUN_ID=scheduled__2025-11-22T00:00:00+00:00
[2025-11-23T07:36:47.287+0000] {logging_mixin.py:120} INFO - hello audiance, welcome to aiflow learing
[2025-11-23T07:36:47.288+0000] {python.py:177} INFO - Done. Returned value was: None
[2025-11-23T07:36:47.313+0000] {taskinstance.py:1406} INFO - Marking task as SUCCESS. dag_id=simple_python_dag, task_id=task_1, execution_date=20251122T000000, start_date=20251123T073646, end_date=20251123T073647
[2025-11-23T07:36:47.379+0000] {local_task_job.py:164} INFO - Task exited with return code 0
[2025-11-23T07:36:47.423+0000] {local_task_job.py:273} INFO - 0 downstream tasks scheduled from follow-on schedule check
