[2025-11-23T06:35:09.177+0000] {taskinstance.py:1165} INFO - Dependencies all met for <TaskInstance: dag2.first_task scheduled__2025-11-22T00:00:00+00:00 [queued]>
[2025-11-23T06:35:09.267+0000] {taskinstance.py:1165} INFO - Dependencies all met for <TaskInstance: dag2.first_task scheduled__2025-11-22T00:00:00+00:00 [queued]>
[2025-11-23T06:35:09.270+0000] {taskinstance.py:1362} INFO - 
--------------------------------------------------------------------------------
[2025-11-23T06:35:09.299+0000] {taskinstance.py:1363} INFO - Starting attempt 1 of 6
[2025-11-23T06:35:09.301+0000] {taskinstance.py:1364} INFO - 
--------------------------------------------------------------------------------
[2025-11-23T06:35:09.377+0000] {taskinstance.py:1383} INFO - Executing <Task(BashOperator): first_task> on 2025-11-22 00:00:00+00:00
[2025-11-23T06:35:09.418+0000] {standard_task_runner.py:55} INFO - Started process 95 to run task
[2025-11-23T06:35:09.426+0000] {standard_task_runner.py:82} INFO - Running: ['***', 'tasks', 'run', 'dag2', 'first_task', 'scheduled__2025-11-22T00:00:00+00:00', '--job-id', '52', '--raw', '--subdir', 'DAGS_FOLDER/dag2.py', '--cfg-path', '/tmp/tmpnrmir50u']
[2025-11-23T06:35:09.443+0000] {standard_task_runner.py:83} INFO - Job 52: Subtask first_task
[2025-11-23T06:35:10.303+0000] {task_command.py:376} INFO - Running <TaskInstance: dag2.first_task scheduled__2025-11-22T00:00:00+00:00 [running]> on host 59d580eb23f8
[2025-11-23T06:35:11.439+0000] {taskinstance.py:1592} INFO - Exporting the following env vars:
AIRFLOW_CTX_DAG_OWNER=admin
AIRFLOW_CTX_DAG_ID=dag2
AIRFLOW_CTX_TASK_ID=first_task
AIRFLOW_CTX_EXECUTION_DATE=2025-11-22T00:00:00+00:00
AIRFLOW_CTX_TRY_NUMBER=1
AIRFLOW_CTX_DAG_RUN_ID=scheduled__2025-11-22T00:00:00+00:00
[2025-11-23T06:35:11.454+0000] {subprocess.py:63} INFO - Tmp dir root location: 
 /tmp
[2025-11-23T06:35:11.464+0000] {subprocess.py:75} INFO - Running command: ['/bin/bash', '-c', 'echo "hello, lets learn Airflow..."']
[2025-11-23T06:35:11.724+0000] {subprocess.py:86} INFO - Output:
[2025-11-23T06:35:11.823+0000] {subprocess.py:93} INFO - hello, lets learn Airflow...
[2025-11-23T06:35:11.836+0000] {subprocess.py:97} INFO - Command exited with return code 0
[2025-11-23T06:35:12.000+0000] {taskinstance.py:1406} INFO - Marking task as SUCCESS. dag_id=dag2, task_id=first_task, execution_date=20251122T000000, start_date=20251123T063509, end_date=20251123T063511
[2025-11-23T06:35:12.174+0000] {local_task_job.py:164} INFO - Task exited with return code 0
[2025-11-23T06:35:12.341+0000] {local_task_job.py:273} INFO - 1 downstream tasks scheduled from follow-on schedule check
