[2025-11-23T10:20:14.776+0000] {taskinstance.py:1165} INFO - Dependencies all met for <TaskInstance: short_circuit_example.run_even_task manual__2025-11-23T10:20:11.857732+00:00 [queued]>
[2025-11-23T10:20:14.795+0000] {taskinstance.py:1165} INFO - Dependencies all met for <TaskInstance: short_circuit_example.run_even_task manual__2025-11-23T10:20:11.857732+00:00 [queued]>
[2025-11-23T10:20:14.795+0000] {taskinstance.py:1362} INFO - 
--------------------------------------------------------------------------------
[2025-11-23T10:20:14.796+0000] {taskinstance.py:1363} INFO - Starting attempt 1 of 1
[2025-11-23T10:20:14.797+0000] {taskinstance.py:1364} INFO - 
--------------------------------------------------------------------------------
[2025-11-23T10:20:14.816+0000] {taskinstance.py:1383} INFO - Executing <Task(PythonOperator): run_even_task> on 2025-11-23 10:20:11.857732+00:00
[2025-11-23T10:20:14.822+0000] {standard_task_runner.py:55} INFO - Started process 1102 to run task
[2025-11-23T10:20:14.827+0000] {standard_task_runner.py:82} INFO - Running: ['***', 'tasks', 'run', 'short_circuit_example', 'run_even_task', 'manual__2025-11-23T10:20:11.857732+00:00', '--job-id', '79', '--raw', '--subdir', 'DAGS_FOLDER/python_shortcircuit_dag.py', '--cfg-path', '/tmp/tmpq48tdsa4']
[2025-11-23T10:20:14.828+0000] {standard_task_runner.py:83} INFO - Job 79: Subtask run_even_task
[2025-11-23T10:20:14.938+0000] {task_command.py:376} INFO - Running <TaskInstance: short_circuit_example.run_even_task manual__2025-11-23T10:20:11.857732+00:00 [running]> on host c29f43dc8107
[2025-11-23T10:20:15.034+0000] {taskinstance.py:1592} INFO - Exporting the following env vars:
AIRFLOW_CTX_DAG_OWNER=***
AIRFLOW_CTX_DAG_ID=short_circuit_example
AIRFLOW_CTX_TASK_ID=run_even_task
AIRFLOW_CTX_EXECUTION_DATE=2025-11-23T10:20:11.857732+00:00
AIRFLOW_CTX_TRY_NUMBER=1
AIRFLOW_CTX_DAG_RUN_ID=manual__2025-11-23T10:20:11.857732+00:00
[2025-11-23T10:20:15.036+0000] {logging_mixin.py:120} INFO - Number was even → this task runs
[2025-11-23T10:20:15.036+0000] {python.py:177} INFO - Done. Returned value was: None
[2025-11-23T10:20:15.048+0000] {taskinstance.py:1406} INFO - Marking task as SUCCESS. dag_id=short_circuit_example, task_id=run_even_task, execution_date=20251123T102011, start_date=20251123T102014, end_date=20251123T102015
[2025-11-23T10:20:15.084+0000] {local_task_job.py:164} INFO - Task exited with return code 0
[2025-11-23T10:20:15.111+0000] {local_task_job.py:273} INFO - 1 downstream tasks scheduled from follow-on schedule check
