[2025-11-23T09:58:48.329+0000] {taskinstance.py:1165} INFO - Dependencies all met for <TaskInstance: python_branch_operator_ex.start manual__2025-11-23T09:58:45.044739+00:00 [queued]>
[2025-11-23T09:58:48.349+0000] {taskinstance.py:1165} INFO - Dependencies all met for <TaskInstance: python_branch_operator_ex.start manual__2025-11-23T09:58:45.044739+00:00 [queued]>
[2025-11-23T09:58:48.350+0000] {taskinstance.py:1362} INFO - 
--------------------------------------------------------------------------------
[2025-11-23T09:58:48.351+0000] {taskinstance.py:1363} INFO - Starting attempt 1 of 1
[2025-11-23T09:58:48.352+0000] {taskinstance.py:1364} INFO - 
--------------------------------------------------------------------------------
[2025-11-23T09:58:48.379+0000] {taskinstance.py:1383} INFO - Executing <Task(PythonOperator): start> on 2025-11-23 09:58:45.044739+00:00
[2025-11-23T09:58:48.390+0000] {standard_task_runner.py:55} INFO - Started process 143 to run task
[2025-11-23T09:58:48.395+0000] {standard_task_runner.py:82} INFO - Running: ['***', 'tasks', 'run', 'python_branch_operator_ex', 'start', 'manual__2025-11-23T09:58:45.044739+00:00', '--job-id', '67', '--raw', '--subdir', 'DAGS_FOLDER/python_branch_operator.py', '--cfg-path', '/tmp/tmp4_aau4q9']
[2025-11-23T09:58:48.397+0000] {standard_task_runner.py:83} INFO - Job 67: Subtask start
[2025-11-23T09:58:48.652+0000] {task_command.py:376} INFO - Running <TaskInstance: python_branch_operator_ex.start manual__2025-11-23T09:58:45.044739+00:00 [running]> on host c29f43dc8107
[2025-11-23T09:58:48.910+0000] {taskinstance.py:1592} INFO - Exporting the following env vars:
AIRFLOW_CTX_DAG_OWNER=***
AIRFLOW_CTX_DAG_ID=python_branch_operator_ex
AIRFLOW_CTX_TASK_ID=start
AIRFLOW_CTX_EXECUTION_DATE=2025-11-23T09:58:45.044739+00:00
AIRFLOW_CTX_TRY_NUMBER=1
AIRFLOW_CTX_DAG_RUN_ID=manual__2025-11-23T09:58:45.044739+00:00
[2025-11-23T09:58:48.919+0000] {logging_mixin.py:120} INFO - starting
[2025-11-23T09:58:48.920+0000] {python.py:177} INFO - Done. Returned value was: None
[2025-11-23T09:58:48.999+0000] {taskinstance.py:1406} INFO - Marking task as SUCCESS. dag_id=python_branch_operator_ex, task_id=start, execution_date=20251123T095845, start_date=20251123T095848, end_date=20251123T095848
[2025-11-23T09:58:49.150+0000] {local_task_job.py:164} INFO - Task exited with return code 0
[2025-11-23T09:58:49.277+0000] {local_task_job.py:273} INFO - 1 downstream tasks scheduled from follow-on schedule check
