[2025-11-23T09:58:54.480+0000] {taskinstance.py:1165} INFO - Dependencies all met for <TaskInstance: python_branch_operator_ex.branching_task scheduled__2025-11-22T00:00:00+00:00 [queued]>
[2025-11-23T09:58:54.497+0000] {taskinstance.py:1165} INFO - Dependencies all met for <TaskInstance: python_branch_operator_ex.branching_task scheduled__2025-11-22T00:00:00+00:00 [queued]>
[2025-11-23T09:58:54.497+0000] {taskinstance.py:1362} INFO - 
--------------------------------------------------------------------------------
[2025-11-23T09:58:54.498+0000] {taskinstance.py:1363} INFO - Starting attempt 1 of 1
[2025-11-23T09:58:54.499+0000] {taskinstance.py:1364} INFO - 
--------------------------------------------------------------------------------
[2025-11-23T09:58:54.521+0000] {taskinstance.py:1383} INFO - Executing <Task(BranchPythonOperator): branching_task> on 2025-11-22 00:00:00+00:00
[2025-11-23T09:58:54.529+0000] {standard_task_runner.py:55} INFO - Started process 151 to run task
[2025-11-23T09:58:54.534+0000] {standard_task_runner.py:82} INFO - Running: ['***', 'tasks', 'run', 'python_branch_operator_ex', 'branching_task', 'scheduled__2025-11-22T00:00:00+00:00', '--job-id', '72', '--raw', '--subdir', 'DAGS_FOLDER/python_branch_operator.py', '--cfg-path', '/tmp/tmpki3tth_b']
[2025-11-23T09:58:54.535+0000] {standard_task_runner.py:83} INFO - Job 72: Subtask branching_task
[2025-11-23T09:58:54.743+0000] {task_command.py:376} INFO - Running <TaskInstance: python_branch_operator_ex.branching_task scheduled__2025-11-22T00:00:00+00:00 [running]> on host c29f43dc8107
[2025-11-23T09:58:54.863+0000] {taskinstance.py:1592} INFO - Exporting the following env vars:
AIRFLOW_CTX_DAG_OWNER=***
AIRFLOW_CTX_DAG_ID=python_branch_operator_ex
AIRFLOW_CTX_TASK_ID=branching_task
AIRFLOW_CTX_EXECUTION_DATE=2025-11-22T00:00:00+00:00
AIRFLOW_CTX_TRY_NUMBER=1
AIRFLOW_CTX_DAG_RUN_ID=scheduled__2025-11-22T00:00:00+00:00
[2025-11-23T09:58:54.865+0000] {python.py:177} INFO - Done. Returned value was: smaller
[2025-11-23T09:58:54.867+0000] {skipmixin.py:155} INFO - Following branch smaller
[2025-11-23T09:58:54.868+0000] {skipmixin.py:190} INFO - Skipping tasks ['greater']
[2025-11-23T09:58:54.934+0000] {taskinstance.py:1406} INFO - Marking task as SUCCESS. dag_id=python_branch_operator_ex, task_id=branching_task, execution_date=20251122T000000, start_date=20251123T095854, end_date=20251123T095854
[2025-11-23T09:58:55.001+0000] {local_task_job.py:164} INFO - Task exited with return code 0
[2025-11-23T09:58:55.043+0000] {local_task_job.py:273} INFO - 0 downstream tasks scheduled from follow-on schedule check
