[2025-11-23T10:20:15.957+0000] {taskinstance.py:1165} INFO - Dependencies all met for <TaskInstance: short_circuit_example.final_task manual__2025-11-23T10:20:11.857732+00:00 [queued]>
[2025-11-23T10:20:15.975+0000] {taskinstance.py:1165} INFO - Dependencies all met for <TaskInstance: short_circuit_example.final_task manual__2025-11-23T10:20:11.857732+00:00 [queued]>
[2025-11-23T10:20:15.976+0000] {taskinstance.py:1362} INFO - 
--------------------------------------------------------------------------------
[2025-11-23T10:20:15.976+0000] {taskinstance.py:1363} INFO - Starting attempt 1 of 1
[2025-11-23T10:20:15.979+0000] {taskinstance.py:1364} INFO - 
--------------------------------------------------------------------------------
[2025-11-23T10:20:16.004+0000] {taskinstance.py:1383} INFO - Executing <Task(PythonOperator): final_task> on 2025-11-23 10:20:11.857732+00:00
[2025-11-23T10:20:16.013+0000] {standard_task_runner.py:55} INFO - Started process 1104 to run task
[2025-11-23T10:20:16.017+0000] {standard_task_runner.py:82} INFO - Running: ['***', 'tasks', 'run', 'short_circuit_example', 'final_task', 'manual__2025-11-23T10:20:11.857732+00:00', '--job-id', '80', '--raw', '--subdir', 'DAGS_FOLDER/python_shortcircuit_dag.py', '--cfg-path', '/tmp/tmpjdulm671']
[2025-11-23T10:20:16.018+0000] {standard_task_runner.py:83} INFO - Job 80: Subtask final_task
[2025-11-23T10:20:16.150+0000] {task_command.py:376} INFO - Running <TaskInstance: short_circuit_example.final_task manual__2025-11-23T10:20:11.857732+00:00 [running]> on host c29f43dc8107
[2025-11-23T10:20:16.289+0000] {taskinstance.py:1592} INFO - Exporting the following env vars:
AIRFLOW_CTX_DAG_OWNER=***
AIRFLOW_CTX_DAG_ID=short_circuit_example
AIRFLOW_CTX_TASK_ID=final_task
AIRFLOW_CTX_EXECUTION_DATE=2025-11-23T10:20:11.857732+00:00
AIRFLOW_CTX_TRY_NUMBER=1
AIRFLOW_CTX_DAG_RUN_ID=manual__2025-11-23T10:20:11.857732+00:00
[2025-11-23T10:20:16.291+0000] {logging_mixin.py:120} INFO - This task always runs at end
[2025-11-23T10:20:16.291+0000] {python.py:177} INFO - Done. Returned value was: None
[2025-11-23T10:20:16.306+0000] {taskinstance.py:1406} INFO - Marking task as SUCCESS. dag_id=short_circuit_example, task_id=final_task, execution_date=20251123T102011, start_date=20251123T102015, end_date=20251123T102016
[2025-11-23T10:20:16.357+0000] {local_task_job.py:164} INFO - Task exited with return code 0
[2025-11-23T10:20:16.383+0000] {local_task_job.py:273} INFO - 0 downstream tasks scheduled from follow-on schedule check
