[2025-11-22T12:33:48.459+0000] {processor.py:154} INFO - Started process (PID=2296) to work on /opt/airflow/dags/dag2.py
[2025-11-22T12:33:48.460+0000] {processor.py:756} INFO - Processing file /opt/airflow/dags/dag2.py for tasks to queue
[2025-11-22T12:33:48.461+0000] {logging_mixin.py:120} INFO - [2025-11-22T12:33:48.461+0000] {dagbag.py:537} INFO - Filling up the DagBag from /opt/airflow/dags/dag2.py
[2025-11-22T12:33:48.499+0000] {processor.py:766} INFO - DAG(s) dict_keys(['dag2']) retrieved from /opt/airflow/dags/dag2.py
[2025-11-22T12:33:48.882+0000] {logging_mixin.py:120} INFO - [2025-11-22T12:33:48.882+0000] {manager.py:507} INFO - Created Permission View: can read on DAG:dag2
[2025-11-22T12:33:48.895+0000] {logging_mixin.py:120} INFO - [2025-11-22T12:33:48.895+0000] {manager.py:507} INFO - Created Permission View: can delete on DAG:dag2
[2025-11-22T12:33:48.905+0000] {logging_mixin.py:120} INFO - [2025-11-22T12:33:48.905+0000] {manager.py:507} INFO - Created Permission View: can edit on DAG:dag2
[2025-11-22T12:33:48.905+0000] {logging_mixin.py:120} INFO - [2025-11-22T12:33:48.905+0000] {dag.py:2585} INFO - Sync 1 DAGs
[2025-11-22T12:33:48.921+0000] {logging_mixin.py:120} INFO - [2025-11-22T12:33:48.921+0000] {dag.py:2606} INFO - Creating ORM DAG for dag2
[2025-11-22T12:33:48.934+0000] {logging_mixin.py:120} INFO - [2025-11-22T12:33:48.934+0000] {dag.py:3340} INFO - Setting next_dagrun for dag2 to 2025-11-20T00:00:00+00:00, run_after=2025-11-21T00:00:00+00:00
[2025-11-22T12:33:48.959+0000] {processor.py:176} INFO - Processing /opt/airflow/dags/dag2.py took 0.504 seconds
[2025-11-22T12:34:19.365+0000] {processor.py:154} INFO - Started process (PID=2361) to work on /opt/airflow/dags/dag2.py
[2025-11-22T12:34:19.367+0000] {processor.py:756} INFO - Processing file /opt/airflow/dags/dag2.py for tasks to queue
[2025-11-22T12:34:19.376+0000] {logging_mixin.py:120} INFO - [2025-11-22T12:34:19.374+0000] {dagbag.py:537} INFO - Filling up the DagBag from /opt/airflow/dags/dag2.py
[2025-11-22T12:34:19.484+0000] {processor.py:766} INFO - DAG(s) dict_keys(['dag2']) retrieved from /opt/airflow/dags/dag2.py
[2025-11-22T12:34:19.679+0000] {logging_mixin.py:120} INFO - [2025-11-22T12:34:19.678+0000] {dag.py:2585} INFO - Sync 1 DAGs
[2025-11-22T12:34:19.947+0000] {logging_mixin.py:120} INFO - [2025-11-22T12:34:19.946+0000] {dag.py:3340} INFO - Setting next_dagrun for dag2 to 2025-11-20T00:00:00+00:00, run_after=2025-11-21T00:00:00+00:00
[2025-11-22T12:34:20.103+0000] {processor.py:176} INFO - Processing /opt/airflow/dags/dag2.py took 0.769 seconds
[2025-11-22T12:34:50.740+0000] {processor.py:154} INFO - Started process (PID=2418) to work on /opt/airflow/dags/dag2.py
[2025-11-22T12:34:50.741+0000] {processor.py:756} INFO - Processing file /opt/airflow/dags/dag2.py for tasks to queue
[2025-11-22T12:34:50.742+0000] {logging_mixin.py:120} INFO - [2025-11-22T12:34:50.742+0000] {dagbag.py:537} INFO - Filling up the DagBag from /opt/airflow/dags/dag2.py
[2025-11-22T12:34:50.787+0000] {processor.py:766} INFO - DAG(s) dict_keys(['dag2']) retrieved from /opt/airflow/dags/dag2.py
[2025-11-22T12:34:50.830+0000] {logging_mixin.py:120} INFO - [2025-11-22T12:34:50.830+0000] {dag.py:2585} INFO - Sync 1 DAGs
[2025-11-22T12:34:50.861+0000] {logging_mixin.py:120} INFO - [2025-11-22T12:34:50.861+0000] {dag.py:3340} INFO - Setting next_dagrun for dag2 to 2025-11-20T00:00:00+00:00, run_after=2025-11-21T00:00:00+00:00
[2025-11-22T12:34:50.890+0000] {processor.py:176} INFO - Processing /opt/airflow/dags/dag2.py took 0.156 seconds
[2025-11-22T12:35:21.240+0000] {processor.py:154} INFO - Started process (PID=2484) to work on /opt/airflow/dags/dag2.py
[2025-11-22T12:35:21.241+0000] {processor.py:756} INFO - Processing file /opt/airflow/dags/dag2.py for tasks to queue
[2025-11-22T12:35:21.242+0000] {logging_mixin.py:120} INFO - [2025-11-22T12:35:21.242+0000] {dagbag.py:537} INFO - Filling up the DagBag from /opt/airflow/dags/dag2.py
[2025-11-22T12:35:21.290+0000] {processor.py:766} INFO - DAG(s) dict_keys(['dag2']) retrieved from /opt/airflow/dags/dag2.py
[2025-11-22T12:35:21.374+0000] {logging_mixin.py:120} INFO - [2025-11-22T12:35:21.373+0000] {dag.py:2585} INFO - Sync 1 DAGs
[2025-11-22T12:35:21.432+0000] {logging_mixin.py:120} INFO - [2025-11-22T12:35:21.431+0000] {dag.py:3340} INFO - Setting next_dagrun for dag2 to 2025-11-20T00:00:00+00:00, run_after=2025-11-21T00:00:00+00:00
[2025-11-22T12:35:21.482+0000] {processor.py:176} INFO - Processing /opt/airflow/dags/dag2.py took 0.248 seconds
[2025-11-22T12:35:51.559+0000] {processor.py:154} INFO - Started process (PID=2540) to work on /opt/airflow/dags/dag2.py
[2025-11-22T12:35:51.560+0000] {processor.py:756} INFO - Processing file /opt/airflow/dags/dag2.py for tasks to queue
[2025-11-22T12:35:51.561+0000] {logging_mixin.py:120} INFO - [2025-11-22T12:35:51.561+0000] {dagbag.py:537} INFO - Filling up the DagBag from /opt/airflow/dags/dag2.py
[2025-11-22T12:35:51.590+0000] {processor.py:766} INFO - DAG(s) dict_keys(['dag2']) retrieved from /opt/airflow/dags/dag2.py
[2025-11-22T12:35:51.637+0000] {logging_mixin.py:120} INFO - [2025-11-22T12:35:51.637+0000] {dag.py:2585} INFO - Sync 1 DAGs
[2025-11-22T12:35:51.672+0000] {logging_mixin.py:120} INFO - [2025-11-22T12:35:51.672+0000] {dag.py:3340} INFO - Setting next_dagrun for dag2 to 2025-11-22T00:00:00+00:00, run_after=2025-11-23T00:00:00+00:00
[2025-11-22T12:35:51.700+0000] {processor.py:176} INFO - Processing /opt/airflow/dags/dag2.py took 0.145 seconds
[2025-11-22T12:36:22.235+0000] {processor.py:154} INFO - Started process (PID=2604) to work on /opt/airflow/dags/dag2.py
[2025-11-22T12:36:22.237+0000] {processor.py:756} INFO - Processing file /opt/airflow/dags/dag2.py for tasks to queue
[2025-11-22T12:36:22.238+0000] {logging_mixin.py:120} INFO - [2025-11-22T12:36:22.238+0000] {dagbag.py:537} INFO - Filling up the DagBag from /opt/airflow/dags/dag2.py
[2025-11-22T12:36:22.286+0000] {processor.py:766} INFO - DAG(s) dict_keys(['dag2']) retrieved from /opt/airflow/dags/dag2.py
[2025-11-22T12:36:22.370+0000] {logging_mixin.py:120} INFO - [2025-11-22T12:36:22.370+0000] {dag.py:2585} INFO - Sync 1 DAGs
[2025-11-22T12:36:22.453+0000] {logging_mixin.py:120} INFO - [2025-11-22T12:36:22.453+0000] {dag.py:3340} INFO - Setting next_dagrun for dag2 to 2025-11-22T00:00:00+00:00, run_after=2025-11-23T00:00:00+00:00
[2025-11-22T12:36:22.523+0000] {processor.py:176} INFO - Processing /opt/airflow/dags/dag2.py took 0.293 seconds
[2025-11-22T12:36:52.874+0000] {processor.py:154} INFO - Started process (PID=2660) to work on /opt/airflow/dags/dag2.py
[2025-11-22T12:36:52.876+0000] {processor.py:756} INFO - Processing file /opt/airflow/dags/dag2.py for tasks to queue
[2025-11-22T12:36:52.877+0000] {logging_mixin.py:120} INFO - [2025-11-22T12:36:52.877+0000] {dagbag.py:537} INFO - Filling up the DagBag from /opt/airflow/dags/dag2.py
[2025-11-22T12:36:52.916+0000] {processor.py:766} INFO - DAG(s) dict_keys(['dag2']) retrieved from /opt/airflow/dags/dag2.py
[2025-11-22T12:36:52.959+0000] {logging_mixin.py:120} INFO - [2025-11-22T12:36:52.959+0000] {dag.py:2585} INFO - Sync 1 DAGs
[2025-11-22T12:36:52.989+0000] {logging_mixin.py:120} INFO - [2025-11-22T12:36:52.988+0000] {dag.py:3340} INFO - Setting next_dagrun for dag2 to 2025-11-22T00:00:00+00:00, run_after=2025-11-23T00:00:00+00:00
[2025-11-22T12:36:53.027+0000] {processor.py:176} INFO - Processing /opt/airflow/dags/dag2.py took 0.157 seconds
[2025-11-22T12:37:23.424+0000] {processor.py:154} INFO - Started process (PID=2725) to work on /opt/airflow/dags/dag2.py
[2025-11-22T12:37:23.427+0000] {processor.py:756} INFO - Processing file /opt/airflow/dags/dag2.py for tasks to queue
[2025-11-22T12:37:23.430+0000] {logging_mixin.py:120} INFO - [2025-11-22T12:37:23.429+0000] {dagbag.py:537} INFO - Filling up the DagBag from /opt/airflow/dags/dag2.py
[2025-11-22T12:37:23.498+0000] {processor.py:766} INFO - DAG(s) dict_keys(['dag2']) retrieved from /opt/airflow/dags/dag2.py
[2025-11-22T12:37:23.565+0000] {logging_mixin.py:120} INFO - [2025-11-22T12:37:23.565+0000] {dag.py:2585} INFO - Sync 1 DAGs
[2025-11-22T12:37:23.599+0000] {logging_mixin.py:120} INFO - [2025-11-22T12:37:23.599+0000] {dag.py:3340} INFO - Setting next_dagrun for dag2 to 2025-11-22T00:00:00+00:00, run_after=2025-11-23T00:00:00+00:00
[2025-11-22T12:37:23.626+0000] {processor.py:176} INFO - Processing /opt/airflow/dags/dag2.py took 0.218 seconds
[2025-11-22T12:37:54.059+0000] {processor.py:154} INFO - Started process (PID=2781) to work on /opt/airflow/dags/dag2.py
[2025-11-22T12:37:54.060+0000] {processor.py:756} INFO - Processing file /opt/airflow/dags/dag2.py for tasks to queue
[2025-11-22T12:37:54.061+0000] {logging_mixin.py:120} INFO - [2025-11-22T12:37:54.061+0000] {dagbag.py:537} INFO - Filling up the DagBag from /opt/airflow/dags/dag2.py
[2025-11-22T12:37:54.122+0000] {processor.py:766} INFO - DAG(s) dict_keys(['dag2']) retrieved from /opt/airflow/dags/dag2.py
[2025-11-22T12:37:54.243+0000] {logging_mixin.py:120} INFO - [2025-11-22T12:37:54.243+0000] {dag.py:2585} INFO - Sync 1 DAGs
[2025-11-22T12:37:54.348+0000] {logging_mixin.py:120} INFO - [2025-11-22T12:37:54.347+0000] {dag.py:3340} INFO - Setting next_dagrun for dag2 to 2025-11-22T00:00:00+00:00, run_after=2025-11-23T00:00:00+00:00
[2025-11-22T12:37:54.413+0000] {processor.py:176} INFO - Processing /opt/airflow/dags/dag2.py took 0.363 seconds
[2025-11-22T12:38:24.826+0000] {processor.py:154} INFO - Started process (PID=2846) to work on /opt/airflow/dags/dag2.py
[2025-11-22T12:38:24.827+0000] {processor.py:756} INFO - Processing file /opt/airflow/dags/dag2.py for tasks to queue
[2025-11-22T12:38:24.828+0000] {logging_mixin.py:120} INFO - [2025-11-22T12:38:24.828+0000] {dagbag.py:537} INFO - Filling up the DagBag from /opt/airflow/dags/dag2.py
[2025-11-22T12:38:24.879+0000] {processor.py:766} INFO - DAG(s) dict_keys(['dag2']) retrieved from /opt/airflow/dags/dag2.py
[2025-11-22T12:38:24.943+0000] {logging_mixin.py:120} INFO - [2025-11-22T12:38:24.943+0000] {dag.py:2585} INFO - Sync 1 DAGs
[2025-11-22T12:38:24.981+0000] {logging_mixin.py:120} INFO - [2025-11-22T12:38:24.981+0000] {dag.py:3340} INFO - Setting next_dagrun for dag2 to 2025-11-22T00:00:00+00:00, run_after=2025-11-23T00:00:00+00:00
[2025-11-22T12:38:25.055+0000] {processor.py:176} INFO - Processing /opt/airflow/dags/dag2.py took 0.238 seconds
[2025-11-22T12:38:55.201+0000] {processor.py:154} INFO - Started process (PID=2901) to work on /opt/airflow/dags/dag2.py
[2025-11-22T12:38:55.204+0000] {processor.py:756} INFO - Processing file /opt/airflow/dags/dag2.py for tasks to queue
[2025-11-22T12:38:55.207+0000] {logging_mixin.py:120} INFO - [2025-11-22T12:38:55.207+0000] {dagbag.py:537} INFO - Filling up the DagBag from /opt/airflow/dags/dag2.py
[2025-11-22T12:38:55.250+0000] {processor.py:766} INFO - DAG(s) dict_keys(['dag2']) retrieved from /opt/airflow/dags/dag2.py
[2025-11-22T12:38:55.348+0000] {logging_mixin.py:120} INFO - [2025-11-22T12:38:55.347+0000] {dag.py:2585} INFO - Sync 1 DAGs
[2025-11-22T12:38:55.441+0000] {logging_mixin.py:120} INFO - [2025-11-22T12:38:55.441+0000] {dag.py:3340} INFO - Setting next_dagrun for dag2 to 2025-11-22T00:00:00+00:00, run_after=2025-11-23T00:00:00+00:00
[2025-11-22T12:38:55.491+0000] {processor.py:176} INFO - Processing /opt/airflow/dags/dag2.py took 0.297 seconds
[2025-11-22T12:39:26.345+0000] {processor.py:154} INFO - Started process (PID=2966) to work on /opt/airflow/dags/dag2.py
[2025-11-22T12:39:26.347+0000] {processor.py:756} INFO - Processing file /opt/airflow/dags/dag2.py for tasks to queue
[2025-11-22T12:39:26.348+0000] {logging_mixin.py:120} INFO - [2025-11-22T12:39:26.348+0000] {dagbag.py:537} INFO - Filling up the DagBag from /opt/airflow/dags/dag2.py
[2025-11-22T12:39:26.404+0000] {processor.py:766} INFO - DAG(s) dict_keys(['dag2']) retrieved from /opt/airflow/dags/dag2.py
[2025-11-22T12:39:26.464+0000] {logging_mixin.py:120} INFO - [2025-11-22T12:39:26.464+0000] {dag.py:2585} INFO - Sync 1 DAGs
[2025-11-22T12:39:26.505+0000] {logging_mixin.py:120} INFO - [2025-11-22T12:39:26.505+0000] {dag.py:3340} INFO - Setting next_dagrun for dag2 to 2025-11-22T00:00:00+00:00, run_after=2025-11-23T00:00:00+00:00
[2025-11-22T12:39:26.541+0000] {processor.py:176} INFO - Processing /opt/airflow/dags/dag2.py took 0.201 seconds
[2025-11-22T12:39:29.955+0000] {processor.py:154} INFO - Started process (PID=2968) to work on /opt/airflow/dags/dag2.py
[2025-11-22T12:39:29.956+0000] {processor.py:756} INFO - Processing file /opt/airflow/dags/dag2.py for tasks to queue
[2025-11-22T12:39:29.957+0000] {logging_mixin.py:120} INFO - [2025-11-22T12:39:29.957+0000] {dagbag.py:537} INFO - Filling up the DagBag from /opt/airflow/dags/dag2.py
[2025-11-22T12:39:30.019+0000] {processor.py:766} INFO - DAG(s) dict_keys(['dag2']) retrieved from /opt/airflow/dags/dag2.py
[2025-11-22T12:39:30.107+0000] {logging_mixin.py:120} INFO - [2025-11-22T12:39:30.107+0000] {dag.py:2585} INFO - Sync 1 DAGs
[2025-11-22T12:39:30.132+0000] {logging_mixin.py:120} INFO - [2025-11-22T12:39:30.132+0000] {dag.py:3340} INFO - Setting next_dagrun for dag2 to 2025-11-22T00:00:00+00:00, run_after=2025-11-23T00:00:00+00:00
[2025-11-22T12:39:30.165+0000] {processor.py:176} INFO - Processing /opt/airflow/dags/dag2.py took 0.214 seconds
[2025-11-22T12:40:00.451+0000] {processor.py:154} INFO - Started process (PID=3033) to work on /opt/airflow/dags/dag2.py
[2025-11-22T12:40:00.453+0000] {processor.py:756} INFO - Processing file /opt/airflow/dags/dag2.py for tasks to queue
[2025-11-22T12:40:00.454+0000] {logging_mixin.py:120} INFO - [2025-11-22T12:40:00.454+0000] {dagbag.py:537} INFO - Filling up the DagBag from /opt/airflow/dags/dag2.py
[2025-11-22T12:40:00.486+0000] {processor.py:766} INFO - DAG(s) dict_keys(['dag2']) retrieved from /opt/airflow/dags/dag2.py
[2025-11-22T12:40:00.531+0000] {logging_mixin.py:120} INFO - [2025-11-22T12:40:00.531+0000] {dag.py:2585} INFO - Sync 1 DAGs
[2025-11-22T12:40:00.569+0000] {logging_mixin.py:120} INFO - [2025-11-22T12:40:00.569+0000] {dag.py:3340} INFO - Setting next_dagrun for dag2 to 2025-11-22T00:00:00+00:00, run_after=2025-11-23T00:00:00+00:00
[2025-11-22T12:40:00.604+0000] {processor.py:176} INFO - Processing /opt/airflow/dags/dag2.py took 0.161 seconds
[2025-11-22T12:40:30.838+0000] {processor.py:154} INFO - Started process (PID=3089) to work on /opt/airflow/dags/dag2.py
[2025-11-22T12:40:30.839+0000] {processor.py:756} INFO - Processing file /opt/airflow/dags/dag2.py for tasks to queue
[2025-11-22T12:40:30.840+0000] {logging_mixin.py:120} INFO - [2025-11-22T12:40:30.840+0000] {dagbag.py:537} INFO - Filling up the DagBag from /opt/airflow/dags/dag2.py
[2025-11-22T12:40:30.868+0000] {processor.py:766} INFO - DAG(s) dict_keys(['dag2']) retrieved from /opt/airflow/dags/dag2.py
[2025-11-22T12:40:30.926+0000] {logging_mixin.py:120} INFO - [2025-11-22T12:40:30.926+0000] {dag.py:2585} INFO - Sync 1 DAGs
[2025-11-22T12:40:30.961+0000] {logging_mixin.py:120} INFO - [2025-11-22T12:40:30.961+0000] {dag.py:3340} INFO - Setting next_dagrun for dag2 to 2025-11-22T00:00:00+00:00, run_after=2025-11-23T00:00:00+00:00
[2025-11-22T12:40:30.994+0000] {processor.py:176} INFO - Processing /opt/airflow/dags/dag2.py took 0.161 seconds
[2025-11-22T12:40:44.465+0000] {processor.py:154} INFO - Started process (PID=3125) to work on /opt/airflow/dags/dag2.py
[2025-11-22T12:40:44.466+0000] {processor.py:756} INFO - Processing file /opt/airflow/dags/dag2.py for tasks to queue
[2025-11-22T12:40:44.468+0000] {logging_mixin.py:120} INFO - [2025-11-22T12:40:44.467+0000] {dagbag.py:537} INFO - Filling up the DagBag from /opt/airflow/dags/dag2.py
[2025-11-22T12:40:44.552+0000] {processor.py:766} INFO - DAG(s) dict_keys(['dag2']) retrieved from /opt/airflow/dags/dag2.py
[2025-11-22T12:40:44.783+0000] {logging_mixin.py:120} INFO - [2025-11-22T12:40:44.782+0000] {dag.py:2585} INFO - Sync 1 DAGs
[2025-11-22T12:40:44.883+0000] {logging_mixin.py:120} INFO - [2025-11-22T12:40:44.883+0000] {dag.py:3340} INFO - Setting next_dagrun for dag2 to 2025-11-22T00:00:00+00:00, run_after=2025-11-23T00:00:00+00:00
[2025-11-22T12:40:44.959+0000] {processor.py:176} INFO - Processing /opt/airflow/dags/dag2.py took 0.500 seconds
[2025-11-22T12:41:15.061+0000] {processor.py:154} INFO - Started process (PID=3193) to work on /opt/airflow/dags/dag2.py
[2025-11-22T12:41:15.065+0000] {processor.py:756} INFO - Processing file /opt/airflow/dags/dag2.py for tasks to queue
[2025-11-22T12:41:15.067+0000] {logging_mixin.py:120} INFO - [2025-11-22T12:41:15.067+0000] {dagbag.py:537} INFO - Filling up the DagBag from /opt/airflow/dags/dag2.py
[2025-11-22T12:41:15.156+0000] {processor.py:766} INFO - DAG(s) dict_keys(['dag2']) retrieved from /opt/airflow/dags/dag2.py
[2025-11-22T12:41:15.224+0000] {logging_mixin.py:120} INFO - [2025-11-22T12:41:15.224+0000] {dag.py:2585} INFO - Sync 1 DAGs
[2025-11-22T12:41:15.266+0000] {logging_mixin.py:120} INFO - [2025-11-22T12:41:15.266+0000] {dag.py:3340} INFO - Setting next_dagrun for dag2 to 2025-11-22T00:00:00+00:00, run_after=2025-11-23T00:00:00+00:00
[2025-11-22T12:41:15.303+0000] {processor.py:176} INFO - Processing /opt/airflow/dags/dag2.py took 0.246 seconds
[2025-11-22T12:41:45.472+0000] {processor.py:154} INFO - Started process (PID=3248) to work on /opt/airflow/dags/dag2.py
[2025-11-22T12:41:45.474+0000] {processor.py:756} INFO - Processing file /opt/airflow/dags/dag2.py for tasks to queue
[2025-11-22T12:41:45.481+0000] {logging_mixin.py:120} INFO - [2025-11-22T12:41:45.481+0000] {dagbag.py:537} INFO - Filling up the DagBag from /opt/airflow/dags/dag2.py
[2025-11-22T12:41:45.546+0000] {processor.py:766} INFO - DAG(s) dict_keys(['dag2']) retrieved from /opt/airflow/dags/dag2.py
[2025-11-22T12:41:45.632+0000] {logging_mixin.py:120} INFO - [2025-11-22T12:41:45.632+0000] {dag.py:2585} INFO - Sync 1 DAGs
[2025-11-22T12:41:45.694+0000] {logging_mixin.py:120} INFO - [2025-11-22T12:41:45.694+0000] {dag.py:3340} INFO - Setting next_dagrun for dag2 to 2025-11-22T00:00:00+00:00, run_after=2025-11-23T00:00:00+00:00
[2025-11-22T12:41:45.740+0000] {processor.py:176} INFO - Processing /opt/airflow/dags/dag2.py took 0.274 seconds
[2025-11-22T12:42:15.789+0000] {processor.py:154} INFO - Started process (PID=3312) to work on /opt/airflow/dags/dag2.py
[2025-11-22T12:42:15.791+0000] {processor.py:756} INFO - Processing file /opt/airflow/dags/dag2.py for tasks to queue
[2025-11-22T12:42:15.793+0000] {logging_mixin.py:120} INFO - [2025-11-22T12:42:15.792+0000] {dagbag.py:537} INFO - Filling up the DagBag from /opt/airflow/dags/dag2.py
[2025-11-22T12:42:15.839+0000] {processor.py:766} INFO - DAG(s) dict_keys(['dag2']) retrieved from /opt/airflow/dags/dag2.py
[2025-11-22T12:42:15.917+0000] {logging_mixin.py:120} INFO - [2025-11-22T12:42:15.917+0000] {dag.py:2585} INFO - Sync 1 DAGs
[2025-11-22T12:42:15.959+0000] {logging_mixin.py:120} INFO - [2025-11-22T12:42:15.958+0000] {dag.py:3340} INFO - Setting next_dagrun for dag2 to 2025-11-22T00:00:00+00:00, run_after=2025-11-23T00:00:00+00:00
[2025-11-22T12:42:15.996+0000] {processor.py:176} INFO - Processing /opt/airflow/dags/dag2.py took 0.213 seconds
[2025-11-22T12:42:46.624+0000] {processor.py:154} INFO - Started process (PID=3367) to work on /opt/airflow/dags/dag2.py
[2025-11-22T12:42:46.626+0000] {processor.py:756} INFO - Processing file /opt/airflow/dags/dag2.py for tasks to queue
[2025-11-22T12:42:46.628+0000] {logging_mixin.py:120} INFO - [2025-11-22T12:42:46.628+0000] {dagbag.py:537} INFO - Filling up the DagBag from /opt/airflow/dags/dag2.py
[2025-11-22T12:42:46.668+0000] {processor.py:766} INFO - DAG(s) dict_keys(['dag2']) retrieved from /opt/airflow/dags/dag2.py
[2025-11-22T12:42:46.776+0000] {logging_mixin.py:120} INFO - [2025-11-22T12:42:46.776+0000] {dag.py:2585} INFO - Sync 1 DAGs
[2025-11-22T12:42:46.942+0000] {logging_mixin.py:120} INFO - [2025-11-22T12:42:46.942+0000] {dag.py:3340} INFO - Setting next_dagrun for dag2 to 2025-11-22T00:00:00+00:00, run_after=2025-11-23T00:00:00+00:00
[2025-11-22T12:42:47.015+0000] {processor.py:176} INFO - Processing /opt/airflow/dags/dag2.py took 0.400 seconds
[2025-11-22T12:43:17.529+0000] {processor.py:154} INFO - Started process (PID=3432) to work on /opt/airflow/dags/dag2.py
[2025-11-22T12:43:17.530+0000] {processor.py:756} INFO - Processing file /opt/airflow/dags/dag2.py for tasks to queue
[2025-11-22T12:43:17.532+0000] {logging_mixin.py:120} INFO - [2025-11-22T12:43:17.532+0000] {dagbag.py:537} INFO - Filling up the DagBag from /opt/airflow/dags/dag2.py
[2025-11-22T12:43:17.591+0000] {processor.py:766} INFO - DAG(s) dict_keys(['dag2']) retrieved from /opt/airflow/dags/dag2.py
[2025-11-22T12:43:17.678+0000] {logging_mixin.py:120} INFO - [2025-11-22T12:43:17.677+0000] {dag.py:2585} INFO - Sync 1 DAGs
[2025-11-22T12:43:17.727+0000] {logging_mixin.py:120} INFO - [2025-11-22T12:43:17.727+0000] {dag.py:3340} INFO - Setting next_dagrun for dag2 to 2025-11-22T00:00:00+00:00, run_after=2025-11-23T00:00:00+00:00
[2025-11-22T12:43:17.770+0000] {processor.py:176} INFO - Processing /opt/airflow/dags/dag2.py took 0.249 seconds
[2025-11-22T12:43:48.448+0000] {processor.py:154} INFO - Started process (PID=3487) to work on /opt/airflow/dags/dag2.py
[2025-11-22T12:43:48.451+0000] {processor.py:756} INFO - Processing file /opt/airflow/dags/dag2.py for tasks to queue
[2025-11-22T12:43:48.454+0000] {logging_mixin.py:120} INFO - [2025-11-22T12:43:48.453+0000] {dagbag.py:537} INFO - Filling up the DagBag from /opt/airflow/dags/dag2.py
[2025-11-22T12:43:48.499+0000] {processor.py:766} INFO - DAG(s) dict_keys(['dag2']) retrieved from /opt/airflow/dags/dag2.py
[2025-11-22T12:43:48.581+0000] {logging_mixin.py:120} INFO - [2025-11-22T12:43:48.580+0000] {dag.py:2585} INFO - Sync 1 DAGs
[2025-11-22T12:43:48.647+0000] {logging_mixin.py:120} INFO - [2025-11-22T12:43:48.646+0000] {dag.py:3340} INFO - Setting next_dagrun for dag2 to 2025-11-22T00:00:00+00:00, run_after=2025-11-23T00:00:00+00:00
[2025-11-22T12:43:48.711+0000] {processor.py:176} INFO - Processing /opt/airflow/dags/dag2.py took 0.268 seconds
[2025-11-22T12:44:18.926+0000] {processor.py:154} INFO - Started process (PID=3552) to work on /opt/airflow/dags/dag2.py
[2025-11-22T12:44:18.928+0000] {processor.py:756} INFO - Processing file /opt/airflow/dags/dag2.py for tasks to queue
[2025-11-22T12:44:18.939+0000] {logging_mixin.py:120} INFO - [2025-11-22T12:44:18.939+0000] {dagbag.py:537} INFO - Filling up the DagBag from /opt/airflow/dags/dag2.py
[2025-11-22T12:44:18.990+0000] {processor.py:766} INFO - DAG(s) dict_keys(['dag2']) retrieved from /opt/airflow/dags/dag2.py
[2025-11-22T12:44:19.060+0000] {logging_mixin.py:120} INFO - [2025-11-22T12:44:19.060+0000] {dag.py:2585} INFO - Sync 1 DAGs
[2025-11-22T12:44:19.111+0000] {logging_mixin.py:120} INFO - [2025-11-22T12:44:19.111+0000] {dag.py:3340} INFO - Setting next_dagrun for dag2 to 2025-11-22T00:00:00+00:00, run_after=2025-11-23T00:00:00+00:00
[2025-11-22T12:44:19.145+0000] {processor.py:176} INFO - Processing /opt/airflow/dags/dag2.py took 0.224 seconds
[2025-11-22T12:44:49.365+0000] {processor.py:154} INFO - Started process (PID=3607) to work on /opt/airflow/dags/dag2.py
[2025-11-22T12:44:49.367+0000] {processor.py:756} INFO - Processing file /opt/airflow/dags/dag2.py for tasks to queue
[2025-11-22T12:44:49.369+0000] {logging_mixin.py:120} INFO - [2025-11-22T12:44:49.369+0000] {dagbag.py:537} INFO - Filling up the DagBag from /opt/airflow/dags/dag2.py
[2025-11-22T12:44:49.405+0000] {processor.py:766} INFO - DAG(s) dict_keys(['dag2']) retrieved from /opt/airflow/dags/dag2.py
[2025-11-22T12:44:49.459+0000] {logging_mixin.py:120} INFO - [2025-11-22T12:44:49.459+0000] {dag.py:2585} INFO - Sync 1 DAGs
[2025-11-22T12:44:49.506+0000] {logging_mixin.py:120} INFO - [2025-11-22T12:44:49.506+0000] {dag.py:3340} INFO - Setting next_dagrun for dag2 to 2025-11-22T00:00:00+00:00, run_after=2025-11-23T00:00:00+00:00
[2025-11-22T12:44:49.540+0000] {processor.py:176} INFO - Processing /opt/airflow/dags/dag2.py took 0.179 seconds
[2025-11-22T12:45:19.830+0000] {processor.py:154} INFO - Started process (PID=3671) to work on /opt/airflow/dags/dag2.py
[2025-11-22T12:45:19.832+0000] {processor.py:756} INFO - Processing file /opt/airflow/dags/dag2.py for tasks to queue
[2025-11-22T12:45:19.836+0000] {logging_mixin.py:120} INFO - [2025-11-22T12:45:19.836+0000] {dagbag.py:537} INFO - Filling up the DagBag from /opt/airflow/dags/dag2.py
[2025-11-22T12:45:19.883+0000] {processor.py:766} INFO - DAG(s) dict_keys(['dag2']) retrieved from /opt/airflow/dags/dag2.py
[2025-11-22T12:45:19.961+0000] {logging_mixin.py:120} INFO - [2025-11-22T12:45:19.961+0000] {dag.py:2585} INFO - Sync 1 DAGs
[2025-11-22T12:45:20.021+0000] {logging_mixin.py:120} INFO - [2025-11-22T12:45:20.020+0000] {dag.py:3340} INFO - Setting next_dagrun for dag2 to 2025-11-22T00:00:00+00:00, run_after=2025-11-23T00:00:00+00:00
[2025-11-22T12:45:20.070+0000] {processor.py:176} INFO - Processing /opt/airflow/dags/dag2.py took 0.247 seconds
[2025-11-22T12:45:50.295+0000] {processor.py:154} INFO - Started process (PID=3728) to work on /opt/airflow/dags/dag2.py
[2025-11-22T12:45:50.296+0000] {processor.py:756} INFO - Processing file /opt/airflow/dags/dag2.py for tasks to queue
[2025-11-22T12:45:50.297+0000] {logging_mixin.py:120} INFO - [2025-11-22T12:45:50.297+0000] {dagbag.py:537} INFO - Filling up the DagBag from /opt/airflow/dags/dag2.py
[2025-11-22T12:45:50.334+0000] {processor.py:766} INFO - DAG(s) dict_keys(['dag2']) retrieved from /opt/airflow/dags/dag2.py
[2025-11-22T12:45:50.387+0000] {logging_mixin.py:120} INFO - [2025-11-22T12:45:50.387+0000] {dag.py:2585} INFO - Sync 1 DAGs
[2025-11-22T12:45:50.472+0000] {logging_mixin.py:120} INFO - [2025-11-22T12:45:50.472+0000] {dag.py:3340} INFO - Setting next_dagrun for dag2 to 2025-11-22T00:00:00+00:00, run_after=2025-11-23T00:00:00+00:00
[2025-11-22T12:45:50.511+0000] {processor.py:176} INFO - Processing /opt/airflow/dags/dag2.py took 0.220 seconds
