[2025-11-29T09:32:34.818+0000] {taskinstance.py:1165} INFO - Dependencies all met for <TaskInstance: dag2.second_task scheduled__2025-11-26T00:00:00+00:00 [queued]>
[2025-11-29T09:32:35.167+0000] {taskinstance.py:1165} INFO - Dependencies all met for <TaskInstance: dag2.second_task scheduled__2025-11-26T00:00:00+00:00 [queued]>
[2025-11-29T09:32:35.180+0000] {taskinstance.py:1362} INFO - 
--------------------------------------------------------------------------------
[2025-11-29T09:32:35.189+0000] {taskinstance.py:1363} INFO - Starting attempt 1 of 6
[2025-11-29T09:32:35.190+0000] {taskinstance.py:1364} INFO - 
--------------------------------------------------------------------------------
[2025-11-29T09:32:35.434+0000] {taskinstance.py:1383} INFO - Executing <Task(BashOperator): second_task> on 2025-11-26 00:00:00+00:00
[2025-11-29T09:32:35.508+0000] {standard_task_runner.py:55} INFO - Started process 542 to run task
[2025-11-29T09:32:35.596+0000] {standard_task_runner.py:82} INFO - Running: ['***', 'tasks', 'run', 'dag2', 'second_task', 'scheduled__2025-11-26T00:00:00+00:00', '--job-id', '154', '--raw', '--subdir', 'DAGS_FOLDER/dag2.py', '--cfg-path', '/tmp/tmpuo627ues']
[2025-11-29T09:32:35.615+0000] {standard_task_runner.py:83} INFO - Job 154: Subtask second_task
[2025-11-29T09:32:36.804+0000] {task_command.py:376} INFO - Running <TaskInstance: dag2.second_task scheduled__2025-11-26T00:00:00+00:00 [running]> on host e6234453012c
[2025-11-29T09:32:38.332+0000] {taskinstance.py:1592} INFO - Exporting the following env vars:
AIRFLOW_CTX_DAG_OWNER=admin
AIRFLOW_CTX_DAG_ID=dag2
AIRFLOW_CTX_TASK_ID=second_task
AIRFLOW_CTX_EXECUTION_DATE=2025-11-26T00:00:00+00:00
AIRFLOW_CTX_TRY_NUMBER=1
AIRFLOW_CTX_DAG_RUN_ID=scheduled__2025-11-26T00:00:00+00:00
[2025-11-29T09:32:38.380+0000] {subprocess.py:63} INFO - Tmp dir root location: 
 /tmp
[2025-11-29T09:32:38.402+0000] {subprocess.py:75} INFO - Running command: ['/bin/bash', '-c', 'echo "hello, lets excute tasks"']
[2025-11-29T09:32:38.736+0000] {subprocess.py:86} INFO - Output:
[2025-11-29T09:32:38.771+0000] {subprocess.py:93} INFO - hello, lets excute tasks
[2025-11-29T09:32:38.785+0000] {subprocess.py:97} INFO - Command exited with return code 0
[2025-11-29T09:32:39.081+0000] {taskinstance.py:1406} INFO - Marking task as SUCCESS. dag_id=dag2, task_id=second_task, execution_date=20251126T000000, start_date=20251129T093234, end_date=20251129T093239
[2025-11-29T09:32:39.583+0000] {local_task_job.py:164} INFO - Task exited with return code 0
[2025-11-29T09:32:39.764+0000] {local_task_job.py:273} INFO - 0 downstream tasks scheduled from follow-on schedule check
