[2025-07-20T05:58:21.731+0000] {processor.py:154} INFO - Started process (PID=57) to work on /home/airflow/.local/lib/python3.7/site-packages/airflow/example_dags/example_external_task_marker_dag.py
[2025-07-20T05:58:22.197+0000] {processor.py:756} INFO - Processing file /home/airflow/.local/lib/python3.7/site-packages/airflow/example_dags/example_external_task_marker_dag.py for tasks to queue
[2025-07-20T05:58:22.201+0000] {logging_mixin.py:120} INFO - [2025-07-20T05:58:22.199+0000] {dagbag.py:537} INFO - Filling up the DagBag from /home/airflow/.local/lib/python3.7/site-packages/airflow/example_dags/example_external_task_marker_dag.py
[2025-07-20T05:58:22.486+0000] {processor.py:766} INFO - DAG(s) dict_keys(['example_external_task_marker_child', 'example_external_task_marker_parent']) retrieved from /home/airflow/.local/lib/python3.7/site-packages/airflow/example_dags/example_external_task_marker_dag.py
[2025-07-20T05:58:23.418+0000] {logging_mixin.py:120} INFO - [2025-07-20T05:58:23.417+0000] {dag.py:2585} INFO - Sync 2 DAGs
[2025-07-20T05:58:23.669+0000] {logging_mixin.py:120} INFO - [2025-07-20T05:58:23.668+0000] {dag.py:3340} INFO - Setting next_dagrun for example_external_task_marker_child to None, run_after=None
[2025-07-20T05:58:23.686+0000] {logging_mixin.py:120} INFO - [2025-07-20T05:58:23.685+0000] {dag.py:3340} INFO - Setting next_dagrun for example_external_task_marker_parent to None, run_after=None
[2025-07-20T05:58:24.251+0000] {processor.py:176} INFO - Processing /home/airflow/.local/lib/python3.7/site-packages/airflow/example_dags/example_external_task_marker_dag.py took 2.562 seconds
[2025-07-20T06:00:34.705+0000] {processor.py:154} INFO - Started process (PID=153) to work on /home/airflow/.local/lib/python3.7/site-packages/airflow/example_dags/example_external_task_marker_dag.py
[2025-07-20T06:00:34.863+0000] {processor.py:756} INFO - Processing file /home/airflow/.local/lib/python3.7/site-packages/airflow/example_dags/example_external_task_marker_dag.py for tasks to queue
[2025-07-20T06:00:35.272+0000] {logging_mixin.py:120} INFO - [2025-07-20T06:00:35.176+0000] {dagbag.py:537} INFO - Filling up the DagBag from /home/airflow/.local/lib/python3.7/site-packages/airflow/example_dags/example_external_task_marker_dag.py
[2025-07-20T06:00:37.691+0000] {processor.py:766} INFO - DAG(s) dict_keys(['example_external_task_marker_parent', 'example_external_task_marker_child']) retrieved from /home/airflow/.local/lib/python3.7/site-packages/airflow/example_dags/example_external_task_marker_dag.py
[2025-07-20T06:00:53.207+0000] {logging_mixin.py:120} INFO - [2025-07-20T06:00:53.205+0000] {dag.py:2585} INFO - Sync 2 DAGs
[2025-07-20T06:00:54.374+0000] {logging_mixin.py:120} INFO - [2025-07-20T06:00:54.373+0000] {dag.py:3340} INFO - Setting next_dagrun for example_external_task_marker_child to None, run_after=None
[2025-07-20T06:00:54.763+0000] {logging_mixin.py:120} INFO - [2025-07-20T06:00:54.762+0000] {dag.py:3340} INFO - Setting next_dagrun for example_external_task_marker_parent to None, run_after=None
[2025-07-20T06:00:55.865+0000] {processor.py:176} INFO - Processing /home/airflow/.local/lib/python3.7/site-packages/airflow/example_dags/example_external_task_marker_dag.py took 21.904 seconds
[2025-07-20T06:01:40.913+0000] {processor.py:154} INFO - Started process (PID=220) to work on /home/airflow/.local/lib/python3.7/site-packages/airflow/example_dags/example_external_task_marker_dag.py
[2025-07-20T06:01:40.921+0000] {processor.py:756} INFO - Processing file /home/airflow/.local/lib/python3.7/site-packages/airflow/example_dags/example_external_task_marker_dag.py for tasks to queue
[2025-07-20T06:01:40.939+0000] {logging_mixin.py:120} INFO - [2025-07-20T06:01:40.938+0000] {dagbag.py:537} INFO - Filling up the DagBag from /home/airflow/.local/lib/python3.7/site-packages/airflow/example_dags/example_external_task_marker_dag.py
[2025-07-20T06:01:41.154+0000] {processor.py:766} INFO - DAG(s) dict_keys(['example_external_task_marker_parent', 'example_external_task_marker_child']) retrieved from /home/airflow/.local/lib/python3.7/site-packages/airflow/example_dags/example_external_task_marker_dag.py
[2025-07-20T06:01:47.906+0000] {logging_mixin.py:120} INFO - [2025-07-20T06:01:47.905+0000] {dag.py:2585} INFO - Sync 2 DAGs
[2025-07-20T06:01:50.160+0000] {logging_mixin.py:120} INFO - [2025-07-20T06:01:50.160+0000] {dag.py:3340} INFO - Setting next_dagrun for example_external_task_marker_child to None, run_after=None
[2025-07-20T06:01:50.445+0000] {logging_mixin.py:120} INFO - [2025-07-20T06:01:50.444+0000] {dag.py:3340} INFO - Setting next_dagrun for example_external_task_marker_parent to None, run_after=None
[2025-07-20T06:01:51.208+0000] {processor.py:176} INFO - Processing /home/airflow/.local/lib/python3.7/site-packages/airflow/example_dags/example_external_task_marker_dag.py took 10.364 seconds
[2025-07-20T06:02:22.124+0000] {processor.py:154} INFO - Started process (PID=275) to work on /home/airflow/.local/lib/python3.7/site-packages/airflow/example_dags/example_external_task_marker_dag.py
[2025-07-20T06:02:22.126+0000] {processor.py:756} INFO - Processing file /home/airflow/.local/lib/python3.7/site-packages/airflow/example_dags/example_external_task_marker_dag.py for tasks to queue
[2025-07-20T06:02:22.128+0000] {logging_mixin.py:120} INFO - [2025-07-20T06:02:22.128+0000] {dagbag.py:537} INFO - Filling up the DagBag from /home/airflow/.local/lib/python3.7/site-packages/airflow/example_dags/example_external_task_marker_dag.py
[2025-07-20T06:02:22.169+0000] {processor.py:766} INFO - DAG(s) dict_keys(['example_external_task_marker_child', 'example_external_task_marker_parent']) retrieved from /home/airflow/.local/lib/python3.7/site-packages/airflow/example_dags/example_external_task_marker_dag.py
[2025-07-20T06:02:22.846+0000] {logging_mixin.py:120} INFO - [2025-07-20T06:02:22.843+0000] {dag.py:2585} INFO - Sync 2 DAGs
[2025-07-20T06:02:22.938+0000] {logging_mixin.py:120} INFO - [2025-07-20T06:02:22.938+0000] {dag.py:3340} INFO - Setting next_dagrun for example_external_task_marker_child to None, run_after=None
[2025-07-20T06:02:22.966+0000] {logging_mixin.py:120} INFO - [2025-07-20T06:02:22.965+0000] {dag.py:3340} INFO - Setting next_dagrun for example_external_task_marker_parent to None, run_after=None
[2025-07-20T06:02:23.027+0000] {processor.py:176} INFO - Processing /home/airflow/.local/lib/python3.7/site-packages/airflow/example_dags/example_external_task_marker_dag.py took 0.911 seconds
[2025-07-20T06:02:53.191+0000] {processor.py:154} INFO - Started process (PID=329) to work on /home/airflow/.local/lib/python3.7/site-packages/airflow/example_dags/example_external_task_marker_dag.py
[2025-07-20T06:02:53.194+0000] {processor.py:756} INFO - Processing file /home/airflow/.local/lib/python3.7/site-packages/airflow/example_dags/example_external_task_marker_dag.py for tasks to queue
[2025-07-20T06:02:53.196+0000] {logging_mixin.py:120} INFO - [2025-07-20T06:02:53.196+0000] {dagbag.py:537} INFO - Filling up the DagBag from /home/airflow/.local/lib/python3.7/site-packages/airflow/example_dags/example_external_task_marker_dag.py
[2025-07-20T06:02:53.233+0000] {processor.py:766} INFO - DAG(s) dict_keys(['example_external_task_marker_parent', 'example_external_task_marker_child']) retrieved from /home/airflow/.local/lib/python3.7/site-packages/airflow/example_dags/example_external_task_marker_dag.py
[2025-07-20T06:02:53.995+0000] {logging_mixin.py:120} INFO - [2025-07-20T06:02:53.994+0000] {dag.py:2585} INFO - Sync 2 DAGs
[2025-07-20T06:02:54.103+0000] {logging_mixin.py:120} INFO - [2025-07-20T06:02:54.103+0000] {dag.py:3340} INFO - Setting next_dagrun for example_external_task_marker_child to None, run_after=None
[2025-07-20T06:02:54.121+0000] {logging_mixin.py:120} INFO - [2025-07-20T06:02:54.121+0000] {dag.py:3340} INFO - Setting next_dagrun for example_external_task_marker_parent to None, run_after=None
[2025-07-20T06:02:54.188+0000] {processor.py:176} INFO - Processing /home/airflow/.local/lib/python3.7/site-packages/airflow/example_dags/example_external_task_marker_dag.py took 1.005 seconds
[2025-07-20T06:03:24.650+0000] {processor.py:154} INFO - Started process (PID=392) to work on /home/airflow/.local/lib/python3.7/site-packages/airflow/example_dags/example_external_task_marker_dag.py
[2025-07-20T06:03:24.655+0000] {processor.py:756} INFO - Processing file /home/airflow/.local/lib/python3.7/site-packages/airflow/example_dags/example_external_task_marker_dag.py for tasks to queue
[2025-07-20T06:03:24.668+0000] {logging_mixin.py:120} INFO - [2025-07-20T06:03:24.668+0000] {dagbag.py:537} INFO - Filling up the DagBag from /home/airflow/.local/lib/python3.7/site-packages/airflow/example_dags/example_external_task_marker_dag.py
[2025-07-20T06:03:24.797+0000] {processor.py:766} INFO - DAG(s) dict_keys(['example_external_task_marker_child', 'example_external_task_marker_parent']) retrieved from /home/airflow/.local/lib/python3.7/site-packages/airflow/example_dags/example_external_task_marker_dag.py
[2025-07-20T06:03:25.753+0000] {logging_mixin.py:120} INFO - [2025-07-20T06:03:25.748+0000] {dag.py:2585} INFO - Sync 2 DAGs
[2025-07-20T06:03:25.947+0000] {logging_mixin.py:120} INFO - [2025-07-20T06:03:25.943+0000] {dag.py:3340} INFO - Setting next_dagrun for example_external_task_marker_child to None, run_after=None
[2025-07-20T06:03:25.957+0000] {logging_mixin.py:120} INFO - [2025-07-20T06:03:25.956+0000] {dag.py:3340} INFO - Setting next_dagrun for example_external_task_marker_parent to None, run_after=None
[2025-07-20T06:03:26.039+0000] {processor.py:176} INFO - Processing /home/airflow/.local/lib/python3.7/site-packages/airflow/example_dags/example_external_task_marker_dag.py took 1.412 seconds
[2025-07-20T06:03:56.147+0000] {processor.py:154} INFO - Started process (PID=446) to work on /home/airflow/.local/lib/python3.7/site-packages/airflow/example_dags/example_external_task_marker_dag.py
[2025-07-20T06:03:56.151+0000] {processor.py:756} INFO - Processing file /home/airflow/.local/lib/python3.7/site-packages/airflow/example_dags/example_external_task_marker_dag.py for tasks to queue
[2025-07-20T06:03:56.152+0000] {logging_mixin.py:120} INFO - [2025-07-20T06:03:56.152+0000] {dagbag.py:537} INFO - Filling up the DagBag from /home/airflow/.local/lib/python3.7/site-packages/airflow/example_dags/example_external_task_marker_dag.py
[2025-07-20T06:03:56.179+0000] {processor.py:766} INFO - DAG(s) dict_keys(['example_external_task_marker_parent', 'example_external_task_marker_child']) retrieved from /home/airflow/.local/lib/python3.7/site-packages/airflow/example_dags/example_external_task_marker_dag.py
[2025-07-20T06:03:56.766+0000] {logging_mixin.py:120} INFO - [2025-07-20T06:03:56.765+0000] {dag.py:2585} INFO - Sync 2 DAGs
[2025-07-20T06:03:56.884+0000] {logging_mixin.py:120} INFO - [2025-07-20T06:03:56.884+0000] {dag.py:3340} INFO - Setting next_dagrun for example_external_task_marker_child to None, run_after=None
[2025-07-20T06:03:56.902+0000] {logging_mixin.py:120} INFO - [2025-07-20T06:03:56.901+0000] {dag.py:3340} INFO - Setting next_dagrun for example_external_task_marker_parent to None, run_after=None
[2025-07-20T06:03:57.008+0000] {processor.py:176} INFO - Processing /home/airflow/.local/lib/python3.7/site-packages/airflow/example_dags/example_external_task_marker_dag.py took 0.868 seconds
[2025-07-20T06:04:27.893+0000] {processor.py:154} INFO - Started process (PID=501) to work on /home/airflow/.local/lib/python3.7/site-packages/airflow/example_dags/example_external_task_marker_dag.py
[2025-07-20T06:04:27.895+0000] {processor.py:756} INFO - Processing file /home/airflow/.local/lib/python3.7/site-packages/airflow/example_dags/example_external_task_marker_dag.py for tasks to queue
[2025-07-20T06:04:27.898+0000] {logging_mixin.py:120} INFO - [2025-07-20T06:04:27.897+0000] {dagbag.py:537} INFO - Filling up the DagBag from /home/airflow/.local/lib/python3.7/site-packages/airflow/example_dags/example_external_task_marker_dag.py
[2025-07-20T06:04:27.925+0000] {processor.py:766} INFO - DAG(s) dict_keys(['example_external_task_marker_child', 'example_external_task_marker_parent']) retrieved from /home/airflow/.local/lib/python3.7/site-packages/airflow/example_dags/example_external_task_marker_dag.py
[2025-07-20T06:04:28.169+0000] {logging_mixin.py:120} INFO - [2025-07-20T06:04:28.168+0000] {dag.py:2585} INFO - Sync 2 DAGs
[2025-07-20T06:04:28.210+0000] {logging_mixin.py:120} INFO - [2025-07-20T06:04:28.210+0000] {dag.py:3340} INFO - Setting next_dagrun for example_external_task_marker_child to None, run_after=None
[2025-07-20T06:04:28.214+0000] {logging_mixin.py:120} INFO - [2025-07-20T06:04:28.214+0000] {dag.py:3340} INFO - Setting next_dagrun for example_external_task_marker_parent to None, run_after=None
[2025-07-20T06:04:28.299+0000] {processor.py:176} INFO - Processing /home/airflow/.local/lib/python3.7/site-packages/airflow/example_dags/example_external_task_marker_dag.py took 0.410 seconds
[2025-07-20T06:04:58.878+0000] {processor.py:154} INFO - Started process (PID=564) to work on /home/airflow/.local/lib/python3.7/site-packages/airflow/example_dags/example_external_task_marker_dag.py
[2025-07-20T06:04:58.881+0000] {processor.py:756} INFO - Processing file /home/airflow/.local/lib/python3.7/site-packages/airflow/example_dags/example_external_task_marker_dag.py for tasks to queue
[2025-07-20T06:04:58.883+0000] {logging_mixin.py:120} INFO - [2025-07-20T06:04:58.882+0000] {dagbag.py:537} INFO - Filling up the DagBag from /home/airflow/.local/lib/python3.7/site-packages/airflow/example_dags/example_external_task_marker_dag.py
[2025-07-20T06:04:58.909+0000] {processor.py:766} INFO - DAG(s) dict_keys(['example_external_task_marker_child', 'example_external_task_marker_parent']) retrieved from /home/airflow/.local/lib/python3.7/site-packages/airflow/example_dags/example_external_task_marker_dag.py
[2025-07-20T06:04:59.257+0000] {logging_mixin.py:120} INFO - [2025-07-20T06:04:59.257+0000] {dag.py:2585} INFO - Sync 2 DAGs
[2025-07-20T06:04:59.300+0000] {logging_mixin.py:120} INFO - [2025-07-20T06:04:59.300+0000] {dag.py:3340} INFO - Setting next_dagrun for example_external_task_marker_child to None, run_after=None
[2025-07-20T06:04:59.308+0000] {logging_mixin.py:120} INFO - [2025-07-20T06:04:59.307+0000] {dag.py:3340} INFO - Setting next_dagrun for example_external_task_marker_parent to None, run_after=None
[2025-07-20T06:04:59.341+0000] {processor.py:176} INFO - Processing /home/airflow/.local/lib/python3.7/site-packages/airflow/example_dags/example_external_task_marker_dag.py took 0.470 seconds
[2025-07-20T06:05:29.568+0000] {processor.py:154} INFO - Started process (PID=619) to work on /home/airflow/.local/lib/python3.7/site-packages/airflow/example_dags/example_external_task_marker_dag.py
[2025-07-20T06:05:29.569+0000] {processor.py:756} INFO - Processing file /home/airflow/.local/lib/python3.7/site-packages/airflow/example_dags/example_external_task_marker_dag.py for tasks to queue
[2025-07-20T06:05:29.571+0000] {logging_mixin.py:120} INFO - [2025-07-20T06:05:29.571+0000] {dagbag.py:537} INFO - Filling up the DagBag from /home/airflow/.local/lib/python3.7/site-packages/airflow/example_dags/example_external_task_marker_dag.py
[2025-07-20T06:05:29.592+0000] {processor.py:766} INFO - DAG(s) dict_keys(['example_external_task_marker_child', 'example_external_task_marker_parent']) retrieved from /home/airflow/.local/lib/python3.7/site-packages/airflow/example_dags/example_external_task_marker_dag.py
[2025-07-20T06:05:29.901+0000] {logging_mixin.py:120} INFO - [2025-07-20T06:05:29.901+0000] {dag.py:2585} INFO - Sync 2 DAGs
[2025-07-20T06:05:29.943+0000] {logging_mixin.py:120} INFO - [2025-07-20T06:05:29.943+0000] {dag.py:3340} INFO - Setting next_dagrun for example_external_task_marker_child to None, run_after=None
[2025-07-20T06:05:29.949+0000] {logging_mixin.py:120} INFO - [2025-07-20T06:05:29.949+0000] {dag.py:3340} INFO - Setting next_dagrun for example_external_task_marker_parent to None, run_after=None
[2025-07-20T06:05:29.985+0000] {processor.py:176} INFO - Processing /home/airflow/.local/lib/python3.7/site-packages/airflow/example_dags/example_external_task_marker_dag.py took 0.423 seconds
[2025-07-20T06:06:00.080+0000] {processor.py:154} INFO - Started process (PID=682) to work on /home/airflow/.local/lib/python3.7/site-packages/airflow/example_dags/example_external_task_marker_dag.py
[2025-07-20T06:06:00.083+0000] {processor.py:756} INFO - Processing file /home/airflow/.local/lib/python3.7/site-packages/airflow/example_dags/example_external_task_marker_dag.py for tasks to queue
[2025-07-20T06:06:00.084+0000] {logging_mixin.py:120} INFO - [2025-07-20T06:06:00.084+0000] {dagbag.py:537} INFO - Filling up the DagBag from /home/airflow/.local/lib/python3.7/site-packages/airflow/example_dags/example_external_task_marker_dag.py
[2025-07-20T06:06:00.104+0000] {processor.py:766} INFO - DAG(s) dict_keys(['example_external_task_marker_parent', 'example_external_task_marker_child']) retrieved from /home/airflow/.local/lib/python3.7/site-packages/airflow/example_dags/example_external_task_marker_dag.py
[2025-07-20T06:06:00.367+0000] {logging_mixin.py:120} INFO - [2025-07-20T06:06:00.367+0000] {dag.py:2585} INFO - Sync 2 DAGs
[2025-07-20T06:06:00.404+0000] {logging_mixin.py:120} INFO - [2025-07-20T06:06:00.404+0000] {dag.py:3340} INFO - Setting next_dagrun for example_external_task_marker_child to None, run_after=None
[2025-07-20T06:06:00.412+0000] {logging_mixin.py:120} INFO - [2025-07-20T06:06:00.412+0000] {dag.py:3340} INFO - Setting next_dagrun for example_external_task_marker_parent to None, run_after=None
[2025-07-20T06:06:00.438+0000] {processor.py:176} INFO - Processing /home/airflow/.local/lib/python3.7/site-packages/airflow/example_dags/example_external_task_marker_dag.py took 0.364 seconds
[2025-07-20T06:06:30.561+0000] {processor.py:154} INFO - Started process (PID=736) to work on /home/airflow/.local/lib/python3.7/site-packages/airflow/example_dags/example_external_task_marker_dag.py
[2025-07-20T06:06:30.563+0000] {processor.py:756} INFO - Processing file /home/airflow/.local/lib/python3.7/site-packages/airflow/example_dags/example_external_task_marker_dag.py for tasks to queue
[2025-07-20T06:06:30.565+0000] {logging_mixin.py:120} INFO - [2025-07-20T06:06:30.565+0000] {dagbag.py:537} INFO - Filling up the DagBag from /home/airflow/.local/lib/python3.7/site-packages/airflow/example_dags/example_external_task_marker_dag.py
[2025-07-20T06:06:30.592+0000] {processor.py:766} INFO - DAG(s) dict_keys(['example_external_task_marker_parent', 'example_external_task_marker_child']) retrieved from /home/airflow/.local/lib/python3.7/site-packages/airflow/example_dags/example_external_task_marker_dag.py
[2025-07-20T06:06:30.817+0000] {logging_mixin.py:120} INFO - [2025-07-20T06:06:30.816+0000] {dag.py:2585} INFO - Sync 2 DAGs
[2025-07-20T06:06:30.855+0000] {logging_mixin.py:120} INFO - [2025-07-20T06:06:30.855+0000] {dag.py:3340} INFO - Setting next_dagrun for example_external_task_marker_child to None, run_after=None
[2025-07-20T06:06:30.862+0000] {logging_mixin.py:120} INFO - [2025-07-20T06:06:30.862+0000] {dag.py:3340} INFO - Setting next_dagrun for example_external_task_marker_parent to None, run_after=None
[2025-07-20T06:06:30.894+0000] {processor.py:176} INFO - Processing /home/airflow/.local/lib/python3.7/site-packages/airflow/example_dags/example_external_task_marker_dag.py took 0.339 seconds
[2025-07-20T06:07:00.976+0000] {processor.py:154} INFO - Started process (PID=798) to work on /home/airflow/.local/lib/python3.7/site-packages/airflow/example_dags/example_external_task_marker_dag.py
[2025-07-20T06:07:00.979+0000] {processor.py:756} INFO - Processing file /home/airflow/.local/lib/python3.7/site-packages/airflow/example_dags/example_external_task_marker_dag.py for tasks to queue
[2025-07-20T06:07:00.983+0000] {logging_mixin.py:120} INFO - [2025-07-20T06:07:00.983+0000] {dagbag.py:537} INFO - Filling up the DagBag from /home/airflow/.local/lib/python3.7/site-packages/airflow/example_dags/example_external_task_marker_dag.py
[2025-07-20T06:07:01.013+0000] {processor.py:766} INFO - DAG(s) dict_keys(['example_external_task_marker_child', 'example_external_task_marker_parent']) retrieved from /home/airflow/.local/lib/python3.7/site-packages/airflow/example_dags/example_external_task_marker_dag.py
[2025-07-20T06:07:01.271+0000] {logging_mixin.py:120} INFO - [2025-07-20T06:07:01.271+0000] {dag.py:2585} INFO - Sync 2 DAGs
[2025-07-20T06:07:01.305+0000] {logging_mixin.py:120} INFO - [2025-07-20T06:07:01.305+0000] {dag.py:3340} INFO - Setting next_dagrun for example_external_task_marker_child to None, run_after=None
[2025-07-20T06:07:01.311+0000] {logging_mixin.py:120} INFO - [2025-07-20T06:07:01.310+0000] {dag.py:3340} INFO - Setting next_dagrun for example_external_task_marker_parent to None, run_after=None
[2025-07-20T06:07:01.347+0000] {processor.py:176} INFO - Processing /home/airflow/.local/lib/python3.7/site-packages/airflow/example_dags/example_external_task_marker_dag.py took 0.377 seconds
[2025-07-20T06:07:31.440+0000] {processor.py:154} INFO - Started process (PID=861) to work on /home/airflow/.local/lib/python3.7/site-packages/airflow/example_dags/example_external_task_marker_dag.py
[2025-07-20T06:07:31.447+0000] {processor.py:756} INFO - Processing file /home/airflow/.local/lib/python3.7/site-packages/airflow/example_dags/example_external_task_marker_dag.py for tasks to queue
[2025-07-20T06:07:31.449+0000] {logging_mixin.py:120} INFO - [2025-07-20T06:07:31.449+0000] {dagbag.py:537} INFO - Filling up the DagBag from /home/airflow/.local/lib/python3.7/site-packages/airflow/example_dags/example_external_task_marker_dag.py
[2025-07-20T06:07:31.536+0000] {processor.py:766} INFO - DAG(s) dict_keys(['example_external_task_marker_parent', 'example_external_task_marker_child']) retrieved from /home/airflow/.local/lib/python3.7/site-packages/airflow/example_dags/example_external_task_marker_dag.py
[2025-07-20T06:07:31.984+0000] {logging_mixin.py:120} INFO - [2025-07-20T06:07:31.984+0000] {dag.py:2585} INFO - Sync 2 DAGs
[2025-07-20T06:07:32.035+0000] {logging_mixin.py:120} INFO - [2025-07-20T06:07:32.034+0000] {dag.py:3340} INFO - Setting next_dagrun for example_external_task_marker_child to None, run_after=None
[2025-07-20T06:07:32.041+0000] {logging_mixin.py:120} INFO - [2025-07-20T06:07:32.041+0000] {dag.py:3340} INFO - Setting next_dagrun for example_external_task_marker_parent to None, run_after=None
[2025-07-20T06:07:32.076+0000] {processor.py:176} INFO - Processing /home/airflow/.local/lib/python3.7/site-packages/airflow/example_dags/example_external_task_marker_dag.py took 0.648 seconds
[2025-07-20T06:08:02.464+0000] {processor.py:154} INFO - Started process (PID=913) to work on /home/airflow/.local/lib/python3.7/site-packages/airflow/example_dags/example_external_task_marker_dag.py
[2025-07-20T06:08:02.466+0000] {processor.py:756} INFO - Processing file /home/airflow/.local/lib/python3.7/site-packages/airflow/example_dags/example_external_task_marker_dag.py for tasks to queue
[2025-07-20T06:08:02.468+0000] {logging_mixin.py:120} INFO - [2025-07-20T06:08:02.468+0000] {dagbag.py:537} INFO - Filling up the DagBag from /home/airflow/.local/lib/python3.7/site-packages/airflow/example_dags/example_external_task_marker_dag.py
[2025-07-20T06:08:02.499+0000] {processor.py:766} INFO - DAG(s) dict_keys(['example_external_task_marker_parent', 'example_external_task_marker_child']) retrieved from /home/airflow/.local/lib/python3.7/site-packages/airflow/example_dags/example_external_task_marker_dag.py
[2025-07-20T06:08:02.782+0000] {logging_mixin.py:120} INFO - [2025-07-20T06:08:02.782+0000] {dag.py:2585} INFO - Sync 2 DAGs
[2025-07-20T06:08:02.823+0000] {logging_mixin.py:120} INFO - [2025-07-20T06:08:02.823+0000] {dag.py:3340} INFO - Setting next_dagrun for example_external_task_marker_child to None, run_after=None
[2025-07-20T06:08:02.832+0000] {logging_mixin.py:120} INFO - [2025-07-20T06:08:02.832+0000] {dag.py:3340} INFO - Setting next_dagrun for example_external_task_marker_parent to None, run_after=None
[2025-07-20T06:08:02.874+0000] {processor.py:176} INFO - Processing /home/airflow/.local/lib/python3.7/site-packages/airflow/example_dags/example_external_task_marker_dag.py took 0.418 seconds
[2025-07-20T06:08:33.156+0000] {processor.py:154} INFO - Started process (PID=968) to work on /home/airflow/.local/lib/python3.7/site-packages/airflow/example_dags/example_external_task_marker_dag.py
[2025-07-20T06:08:33.158+0000] {processor.py:756} INFO - Processing file /home/airflow/.local/lib/python3.7/site-packages/airflow/example_dags/example_external_task_marker_dag.py for tasks to queue
[2025-07-20T06:08:33.160+0000] {logging_mixin.py:120} INFO - [2025-07-20T06:08:33.160+0000] {dagbag.py:537} INFO - Filling up the DagBag from /home/airflow/.local/lib/python3.7/site-packages/airflow/example_dags/example_external_task_marker_dag.py
[2025-07-20T06:08:33.184+0000] {processor.py:766} INFO - DAG(s) dict_keys(['example_external_task_marker_parent', 'example_external_task_marker_child']) retrieved from /home/airflow/.local/lib/python3.7/site-packages/airflow/example_dags/example_external_task_marker_dag.py
[2025-07-20T06:08:33.472+0000] {logging_mixin.py:120} INFO - [2025-07-20T06:08:33.471+0000] {dag.py:2585} INFO - Sync 2 DAGs
[2025-07-20T06:08:33.510+0000] {logging_mixin.py:120} INFO - [2025-07-20T06:08:33.510+0000] {dag.py:3340} INFO - Setting next_dagrun for example_external_task_marker_child to None, run_after=None
[2025-07-20T06:08:33.517+0000] {logging_mixin.py:120} INFO - [2025-07-20T06:08:33.517+0000] {dag.py:3340} INFO - Setting next_dagrun for example_external_task_marker_parent to None, run_after=None
[2025-07-20T06:08:33.557+0000] {processor.py:176} INFO - Processing /home/airflow/.local/lib/python3.7/site-packages/airflow/example_dags/example_external_task_marker_dag.py took 0.407 seconds
[2025-07-20T06:09:03.913+0000] {processor.py:154} INFO - Started process (PID=1021) to work on /home/airflow/.local/lib/python3.7/site-packages/airflow/example_dags/example_external_task_marker_dag.py
[2025-07-20T06:09:03.915+0000] {processor.py:756} INFO - Processing file /home/airflow/.local/lib/python3.7/site-packages/airflow/example_dags/example_external_task_marker_dag.py for tasks to queue
[2025-07-20T06:09:03.916+0000] {logging_mixin.py:120} INFO - [2025-07-20T06:09:03.916+0000] {dagbag.py:537} INFO - Filling up the DagBag from /home/airflow/.local/lib/python3.7/site-packages/airflow/example_dags/example_external_task_marker_dag.py
[2025-07-20T06:09:03.946+0000] {processor.py:766} INFO - DAG(s) dict_keys(['example_external_task_marker_child', 'example_external_task_marker_parent']) retrieved from /home/airflow/.local/lib/python3.7/site-packages/airflow/example_dags/example_external_task_marker_dag.py
[2025-07-20T06:09:04.350+0000] {logging_mixin.py:120} INFO - [2025-07-20T06:09:04.350+0000] {dag.py:2585} INFO - Sync 2 DAGs
[2025-07-20T06:09:04.401+0000] {logging_mixin.py:120} INFO - [2025-07-20T06:09:04.401+0000] {dag.py:3340} INFO - Setting next_dagrun for example_external_task_marker_child to None, run_after=None
[2025-07-20T06:09:04.407+0000] {logging_mixin.py:120} INFO - [2025-07-20T06:09:04.407+0000] {dag.py:3340} INFO - Setting next_dagrun for example_external_task_marker_parent to None, run_after=None
[2025-07-20T06:09:04.448+0000] {processor.py:176} INFO - Processing /home/airflow/.local/lib/python3.7/site-packages/airflow/example_dags/example_external_task_marker_dag.py took 0.542 seconds
[2025-07-20T06:09:35.078+0000] {processor.py:154} INFO - Started process (PID=1073) to work on /home/airflow/.local/lib/python3.7/site-packages/airflow/example_dags/example_external_task_marker_dag.py
[2025-07-20T06:09:35.080+0000] {processor.py:756} INFO - Processing file /home/airflow/.local/lib/python3.7/site-packages/airflow/example_dags/example_external_task_marker_dag.py for tasks to queue
[2025-07-20T06:09:35.082+0000] {logging_mixin.py:120} INFO - [2025-07-20T06:09:35.082+0000] {dagbag.py:537} INFO - Filling up the DagBag from /home/airflow/.local/lib/python3.7/site-packages/airflow/example_dags/example_external_task_marker_dag.py
[2025-07-20T06:09:35.115+0000] {processor.py:766} INFO - DAG(s) dict_keys(['example_external_task_marker_parent', 'example_external_task_marker_child']) retrieved from /home/airflow/.local/lib/python3.7/site-packages/airflow/example_dags/example_external_task_marker_dag.py
[2025-07-20T06:09:35.876+0000] {logging_mixin.py:120} INFO - [2025-07-20T06:09:35.875+0000] {dag.py:2585} INFO - Sync 2 DAGs
[2025-07-20T06:09:35.960+0000] {logging_mixin.py:120} INFO - [2025-07-20T06:09:35.959+0000] {dag.py:3340} INFO - Setting next_dagrun for example_external_task_marker_child to None, run_after=None
[2025-07-20T06:09:35.972+0000] {logging_mixin.py:120} INFO - [2025-07-20T06:09:35.972+0000] {dag.py:3340} INFO - Setting next_dagrun for example_external_task_marker_parent to None, run_after=None
[2025-07-20T06:09:36.070+0000] {processor.py:176} INFO - Processing /home/airflow/.local/lib/python3.7/site-packages/airflow/example_dags/example_external_task_marker_dag.py took 1.002 seconds
[2025-07-20T06:10:06.941+0000] {processor.py:154} INFO - Started process (PID=1135) to work on /home/airflow/.local/lib/python3.7/site-packages/airflow/example_dags/example_external_task_marker_dag.py
[2025-07-20T06:10:06.960+0000] {processor.py:756} INFO - Processing file /home/airflow/.local/lib/python3.7/site-packages/airflow/example_dags/example_external_task_marker_dag.py for tasks to queue
[2025-07-20T06:10:06.964+0000] {logging_mixin.py:120} INFO - [2025-07-20T06:10:06.963+0000] {dagbag.py:537} INFO - Filling up the DagBag from /home/airflow/.local/lib/python3.7/site-packages/airflow/example_dags/example_external_task_marker_dag.py
[2025-07-20T06:10:07.121+0000] {processor.py:766} INFO - DAG(s) dict_keys(['example_external_task_marker_parent', 'example_external_task_marker_child']) retrieved from /home/airflow/.local/lib/python3.7/site-packages/airflow/example_dags/example_external_task_marker_dag.py
[2025-07-20T06:10:08.558+0000] {logging_mixin.py:120} INFO - [2025-07-20T06:10:08.557+0000] {dag.py:2585} INFO - Sync 2 DAGs
[2025-07-20T06:10:08.777+0000] {logging_mixin.py:120} INFO - [2025-07-20T06:10:08.777+0000] {dag.py:3340} INFO - Setting next_dagrun for example_external_task_marker_child to None, run_after=None
[2025-07-20T06:10:08.797+0000] {logging_mixin.py:120} INFO - [2025-07-20T06:10:08.796+0000] {dag.py:3340} INFO - Setting next_dagrun for example_external_task_marker_parent to None, run_after=None
[2025-07-20T06:10:08.907+0000] {processor.py:176} INFO - Processing /home/airflow/.local/lib/python3.7/site-packages/airflow/example_dags/example_external_task_marker_dag.py took 1.993 seconds
[2025-07-20T06:10:39.263+0000] {processor.py:154} INFO - Started process (PID=1191) to work on /home/airflow/.local/lib/python3.7/site-packages/airflow/example_dags/example_external_task_marker_dag.py
[2025-07-20T06:10:39.267+0000] {processor.py:756} INFO - Processing file /home/airflow/.local/lib/python3.7/site-packages/airflow/example_dags/example_external_task_marker_dag.py for tasks to queue
[2025-07-20T06:10:39.278+0000] {logging_mixin.py:120} INFO - [2025-07-20T06:10:39.278+0000] {dagbag.py:537} INFO - Filling up the DagBag from /home/airflow/.local/lib/python3.7/site-packages/airflow/example_dags/example_external_task_marker_dag.py
[2025-07-20T06:10:39.392+0000] {processor.py:766} INFO - DAG(s) dict_keys(['example_external_task_marker_child', 'example_external_task_marker_parent']) retrieved from /home/airflow/.local/lib/python3.7/site-packages/airflow/example_dags/example_external_task_marker_dag.py
[2025-07-20T06:10:41.072+0000] {logging_mixin.py:120} INFO - [2025-07-20T06:10:41.072+0000] {dag.py:2585} INFO - Sync 2 DAGs
[2025-07-20T06:10:41.381+0000] {logging_mixin.py:120} INFO - [2025-07-20T06:10:41.380+0000] {dag.py:3340} INFO - Setting next_dagrun for example_external_task_marker_child to None, run_after=None
[2025-07-20T06:10:41.426+0000] {logging_mixin.py:120} INFO - [2025-07-20T06:10:41.426+0000] {dag.py:3340} INFO - Setting next_dagrun for example_external_task_marker_parent to None, run_after=None
[2025-07-20T06:10:41.613+0000] {processor.py:176} INFO - Processing /home/airflow/.local/lib/python3.7/site-packages/airflow/example_dags/example_external_task_marker_dag.py took 2.382 seconds
[2025-07-20T06:11:11.892+0000] {processor.py:154} INFO - Started process (PID=1246) to work on /home/airflow/.local/lib/python3.7/site-packages/airflow/example_dags/example_external_task_marker_dag.py
[2025-07-20T06:11:11.893+0000] {processor.py:756} INFO - Processing file /home/airflow/.local/lib/python3.7/site-packages/airflow/example_dags/example_external_task_marker_dag.py for tasks to queue
[2025-07-20T06:11:11.894+0000] {logging_mixin.py:120} INFO - [2025-07-20T06:11:11.894+0000] {dagbag.py:537} INFO - Filling up the DagBag from /home/airflow/.local/lib/python3.7/site-packages/airflow/example_dags/example_external_task_marker_dag.py
[2025-07-20T06:11:11.911+0000] {processor.py:766} INFO - DAG(s) dict_keys(['example_external_task_marker_child', 'example_external_task_marker_parent']) retrieved from /home/airflow/.local/lib/python3.7/site-packages/airflow/example_dags/example_external_task_marker_dag.py
[2025-07-20T06:11:12.097+0000] {logging_mixin.py:120} INFO - [2025-07-20T06:11:12.096+0000] {dag.py:2585} INFO - Sync 2 DAGs
[2025-07-20T06:11:12.124+0000] {logging_mixin.py:120} INFO - [2025-07-20T06:11:12.124+0000] {dag.py:3340} INFO - Setting next_dagrun for example_external_task_marker_child to None, run_after=None
[2025-07-20T06:11:12.128+0000] {logging_mixin.py:120} INFO - [2025-07-20T06:11:12.128+0000] {dag.py:3340} INFO - Setting next_dagrun for example_external_task_marker_parent to None, run_after=None
[2025-07-20T06:11:12.155+0000] {processor.py:176} INFO - Processing /home/airflow/.local/lib/python3.7/site-packages/airflow/example_dags/example_external_task_marker_dag.py took 0.267 seconds
[2025-07-20T06:11:42.376+0000] {processor.py:154} INFO - Started process (PID=1307) to work on /home/airflow/.local/lib/python3.7/site-packages/airflow/example_dags/example_external_task_marker_dag.py
[2025-07-20T06:11:42.379+0000] {processor.py:756} INFO - Processing file /home/airflow/.local/lib/python3.7/site-packages/airflow/example_dags/example_external_task_marker_dag.py for tasks to queue
[2025-07-20T06:11:42.381+0000] {logging_mixin.py:120} INFO - [2025-07-20T06:11:42.381+0000] {dagbag.py:537} INFO - Filling up the DagBag from /home/airflow/.local/lib/python3.7/site-packages/airflow/example_dags/example_external_task_marker_dag.py
[2025-07-20T06:11:42.421+0000] {processor.py:766} INFO - DAG(s) dict_keys(['example_external_task_marker_child', 'example_external_task_marker_parent']) retrieved from /home/airflow/.local/lib/python3.7/site-packages/airflow/example_dags/example_external_task_marker_dag.py
[2025-07-20T06:11:42.729+0000] {logging_mixin.py:120} INFO - [2025-07-20T06:11:42.729+0000] {dag.py:2585} INFO - Sync 2 DAGs
[2025-07-20T06:11:42.782+0000] {logging_mixin.py:120} INFO - [2025-07-20T06:11:42.782+0000] {dag.py:3340} INFO - Setting next_dagrun for example_external_task_marker_child to None, run_after=None
[2025-07-20T06:11:42.792+0000] {logging_mixin.py:120} INFO - [2025-07-20T06:11:42.792+0000] {dag.py:3340} INFO - Setting next_dagrun for example_external_task_marker_parent to None, run_after=None
[2025-07-20T06:11:42.835+0000] {processor.py:176} INFO - Processing /home/airflow/.local/lib/python3.7/site-packages/airflow/example_dags/example_external_task_marker_dag.py took 0.465 seconds
[2025-07-20T06:12:13.027+0000] {processor.py:154} INFO - Started process (PID=1363) to work on /home/airflow/.local/lib/python3.7/site-packages/airflow/example_dags/example_external_task_marker_dag.py
[2025-07-20T06:12:13.030+0000] {processor.py:756} INFO - Processing file /home/airflow/.local/lib/python3.7/site-packages/airflow/example_dags/example_external_task_marker_dag.py for tasks to queue
[2025-07-20T06:12:13.032+0000] {logging_mixin.py:120} INFO - [2025-07-20T06:12:13.032+0000] {dagbag.py:537} INFO - Filling up the DagBag from /home/airflow/.local/lib/python3.7/site-packages/airflow/example_dags/example_external_task_marker_dag.py
[2025-07-20T06:12:13.057+0000] {processor.py:766} INFO - DAG(s) dict_keys(['example_external_task_marker_parent', 'example_external_task_marker_child']) retrieved from /home/airflow/.local/lib/python3.7/site-packages/airflow/example_dags/example_external_task_marker_dag.py
[2025-07-20T06:12:13.391+0000] {logging_mixin.py:120} INFO - [2025-07-20T06:12:13.391+0000] {dag.py:2585} INFO - Sync 2 DAGs
[2025-07-20T06:12:13.435+0000] {logging_mixin.py:120} INFO - [2025-07-20T06:12:13.434+0000] {dag.py:3340} INFO - Setting next_dagrun for example_external_task_marker_child to None, run_after=None
[2025-07-20T06:12:13.441+0000] {logging_mixin.py:120} INFO - [2025-07-20T06:12:13.441+0000] {dag.py:3340} INFO - Setting next_dagrun for example_external_task_marker_parent to None, run_after=None
[2025-07-20T06:12:13.479+0000] {processor.py:176} INFO - Processing /home/airflow/.local/lib/python3.7/site-packages/airflow/example_dags/example_external_task_marker_dag.py took 0.457 seconds
[2025-07-20T06:12:44.351+0000] {processor.py:154} INFO - Started process (PID=1424) to work on /home/airflow/.local/lib/python3.7/site-packages/airflow/example_dags/example_external_task_marker_dag.py
[2025-07-20T06:12:44.355+0000] {processor.py:756} INFO - Processing file /home/airflow/.local/lib/python3.7/site-packages/airflow/example_dags/example_external_task_marker_dag.py for tasks to queue
[2025-07-20T06:12:44.358+0000] {logging_mixin.py:120} INFO - [2025-07-20T06:12:44.357+0000] {dagbag.py:537} INFO - Filling up the DagBag from /home/airflow/.local/lib/python3.7/site-packages/airflow/example_dags/example_external_task_marker_dag.py
[2025-07-20T06:12:44.378+0000] {processor.py:766} INFO - DAG(s) dict_keys(['example_external_task_marker_child', 'example_external_task_marker_parent']) retrieved from /home/airflow/.local/lib/python3.7/site-packages/airflow/example_dags/example_external_task_marker_dag.py
[2025-07-20T06:12:44.607+0000] {logging_mixin.py:120} INFO - [2025-07-20T06:12:44.606+0000] {dag.py:2585} INFO - Sync 2 DAGs
[2025-07-20T06:12:44.647+0000] {logging_mixin.py:120} INFO - [2025-07-20T06:12:44.647+0000] {dag.py:3340} INFO - Setting next_dagrun for example_external_task_marker_child to None, run_after=None
[2025-07-20T06:12:44.653+0000] {logging_mixin.py:120} INFO - [2025-07-20T06:12:44.652+0000] {dag.py:3340} INFO - Setting next_dagrun for example_external_task_marker_parent to None, run_after=None
[2025-07-20T06:12:44.690+0000] {processor.py:176} INFO - Processing /home/airflow/.local/lib/python3.7/site-packages/airflow/example_dags/example_external_task_marker_dag.py took 0.349 seconds
[2025-07-20T06:13:15.336+0000] {processor.py:154} INFO - Started process (PID=1477) to work on /home/airflow/.local/lib/python3.7/site-packages/airflow/example_dags/example_external_task_marker_dag.py
[2025-07-20T06:13:15.341+0000] {processor.py:756} INFO - Processing file /home/airflow/.local/lib/python3.7/site-packages/airflow/example_dags/example_external_task_marker_dag.py for tasks to queue
[2025-07-20T06:13:15.349+0000] {logging_mixin.py:120} INFO - [2025-07-20T06:13:15.347+0000] {dagbag.py:537} INFO - Filling up the DagBag from /home/airflow/.local/lib/python3.7/site-packages/airflow/example_dags/example_external_task_marker_dag.py
[2025-07-20T06:13:15.403+0000] {processor.py:766} INFO - DAG(s) dict_keys(['example_external_task_marker_parent', 'example_external_task_marker_child']) retrieved from /home/airflow/.local/lib/python3.7/site-packages/airflow/example_dags/example_external_task_marker_dag.py
[2025-07-20T06:13:15.803+0000] {logging_mixin.py:120} INFO - [2025-07-20T06:13:15.803+0000] {dag.py:2585} INFO - Sync 2 DAGs
[2025-07-20T06:13:15.846+0000] {logging_mixin.py:120} INFO - [2025-07-20T06:13:15.846+0000] {dag.py:3340} INFO - Setting next_dagrun for example_external_task_marker_child to None, run_after=None
[2025-07-20T06:13:15.854+0000] {logging_mixin.py:120} INFO - [2025-07-20T06:13:15.854+0000] {dag.py:3340} INFO - Setting next_dagrun for example_external_task_marker_parent to None, run_after=None
[2025-07-20T06:13:15.887+0000] {processor.py:176} INFO - Processing /home/airflow/.local/lib/python3.7/site-packages/airflow/example_dags/example_external_task_marker_dag.py took 0.561 seconds
[2025-07-20T06:13:46.221+0000] {processor.py:154} INFO - Started process (PID=1540) to work on /home/airflow/.local/lib/python3.7/site-packages/airflow/example_dags/example_external_task_marker_dag.py
[2025-07-20T06:13:46.222+0000] {processor.py:756} INFO - Processing file /home/airflow/.local/lib/python3.7/site-packages/airflow/example_dags/example_external_task_marker_dag.py for tasks to queue
[2025-07-20T06:13:46.223+0000] {logging_mixin.py:120} INFO - [2025-07-20T06:13:46.223+0000] {dagbag.py:537} INFO - Filling up the DagBag from /home/airflow/.local/lib/python3.7/site-packages/airflow/example_dags/example_external_task_marker_dag.py
[2025-07-20T06:13:46.252+0000] {processor.py:766} INFO - DAG(s) dict_keys(['example_external_task_marker_child', 'example_external_task_marker_parent']) retrieved from /home/airflow/.local/lib/python3.7/site-packages/airflow/example_dags/example_external_task_marker_dag.py
[2025-07-20T06:13:46.582+0000] {logging_mixin.py:120} INFO - [2025-07-20T06:13:46.582+0000] {dag.py:2585} INFO - Sync 2 DAGs
[2025-07-20T06:13:46.619+0000] {logging_mixin.py:120} INFO - [2025-07-20T06:13:46.618+0000] {dag.py:3340} INFO - Setting next_dagrun for example_external_task_marker_child to None, run_after=None
[2025-07-20T06:13:46.627+0000] {logging_mixin.py:120} INFO - [2025-07-20T06:13:46.627+0000] {dag.py:3340} INFO - Setting next_dagrun for example_external_task_marker_parent to None, run_after=None
[2025-07-20T06:13:46.668+0000] {processor.py:176} INFO - Processing /home/airflow/.local/lib/python3.7/site-packages/airflow/example_dags/example_external_task_marker_dag.py took 0.453 seconds
[2025-07-20T06:14:16.728+0000] {processor.py:154} INFO - Started process (PID=1602) to work on /home/airflow/.local/lib/python3.7/site-packages/airflow/example_dags/example_external_task_marker_dag.py
[2025-07-20T06:14:16.730+0000] {processor.py:756} INFO - Processing file /home/airflow/.local/lib/python3.7/site-packages/airflow/example_dags/example_external_task_marker_dag.py for tasks to queue
[2025-07-20T06:14:16.732+0000] {logging_mixin.py:120} INFO - [2025-07-20T06:14:16.732+0000] {dagbag.py:537} INFO - Filling up the DagBag from /home/airflow/.local/lib/python3.7/site-packages/airflow/example_dags/example_external_task_marker_dag.py
[2025-07-20T06:14:16.756+0000] {processor.py:766} INFO - DAG(s) dict_keys(['example_external_task_marker_child', 'example_external_task_marker_parent']) retrieved from /home/airflow/.local/lib/python3.7/site-packages/airflow/example_dags/example_external_task_marker_dag.py
[2025-07-20T06:14:17.202+0000] {logging_mixin.py:120} INFO - [2025-07-20T06:14:17.202+0000] {dag.py:2585} INFO - Sync 2 DAGs
[2025-07-20T06:14:17.280+0000] {logging_mixin.py:120} INFO - [2025-07-20T06:14:17.279+0000] {dag.py:3340} INFO - Setting next_dagrun for example_external_task_marker_child to None, run_after=None
[2025-07-20T06:14:17.290+0000] {logging_mixin.py:120} INFO - [2025-07-20T06:14:17.290+0000] {dag.py:3340} INFO - Setting next_dagrun for example_external_task_marker_parent to None, run_after=None
[2025-07-20T06:14:17.375+0000] {processor.py:176} INFO - Processing /home/airflow/.local/lib/python3.7/site-packages/airflow/example_dags/example_external_task_marker_dag.py took 0.652 seconds
[2025-07-20T06:14:48.338+0000] {processor.py:154} INFO - Started process (PID=1659) to work on /home/airflow/.local/lib/python3.7/site-packages/airflow/example_dags/example_external_task_marker_dag.py
[2025-07-20T06:14:48.341+0000] {processor.py:756} INFO - Processing file /home/airflow/.local/lib/python3.7/site-packages/airflow/example_dags/example_external_task_marker_dag.py for tasks to queue
[2025-07-20T06:14:48.343+0000] {logging_mixin.py:120} INFO - [2025-07-20T06:14:48.343+0000] {dagbag.py:537} INFO - Filling up the DagBag from /home/airflow/.local/lib/python3.7/site-packages/airflow/example_dags/example_external_task_marker_dag.py
[2025-07-20T06:14:48.375+0000] {processor.py:766} INFO - DAG(s) dict_keys(['example_external_task_marker_parent', 'example_external_task_marker_child']) retrieved from /home/airflow/.local/lib/python3.7/site-packages/airflow/example_dags/example_external_task_marker_dag.py
[2025-07-20T06:14:48.851+0000] {logging_mixin.py:120} INFO - [2025-07-20T06:14:48.851+0000] {dag.py:2585} INFO - Sync 2 DAGs
[2025-07-20T06:14:48.895+0000] {logging_mixin.py:120} INFO - [2025-07-20T06:14:48.895+0000] {dag.py:3340} INFO - Setting next_dagrun for example_external_task_marker_child to None, run_after=None
[2025-07-20T06:14:48.903+0000] {logging_mixin.py:120} INFO - [2025-07-20T06:14:48.902+0000] {dag.py:3340} INFO - Setting next_dagrun for example_external_task_marker_parent to None, run_after=None
[2025-07-20T06:14:48.945+0000] {processor.py:176} INFO - Processing /home/airflow/.local/lib/python3.7/site-packages/airflow/example_dags/example_external_task_marker_dag.py took 0.612 seconds
[2025-07-20T06:15:21.104+0000] {processor.py:154} INFO - Started process (PID=1713) to work on /home/airflow/.local/lib/python3.7/site-packages/airflow/example_dags/example_external_task_marker_dag.py
[2025-07-20T06:15:21.112+0000] {processor.py:756} INFO - Processing file /home/airflow/.local/lib/python3.7/site-packages/airflow/example_dags/example_external_task_marker_dag.py for tasks to queue
[2025-07-20T06:15:21.114+0000] {logging_mixin.py:120} INFO - [2025-07-20T06:15:21.114+0000] {dagbag.py:537} INFO - Filling up the DagBag from /home/airflow/.local/lib/python3.7/site-packages/airflow/example_dags/example_external_task_marker_dag.py
[2025-07-20T06:15:21.167+0000] {processor.py:766} INFO - DAG(s) dict_keys(['example_external_task_marker_parent', 'example_external_task_marker_child']) retrieved from /home/airflow/.local/lib/python3.7/site-packages/airflow/example_dags/example_external_task_marker_dag.py
[2025-07-20T06:15:21.791+0000] {logging_mixin.py:120} INFO - [2025-07-20T06:15:21.790+0000] {dag.py:2585} INFO - Sync 2 DAGs
[2025-07-20T06:15:21.884+0000] {logging_mixin.py:120} INFO - [2025-07-20T06:15:21.884+0000] {dag.py:3340} INFO - Setting next_dagrun for example_external_task_marker_child to None, run_after=None
[2025-07-20T06:15:21.904+0000] {logging_mixin.py:120} INFO - [2025-07-20T06:15:21.904+0000] {dag.py:3340} INFO - Setting next_dagrun for example_external_task_marker_parent to None, run_after=None
[2025-07-20T06:15:21.978+0000] {processor.py:176} INFO - Processing /home/airflow/.local/lib/python3.7/site-packages/airflow/example_dags/example_external_task_marker_dag.py took 0.882 seconds
