[2025-07-20T05:58:25.054+0000] {processor.py:154} INFO - Started process (PID=59) to work on /home/airflow/.local/lib/python3.7/site-packages/airflow/example_dags/example_short_circuit_decorator.py
[2025-07-20T05:58:25.098+0000] {processor.py:756} INFO - Processing file /home/airflow/.local/lib/python3.7/site-packages/airflow/example_dags/example_short_circuit_decorator.py for tasks to queue
[2025-07-20T05:58:25.115+0000] {logging_mixin.py:120} INFO - [2025-07-20T05:58:25.115+0000] {dagbag.py:537} INFO - Filling up the DagBag from /home/airflow/.local/lib/python3.7/site-packages/airflow/example_dags/example_short_circuit_decorator.py
[2025-07-20T05:58:25.364+0000] {processor.py:766} INFO - DAG(s) dict_keys(['example_short_circuit_decorator']) retrieved from /home/airflow/.local/lib/python3.7/site-packages/airflow/example_dags/example_short_circuit_decorator.py
[2025-07-20T05:58:25.696+0000] {logging_mixin.py:120} INFO - [2025-07-20T05:58:25.695+0000] {dag.py:2585} INFO - Sync 1 DAGs
[2025-07-20T05:58:25.814+0000] {logging_mixin.py:120} INFO - [2025-07-20T05:58:25.814+0000] {dag.py:3340} INFO - Setting next_dagrun for example_short_circuit_decorator to 2025-07-19T05:58:25.813571+00:00, run_after=2025-07-20T05:58:25.813571+00:00
[2025-07-20T05:58:26.275+0000] {processor.py:176} INFO - Processing /home/airflow/.local/lib/python3.7/site-packages/airflow/example_dags/example_short_circuit_decorator.py took 1.281 seconds
[2025-07-20T06:00:47.545+0000] {processor.py:154} INFO - Started process (PID=158) to work on /home/airflow/.local/lib/python3.7/site-packages/airflow/example_dags/example_short_circuit_decorator.py
[2025-07-20T06:00:47.649+0000] {processor.py:756} INFO - Processing file /home/airflow/.local/lib/python3.7/site-packages/airflow/example_dags/example_short_circuit_decorator.py for tasks to queue
[2025-07-20T06:00:47.653+0000] {logging_mixin.py:120} INFO - [2025-07-20T06:00:47.653+0000] {dagbag.py:537} INFO - Filling up the DagBag from /home/airflow/.local/lib/python3.7/site-packages/airflow/example_dags/example_short_circuit_decorator.py
[2025-07-20T06:00:49.157+0000] {processor.py:766} INFO - DAG(s) dict_keys(['example_short_circuit_decorator']) retrieved from /home/airflow/.local/lib/python3.7/site-packages/airflow/example_dags/example_short_circuit_decorator.py
[2025-07-20T06:00:51.020+0000] {logging_mixin.py:120} INFO - [2025-07-20T06:00:51.020+0000] {dag.py:2585} INFO - Sync 1 DAGs
[2025-07-20T06:00:52.014+0000] {logging_mixin.py:120} INFO - [2025-07-20T06:00:52.014+0000] {dag.py:3340} INFO - Setting next_dagrun for example_short_circuit_decorator to 2025-07-19T06:00:52.013216+00:00, run_after=2025-07-20T06:00:52.013216+00:00
[2025-07-20T06:00:52.738+0000] {processor.py:176} INFO - Processing /home/airflow/.local/lib/python3.7/site-packages/airflow/example_dags/example_short_circuit_decorator.py took 5.263 seconds
[2025-07-20T06:01:41.263+0000] {processor.py:154} INFO - Started process (PID=221) to work on /home/airflow/.local/lib/python3.7/site-packages/airflow/example_dags/example_short_circuit_decorator.py
[2025-07-20T06:01:41.276+0000] {processor.py:756} INFO - Processing file /home/airflow/.local/lib/python3.7/site-packages/airflow/example_dags/example_short_circuit_decorator.py for tasks to queue
[2025-07-20T06:01:41.287+0000] {logging_mixin.py:120} INFO - [2025-07-20T06:01:41.286+0000] {dagbag.py:537} INFO - Filling up the DagBag from /home/airflow/.local/lib/python3.7/site-packages/airflow/example_dags/example_short_circuit_decorator.py
[2025-07-20T06:01:42.978+0000] {processor.py:766} INFO - DAG(s) dict_keys(['example_short_circuit_decorator']) retrieved from /home/airflow/.local/lib/python3.7/site-packages/airflow/example_dags/example_short_circuit_decorator.py
[2025-07-20T06:01:44.090+0000] {logging_mixin.py:120} INFO - [2025-07-20T06:01:44.090+0000] {dag.py:2585} INFO - Sync 1 DAGs
[2025-07-20T06:01:44.789+0000] {logging_mixin.py:120} INFO - [2025-07-20T06:01:44.788+0000] {dag.py:3340} INFO - Setting next_dagrun for example_short_circuit_decorator to 2025-07-19T06:01:44.782707+00:00, run_after=2025-07-20T06:01:44.782707+00:00
[2025-07-20T06:01:45.346+0000] {processor.py:176} INFO - Processing /home/airflow/.local/lib/python3.7/site-packages/airflow/example_dags/example_short_circuit_decorator.py took 4.112 seconds
[2025-07-20T06:02:15.973+0000] {processor.py:154} INFO - Started process (PID=274) to work on /home/airflow/.local/lib/python3.7/site-packages/airflow/example_dags/example_short_circuit_decorator.py
[2025-07-20T06:02:15.979+0000] {processor.py:756} INFO - Processing file /home/airflow/.local/lib/python3.7/site-packages/airflow/example_dags/example_short_circuit_decorator.py for tasks to queue
[2025-07-20T06:02:15.984+0000] {logging_mixin.py:120} INFO - [2025-07-20T06:02:15.983+0000] {dagbag.py:537} INFO - Filling up the DagBag from /home/airflow/.local/lib/python3.7/site-packages/airflow/example_dags/example_short_circuit_decorator.py
[2025-07-20T06:02:16.059+0000] {processor.py:766} INFO - DAG(s) dict_keys(['example_short_circuit_decorator']) retrieved from /home/airflow/.local/lib/python3.7/site-packages/airflow/example_dags/example_short_circuit_decorator.py
[2025-07-20T06:02:16.152+0000] {logging_mixin.py:120} INFO - [2025-07-20T06:02:16.152+0000] {dag.py:2585} INFO - Sync 1 DAGs
[2025-07-20T06:02:16.214+0000] {logging_mixin.py:120} INFO - [2025-07-20T06:02:16.214+0000] {dag.py:3340} INFO - Setting next_dagrun for example_short_circuit_decorator to 2025-07-19T06:02:16.213977+00:00, run_after=2025-07-20T06:02:16.213977+00:00
[2025-07-20T06:02:16.254+0000] {processor.py:176} INFO - Processing /home/airflow/.local/lib/python3.7/site-packages/airflow/example_dags/example_short_circuit_decorator.py took 0.287 seconds
[2025-07-20T06:02:46.641+0000] {processor.py:154} INFO - Started process (PID=328) to work on /home/airflow/.local/lib/python3.7/site-packages/airflow/example_dags/example_short_circuit_decorator.py
[2025-07-20T06:02:46.644+0000] {processor.py:756} INFO - Processing file /home/airflow/.local/lib/python3.7/site-packages/airflow/example_dags/example_short_circuit_decorator.py for tasks to queue
[2025-07-20T06:02:46.645+0000] {logging_mixin.py:120} INFO - [2025-07-20T06:02:46.645+0000] {dagbag.py:537} INFO - Filling up the DagBag from /home/airflow/.local/lib/python3.7/site-packages/airflow/example_dags/example_short_circuit_decorator.py
[2025-07-20T06:02:46.697+0000] {processor.py:766} INFO - DAG(s) dict_keys(['example_short_circuit_decorator']) retrieved from /home/airflow/.local/lib/python3.7/site-packages/airflow/example_dags/example_short_circuit_decorator.py
[2025-07-20T06:02:46.853+0000] {logging_mixin.py:120} INFO - [2025-07-20T06:02:46.852+0000] {dag.py:2585} INFO - Sync 1 DAGs
[2025-07-20T06:02:47.001+0000] {logging_mixin.py:120} INFO - [2025-07-20T06:02:47.000+0000] {dag.py:3340} INFO - Setting next_dagrun for example_short_circuit_decorator to 2025-07-19T06:02:47.000286+00:00, run_after=2025-07-20T06:02:47.000286+00:00
[2025-07-20T06:02:47.060+0000] {processor.py:176} INFO - Processing /home/airflow/.local/lib/python3.7/site-packages/airflow/example_dags/example_short_circuit_decorator.py took 0.423 seconds
[2025-07-20T06:03:17.464+0000] {processor.py:154} INFO - Started process (PID=382) to work on /home/airflow/.local/lib/python3.7/site-packages/airflow/example_dags/example_short_circuit_decorator.py
[2025-07-20T06:03:17.466+0000] {processor.py:756} INFO - Processing file /home/airflow/.local/lib/python3.7/site-packages/airflow/example_dags/example_short_circuit_decorator.py for tasks to queue
[2025-07-20T06:03:17.470+0000] {logging_mixin.py:120} INFO - [2025-07-20T06:03:17.469+0000] {dagbag.py:537} INFO - Filling up the DagBag from /home/airflow/.local/lib/python3.7/site-packages/airflow/example_dags/example_short_circuit_decorator.py
[2025-07-20T06:03:17.543+0000] {processor.py:766} INFO - DAG(s) dict_keys(['example_short_circuit_decorator']) retrieved from /home/airflow/.local/lib/python3.7/site-packages/airflow/example_dags/example_short_circuit_decorator.py
[2025-07-20T06:03:17.640+0000] {logging_mixin.py:120} INFO - [2025-07-20T06:03:17.640+0000] {dag.py:2585} INFO - Sync 1 DAGs
[2025-07-20T06:03:17.700+0000] {logging_mixin.py:120} INFO - [2025-07-20T06:03:17.700+0000] {dag.py:3340} INFO - Setting next_dagrun for example_short_circuit_decorator to 2025-07-19T06:03:17.699325+00:00, run_after=2025-07-20T06:03:17.699325+00:00
[2025-07-20T06:03:17.763+0000] {processor.py:176} INFO - Processing /home/airflow/.local/lib/python3.7/site-packages/airflow/example_dags/example_short_circuit_decorator.py took 0.307 seconds
[2025-07-20T06:03:50.273+0000] {processor.py:154} INFO - Started process (PID=432) to work on /home/airflow/.local/lib/python3.7/site-packages/airflow/example_dags/example_short_circuit_decorator.py
[2025-07-20T06:03:50.279+0000] {processor.py:756} INFO - Processing file /home/airflow/.local/lib/python3.7/site-packages/airflow/example_dags/example_short_circuit_decorator.py for tasks to queue
[2025-07-20T06:03:50.285+0000] {logging_mixin.py:120} INFO - [2025-07-20T06:03:50.284+0000] {dagbag.py:537} INFO - Filling up the DagBag from /home/airflow/.local/lib/python3.7/site-packages/airflow/example_dags/example_short_circuit_decorator.py
[2025-07-20T06:03:50.342+0000] {processor.py:766} INFO - DAG(s) dict_keys(['example_short_circuit_decorator']) retrieved from /home/airflow/.local/lib/python3.7/site-packages/airflow/example_dags/example_short_circuit_decorator.py
[2025-07-20T06:03:50.456+0000] {logging_mixin.py:120} INFO - [2025-07-20T06:03:50.455+0000] {dag.py:2585} INFO - Sync 1 DAGs
[2025-07-20T06:03:50.547+0000] {logging_mixin.py:120} INFO - [2025-07-20T06:03:50.546+0000] {dag.py:3340} INFO - Setting next_dagrun for example_short_circuit_decorator to 2025-07-19T06:03:50.546152+00:00, run_after=2025-07-20T06:03:50.546152+00:00
[2025-07-20T06:03:50.605+0000] {processor.py:176} INFO - Processing /home/airflow/.local/lib/python3.7/site-packages/airflow/example_dags/example_short_circuit_decorator.py took 0.339 seconds
[2025-07-20T06:04:20.819+0000] {processor.py:154} INFO - Started process (PID=494) to work on /home/airflow/.local/lib/python3.7/site-packages/airflow/example_dags/example_short_circuit_decorator.py
[2025-07-20T06:04:20.824+0000] {processor.py:756} INFO - Processing file /home/airflow/.local/lib/python3.7/site-packages/airflow/example_dags/example_short_circuit_decorator.py for tasks to queue
[2025-07-20T06:04:20.831+0000] {logging_mixin.py:120} INFO - [2025-07-20T06:04:20.830+0000] {dagbag.py:537} INFO - Filling up the DagBag from /home/airflow/.local/lib/python3.7/site-packages/airflow/example_dags/example_short_circuit_decorator.py
[2025-07-20T06:04:20.905+0000] {processor.py:766} INFO - DAG(s) dict_keys(['example_short_circuit_decorator']) retrieved from /home/airflow/.local/lib/python3.7/site-packages/airflow/example_dags/example_short_circuit_decorator.py
[2025-07-20T06:04:20.988+0000] {logging_mixin.py:120} INFO - [2025-07-20T06:04:20.988+0000] {dag.py:2585} INFO - Sync 1 DAGs
[2025-07-20T06:04:21.037+0000] {logging_mixin.py:120} INFO - [2025-07-20T06:04:21.037+0000] {dag.py:3340} INFO - Setting next_dagrun for example_short_circuit_decorator to 2025-07-19T06:04:21.037252+00:00, run_after=2025-07-20T06:04:21.037252+00:00
[2025-07-20T06:04:21.074+0000] {processor.py:176} INFO - Processing /home/airflow/.local/lib/python3.7/site-packages/airflow/example_dags/example_short_circuit_decorator.py took 0.263 seconds
[2025-07-20T06:04:51.837+0000] {processor.py:154} INFO - Started process (PID=548) to work on /home/airflow/.local/lib/python3.7/site-packages/airflow/example_dags/example_short_circuit_decorator.py
[2025-07-20T06:04:51.839+0000] {processor.py:756} INFO - Processing file /home/airflow/.local/lib/python3.7/site-packages/airflow/example_dags/example_short_circuit_decorator.py for tasks to queue
[2025-07-20T06:04:51.840+0000] {logging_mixin.py:120} INFO - [2025-07-20T06:04:51.840+0000] {dagbag.py:537} INFO - Filling up the DagBag from /home/airflow/.local/lib/python3.7/site-packages/airflow/example_dags/example_short_circuit_decorator.py
[2025-07-20T06:04:51.887+0000] {processor.py:766} INFO - DAG(s) dict_keys(['example_short_circuit_decorator']) retrieved from /home/airflow/.local/lib/python3.7/site-packages/airflow/example_dags/example_short_circuit_decorator.py
[2025-07-20T06:04:51.964+0000] {logging_mixin.py:120} INFO - [2025-07-20T06:04:51.964+0000] {dag.py:2585} INFO - Sync 1 DAGs
[2025-07-20T06:04:52.007+0000] {logging_mixin.py:120} INFO - [2025-07-20T06:04:52.007+0000] {dag.py:3340} INFO - Setting next_dagrun for example_short_circuit_decorator to 2025-07-19T06:04:52.006918+00:00, run_after=2025-07-20T06:04:52.006918+00:00
[2025-07-20T06:04:52.044+0000] {processor.py:176} INFO - Processing /home/airflow/.local/lib/python3.7/site-packages/airflow/example_dags/example_short_circuit_decorator.py took 0.216 seconds
[2025-07-20T06:05:22.258+0000] {processor.py:154} INFO - Started process (PID=611) to work on /home/airflow/.local/lib/python3.7/site-packages/airflow/example_dags/example_short_circuit_decorator.py
[2025-07-20T06:05:22.261+0000] {processor.py:756} INFO - Processing file /home/airflow/.local/lib/python3.7/site-packages/airflow/example_dags/example_short_circuit_decorator.py for tasks to queue
[2025-07-20T06:05:22.264+0000] {logging_mixin.py:120} INFO - [2025-07-20T06:05:22.264+0000] {dagbag.py:537} INFO - Filling up the DagBag from /home/airflow/.local/lib/python3.7/site-packages/airflow/example_dags/example_short_circuit_decorator.py
[2025-07-20T06:05:22.316+0000] {processor.py:766} INFO - DAG(s) dict_keys(['example_short_circuit_decorator']) retrieved from /home/airflow/.local/lib/python3.7/site-packages/airflow/example_dags/example_short_circuit_decorator.py
[2025-07-20T06:05:22.420+0000] {logging_mixin.py:120} INFO - [2025-07-20T06:05:22.420+0000] {dag.py:2585} INFO - Sync 1 DAGs
[2025-07-20T06:05:22.467+0000] {logging_mixin.py:120} INFO - [2025-07-20T06:05:22.467+0000] {dag.py:3340} INFO - Setting next_dagrun for example_short_circuit_decorator to 2025-07-19T06:05:22.466831+00:00, run_after=2025-07-20T06:05:22.466831+00:00
[2025-07-20T06:05:22.503+0000] {processor.py:176} INFO - Processing /home/airflow/.local/lib/python3.7/site-packages/airflow/example_dags/example_short_circuit_decorator.py took 0.254 seconds
[2025-07-20T06:05:52.747+0000] {processor.py:154} INFO - Started process (PID=665) to work on /home/airflow/.local/lib/python3.7/site-packages/airflow/example_dags/example_short_circuit_decorator.py
[2025-07-20T06:05:52.748+0000] {processor.py:756} INFO - Processing file /home/airflow/.local/lib/python3.7/site-packages/airflow/example_dags/example_short_circuit_decorator.py for tasks to queue
[2025-07-20T06:05:52.750+0000] {logging_mixin.py:120} INFO - [2025-07-20T06:05:52.750+0000] {dagbag.py:537} INFO - Filling up the DagBag from /home/airflow/.local/lib/python3.7/site-packages/airflow/example_dags/example_short_circuit_decorator.py
[2025-07-20T06:05:52.807+0000] {processor.py:766} INFO - DAG(s) dict_keys(['example_short_circuit_decorator']) retrieved from /home/airflow/.local/lib/python3.7/site-packages/airflow/example_dags/example_short_circuit_decorator.py
[2025-07-20T06:05:52.919+0000] {logging_mixin.py:120} INFO - [2025-07-20T06:05:52.918+0000] {dag.py:2585} INFO - Sync 1 DAGs
[2025-07-20T06:05:52.973+0000] {logging_mixin.py:120} INFO - [2025-07-20T06:05:52.972+0000] {dag.py:3340} INFO - Setting next_dagrun for example_short_circuit_decorator to 2025-07-19T06:05:52.972582+00:00, run_after=2025-07-20T06:05:52.972582+00:00
[2025-07-20T06:05:53.013+0000] {processor.py:176} INFO - Processing /home/airflow/.local/lib/python3.7/site-packages/airflow/example_dags/example_short_circuit_decorator.py took 0.272 seconds
[2025-07-20T06:06:23.587+0000] {processor.py:154} INFO - Started process (PID=728) to work on /home/airflow/.local/lib/python3.7/site-packages/airflow/example_dags/example_short_circuit_decorator.py
[2025-07-20T06:06:23.588+0000] {processor.py:756} INFO - Processing file /home/airflow/.local/lib/python3.7/site-packages/airflow/example_dags/example_short_circuit_decorator.py for tasks to queue
[2025-07-20T06:06:23.590+0000] {logging_mixin.py:120} INFO - [2025-07-20T06:06:23.590+0000] {dagbag.py:537} INFO - Filling up the DagBag from /home/airflow/.local/lib/python3.7/site-packages/airflow/example_dags/example_short_circuit_decorator.py
[2025-07-20T06:06:23.641+0000] {processor.py:766} INFO - DAG(s) dict_keys(['example_short_circuit_decorator']) retrieved from /home/airflow/.local/lib/python3.7/site-packages/airflow/example_dags/example_short_circuit_decorator.py
[2025-07-20T06:06:23.724+0000] {logging_mixin.py:120} INFO - [2025-07-20T06:06:23.724+0000] {dag.py:2585} INFO - Sync 1 DAGs
[2025-07-20T06:06:23.772+0000] {logging_mixin.py:120} INFO - [2025-07-20T06:06:23.772+0000] {dag.py:3340} INFO - Setting next_dagrun for example_short_circuit_decorator to 2025-07-19T06:06:23.772091+00:00, run_after=2025-07-20T06:06:23.772091+00:00
[2025-07-20T06:06:23.816+0000] {processor.py:176} INFO - Processing /home/airflow/.local/lib/python3.7/site-packages/airflow/example_dags/example_short_circuit_decorator.py took 0.237 seconds
[2025-07-20T06:06:53.953+0000] {processor.py:154} INFO - Started process (PID=782) to work on /home/airflow/.local/lib/python3.7/site-packages/airflow/example_dags/example_short_circuit_decorator.py
[2025-07-20T06:06:53.954+0000] {processor.py:756} INFO - Processing file /home/airflow/.local/lib/python3.7/site-packages/airflow/example_dags/example_short_circuit_decorator.py for tasks to queue
[2025-07-20T06:06:53.956+0000] {logging_mixin.py:120} INFO - [2025-07-20T06:06:53.955+0000] {dagbag.py:537} INFO - Filling up the DagBag from /home/airflow/.local/lib/python3.7/site-packages/airflow/example_dags/example_short_circuit_decorator.py
[2025-07-20T06:06:54.002+0000] {processor.py:766} INFO - DAG(s) dict_keys(['example_short_circuit_decorator']) retrieved from /home/airflow/.local/lib/python3.7/site-packages/airflow/example_dags/example_short_circuit_decorator.py
[2025-07-20T06:06:54.084+0000] {logging_mixin.py:120} INFO - [2025-07-20T06:06:54.084+0000] {dag.py:2585} INFO - Sync 1 DAGs
[2025-07-20T06:06:54.137+0000] {logging_mixin.py:120} INFO - [2025-07-20T06:06:54.136+0000] {dag.py:3340} INFO - Setting next_dagrun for example_short_circuit_decorator to 2025-07-19T06:06:54.136574+00:00, run_after=2025-07-20T06:06:54.136574+00:00
[2025-07-20T06:06:54.188+0000] {processor.py:176} INFO - Processing /home/airflow/.local/lib/python3.7/site-packages/airflow/example_dags/example_short_circuit_decorator.py took 0.240 seconds
[2025-07-20T06:07:24.296+0000] {processor.py:154} INFO - Started process (PID=844) to work on /home/airflow/.local/lib/python3.7/site-packages/airflow/example_dags/example_short_circuit_decorator.py
[2025-07-20T06:07:24.301+0000] {processor.py:756} INFO - Processing file /home/airflow/.local/lib/python3.7/site-packages/airflow/example_dags/example_short_circuit_decorator.py for tasks to queue
[2025-07-20T06:07:24.303+0000] {logging_mixin.py:120} INFO - [2025-07-20T06:07:24.303+0000] {dagbag.py:537} INFO - Filling up the DagBag from /home/airflow/.local/lib/python3.7/site-packages/airflow/example_dags/example_short_circuit_decorator.py
[2025-07-20T06:07:24.346+0000] {processor.py:766} INFO - DAG(s) dict_keys(['example_short_circuit_decorator']) retrieved from /home/airflow/.local/lib/python3.7/site-packages/airflow/example_dags/example_short_circuit_decorator.py
[2025-07-20T06:07:24.430+0000] {logging_mixin.py:120} INFO - [2025-07-20T06:07:24.430+0000] {dag.py:2585} INFO - Sync 1 DAGs
[2025-07-20T06:07:24.492+0000] {logging_mixin.py:120} INFO - [2025-07-20T06:07:24.491+0000] {dag.py:3340} INFO - Setting next_dagrun for example_short_circuit_decorator to 2025-07-19T06:07:24.491359+00:00, run_after=2025-07-20T06:07:24.491359+00:00
[2025-07-20T06:07:24.547+0000] {processor.py:176} INFO - Processing /home/airflow/.local/lib/python3.7/site-packages/airflow/example_dags/example_short_circuit_decorator.py took 0.257 seconds
[2025-07-20T06:07:55.408+0000] {processor.py:154} INFO - Started process (PID=906) to work on /home/airflow/.local/lib/python3.7/site-packages/airflow/example_dags/example_short_circuit_decorator.py
[2025-07-20T06:07:55.410+0000] {processor.py:756} INFO - Processing file /home/airflow/.local/lib/python3.7/site-packages/airflow/example_dags/example_short_circuit_decorator.py for tasks to queue
[2025-07-20T06:07:55.412+0000] {logging_mixin.py:120} INFO - [2025-07-20T06:07:55.412+0000] {dagbag.py:537} INFO - Filling up the DagBag from /home/airflow/.local/lib/python3.7/site-packages/airflow/example_dags/example_short_circuit_decorator.py
[2025-07-20T06:07:55.476+0000] {processor.py:766} INFO - DAG(s) dict_keys(['example_short_circuit_decorator']) retrieved from /home/airflow/.local/lib/python3.7/site-packages/airflow/example_dags/example_short_circuit_decorator.py
[2025-07-20T06:07:55.564+0000] {logging_mixin.py:120} INFO - [2025-07-20T06:07:55.564+0000] {dag.py:2585} INFO - Sync 1 DAGs
[2025-07-20T06:07:55.635+0000] {logging_mixin.py:120} INFO - [2025-07-20T06:07:55.634+0000] {dag.py:3340} INFO - Setting next_dagrun for example_short_circuit_decorator to 2025-07-19T06:07:55.634483+00:00, run_after=2025-07-20T06:07:55.634483+00:00
[2025-07-20T06:07:55.676+0000] {processor.py:176} INFO - Processing /home/airflow/.local/lib/python3.7/site-packages/airflow/example_dags/example_short_circuit_decorator.py took 0.275 seconds
[2025-07-20T06:08:27.153+0000] {processor.py:154} INFO - Started process (PID=958) to work on /home/airflow/.local/lib/python3.7/site-packages/airflow/example_dags/example_short_circuit_decorator.py
[2025-07-20T06:08:27.168+0000] {processor.py:756} INFO - Processing file /home/airflow/.local/lib/python3.7/site-packages/airflow/example_dags/example_short_circuit_decorator.py for tasks to queue
[2025-07-20T06:08:27.212+0000] {logging_mixin.py:120} INFO - [2025-07-20T06:08:27.207+0000] {dagbag.py:537} INFO - Filling up the DagBag from /home/airflow/.local/lib/python3.7/site-packages/airflow/example_dags/example_short_circuit_decorator.py
[2025-07-20T06:08:27.355+0000] {processor.py:766} INFO - DAG(s) dict_keys(['example_short_circuit_decorator']) retrieved from /home/airflow/.local/lib/python3.7/site-packages/airflow/example_dags/example_short_circuit_decorator.py
[2025-07-20T06:08:27.744+0000] {logging_mixin.py:120} INFO - [2025-07-20T06:08:27.744+0000] {dag.py:2585} INFO - Sync 1 DAGs
[2025-07-20T06:08:27.959+0000] {logging_mixin.py:120} INFO - [2025-07-20T06:08:27.959+0000] {dag.py:3340} INFO - Setting next_dagrun for example_short_circuit_decorator to 2025-07-19T06:08:27.958994+00:00, run_after=2025-07-20T06:08:27.958994+00:00
[2025-07-20T06:08:28.166+0000] {processor.py:176} INFO - Processing /home/airflow/.local/lib/python3.7/site-packages/airflow/example_dags/example_short_circuit_decorator.py took 1.029 seconds
[2025-07-20T06:08:58.630+0000] {processor.py:154} INFO - Started process (PID=1012) to work on /home/airflow/.local/lib/python3.7/site-packages/airflow/example_dags/example_short_circuit_decorator.py
[2025-07-20T06:08:58.634+0000] {processor.py:756} INFO - Processing file /home/airflow/.local/lib/python3.7/site-packages/airflow/example_dags/example_short_circuit_decorator.py for tasks to queue
[2025-07-20T06:08:58.637+0000] {logging_mixin.py:120} INFO - [2025-07-20T06:08:58.636+0000] {dagbag.py:537} INFO - Filling up the DagBag from /home/airflow/.local/lib/python3.7/site-packages/airflow/example_dags/example_short_circuit_decorator.py
[2025-07-20T06:08:58.752+0000] {processor.py:766} INFO - DAG(s) dict_keys(['example_short_circuit_decorator']) retrieved from /home/airflow/.local/lib/python3.7/site-packages/airflow/example_dags/example_short_circuit_decorator.py
[2025-07-20T06:08:58.847+0000] {logging_mixin.py:120} INFO - [2025-07-20T06:08:58.846+0000] {dag.py:2585} INFO - Sync 1 DAGs
[2025-07-20T06:08:58.904+0000] {logging_mixin.py:120} INFO - [2025-07-20T06:08:58.904+0000] {dag.py:3340} INFO - Setting next_dagrun for example_short_circuit_decorator to 2025-07-19T06:08:58.903925+00:00, run_after=2025-07-20T06:08:58.903925+00:00
[2025-07-20T06:08:58.958+0000] {processor.py:176} INFO - Processing /home/airflow/.local/lib/python3.7/site-packages/airflow/example_dags/example_short_circuit_decorator.py took 0.349 seconds
[2025-07-20T06:09:29.156+0000] {processor.py:154} INFO - Started process (PID=1063) to work on /home/airflow/.local/lib/python3.7/site-packages/airflow/example_dags/example_short_circuit_decorator.py
[2025-07-20T06:09:29.169+0000] {processor.py:756} INFO - Processing file /home/airflow/.local/lib/python3.7/site-packages/airflow/example_dags/example_short_circuit_decorator.py for tasks to queue
[2025-07-20T06:09:29.171+0000] {logging_mixin.py:120} INFO - [2025-07-20T06:09:29.171+0000] {dagbag.py:537} INFO - Filling up the DagBag from /home/airflow/.local/lib/python3.7/site-packages/airflow/example_dags/example_short_circuit_decorator.py
[2025-07-20T06:09:29.294+0000] {processor.py:766} INFO - DAG(s) dict_keys(['example_short_circuit_decorator']) retrieved from /home/airflow/.local/lib/python3.7/site-packages/airflow/example_dags/example_short_circuit_decorator.py
[2025-07-20T06:09:29.538+0000] {logging_mixin.py:120} INFO - [2025-07-20T06:09:29.537+0000] {dag.py:2585} INFO - Sync 1 DAGs
[2025-07-20T06:09:29.609+0000] {logging_mixin.py:120} INFO - [2025-07-20T06:09:29.609+0000] {dag.py:3340} INFO - Setting next_dagrun for example_short_circuit_decorator to 2025-07-19T06:09:29.608612+00:00, run_after=2025-07-20T06:09:29.608612+00:00
[2025-07-20T06:09:29.693+0000] {processor.py:176} INFO - Processing /home/airflow/.local/lib/python3.7/site-packages/airflow/example_dags/example_short_circuit_decorator.py took 0.548 seconds
[2025-07-20T06:09:59.959+0000] {processor.py:154} INFO - Started process (PID=1115) to work on /home/airflow/.local/lib/python3.7/site-packages/airflow/example_dags/example_short_circuit_decorator.py
[2025-07-20T06:09:59.969+0000] {processor.py:756} INFO - Processing file /home/airflow/.local/lib/python3.7/site-packages/airflow/example_dags/example_short_circuit_decorator.py for tasks to queue
[2025-07-20T06:09:59.972+0000] {logging_mixin.py:120} INFO - [2025-07-20T06:09:59.971+0000] {dagbag.py:537} INFO - Filling up the DagBag from /home/airflow/.local/lib/python3.7/site-packages/airflow/example_dags/example_short_circuit_decorator.py
[2025-07-20T06:10:00.045+0000] {processor.py:766} INFO - DAG(s) dict_keys(['example_short_circuit_decorator']) retrieved from /home/airflow/.local/lib/python3.7/site-packages/airflow/example_dags/example_short_circuit_decorator.py
[2025-07-20T06:10:00.137+0000] {logging_mixin.py:120} INFO - [2025-07-20T06:10:00.137+0000] {dag.py:2585} INFO - Sync 1 DAGs
[2025-07-20T06:10:00.189+0000] {logging_mixin.py:120} INFO - [2025-07-20T06:10:00.189+0000] {dag.py:3340} INFO - Setting next_dagrun for example_short_circuit_decorator to 2025-07-19T06:10:00.188685+00:00, run_after=2025-07-20T06:10:00.188685+00:00
[2025-07-20T06:10:00.232+0000] {processor.py:176} INFO - Processing /home/airflow/.local/lib/python3.7/site-packages/airflow/example_dags/example_short_circuit_decorator.py took 0.282 seconds
[2025-07-20T06:10:30.543+0000] {processor.py:154} INFO - Started process (PID=1169) to work on /home/airflow/.local/lib/python3.7/site-packages/airflow/example_dags/example_short_circuit_decorator.py
[2025-07-20T06:10:30.545+0000] {processor.py:756} INFO - Processing file /home/airflow/.local/lib/python3.7/site-packages/airflow/example_dags/example_short_circuit_decorator.py for tasks to queue
[2025-07-20T06:10:30.547+0000] {logging_mixin.py:120} INFO - [2025-07-20T06:10:30.546+0000] {dagbag.py:537} INFO - Filling up the DagBag from /home/airflow/.local/lib/python3.7/site-packages/airflow/example_dags/example_short_circuit_decorator.py
[2025-07-20T06:10:30.587+0000] {processor.py:766} INFO - DAG(s) dict_keys(['example_short_circuit_decorator']) retrieved from /home/airflow/.local/lib/python3.7/site-packages/airflow/example_dags/example_short_circuit_decorator.py
[2025-07-20T06:10:30.651+0000] {logging_mixin.py:120} INFO - [2025-07-20T06:10:30.650+0000] {dag.py:2585} INFO - Sync 1 DAGs
[2025-07-20T06:10:30.686+0000] {logging_mixin.py:120} INFO - [2025-07-20T06:10:30.686+0000] {dag.py:3340} INFO - Setting next_dagrun for example_short_circuit_decorator to 2025-07-19T06:10:30.685909+00:00, run_after=2025-07-20T06:10:30.685909+00:00
[2025-07-20T06:10:30.728+0000] {processor.py:176} INFO - Processing /home/airflow/.local/lib/python3.7/site-packages/airflow/example_dags/example_short_circuit_decorator.py took 0.191 seconds
[2025-07-20T06:11:00.851+0000] {processor.py:154} INFO - Started process (PID=1223) to work on /home/airflow/.local/lib/python3.7/site-packages/airflow/example_dags/example_short_circuit_decorator.py
[2025-07-20T06:11:00.853+0000] {processor.py:756} INFO - Processing file /home/airflow/.local/lib/python3.7/site-packages/airflow/example_dags/example_short_circuit_decorator.py for tasks to queue
[2025-07-20T06:11:00.855+0000] {logging_mixin.py:120} INFO - [2025-07-20T06:11:00.855+0000] {dagbag.py:537} INFO - Filling up the DagBag from /home/airflow/.local/lib/python3.7/site-packages/airflow/example_dags/example_short_circuit_decorator.py
[2025-07-20T06:11:00.894+0000] {processor.py:766} INFO - DAG(s) dict_keys(['example_short_circuit_decorator']) retrieved from /home/airflow/.local/lib/python3.7/site-packages/airflow/example_dags/example_short_circuit_decorator.py
[2025-07-20T06:11:00.959+0000] {logging_mixin.py:120} INFO - [2025-07-20T06:11:00.958+0000] {dag.py:2585} INFO - Sync 1 DAGs
[2025-07-20T06:11:01.014+0000] {logging_mixin.py:120} INFO - [2025-07-20T06:11:01.013+0000] {dag.py:3340} INFO - Setting next_dagrun for example_short_circuit_decorator to 2025-07-19T06:11:01.013464+00:00, run_after=2025-07-20T06:11:01.013464+00:00
[2025-07-20T06:11:01.059+0000] {processor.py:176} INFO - Processing /home/airflow/.local/lib/python3.7/site-packages/airflow/example_dags/example_short_circuit_decorator.py took 0.215 seconds
[2025-07-20T06:11:31.323+0000] {processor.py:154} INFO - Started process (PID=1285) to work on /home/airflow/.local/lib/python3.7/site-packages/airflow/example_dags/example_short_circuit_decorator.py
[2025-07-20T06:11:31.325+0000] {processor.py:756} INFO - Processing file /home/airflow/.local/lib/python3.7/site-packages/airflow/example_dags/example_short_circuit_decorator.py for tasks to queue
[2025-07-20T06:11:31.327+0000] {logging_mixin.py:120} INFO - [2025-07-20T06:11:31.327+0000] {dagbag.py:537} INFO - Filling up the DagBag from /home/airflow/.local/lib/python3.7/site-packages/airflow/example_dags/example_short_circuit_decorator.py
[2025-07-20T06:11:31.382+0000] {processor.py:766} INFO - DAG(s) dict_keys(['example_short_circuit_decorator']) retrieved from /home/airflow/.local/lib/python3.7/site-packages/airflow/example_dags/example_short_circuit_decorator.py
[2025-07-20T06:11:31.456+0000] {logging_mixin.py:120} INFO - [2025-07-20T06:11:31.455+0000] {dag.py:2585} INFO - Sync 1 DAGs
[2025-07-20T06:11:31.502+0000] {logging_mixin.py:120} INFO - [2025-07-20T06:11:31.502+0000] {dag.py:3340} INFO - Setting next_dagrun for example_short_circuit_decorator to 2025-07-19T06:11:31.501694+00:00, run_after=2025-07-20T06:11:31.501694+00:00
[2025-07-20T06:11:31.539+0000] {processor.py:176} INFO - Processing /home/airflow/.local/lib/python3.7/site-packages/airflow/example_dags/example_short_circuit_decorator.py took 0.221 seconds
[2025-07-20T06:12:01.830+0000] {processor.py:154} INFO - Started process (PID=1339) to work on /home/airflow/.local/lib/python3.7/site-packages/airflow/example_dags/example_short_circuit_decorator.py
[2025-07-20T06:12:01.833+0000] {processor.py:756} INFO - Processing file /home/airflow/.local/lib/python3.7/site-packages/airflow/example_dags/example_short_circuit_decorator.py for tasks to queue
[2025-07-20T06:12:01.835+0000] {logging_mixin.py:120} INFO - [2025-07-20T06:12:01.835+0000] {dagbag.py:537} INFO - Filling up the DagBag from /home/airflow/.local/lib/python3.7/site-packages/airflow/example_dags/example_short_circuit_decorator.py
[2025-07-20T06:12:01.914+0000] {processor.py:766} INFO - DAG(s) dict_keys(['example_short_circuit_decorator']) retrieved from /home/airflow/.local/lib/python3.7/site-packages/airflow/example_dags/example_short_circuit_decorator.py
[2025-07-20T06:12:02.001+0000] {logging_mixin.py:120} INFO - [2025-07-20T06:12:02.001+0000] {dag.py:2585} INFO - Sync 1 DAGs
[2025-07-20T06:12:02.061+0000] {logging_mixin.py:120} INFO - [2025-07-20T06:12:02.061+0000] {dag.py:3340} INFO - Setting next_dagrun for example_short_circuit_decorator to 2025-07-19T06:12:02.060563+00:00, run_after=2025-07-20T06:12:02.060563+00:00
[2025-07-20T06:12:02.110+0000] {processor.py:176} INFO - Processing /home/airflow/.local/lib/python3.7/site-packages/airflow/example_dags/example_short_circuit_decorator.py took 0.287 seconds
[2025-07-20T06:12:32.778+0000] {processor.py:154} INFO - Started process (PID=1400) to work on /home/airflow/.local/lib/python3.7/site-packages/airflow/example_dags/example_short_circuit_decorator.py
[2025-07-20T06:12:32.781+0000] {processor.py:756} INFO - Processing file /home/airflow/.local/lib/python3.7/site-packages/airflow/example_dags/example_short_circuit_decorator.py for tasks to queue
[2025-07-20T06:12:32.782+0000] {logging_mixin.py:120} INFO - [2025-07-20T06:12:32.782+0000] {dagbag.py:537} INFO - Filling up the DagBag from /home/airflow/.local/lib/python3.7/site-packages/airflow/example_dags/example_short_circuit_decorator.py
[2025-07-20T06:12:32.847+0000] {processor.py:766} INFO - DAG(s) dict_keys(['example_short_circuit_decorator']) retrieved from /home/airflow/.local/lib/python3.7/site-packages/airflow/example_dags/example_short_circuit_decorator.py
[2025-07-20T06:12:32.980+0000] {logging_mixin.py:120} INFO - [2025-07-20T06:12:32.980+0000] {dag.py:2585} INFO - Sync 1 DAGs
[2025-07-20T06:12:33.036+0000] {logging_mixin.py:120} INFO - [2025-07-20T06:12:33.035+0000] {dag.py:3340} INFO - Setting next_dagrun for example_short_circuit_decorator to 2025-07-19T06:12:33.035541+00:00, run_after=2025-07-20T06:12:33.035541+00:00
[2025-07-20T06:12:33.074+0000] {processor.py:176} INFO - Processing /home/airflow/.local/lib/python3.7/site-packages/airflow/example_dags/example_short_circuit_decorator.py took 0.308 seconds
[2025-07-20T06:13:03.364+0000] {processor.py:154} INFO - Started process (PID=1460) to work on /home/airflow/.local/lib/python3.7/site-packages/airflow/example_dags/example_short_circuit_decorator.py
[2025-07-20T06:13:03.367+0000] {processor.py:756} INFO - Processing file /home/airflow/.local/lib/python3.7/site-packages/airflow/example_dags/example_short_circuit_decorator.py for tasks to queue
[2025-07-20T06:13:03.369+0000] {logging_mixin.py:120} INFO - [2025-07-20T06:13:03.368+0000] {dagbag.py:537} INFO - Filling up the DagBag from /home/airflow/.local/lib/python3.7/site-packages/airflow/example_dags/example_short_circuit_decorator.py
[2025-07-20T06:13:03.424+0000] {processor.py:766} INFO - DAG(s) dict_keys(['example_short_circuit_decorator']) retrieved from /home/airflow/.local/lib/python3.7/site-packages/airflow/example_dags/example_short_circuit_decorator.py
[2025-07-20T06:13:03.524+0000] {logging_mixin.py:120} INFO - [2025-07-20T06:13:03.524+0000] {dag.py:2585} INFO - Sync 1 DAGs
[2025-07-20T06:13:03.587+0000] {logging_mixin.py:120} INFO - [2025-07-20T06:13:03.587+0000] {dag.py:3340} INFO - Setting next_dagrun for example_short_circuit_decorator to 2025-07-19T06:13:03.587019+00:00, run_after=2025-07-20T06:13:03.587019+00:00
[2025-07-20T06:13:03.635+0000] {processor.py:176} INFO - Processing /home/airflow/.local/lib/python3.7/site-packages/airflow/example_dags/example_short_circuit_decorator.py took 0.278 seconds
[2025-07-20T06:13:33.890+0000] {processor.py:154} INFO - Started process (PID=1516) to work on /home/airflow/.local/lib/python3.7/site-packages/airflow/example_dags/example_short_circuit_decorator.py
[2025-07-20T06:13:33.892+0000] {processor.py:756} INFO - Processing file /home/airflow/.local/lib/python3.7/site-packages/airflow/example_dags/example_short_circuit_decorator.py for tasks to queue
[2025-07-20T06:13:33.895+0000] {logging_mixin.py:120} INFO - [2025-07-20T06:13:33.894+0000] {dagbag.py:537} INFO - Filling up the DagBag from /home/airflow/.local/lib/python3.7/site-packages/airflow/example_dags/example_short_circuit_decorator.py
[2025-07-20T06:13:33.976+0000] {processor.py:766} INFO - DAG(s) dict_keys(['example_short_circuit_decorator']) retrieved from /home/airflow/.local/lib/python3.7/site-packages/airflow/example_dags/example_short_circuit_decorator.py
[2025-07-20T06:13:34.078+0000] {logging_mixin.py:120} INFO - [2025-07-20T06:13:34.077+0000] {dag.py:2585} INFO - Sync 1 DAGs
[2025-07-20T06:13:34.123+0000] {logging_mixin.py:120} INFO - [2025-07-20T06:13:34.123+0000] {dag.py:3340} INFO - Setting next_dagrun for example_short_circuit_decorator to 2025-07-19T06:13:34.122659+00:00, run_after=2025-07-20T06:13:34.122659+00:00
[2025-07-20T06:13:34.170+0000] {processor.py:176} INFO - Processing /home/airflow/.local/lib/python3.7/site-packages/airflow/example_dags/example_short_circuit_decorator.py took 0.286 seconds
[2025-07-20T06:14:05.246+0000] {processor.py:154} INFO - Started process (PID=1580) to work on /home/airflow/.local/lib/python3.7/site-packages/airflow/example_dags/example_short_circuit_decorator.py
[2025-07-20T06:14:05.249+0000] {processor.py:756} INFO - Processing file /home/airflow/.local/lib/python3.7/site-packages/airflow/example_dags/example_short_circuit_decorator.py for tasks to queue
[2025-07-20T06:14:05.251+0000] {logging_mixin.py:120} INFO - [2025-07-20T06:14:05.250+0000] {dagbag.py:537} INFO - Filling up the DagBag from /home/airflow/.local/lib/python3.7/site-packages/airflow/example_dags/example_short_circuit_decorator.py
[2025-07-20T06:14:05.325+0000] {processor.py:766} INFO - DAG(s) dict_keys(['example_short_circuit_decorator']) retrieved from /home/airflow/.local/lib/python3.7/site-packages/airflow/example_dags/example_short_circuit_decorator.py
[2025-07-20T06:14:05.499+0000] {logging_mixin.py:120} INFO - [2025-07-20T06:14:05.498+0000] {dag.py:2585} INFO - Sync 1 DAGs
[2025-07-20T06:14:05.551+0000] {logging_mixin.py:120} INFO - [2025-07-20T06:14:05.551+0000] {dag.py:3340} INFO - Setting next_dagrun for example_short_circuit_decorator to 2025-07-19T06:14:05.551096+00:00, run_after=2025-07-20T06:14:05.551096+00:00
[2025-07-20T06:14:05.604+0000] {processor.py:176} INFO - Processing /home/airflow/.local/lib/python3.7/site-packages/airflow/example_dags/example_short_circuit_decorator.py took 0.366 seconds
[2025-07-20T06:14:36.010+0000] {processor.py:154} INFO - Started process (PID=1632) to work on /home/airflow/.local/lib/python3.7/site-packages/airflow/example_dags/example_short_circuit_decorator.py
[2025-07-20T06:14:36.012+0000] {processor.py:756} INFO - Processing file /home/airflow/.local/lib/python3.7/site-packages/airflow/example_dags/example_short_circuit_decorator.py for tasks to queue
[2025-07-20T06:14:36.013+0000] {logging_mixin.py:120} INFO - [2025-07-20T06:14:36.013+0000] {dagbag.py:537} INFO - Filling up the DagBag from /home/airflow/.local/lib/python3.7/site-packages/airflow/example_dags/example_short_circuit_decorator.py
[2025-07-20T06:14:36.075+0000] {processor.py:766} INFO - DAG(s) dict_keys(['example_short_circuit_decorator']) retrieved from /home/airflow/.local/lib/python3.7/site-packages/airflow/example_dags/example_short_circuit_decorator.py
[2025-07-20T06:14:36.210+0000] {logging_mixin.py:120} INFO - [2025-07-20T06:14:36.209+0000] {dag.py:2585} INFO - Sync 1 DAGs
[2025-07-20T06:14:36.338+0000] {logging_mixin.py:120} INFO - [2025-07-20T06:14:36.337+0000] {dag.py:3340} INFO - Setting next_dagrun for example_short_circuit_decorator to 2025-07-19T06:14:36.337002+00:00, run_after=2025-07-20T06:14:36.337002+00:00
[2025-07-20T06:14:36.414+0000] {processor.py:176} INFO - Processing /home/airflow/.local/lib/python3.7/site-packages/airflow/example_dags/example_short_circuit_decorator.py took 0.415 seconds
[2025-07-20T06:15:07.552+0000] {processor.py:154} INFO - Started process (PID=1685) to work on /home/airflow/.local/lib/python3.7/site-packages/airflow/example_dags/example_short_circuit_decorator.py
[2025-07-20T06:15:07.556+0000] {processor.py:756} INFO - Processing file /home/airflow/.local/lib/python3.7/site-packages/airflow/example_dags/example_short_circuit_decorator.py for tasks to queue
[2025-07-20T06:15:07.567+0000] {logging_mixin.py:120} INFO - [2025-07-20T06:15:07.566+0000] {dagbag.py:537} INFO - Filling up the DagBag from /home/airflow/.local/lib/python3.7/site-packages/airflow/example_dags/example_short_circuit_decorator.py
[2025-07-20T06:15:07.773+0000] {processor.py:766} INFO - DAG(s) dict_keys(['example_short_circuit_decorator']) retrieved from /home/airflow/.local/lib/python3.7/site-packages/airflow/example_dags/example_short_circuit_decorator.py
[2025-07-20T06:15:08.123+0000] {logging_mixin.py:120} INFO - [2025-07-20T06:15:08.123+0000] {dag.py:2585} INFO - Sync 1 DAGs
[2025-07-20T06:15:08.382+0000] {logging_mixin.py:120} INFO - [2025-07-20T06:15:08.381+0000] {dag.py:3340} INFO - Setting next_dagrun for example_short_circuit_decorator to 2025-07-19T06:15:08.371752+00:00, run_after=2025-07-20T06:15:08.371752+00:00
[2025-07-20T06:15:08.575+0000] {processor.py:176} INFO - Processing /home/airflow/.local/lib/python3.7/site-packages/airflow/example_dags/example_short_circuit_decorator.py took 1.046 seconds
