[2025-07-20T05:58:37.764+0000] {processor.py:154} INFO - Started process (PID=75) to work on /home/airflow/.local/lib/python3.7/site-packages/airflow/example_dags/example_branch_python_dop_operator_3.py
[2025-07-20T05:58:37.774+0000] {processor.py:756} INFO - Processing file /home/airflow/.local/lib/python3.7/site-packages/airflow/example_dags/example_branch_python_dop_operator_3.py for tasks to queue
[2025-07-20T05:58:37.779+0000] {logging_mixin.py:120} INFO - [2025-07-20T05:58:37.779+0000] {dagbag.py:537} INFO - Filling up the DagBag from /home/airflow/.local/lib/python3.7/site-packages/airflow/example_dags/example_branch_python_dop_operator_3.py
[2025-07-20T05:58:38.720+0000] {processor.py:766} INFO - DAG(s) dict_keys(['example_branch_dop_operator_v3']) retrieved from /home/airflow/.local/lib/python3.7/site-packages/airflow/example_dags/example_branch_python_dop_operator_3.py
[2025-07-20T05:58:40.618+0000] {logging_mixin.py:120} INFO - [2025-07-20T05:58:40.618+0000] {dag.py:2585} INFO - Sync 1 DAGs
[2025-07-20T05:58:44.666+0000] {logging_mixin.py:120} INFO - [2025-07-20T05:58:44.666+0000] {dag.py:3340} INFO - Setting next_dagrun for example_branch_dop_operator_v3 to 2025-07-20T05:57:00+00:00, run_after=2025-07-20T05:58:00+00:00
[2025-07-20T05:58:45.741+0000] {processor.py:176} INFO - Processing /home/airflow/.local/lib/python3.7/site-packages/airflow/example_dags/example_branch_python_dop_operator_3.py took 8.005 seconds
[2025-07-20T06:01:08.866+0000] {processor.py:154} INFO - Started process (PID=173) to work on /home/airflow/.local/lib/python3.7/site-packages/airflow/example_dags/example_branch_python_dop_operator_3.py
[2025-07-20T06:01:08.884+0000] {processor.py:756} INFO - Processing file /home/airflow/.local/lib/python3.7/site-packages/airflow/example_dags/example_branch_python_dop_operator_3.py for tasks to queue
[2025-07-20T06:01:08.886+0000] {logging_mixin.py:120} INFO - [2025-07-20T06:01:08.885+0000] {dagbag.py:537} INFO - Filling up the DagBag from /home/airflow/.local/lib/python3.7/site-packages/airflow/example_dags/example_branch_python_dop_operator_3.py
[2025-07-20T06:01:09.607+0000] {processor.py:766} INFO - DAG(s) dict_keys(['example_branch_dop_operator_v3']) retrieved from /home/airflow/.local/lib/python3.7/site-packages/airflow/example_dags/example_branch_python_dop_operator_3.py
[2025-07-20T06:01:10.611+0000] {logging_mixin.py:120} INFO - [2025-07-20T06:01:10.610+0000] {dag.py:2585} INFO - Sync 1 DAGs
[2025-07-20T06:01:10.969+0000] {logging_mixin.py:120} INFO - [2025-07-20T06:01:10.968+0000] {dag.py:3340} INFO - Setting next_dagrun for example_branch_dop_operator_v3 to 2025-07-20T06:00:00+00:00, run_after=2025-07-20T06:01:00+00:00
[2025-07-20T06:01:11.171+0000] {processor.py:176} INFO - Processing /home/airflow/.local/lib/python3.7/site-packages/airflow/example_dags/example_branch_python_dop_operator_3.py took 2.471 seconds
[2025-07-20T06:01:58.252+0000] {processor.py:154} INFO - Started process (PID=239) to work on /home/airflow/.local/lib/python3.7/site-packages/airflow/example_dags/example_branch_python_dop_operator_3.py
[2025-07-20T06:01:58.256+0000] {processor.py:756} INFO - Processing file /home/airflow/.local/lib/python3.7/site-packages/airflow/example_dags/example_branch_python_dop_operator_3.py for tasks to queue
[2025-07-20T06:01:58.259+0000] {logging_mixin.py:120} INFO - [2025-07-20T06:01:58.258+0000] {dagbag.py:537} INFO - Filling up the DagBag from /home/airflow/.local/lib/python3.7/site-packages/airflow/example_dags/example_branch_python_dop_operator_3.py
[2025-07-20T06:01:58.373+0000] {processor.py:766} INFO - DAG(s) dict_keys(['example_branch_dop_operator_v3']) retrieved from /home/airflow/.local/lib/python3.7/site-packages/airflow/example_dags/example_branch_python_dop_operator_3.py
[2025-07-20T06:01:59.085+0000] {logging_mixin.py:120} INFO - [2025-07-20T06:01:59.085+0000] {dag.py:2585} INFO - Sync 1 DAGs
[2025-07-20T06:01:59.543+0000] {logging_mixin.py:120} INFO - [2025-07-20T06:01:59.542+0000] {dag.py:3340} INFO - Setting next_dagrun for example_branch_dop_operator_v3 to 2025-07-20T06:00:00+00:00, run_after=2025-07-20T06:01:00+00:00
[2025-07-20T06:02:00.231+0000] {processor.py:176} INFO - Processing /home/airflow/.local/lib/python3.7/site-packages/airflow/example_dags/example_branch_python_dop_operator_3.py took 2.034 seconds
[2025-07-20T06:02:30.396+0000] {processor.py:154} INFO - Started process (PID=293) to work on /home/airflow/.local/lib/python3.7/site-packages/airflow/example_dags/example_branch_python_dop_operator_3.py
[2025-07-20T06:02:30.398+0000] {processor.py:756} INFO - Processing file /home/airflow/.local/lib/python3.7/site-packages/airflow/example_dags/example_branch_python_dop_operator_3.py for tasks to queue
[2025-07-20T06:02:30.400+0000] {logging_mixin.py:120} INFO - [2025-07-20T06:02:30.400+0000] {dagbag.py:537} INFO - Filling up the DagBag from /home/airflow/.local/lib/python3.7/site-packages/airflow/example_dags/example_branch_python_dop_operator_3.py
[2025-07-20T06:02:30.480+0000] {processor.py:766} INFO - DAG(s) dict_keys(['example_branch_dop_operator_v3']) retrieved from /home/airflow/.local/lib/python3.7/site-packages/airflow/example_dags/example_branch_python_dop_operator_3.py
[2025-07-20T06:02:30.589+0000] {logging_mixin.py:120} INFO - [2025-07-20T06:02:30.589+0000] {dag.py:2585} INFO - Sync 1 DAGs
[2025-07-20T06:02:30.660+0000] {logging_mixin.py:120} INFO - [2025-07-20T06:02:30.659+0000] {dag.py:3340} INFO - Setting next_dagrun for example_branch_dop_operator_v3 to 2025-07-20T06:01:00+00:00, run_after=2025-07-20T06:02:00+00:00
[2025-07-20T06:02:30.703+0000] {processor.py:176} INFO - Processing /home/airflow/.local/lib/python3.7/site-packages/airflow/example_dags/example_branch_python_dop_operator_3.py took 0.317 seconds
[2025-07-20T06:03:00.812+0000] {processor.py:154} INFO - Started process (PID=347) to work on /home/airflow/.local/lib/python3.7/site-packages/airflow/example_dags/example_branch_python_dop_operator_3.py
[2025-07-20T06:03:00.815+0000] {processor.py:756} INFO - Processing file /home/airflow/.local/lib/python3.7/site-packages/airflow/example_dags/example_branch_python_dop_operator_3.py for tasks to queue
[2025-07-20T06:03:00.817+0000] {logging_mixin.py:120} INFO - [2025-07-20T06:03:00.817+0000] {dagbag.py:537} INFO - Filling up the DagBag from /home/airflow/.local/lib/python3.7/site-packages/airflow/example_dags/example_branch_python_dop_operator_3.py
[2025-07-20T06:03:00.893+0000] {processor.py:766} INFO - DAG(s) dict_keys(['example_branch_dop_operator_v3']) retrieved from /home/airflow/.local/lib/python3.7/site-packages/airflow/example_dags/example_branch_python_dop_operator_3.py
[2025-07-20T06:03:00.988+0000] {logging_mixin.py:120} INFO - [2025-07-20T06:03:00.988+0000] {dag.py:2585} INFO - Sync 1 DAGs
[2025-07-20T06:03:01.046+0000] {logging_mixin.py:120} INFO - [2025-07-20T06:03:01.045+0000] {dag.py:3340} INFO - Setting next_dagrun for example_branch_dop_operator_v3 to 2025-07-20T06:02:00+00:00, run_after=2025-07-20T06:03:00+00:00
[2025-07-20T06:03:01.101+0000] {processor.py:176} INFO - Processing /home/airflow/.local/lib/python3.7/site-packages/airflow/example_dags/example_branch_python_dop_operator_3.py took 0.305 seconds
[2025-07-20T06:03:31.373+0000] {processor.py:154} INFO - Started process (PID=401) to work on /home/airflow/.local/lib/python3.7/site-packages/airflow/example_dags/example_branch_python_dop_operator_3.py
[2025-07-20T06:03:31.377+0000] {processor.py:756} INFO - Processing file /home/airflow/.local/lib/python3.7/site-packages/airflow/example_dags/example_branch_python_dop_operator_3.py for tasks to queue
[2025-07-20T06:03:31.380+0000] {logging_mixin.py:120} INFO - [2025-07-20T06:03:31.379+0000] {dagbag.py:537} INFO - Filling up the DagBag from /home/airflow/.local/lib/python3.7/site-packages/airflow/example_dags/example_branch_python_dop_operator_3.py
[2025-07-20T06:03:31.444+0000] {processor.py:766} INFO - DAG(s) dict_keys(['example_branch_dop_operator_v3']) retrieved from /home/airflow/.local/lib/python3.7/site-packages/airflow/example_dags/example_branch_python_dop_operator_3.py
[2025-07-20T06:03:31.593+0000] {logging_mixin.py:120} INFO - [2025-07-20T06:03:31.593+0000] {dag.py:2585} INFO - Sync 1 DAGs
[2025-07-20T06:03:31.693+0000] {logging_mixin.py:120} INFO - [2025-07-20T06:03:31.693+0000] {dag.py:3340} INFO - Setting next_dagrun for example_branch_dop_operator_v3 to 2025-07-20T06:02:00+00:00, run_after=2025-07-20T06:03:00+00:00
[2025-07-20T06:03:31.780+0000] {processor.py:176} INFO - Processing /home/airflow/.local/lib/python3.7/site-packages/airflow/example_dags/example_branch_python_dop_operator_3.py took 0.419 seconds
[2025-07-20T06:04:02.270+0000] {processor.py:154} INFO - Started process (PID=455) to work on /home/airflow/.local/lib/python3.7/site-packages/airflow/example_dags/example_branch_python_dop_operator_3.py
[2025-07-20T06:04:02.281+0000] {processor.py:756} INFO - Processing file /home/airflow/.local/lib/python3.7/site-packages/airflow/example_dags/example_branch_python_dop_operator_3.py for tasks to queue
[2025-07-20T06:04:02.284+0000] {logging_mixin.py:120} INFO - [2025-07-20T06:04:02.284+0000] {dagbag.py:537} INFO - Filling up the DagBag from /home/airflow/.local/lib/python3.7/site-packages/airflow/example_dags/example_branch_python_dop_operator_3.py
[2025-07-20T06:04:02.346+0000] {processor.py:766} INFO - DAG(s) dict_keys(['example_branch_dop_operator_v3']) retrieved from /home/airflow/.local/lib/python3.7/site-packages/airflow/example_dags/example_branch_python_dop_operator_3.py
[2025-07-20T06:04:02.463+0000] {logging_mixin.py:120} INFO - [2025-07-20T06:04:02.463+0000] {dag.py:2585} INFO - Sync 1 DAGs
[2025-07-20T06:04:02.542+0000] {logging_mixin.py:120} INFO - [2025-07-20T06:04:02.541+0000] {dag.py:3340} INFO - Setting next_dagrun for example_branch_dop_operator_v3 to 2025-07-20T06:03:00+00:00, run_after=2025-07-20T06:04:00+00:00
[2025-07-20T06:04:02.650+0000] {processor.py:176} INFO - Processing /home/airflow/.local/lib/python3.7/site-packages/airflow/example_dags/example_branch_python_dop_operator_3.py took 0.393 seconds
[2025-07-20T06:04:33.231+0000] {processor.py:154} INFO - Started process (PID=520) to work on /home/airflow/.local/lib/python3.7/site-packages/airflow/example_dags/example_branch_python_dop_operator_3.py
[2025-07-20T06:04:33.235+0000] {processor.py:756} INFO - Processing file /home/airflow/.local/lib/python3.7/site-packages/airflow/example_dags/example_branch_python_dop_operator_3.py for tasks to queue
[2025-07-20T06:04:33.237+0000] {logging_mixin.py:120} INFO - [2025-07-20T06:04:33.237+0000] {dagbag.py:537} INFO - Filling up the DagBag from /home/airflow/.local/lib/python3.7/site-packages/airflow/example_dags/example_branch_python_dop_operator_3.py
[2025-07-20T06:04:33.296+0000] {processor.py:766} INFO - DAG(s) dict_keys(['example_branch_dop_operator_v3']) retrieved from /home/airflow/.local/lib/python3.7/site-packages/airflow/example_dags/example_branch_python_dop_operator_3.py
[2025-07-20T06:04:33.391+0000] {logging_mixin.py:120} INFO - [2025-07-20T06:04:33.390+0000] {dag.py:2585} INFO - Sync 1 DAGs
[2025-07-20T06:04:33.431+0000] {logging_mixin.py:120} INFO - [2025-07-20T06:04:33.430+0000] {dag.py:3340} INFO - Setting next_dagrun for example_branch_dop_operator_v3 to 2025-07-20T06:03:00+00:00, run_after=2025-07-20T06:04:00+00:00
[2025-07-20T06:04:33.463+0000] {processor.py:176} INFO - Processing /home/airflow/.local/lib/python3.7/site-packages/airflow/example_dags/example_branch_python_dop_operator_3.py took 0.245 seconds
[2025-07-20T06:05:03.951+0000] {processor.py:154} INFO - Started process (PID=573) to work on /home/airflow/.local/lib/python3.7/site-packages/airflow/example_dags/example_branch_python_dop_operator_3.py
[2025-07-20T06:05:03.953+0000] {processor.py:756} INFO - Processing file /home/airflow/.local/lib/python3.7/site-packages/airflow/example_dags/example_branch_python_dop_operator_3.py for tasks to queue
[2025-07-20T06:05:03.955+0000] {logging_mixin.py:120} INFO - [2025-07-20T06:05:03.955+0000] {dagbag.py:537} INFO - Filling up the DagBag from /home/airflow/.local/lib/python3.7/site-packages/airflow/example_dags/example_branch_python_dop_operator_3.py
[2025-07-20T06:05:03.998+0000] {processor.py:766} INFO - DAG(s) dict_keys(['example_branch_dop_operator_v3']) retrieved from /home/airflow/.local/lib/python3.7/site-packages/airflow/example_dags/example_branch_python_dop_operator_3.py
[2025-07-20T06:05:04.073+0000] {logging_mixin.py:120} INFO - [2025-07-20T06:05:04.072+0000] {dag.py:2585} INFO - Sync 1 DAGs
[2025-07-20T06:05:04.127+0000] {logging_mixin.py:120} INFO - [2025-07-20T06:05:04.126+0000] {dag.py:3340} INFO - Setting next_dagrun for example_branch_dop_operator_v3 to 2025-07-20T06:04:00+00:00, run_after=2025-07-20T06:05:00+00:00
[2025-07-20T06:05:04.158+0000] {processor.py:176} INFO - Processing /home/airflow/.local/lib/python3.7/site-packages/airflow/example_dags/example_branch_python_dop_operator_3.py took 0.216 seconds
[2025-07-20T06:05:34.928+0000] {processor.py:154} INFO - Started process (PID=636) to work on /home/airflow/.local/lib/python3.7/site-packages/airflow/example_dags/example_branch_python_dop_operator_3.py
[2025-07-20T06:05:34.930+0000] {processor.py:756} INFO - Processing file /home/airflow/.local/lib/python3.7/site-packages/airflow/example_dags/example_branch_python_dop_operator_3.py for tasks to queue
[2025-07-20T06:05:34.931+0000] {logging_mixin.py:120} INFO - [2025-07-20T06:05:34.931+0000] {dagbag.py:537} INFO - Filling up the DagBag from /home/airflow/.local/lib/python3.7/site-packages/airflow/example_dags/example_branch_python_dop_operator_3.py
[2025-07-20T06:05:34.978+0000] {processor.py:766} INFO - DAG(s) dict_keys(['example_branch_dop_operator_v3']) retrieved from /home/airflow/.local/lib/python3.7/site-packages/airflow/example_dags/example_branch_python_dop_operator_3.py
[2025-07-20T06:05:35.065+0000] {logging_mixin.py:120} INFO - [2025-07-20T06:05:35.063+0000] {dag.py:2585} INFO - Sync 1 DAGs
[2025-07-20T06:05:35.146+0000] {logging_mixin.py:120} INFO - [2025-07-20T06:05:35.146+0000] {dag.py:3340} INFO - Setting next_dagrun for example_branch_dop_operator_v3 to 2025-07-20T06:04:00+00:00, run_after=2025-07-20T06:05:00+00:00
[2025-07-20T06:05:35.191+0000] {processor.py:176} INFO - Processing /home/airflow/.local/lib/python3.7/site-packages/airflow/example_dags/example_branch_python_dop_operator_3.py took 0.268 seconds
[2025-07-20T06:06:05.506+0000] {processor.py:154} INFO - Started process (PID=690) to work on /home/airflow/.local/lib/python3.7/site-packages/airflow/example_dags/example_branch_python_dop_operator_3.py
[2025-07-20T06:06:05.507+0000] {processor.py:756} INFO - Processing file /home/airflow/.local/lib/python3.7/site-packages/airflow/example_dags/example_branch_python_dop_operator_3.py for tasks to queue
[2025-07-20T06:06:05.509+0000] {logging_mixin.py:120} INFO - [2025-07-20T06:06:05.509+0000] {dagbag.py:537} INFO - Filling up the DagBag from /home/airflow/.local/lib/python3.7/site-packages/airflow/example_dags/example_branch_python_dop_operator_3.py
[2025-07-20T06:06:05.551+0000] {processor.py:766} INFO - DAG(s) dict_keys(['example_branch_dop_operator_v3']) retrieved from /home/airflow/.local/lib/python3.7/site-packages/airflow/example_dags/example_branch_python_dop_operator_3.py
[2025-07-20T06:06:05.617+0000] {logging_mixin.py:120} INFO - [2025-07-20T06:06:05.616+0000] {dag.py:2585} INFO - Sync 1 DAGs
[2025-07-20T06:06:05.663+0000] {logging_mixin.py:120} INFO - [2025-07-20T06:06:05.663+0000] {dag.py:3340} INFO - Setting next_dagrun for example_branch_dop_operator_v3 to 2025-07-20T06:05:00+00:00, run_after=2025-07-20T06:06:00+00:00
[2025-07-20T06:06:05.698+0000] {processor.py:176} INFO - Processing /home/airflow/.local/lib/python3.7/site-packages/airflow/example_dags/example_branch_python_dop_operator_3.py took 0.197 seconds
[2025-07-20T06:06:36.477+0000] {processor.py:154} INFO - Started process (PID=753) to work on /home/airflow/.local/lib/python3.7/site-packages/airflow/example_dags/example_branch_python_dop_operator_3.py
[2025-07-20T06:06:36.478+0000] {processor.py:756} INFO - Processing file /home/airflow/.local/lib/python3.7/site-packages/airflow/example_dags/example_branch_python_dop_operator_3.py for tasks to queue
[2025-07-20T06:06:36.480+0000] {logging_mixin.py:120} INFO - [2025-07-20T06:06:36.480+0000] {dagbag.py:537} INFO - Filling up the DagBag from /home/airflow/.local/lib/python3.7/site-packages/airflow/example_dags/example_branch_python_dop_operator_3.py
[2025-07-20T06:06:36.521+0000] {processor.py:766} INFO - DAG(s) dict_keys(['example_branch_dop_operator_v3']) retrieved from /home/airflow/.local/lib/python3.7/site-packages/airflow/example_dags/example_branch_python_dop_operator_3.py
[2025-07-20T06:06:36.626+0000] {logging_mixin.py:120} INFO - [2025-07-20T06:06:36.626+0000] {dag.py:2585} INFO - Sync 1 DAGs
[2025-07-20T06:06:36.720+0000] {logging_mixin.py:120} INFO - [2025-07-20T06:06:36.720+0000] {dag.py:3340} INFO - Setting next_dagrun for example_branch_dop_operator_v3 to 2025-07-20T06:05:00+00:00, run_after=2025-07-20T06:06:00+00:00
[2025-07-20T06:06:36.763+0000] {processor.py:176} INFO - Processing /home/airflow/.local/lib/python3.7/site-packages/airflow/example_dags/example_branch_python_dop_operator_3.py took 0.293 seconds
[2025-07-20T06:07:07.029+0000] {processor.py:154} INFO - Started process (PID=814) to work on /home/airflow/.local/lib/python3.7/site-packages/airflow/example_dags/example_branch_python_dop_operator_3.py
[2025-07-20T06:07:07.032+0000] {processor.py:756} INFO - Processing file /home/airflow/.local/lib/python3.7/site-packages/airflow/example_dags/example_branch_python_dop_operator_3.py for tasks to queue
[2025-07-20T06:07:07.034+0000] {logging_mixin.py:120} INFO - [2025-07-20T06:07:07.033+0000] {dagbag.py:537} INFO - Filling up the DagBag from /home/airflow/.local/lib/python3.7/site-packages/airflow/example_dags/example_branch_python_dop_operator_3.py
[2025-07-20T06:07:07.109+0000] {processor.py:766} INFO - DAG(s) dict_keys(['example_branch_dop_operator_v3']) retrieved from /home/airflow/.local/lib/python3.7/site-packages/airflow/example_dags/example_branch_python_dop_operator_3.py
[2025-07-20T06:07:07.193+0000] {logging_mixin.py:120} INFO - [2025-07-20T06:07:07.192+0000] {dag.py:2585} INFO - Sync 1 DAGs
[2025-07-20T06:07:07.277+0000] {logging_mixin.py:120} INFO - [2025-07-20T06:07:07.276+0000] {dag.py:3340} INFO - Setting next_dagrun for example_branch_dop_operator_v3 to 2025-07-20T06:06:00+00:00, run_after=2025-07-20T06:07:00+00:00
[2025-07-20T06:07:07.326+0000] {processor.py:176} INFO - Processing /home/airflow/.local/lib/python3.7/site-packages/airflow/example_dags/example_branch_python_dop_operator_3.py took 0.308 seconds
[2025-07-20T06:07:37.579+0000] {processor.py:154} INFO - Started process (PID=868) to work on /home/airflow/.local/lib/python3.7/site-packages/airflow/example_dags/example_branch_python_dop_operator_3.py
[2025-07-20T06:07:37.580+0000] {processor.py:756} INFO - Processing file /home/airflow/.local/lib/python3.7/site-packages/airflow/example_dags/example_branch_python_dop_operator_3.py for tasks to queue
[2025-07-20T06:07:37.581+0000] {logging_mixin.py:120} INFO - [2025-07-20T06:07:37.581+0000] {dagbag.py:537} INFO - Filling up the DagBag from /home/airflow/.local/lib/python3.7/site-packages/airflow/example_dags/example_branch_python_dop_operator_3.py
[2025-07-20T06:07:37.606+0000] {processor.py:766} INFO - DAG(s) dict_keys(['example_branch_dop_operator_v3']) retrieved from /home/airflow/.local/lib/python3.7/site-packages/airflow/example_dags/example_branch_python_dop_operator_3.py
[2025-07-20T06:07:37.653+0000] {logging_mixin.py:120} INFO - [2025-07-20T06:07:37.653+0000] {dag.py:2585} INFO - Sync 1 DAGs
[2025-07-20T06:07:37.684+0000] {logging_mixin.py:120} INFO - [2025-07-20T06:07:37.684+0000] {dag.py:3340} INFO - Setting next_dagrun for example_branch_dop_operator_v3 to 2025-07-20T06:06:00+00:00, run_after=2025-07-20T06:07:00+00:00
[2025-07-20T06:07:37.714+0000] {processor.py:176} INFO - Processing /home/airflow/.local/lib/python3.7/site-packages/airflow/example_dags/example_branch_python_dop_operator_3.py took 0.140 seconds
[2025-07-20T06:08:08.895+0000] {processor.py:154} INFO - Started process (PID=928) to work on /home/airflow/.local/lib/python3.7/site-packages/airflow/example_dags/example_branch_python_dop_operator_3.py
[2025-07-20T06:08:08.898+0000] {processor.py:756} INFO - Processing file /home/airflow/.local/lib/python3.7/site-packages/airflow/example_dags/example_branch_python_dop_operator_3.py for tasks to queue
[2025-07-20T06:08:08.905+0000] {logging_mixin.py:120} INFO - [2025-07-20T06:08:08.905+0000] {dagbag.py:537} INFO - Filling up the DagBag from /home/airflow/.local/lib/python3.7/site-packages/airflow/example_dags/example_branch_python_dop_operator_3.py
[2025-07-20T06:08:09.064+0000] {processor.py:766} INFO - DAG(s) dict_keys(['example_branch_dop_operator_v3']) retrieved from /home/airflow/.local/lib/python3.7/site-packages/airflow/example_dags/example_branch_python_dop_operator_3.py
[2025-07-20T06:08:09.404+0000] {logging_mixin.py:120} INFO - [2025-07-20T06:08:09.404+0000] {dag.py:2585} INFO - Sync 1 DAGs
[2025-07-20T06:08:09.660+0000] {logging_mixin.py:120} INFO - [2025-07-20T06:08:09.659+0000] {dag.py:3340} INFO - Setting next_dagrun for example_branch_dop_operator_v3 to 2025-07-20T06:07:00+00:00, run_after=2025-07-20T06:08:00+00:00
[2025-07-20T06:08:09.819+0000] {processor.py:176} INFO - Processing /home/airflow/.local/lib/python3.7/site-packages/airflow/example_dags/example_branch_python_dop_operator_3.py took 0.943 seconds
[2025-07-20T06:08:40.554+0000] {processor.py:154} INFO - Started process (PID=975) to work on /home/airflow/.local/lib/python3.7/site-packages/airflow/example_dags/example_branch_python_dop_operator_3.py
[2025-07-20T06:08:40.557+0000] {processor.py:756} INFO - Processing file /home/airflow/.local/lib/python3.7/site-packages/airflow/example_dags/example_branch_python_dop_operator_3.py for tasks to queue
[2025-07-20T06:08:40.560+0000] {logging_mixin.py:120} INFO - [2025-07-20T06:08:40.559+0000] {dagbag.py:537} INFO - Filling up the DagBag from /home/airflow/.local/lib/python3.7/site-packages/airflow/example_dags/example_branch_python_dop_operator_3.py
[2025-07-20T06:08:40.619+0000] {processor.py:766} INFO - DAG(s) dict_keys(['example_branch_dop_operator_v3']) retrieved from /home/airflow/.local/lib/python3.7/site-packages/airflow/example_dags/example_branch_python_dop_operator_3.py
[2025-07-20T06:08:40.708+0000] {logging_mixin.py:120} INFO - [2025-07-20T06:08:40.707+0000] {dag.py:2585} INFO - Sync 1 DAGs
[2025-07-20T06:08:40.788+0000] {logging_mixin.py:120} INFO - [2025-07-20T06:08:40.787+0000] {dag.py:3340} INFO - Setting next_dagrun for example_branch_dop_operator_v3 to 2025-07-20T06:07:00+00:00, run_after=2025-07-20T06:08:00+00:00
[2025-07-20T06:08:40.859+0000] {processor.py:176} INFO - Processing /home/airflow/.local/lib/python3.7/site-packages/airflow/example_dags/example_branch_python_dop_operator_3.py took 0.311 seconds
[2025-07-20T06:09:11.615+0000] {processor.py:154} INFO - Started process (PID=1037) to work on /home/airflow/.local/lib/python3.7/site-packages/airflow/example_dags/example_branch_python_dop_operator_3.py
[2025-07-20T06:09:11.617+0000] {processor.py:756} INFO - Processing file /home/airflow/.local/lib/python3.7/site-packages/airflow/example_dags/example_branch_python_dop_operator_3.py for tasks to queue
[2025-07-20T06:09:11.620+0000] {logging_mixin.py:120} INFO - [2025-07-20T06:09:11.620+0000] {dagbag.py:537} INFO - Filling up the DagBag from /home/airflow/.local/lib/python3.7/site-packages/airflow/example_dags/example_branch_python_dop_operator_3.py
[2025-07-20T06:09:11.685+0000] {processor.py:766} INFO - DAG(s) dict_keys(['example_branch_dop_operator_v3']) retrieved from /home/airflow/.local/lib/python3.7/site-packages/airflow/example_dags/example_branch_python_dop_operator_3.py
[2025-07-20T06:09:11.798+0000] {logging_mixin.py:120} INFO - [2025-07-20T06:09:11.798+0000] {dag.py:2585} INFO - Sync 1 DAGs
[2025-07-20T06:09:11.879+0000] {logging_mixin.py:120} INFO - [2025-07-20T06:09:11.879+0000] {dag.py:3340} INFO - Setting next_dagrun for example_branch_dop_operator_v3 to 2025-07-20T06:08:00+00:00, run_after=2025-07-20T06:09:00+00:00
[2025-07-20T06:09:11.939+0000] {processor.py:176} INFO - Processing /home/airflow/.local/lib/python3.7/site-packages/airflow/example_dags/example_branch_python_dop_operator_3.py took 0.333 seconds
[2025-07-20T06:09:42.188+0000] {processor.py:154} INFO - Started process (PID=1089) to work on /home/airflow/.local/lib/python3.7/site-packages/airflow/example_dags/example_branch_python_dop_operator_3.py
[2025-07-20T06:09:42.189+0000] {processor.py:756} INFO - Processing file /home/airflow/.local/lib/python3.7/site-packages/airflow/example_dags/example_branch_python_dop_operator_3.py for tasks to queue
[2025-07-20T06:09:42.191+0000] {logging_mixin.py:120} INFO - [2025-07-20T06:09:42.191+0000] {dagbag.py:537} INFO - Filling up the DagBag from /home/airflow/.local/lib/python3.7/site-packages/airflow/example_dags/example_branch_python_dop_operator_3.py
[2025-07-20T06:09:42.237+0000] {processor.py:766} INFO - DAG(s) dict_keys(['example_branch_dop_operator_v3']) retrieved from /home/airflow/.local/lib/python3.7/site-packages/airflow/example_dags/example_branch_python_dop_operator_3.py
[2025-07-20T06:09:42.313+0000] {logging_mixin.py:120} INFO - [2025-07-20T06:09:42.313+0000] {dag.py:2585} INFO - Sync 1 DAGs
[2025-07-20T06:09:42.369+0000] {logging_mixin.py:120} INFO - [2025-07-20T06:09:42.369+0000] {dag.py:3340} INFO - Setting next_dagrun for example_branch_dop_operator_v3 to 2025-07-20T06:08:00+00:00, run_after=2025-07-20T06:09:00+00:00
[2025-07-20T06:09:42.427+0000] {processor.py:176} INFO - Processing /home/airflow/.local/lib/python3.7/site-packages/airflow/example_dags/example_branch_python_dop_operator_3.py took 0.245 seconds
[2025-07-20T06:10:12.513+0000] {processor.py:154} INFO - Started process (PID=1143) to work on /home/airflow/.local/lib/python3.7/site-packages/airflow/example_dags/example_branch_python_dop_operator_3.py
[2025-07-20T06:10:12.519+0000] {processor.py:756} INFO - Processing file /home/airflow/.local/lib/python3.7/site-packages/airflow/example_dags/example_branch_python_dop_operator_3.py for tasks to queue
[2025-07-20T06:10:12.521+0000] {logging_mixin.py:120} INFO - [2025-07-20T06:10:12.520+0000] {dagbag.py:537} INFO - Filling up the DagBag from /home/airflow/.local/lib/python3.7/site-packages/airflow/example_dags/example_branch_python_dop_operator_3.py
[2025-07-20T06:10:12.620+0000] {processor.py:766} INFO - DAG(s) dict_keys(['example_branch_dop_operator_v3']) retrieved from /home/airflow/.local/lib/python3.7/site-packages/airflow/example_dags/example_branch_python_dop_operator_3.py
[2025-07-20T06:10:12.810+0000] {logging_mixin.py:120} INFO - [2025-07-20T06:10:12.810+0000] {dag.py:2585} INFO - Sync 1 DAGs
[2025-07-20T06:10:12.890+0000] {logging_mixin.py:120} INFO - [2025-07-20T06:10:12.890+0000] {dag.py:3340} INFO - Setting next_dagrun for example_branch_dop_operator_v3 to 2025-07-20T06:09:00+00:00, run_after=2025-07-20T06:10:00+00:00
[2025-07-20T06:10:13.003+0000] {processor.py:176} INFO - Processing /home/airflow/.local/lib/python3.7/site-packages/airflow/example_dags/example_branch_python_dop_operator_3.py took 0.500 seconds
[2025-07-20T06:10:43.344+0000] {processor.py:154} INFO - Started process (PID=1197) to work on /home/airflow/.local/lib/python3.7/site-packages/airflow/example_dags/example_branch_python_dop_operator_3.py
[2025-07-20T06:10:43.347+0000] {processor.py:756} INFO - Processing file /home/airflow/.local/lib/python3.7/site-packages/airflow/example_dags/example_branch_python_dop_operator_3.py for tasks to queue
[2025-07-20T06:10:43.349+0000] {logging_mixin.py:120} INFO - [2025-07-20T06:10:43.348+0000] {dagbag.py:537} INFO - Filling up the DagBag from /home/airflow/.local/lib/python3.7/site-packages/airflow/example_dags/example_branch_python_dop_operator_3.py
[2025-07-20T06:10:43.444+0000] {processor.py:766} INFO - DAG(s) dict_keys(['example_branch_dop_operator_v3']) retrieved from /home/airflow/.local/lib/python3.7/site-packages/airflow/example_dags/example_branch_python_dop_operator_3.py
[2025-07-20T06:10:43.646+0000] {logging_mixin.py:120} INFO - [2025-07-20T06:10:43.646+0000] {dag.py:2585} INFO - Sync 1 DAGs
[2025-07-20T06:10:43.749+0000] {logging_mixin.py:120} INFO - [2025-07-20T06:10:43.749+0000] {dag.py:3340} INFO - Setting next_dagrun for example_branch_dop_operator_v3 to 2025-07-20T06:09:00+00:00, run_after=2025-07-20T06:10:00+00:00
[2025-07-20T06:10:43.822+0000] {processor.py:176} INFO - Processing /home/airflow/.local/lib/python3.7/site-packages/airflow/example_dags/example_branch_python_dop_operator_3.py took 0.495 seconds
[2025-07-20T06:11:14.261+0000] {processor.py:154} INFO - Started process (PID=1251) to work on /home/airflow/.local/lib/python3.7/site-packages/airflow/example_dags/example_branch_python_dop_operator_3.py
[2025-07-20T06:11:14.263+0000] {processor.py:756} INFO - Processing file /home/airflow/.local/lib/python3.7/site-packages/airflow/example_dags/example_branch_python_dop_operator_3.py for tasks to queue
[2025-07-20T06:11:14.264+0000] {logging_mixin.py:120} INFO - [2025-07-20T06:11:14.264+0000] {dagbag.py:537} INFO - Filling up the DagBag from /home/airflow/.local/lib/python3.7/site-packages/airflow/example_dags/example_branch_python_dop_operator_3.py
[2025-07-20T06:11:14.302+0000] {processor.py:766} INFO - DAG(s) dict_keys(['example_branch_dop_operator_v3']) retrieved from /home/airflow/.local/lib/python3.7/site-packages/airflow/example_dags/example_branch_python_dop_operator_3.py
[2025-07-20T06:11:14.366+0000] {logging_mixin.py:120} INFO - [2025-07-20T06:11:14.366+0000] {dag.py:2585} INFO - Sync 1 DAGs
[2025-07-20T06:11:14.411+0000] {logging_mixin.py:120} INFO - [2025-07-20T06:11:14.411+0000] {dag.py:3340} INFO - Setting next_dagrun for example_branch_dop_operator_v3 to 2025-07-20T06:10:00+00:00, run_after=2025-07-20T06:11:00+00:00
[2025-07-20T06:11:14.452+0000] {processor.py:176} INFO - Processing /home/airflow/.local/lib/python3.7/site-packages/airflow/example_dags/example_branch_python_dop_operator_3.py took 0.196 seconds
[2025-07-20T06:11:45.075+0000] {processor.py:154} INFO - Started process (PID=1313) to work on /home/airflow/.local/lib/python3.7/site-packages/airflow/example_dags/example_branch_python_dop_operator_3.py
[2025-07-20T06:11:45.076+0000] {processor.py:756} INFO - Processing file /home/airflow/.local/lib/python3.7/site-packages/airflow/example_dags/example_branch_python_dop_operator_3.py for tasks to queue
[2025-07-20T06:11:45.078+0000] {logging_mixin.py:120} INFO - [2025-07-20T06:11:45.078+0000] {dagbag.py:537} INFO - Filling up the DagBag from /home/airflow/.local/lib/python3.7/site-packages/airflow/example_dags/example_branch_python_dop_operator_3.py
[2025-07-20T06:11:45.144+0000] {processor.py:766} INFO - DAG(s) dict_keys(['example_branch_dop_operator_v3']) retrieved from /home/airflow/.local/lib/python3.7/site-packages/airflow/example_dags/example_branch_python_dop_operator_3.py
[2025-07-20T06:11:45.339+0000] {logging_mixin.py:120} INFO - [2025-07-20T06:11:45.339+0000] {dag.py:2585} INFO - Sync 1 DAGs
[2025-07-20T06:11:45.470+0000] {logging_mixin.py:120} INFO - [2025-07-20T06:11:45.469+0000] {dag.py:3340} INFO - Setting next_dagrun for example_branch_dop_operator_v3 to 2025-07-20T06:10:00+00:00, run_after=2025-07-20T06:11:00+00:00
[2025-07-20T06:11:45.570+0000] {processor.py:176} INFO - Processing /home/airflow/.local/lib/python3.7/site-packages/airflow/example_dags/example_branch_python_dop_operator_3.py took 0.502 seconds
[2025-07-20T06:12:15.929+0000] {processor.py:154} INFO - Started process (PID=1373) to work on /home/airflow/.local/lib/python3.7/site-packages/airflow/example_dags/example_branch_python_dop_operator_3.py
[2025-07-20T06:12:15.932+0000] {processor.py:756} INFO - Processing file /home/airflow/.local/lib/python3.7/site-packages/airflow/example_dags/example_branch_python_dop_operator_3.py for tasks to queue
[2025-07-20T06:12:15.934+0000] {logging_mixin.py:120} INFO - [2025-07-20T06:12:15.933+0000] {dagbag.py:537} INFO - Filling up the DagBag from /home/airflow/.local/lib/python3.7/site-packages/airflow/example_dags/example_branch_python_dop_operator_3.py
[2025-07-20T06:12:15.979+0000] {processor.py:766} INFO - DAG(s) dict_keys(['example_branch_dop_operator_v3']) retrieved from /home/airflow/.local/lib/python3.7/site-packages/airflow/example_dags/example_branch_python_dop_operator_3.py
[2025-07-20T06:12:16.056+0000] {logging_mixin.py:120} INFO - [2025-07-20T06:12:16.056+0000] {dag.py:2585} INFO - Sync 1 DAGs
[2025-07-20T06:12:16.108+0000] {logging_mixin.py:120} INFO - [2025-07-20T06:12:16.107+0000] {dag.py:3340} INFO - Setting next_dagrun for example_branch_dop_operator_v3 to 2025-07-20T06:11:00+00:00, run_after=2025-07-20T06:12:00+00:00
[2025-07-20T06:12:16.144+0000] {processor.py:176} INFO - Processing /home/airflow/.local/lib/python3.7/site-packages/airflow/example_dags/example_branch_python_dop_operator_3.py took 0.229 seconds
[2025-07-20T06:12:46.742+0000] {processor.py:154} INFO - Started process (PID=1429) to work on /home/airflow/.local/lib/python3.7/site-packages/airflow/example_dags/example_branch_python_dop_operator_3.py
[2025-07-20T06:12:46.744+0000] {processor.py:756} INFO - Processing file /home/airflow/.local/lib/python3.7/site-packages/airflow/example_dags/example_branch_python_dop_operator_3.py for tasks to queue
[2025-07-20T06:12:46.746+0000] {logging_mixin.py:120} INFO - [2025-07-20T06:12:46.745+0000] {dagbag.py:537} INFO - Filling up the DagBag from /home/airflow/.local/lib/python3.7/site-packages/airflow/example_dags/example_branch_python_dop_operator_3.py
[2025-07-20T06:12:46.814+0000] {processor.py:766} INFO - DAG(s) dict_keys(['example_branch_dop_operator_v3']) retrieved from /home/airflow/.local/lib/python3.7/site-packages/airflow/example_dags/example_branch_python_dop_operator_3.py
[2025-07-20T06:12:46.951+0000] {logging_mixin.py:120} INFO - [2025-07-20T06:12:46.951+0000] {dag.py:2585} INFO - Sync 1 DAGs
[2025-07-20T06:12:47.020+0000] {logging_mixin.py:120} INFO - [2025-07-20T06:12:47.020+0000] {dag.py:3340} INFO - Setting next_dagrun for example_branch_dop_operator_v3 to 2025-07-20T06:11:00+00:00, run_after=2025-07-20T06:12:00+00:00
[2025-07-20T06:12:47.064+0000] {processor.py:176} INFO - Processing /home/airflow/.local/lib/python3.7/site-packages/airflow/example_dags/example_branch_python_dop_operator_3.py took 0.330 seconds
[2025-07-20T06:13:17.336+0000] {processor.py:154} INFO - Started process (PID=1491) to work on /home/airflow/.local/lib/python3.7/site-packages/airflow/example_dags/example_branch_python_dop_operator_3.py
[2025-07-20T06:13:17.337+0000] {processor.py:756} INFO - Processing file /home/airflow/.local/lib/python3.7/site-packages/airflow/example_dags/example_branch_python_dop_operator_3.py for tasks to queue
[2025-07-20T06:13:17.339+0000] {logging_mixin.py:120} INFO - [2025-07-20T06:13:17.338+0000] {dagbag.py:537} INFO - Filling up the DagBag from /home/airflow/.local/lib/python3.7/site-packages/airflow/example_dags/example_branch_python_dop_operator_3.py
[2025-07-20T06:13:17.382+0000] {processor.py:766} INFO - DAG(s) dict_keys(['example_branch_dop_operator_v3']) retrieved from /home/airflow/.local/lib/python3.7/site-packages/airflow/example_dags/example_branch_python_dop_operator_3.py
[2025-07-20T06:13:17.500+0000] {logging_mixin.py:120} INFO - [2025-07-20T06:13:17.500+0000] {dag.py:2585} INFO - Sync 1 DAGs
[2025-07-20T06:13:17.572+0000] {logging_mixin.py:120} INFO - [2025-07-20T06:13:17.572+0000] {dag.py:3340} INFO - Setting next_dagrun for example_branch_dop_operator_v3 to 2025-07-20T06:12:00+00:00, run_after=2025-07-20T06:13:00+00:00
[2025-07-20T06:13:17.646+0000] {processor.py:176} INFO - Processing /home/airflow/.local/lib/python3.7/site-packages/airflow/example_dags/example_branch_python_dop_operator_3.py took 0.318 seconds
[2025-07-20T06:13:48.166+0000] {processor.py:154} INFO - Started process (PID=1545) to work on /home/airflow/.local/lib/python3.7/site-packages/airflow/example_dags/example_branch_python_dop_operator_3.py
[2025-07-20T06:13:48.169+0000] {processor.py:756} INFO - Processing file /home/airflow/.local/lib/python3.7/site-packages/airflow/example_dags/example_branch_python_dop_operator_3.py for tasks to queue
[2025-07-20T06:13:48.171+0000] {logging_mixin.py:120} INFO - [2025-07-20T06:13:48.171+0000] {dagbag.py:537} INFO - Filling up the DagBag from /home/airflow/.local/lib/python3.7/site-packages/airflow/example_dags/example_branch_python_dop_operator_3.py
[2025-07-20T06:13:48.218+0000] {processor.py:766} INFO - DAG(s) dict_keys(['example_branch_dop_operator_v3']) retrieved from /home/airflow/.local/lib/python3.7/site-packages/airflow/example_dags/example_branch_python_dop_operator_3.py
[2025-07-20T06:13:48.289+0000] {logging_mixin.py:120} INFO - [2025-07-20T06:13:48.289+0000] {dag.py:2585} INFO - Sync 1 DAGs
[2025-07-20T06:13:48.342+0000] {logging_mixin.py:120} INFO - [2025-07-20T06:13:48.342+0000] {dag.py:3340} INFO - Setting next_dagrun for example_branch_dop_operator_v3 to 2025-07-20T06:12:00+00:00, run_after=2025-07-20T06:13:00+00:00
[2025-07-20T06:13:48.382+0000] {processor.py:176} INFO - Processing /home/airflow/.local/lib/python3.7/site-packages/airflow/example_dags/example_branch_python_dop_operator_3.py took 0.223 seconds
[2025-07-20T06:14:18.768+0000] {processor.py:154} INFO - Started process (PID=1609) to work on /home/airflow/.local/lib/python3.7/site-packages/airflow/example_dags/example_branch_python_dop_operator_3.py
[2025-07-20T06:14:18.770+0000] {processor.py:756} INFO - Processing file /home/airflow/.local/lib/python3.7/site-packages/airflow/example_dags/example_branch_python_dop_operator_3.py for tasks to queue
[2025-07-20T06:14:18.771+0000] {logging_mixin.py:120} INFO - [2025-07-20T06:14:18.771+0000] {dagbag.py:537} INFO - Filling up the DagBag from /home/airflow/.local/lib/python3.7/site-packages/airflow/example_dags/example_branch_python_dop_operator_3.py
[2025-07-20T06:14:18.811+0000] {processor.py:766} INFO - DAG(s) dict_keys(['example_branch_dop_operator_v3']) retrieved from /home/airflow/.local/lib/python3.7/site-packages/airflow/example_dags/example_branch_python_dop_operator_3.py
[2025-07-20T06:14:18.879+0000] {logging_mixin.py:120} INFO - [2025-07-20T06:14:18.879+0000] {dag.py:2585} INFO - Sync 1 DAGs
[2025-07-20T06:14:18.940+0000] {logging_mixin.py:120} INFO - [2025-07-20T06:14:18.940+0000] {dag.py:3340} INFO - Setting next_dagrun for example_branch_dop_operator_v3 to 2025-07-20T06:13:00+00:00, run_after=2025-07-20T06:14:00+00:00
[2025-07-20T06:14:18.983+0000] {processor.py:176} INFO - Processing /home/airflow/.local/lib/python3.7/site-packages/airflow/example_dags/example_branch_python_dop_operator_3.py took 0.220 seconds
[2025-07-20T06:14:49.244+0000] {processor.py:154} INFO - Started process (PID=1662) to work on /home/airflow/.local/lib/python3.7/site-packages/airflow/example_dags/example_branch_python_dop_operator_3.py
[2025-07-20T06:14:49.247+0000] {processor.py:756} INFO - Processing file /home/airflow/.local/lib/python3.7/site-packages/airflow/example_dags/example_branch_python_dop_operator_3.py for tasks to queue
[2025-07-20T06:14:49.249+0000] {logging_mixin.py:120} INFO - [2025-07-20T06:14:49.248+0000] {dagbag.py:537} INFO - Filling up the DagBag from /home/airflow/.local/lib/python3.7/site-packages/airflow/example_dags/example_branch_python_dop_operator_3.py
[2025-07-20T06:14:49.341+0000] {processor.py:766} INFO - DAG(s) dict_keys(['example_branch_dop_operator_v3']) retrieved from /home/airflow/.local/lib/python3.7/site-packages/airflow/example_dags/example_branch_python_dop_operator_3.py
[2025-07-20T06:14:49.456+0000] {logging_mixin.py:120} INFO - [2025-07-20T06:14:49.455+0000] {dag.py:2585} INFO - Sync 1 DAGs
[2025-07-20T06:14:49.575+0000] {logging_mixin.py:120} INFO - [2025-07-20T06:14:49.574+0000] {dag.py:3340} INFO - Setting next_dagrun for example_branch_dop_operator_v3 to 2025-07-20T06:13:00+00:00, run_after=2025-07-20T06:14:00+00:00
[2025-07-20T06:14:49.621+0000] {processor.py:176} INFO - Processing /home/airflow/.local/lib/python3.7/site-packages/airflow/example_dags/example_branch_python_dop_operator_3.py took 0.383 seconds
[2025-07-20T06:15:22.131+0000] {processor.py:154} INFO - Started process (PID=1715) to work on /home/airflow/.local/lib/python3.7/site-packages/airflow/example_dags/example_branch_python_dop_operator_3.py
[2025-07-20T06:15:22.134+0000] {processor.py:756} INFO - Processing file /home/airflow/.local/lib/python3.7/site-packages/airflow/example_dags/example_branch_python_dop_operator_3.py for tasks to queue
[2025-07-20T06:15:22.143+0000] {logging_mixin.py:120} INFO - [2025-07-20T06:15:22.143+0000] {dagbag.py:537} INFO - Filling up the DagBag from /home/airflow/.local/lib/python3.7/site-packages/airflow/example_dags/example_branch_python_dop_operator_3.py
[2025-07-20T06:15:22.279+0000] {processor.py:766} INFO - DAG(s) dict_keys(['example_branch_dop_operator_v3']) retrieved from /home/airflow/.local/lib/python3.7/site-packages/airflow/example_dags/example_branch_python_dop_operator_3.py
[2025-07-20T06:15:22.964+0000] {logging_mixin.py:120} INFO - [2025-07-20T06:15:22.963+0000] {dag.py:2585} INFO - Sync 1 DAGs
[2025-07-20T06:15:23.290+0000] {logging_mixin.py:120} INFO - [2025-07-20T06:15:23.289+0000] {dag.py:3340} INFO - Setting next_dagrun for example_branch_dop_operator_v3 to 2025-07-20T06:14:00+00:00, run_after=2025-07-20T06:15:00+00:00
[2025-07-20T06:15:32.288+0000] {logging_mixin.py:120} INFO - [2025-07-20T06:15:32.287+0000] {process_utils.py:256} INFO - Waiting up to 5 seconds for processes to exit...
