[2025-07-20T05:58:47.475+0000] {processor.py:154} INFO - Started process (PID=84) to work on /home/airflow/.local/lib/python3.7/site-packages/airflow/example_dags/example_bash_operator.py
[2025-07-20T05:58:47.497+0000] {processor.py:756} INFO - Processing file /home/airflow/.local/lib/python3.7/site-packages/airflow/example_dags/example_bash_operator.py for tasks to queue
[2025-07-20T05:58:47.504+0000] {logging_mixin.py:120} INFO - [2025-07-20T05:58:47.504+0000] {dagbag.py:537} INFO - Filling up the DagBag from /home/airflow/.local/lib/python3.7/site-packages/airflow/example_dags/example_bash_operator.py
[2025-07-20T05:58:48.049+0000] {processor.py:766} INFO - DAG(s) dict_keys(['example_bash_operator']) retrieved from /home/airflow/.local/lib/python3.7/site-packages/airflow/example_dags/example_bash_operator.py
[2025-07-20T05:58:50.474+0000] {logging_mixin.py:120} INFO - [2025-07-20T05:58:50.473+0000] {dag.py:2585} INFO - Sync 1 DAGs
[2025-07-20T05:58:51.232+0000] {logging_mixin.py:120} INFO - [2025-07-20T05:58:51.231+0000] {dag.py:3340} INFO - Setting next_dagrun for example_bash_operator to 2025-07-19T00:00:00+00:00, run_after=2025-07-20T00:00:00+00:00
[2025-07-20T05:58:51.454+0000] {processor.py:176} INFO - Processing /home/airflow/.local/lib/python3.7/site-packages/airflow/example_dags/example_bash_operator.py took 4.069 seconds
[2025-07-20T06:01:12.683+0000] {processor.py:154} INFO - Started process (PID=176) to work on /home/airflow/.local/lib/python3.7/site-packages/airflow/example_dags/example_bash_operator.py
[2025-07-20T06:01:12.704+0000] {processor.py:756} INFO - Processing file /home/airflow/.local/lib/python3.7/site-packages/airflow/example_dags/example_bash_operator.py for tasks to queue
[2025-07-20T06:01:12.709+0000] {logging_mixin.py:120} INFO - [2025-07-20T06:01:12.709+0000] {dagbag.py:537} INFO - Filling up the DagBag from /home/airflow/.local/lib/python3.7/site-packages/airflow/example_dags/example_bash_operator.py
[2025-07-20T06:01:12.918+0000] {processor.py:766} INFO - DAG(s) dict_keys(['example_bash_operator']) retrieved from /home/airflow/.local/lib/python3.7/site-packages/airflow/example_dags/example_bash_operator.py
[2025-07-20T06:01:13.316+0000] {logging_mixin.py:120} INFO - [2025-07-20T06:01:13.315+0000] {dag.py:2585} INFO - Sync 1 DAGs
[2025-07-20T06:01:13.711+0000] {logging_mixin.py:120} INFO - [2025-07-20T06:01:13.711+0000] {dag.py:3340} INFO - Setting next_dagrun for example_bash_operator to 2025-07-19T00:00:00+00:00, run_after=2025-07-20T00:00:00+00:00
[2025-07-20T06:01:13.996+0000] {processor.py:176} INFO - Processing /home/airflow/.local/lib/python3.7/site-packages/airflow/example_dags/example_bash_operator.py took 1.432 seconds
[2025-07-20T06:02:02.184+0000] {processor.py:154} INFO - Started process (PID=242) to work on /home/airflow/.local/lib/python3.7/site-packages/airflow/example_dags/example_bash_operator.py
[2025-07-20T06:02:02.193+0000] {processor.py:756} INFO - Processing file /home/airflow/.local/lib/python3.7/site-packages/airflow/example_dags/example_bash_operator.py for tasks to queue
[2025-07-20T06:02:02.196+0000] {logging_mixin.py:120} INFO - [2025-07-20T06:02:02.196+0000] {dagbag.py:537} INFO - Filling up the DagBag from /home/airflow/.local/lib/python3.7/site-packages/airflow/example_dags/example_bash_operator.py
[2025-07-20T06:02:02.574+0000] {processor.py:766} INFO - DAG(s) dict_keys(['example_bash_operator']) retrieved from /home/airflow/.local/lib/python3.7/site-packages/airflow/example_dags/example_bash_operator.py
[2025-07-20T06:02:03.608+0000] {logging_mixin.py:120} INFO - [2025-07-20T06:02:03.608+0000] {dag.py:2585} INFO - Sync 1 DAGs
[2025-07-20T06:02:03.989+0000] {logging_mixin.py:120} INFO - [2025-07-20T06:02:03.988+0000] {dag.py:3340} INFO - Setting next_dagrun for example_bash_operator to 2025-07-19T00:00:00+00:00, run_after=2025-07-20T00:00:00+00:00
[2025-07-20T06:02:04.250+0000] {processor.py:176} INFO - Processing /home/airflow/.local/lib/python3.7/site-packages/airflow/example_dags/example_bash_operator.py took 2.097 seconds
[2025-07-20T06:02:35.012+0000] {processor.py:154} INFO - Started process (PID=296) to work on /home/airflow/.local/lib/python3.7/site-packages/airflow/example_dags/example_bash_operator.py
[2025-07-20T06:02:35.019+0000] {processor.py:756} INFO - Processing file /home/airflow/.local/lib/python3.7/site-packages/airflow/example_dags/example_bash_operator.py for tasks to queue
[2025-07-20T06:02:35.021+0000] {logging_mixin.py:120} INFO - [2025-07-20T06:02:35.021+0000] {dagbag.py:537} INFO - Filling up the DagBag from /home/airflow/.local/lib/python3.7/site-packages/airflow/example_dags/example_bash_operator.py
[2025-07-20T06:02:35.206+0000] {processor.py:766} INFO - DAG(s) dict_keys(['example_bash_operator']) retrieved from /home/airflow/.local/lib/python3.7/site-packages/airflow/example_dags/example_bash_operator.py
[2025-07-20T06:02:35.518+0000] {logging_mixin.py:120} INFO - [2025-07-20T06:02:35.517+0000] {dag.py:2585} INFO - Sync 1 DAGs
[2025-07-20T06:02:35.682+0000] {logging_mixin.py:120} INFO - [2025-07-20T06:02:35.682+0000] {dag.py:3340} INFO - Setting next_dagrun for example_bash_operator to 2025-07-19T00:00:00+00:00, run_after=2025-07-20T00:00:00+00:00
[2025-07-20T06:02:35.793+0000] {processor.py:176} INFO - Processing /home/airflow/.local/lib/python3.7/site-packages/airflow/example_dags/example_bash_operator.py took 0.798 seconds
[2025-07-20T06:03:06.614+0000] {processor.py:154} INFO - Started process (PID=350) to work on /home/airflow/.local/lib/python3.7/site-packages/airflow/example_dags/example_bash_operator.py
[2025-07-20T06:03:06.620+0000] {processor.py:756} INFO - Processing file /home/airflow/.local/lib/python3.7/site-packages/airflow/example_dags/example_bash_operator.py for tasks to queue
[2025-07-20T06:03:06.623+0000] {logging_mixin.py:120} INFO - [2025-07-20T06:03:06.623+0000] {dagbag.py:537} INFO - Filling up the DagBag from /home/airflow/.local/lib/python3.7/site-packages/airflow/example_dags/example_bash_operator.py
[2025-07-20T06:03:06.721+0000] {processor.py:766} INFO - DAG(s) dict_keys(['example_bash_operator']) retrieved from /home/airflow/.local/lib/python3.7/site-packages/airflow/example_dags/example_bash_operator.py
[2025-07-20T06:03:06.951+0000] {logging_mixin.py:120} INFO - [2025-07-20T06:03:06.951+0000] {dag.py:2585} INFO - Sync 1 DAGs
[2025-07-20T06:03:07.047+0000] {logging_mixin.py:120} INFO - [2025-07-20T06:03:07.047+0000] {dag.py:3340} INFO - Setting next_dagrun for example_bash_operator to 2025-07-19T00:00:00+00:00, run_after=2025-07-20T00:00:00+00:00
[2025-07-20T06:03:07.085+0000] {processor.py:176} INFO - Processing /home/airflow/.local/lib/python3.7/site-packages/airflow/example_dags/example_bash_operator.py took 0.485 seconds
[2025-07-20T06:03:37.176+0000] {processor.py:154} INFO - Started process (PID=404) to work on /home/airflow/.local/lib/python3.7/site-packages/airflow/example_dags/example_bash_operator.py
[2025-07-20T06:03:37.178+0000] {processor.py:756} INFO - Processing file /home/airflow/.local/lib/python3.7/site-packages/airflow/example_dags/example_bash_operator.py for tasks to queue
[2025-07-20T06:03:37.181+0000] {logging_mixin.py:120} INFO - [2025-07-20T06:03:37.181+0000] {dagbag.py:537} INFO - Filling up the DagBag from /home/airflow/.local/lib/python3.7/site-packages/airflow/example_dags/example_bash_operator.py
[2025-07-20T06:03:37.219+0000] {processor.py:766} INFO - DAG(s) dict_keys(['example_bash_operator']) retrieved from /home/airflow/.local/lib/python3.7/site-packages/airflow/example_dags/example_bash_operator.py
[2025-07-20T06:03:37.324+0000] {logging_mixin.py:120} INFO - [2025-07-20T06:03:37.323+0000] {dag.py:2585} INFO - Sync 1 DAGs
[2025-07-20T06:03:37.400+0000] {logging_mixin.py:120} INFO - [2025-07-20T06:03:37.399+0000] {dag.py:3340} INFO - Setting next_dagrun for example_bash_operator to 2025-07-19T00:00:00+00:00, run_after=2025-07-20T00:00:00+00:00
[2025-07-20T06:03:37.482+0000] {processor.py:176} INFO - Processing /home/airflow/.local/lib/python3.7/site-packages/airflow/example_dags/example_bash_operator.py took 0.312 seconds
[2025-07-20T06:04:08.050+0000] {processor.py:154} INFO - Started process (PID=458) to work on /home/airflow/.local/lib/python3.7/site-packages/airflow/example_dags/example_bash_operator.py
[2025-07-20T06:04:08.053+0000] {processor.py:756} INFO - Processing file /home/airflow/.local/lib/python3.7/site-packages/airflow/example_dags/example_bash_operator.py for tasks to queue
[2025-07-20T06:04:08.054+0000] {logging_mixin.py:120} INFO - [2025-07-20T06:04:08.054+0000] {dagbag.py:537} INFO - Filling up the DagBag from /home/airflow/.local/lib/python3.7/site-packages/airflow/example_dags/example_bash_operator.py
[2025-07-20T06:04:08.092+0000] {processor.py:766} INFO - DAG(s) dict_keys(['example_bash_operator']) retrieved from /home/airflow/.local/lib/python3.7/site-packages/airflow/example_dags/example_bash_operator.py
[2025-07-20T06:04:08.226+0000] {logging_mixin.py:120} INFO - [2025-07-20T06:04:08.226+0000] {dag.py:2585} INFO - Sync 1 DAGs
[2025-07-20T06:04:08.270+0000] {logging_mixin.py:120} INFO - [2025-07-20T06:04:08.269+0000] {dag.py:3340} INFO - Setting next_dagrun for example_bash_operator to 2025-07-19T00:00:00+00:00, run_after=2025-07-20T00:00:00+00:00
[2025-07-20T06:04:08.307+0000] {processor.py:176} INFO - Processing /home/airflow/.local/lib/python3.7/site-packages/airflow/example_dags/example_bash_operator.py took 0.261 seconds
[2025-07-20T06:04:38.746+0000] {processor.py:154} INFO - Started process (PID=523) to work on /home/airflow/.local/lib/python3.7/site-packages/airflow/example_dags/example_bash_operator.py
[2025-07-20T06:04:38.748+0000] {processor.py:756} INFO - Processing file /home/airflow/.local/lib/python3.7/site-packages/airflow/example_dags/example_bash_operator.py for tasks to queue
[2025-07-20T06:04:38.749+0000] {logging_mixin.py:120} INFO - [2025-07-20T06:04:38.749+0000] {dagbag.py:537} INFO - Filling up the DagBag from /home/airflow/.local/lib/python3.7/site-packages/airflow/example_dags/example_bash_operator.py
[2025-07-20T06:04:38.809+0000] {processor.py:766} INFO - DAG(s) dict_keys(['example_bash_operator']) retrieved from /home/airflow/.local/lib/python3.7/site-packages/airflow/example_dags/example_bash_operator.py
[2025-07-20T06:04:38.932+0000] {logging_mixin.py:120} INFO - [2025-07-20T06:04:38.932+0000] {dag.py:2585} INFO - Sync 1 DAGs
[2025-07-20T06:04:39.011+0000] {logging_mixin.py:120} INFO - [2025-07-20T06:04:39.011+0000] {dag.py:3340} INFO - Setting next_dagrun for example_bash_operator to 2025-07-19T00:00:00+00:00, run_after=2025-07-20T00:00:00+00:00
[2025-07-20T06:04:39.063+0000] {processor.py:176} INFO - Processing /home/airflow/.local/lib/python3.7/site-packages/airflow/example_dags/example_bash_operator.py took 0.325 seconds
[2025-07-20T06:05:09.264+0000] {processor.py:154} INFO - Started process (PID=585) to work on /home/airflow/.local/lib/python3.7/site-packages/airflow/example_dags/example_bash_operator.py
[2025-07-20T06:05:09.266+0000] {processor.py:756} INFO - Processing file /home/airflow/.local/lib/python3.7/site-packages/airflow/example_dags/example_bash_operator.py for tasks to queue
[2025-07-20T06:05:09.268+0000] {logging_mixin.py:120} INFO - [2025-07-20T06:05:09.268+0000] {dagbag.py:537} INFO - Filling up the DagBag from /home/airflow/.local/lib/python3.7/site-packages/airflow/example_dags/example_bash_operator.py
[2025-07-20T06:05:09.303+0000] {processor.py:766} INFO - DAG(s) dict_keys(['example_bash_operator']) retrieved from /home/airflow/.local/lib/python3.7/site-packages/airflow/example_dags/example_bash_operator.py
[2025-07-20T06:05:09.372+0000] {logging_mixin.py:120} INFO - [2025-07-20T06:05:09.372+0000] {dag.py:2585} INFO - Sync 1 DAGs
[2025-07-20T06:05:09.409+0000] {logging_mixin.py:120} INFO - [2025-07-20T06:05:09.409+0000] {dag.py:3340} INFO - Setting next_dagrun for example_bash_operator to 2025-07-19T00:00:00+00:00, run_after=2025-07-20T00:00:00+00:00
[2025-07-20T06:05:09.455+0000] {processor.py:176} INFO - Processing /home/airflow/.local/lib/python3.7/site-packages/airflow/example_dags/example_bash_operator.py took 0.197 seconds
[2025-07-20T06:05:39.557+0000] {processor.py:154} INFO - Started process (PID=639) to work on /home/airflow/.local/lib/python3.7/site-packages/airflow/example_dags/example_bash_operator.py
[2025-07-20T06:05:39.560+0000] {processor.py:756} INFO - Processing file /home/airflow/.local/lib/python3.7/site-packages/airflow/example_dags/example_bash_operator.py for tasks to queue
[2025-07-20T06:05:39.563+0000] {logging_mixin.py:120} INFO - [2025-07-20T06:05:39.562+0000] {dagbag.py:537} INFO - Filling up the DagBag from /home/airflow/.local/lib/python3.7/site-packages/airflow/example_dags/example_bash_operator.py
[2025-07-20T06:05:39.629+0000] {processor.py:766} INFO - DAG(s) dict_keys(['example_bash_operator']) retrieved from /home/airflow/.local/lib/python3.7/site-packages/airflow/example_dags/example_bash_operator.py
[2025-07-20T06:05:39.736+0000] {logging_mixin.py:120} INFO - [2025-07-20T06:05:39.736+0000] {dag.py:2585} INFO - Sync 1 DAGs
[2025-07-20T06:05:39.773+0000] {logging_mixin.py:120} INFO - [2025-07-20T06:05:39.773+0000] {dag.py:3340} INFO - Setting next_dagrun for example_bash_operator to 2025-07-19T00:00:00+00:00, run_after=2025-07-20T00:00:00+00:00
[2025-07-20T06:05:39.809+0000] {processor.py:176} INFO - Processing /home/airflow/.local/lib/python3.7/site-packages/airflow/example_dags/example_bash_operator.py took 0.262 seconds
[2025-07-20T06:06:09.981+0000] {processor.py:154} INFO - Started process (PID=702) to work on /home/airflow/.local/lib/python3.7/site-packages/airflow/example_dags/example_bash_operator.py
[2025-07-20T06:06:09.982+0000] {processor.py:756} INFO - Processing file /home/airflow/.local/lib/python3.7/site-packages/airflow/example_dags/example_bash_operator.py for tasks to queue
[2025-07-20T06:06:09.983+0000] {logging_mixin.py:120} INFO - [2025-07-20T06:06:09.983+0000] {dagbag.py:537} INFO - Filling up the DagBag from /home/airflow/.local/lib/python3.7/site-packages/airflow/example_dags/example_bash_operator.py
[2025-07-20T06:06:10.007+0000] {processor.py:766} INFO - DAG(s) dict_keys(['example_bash_operator']) retrieved from /home/airflow/.local/lib/python3.7/site-packages/airflow/example_dags/example_bash_operator.py
[2025-07-20T06:06:10.061+0000] {logging_mixin.py:120} INFO - [2025-07-20T06:06:10.061+0000] {dag.py:2585} INFO - Sync 1 DAGs
[2025-07-20T06:06:10.097+0000] {logging_mixin.py:120} INFO - [2025-07-20T06:06:10.097+0000] {dag.py:3340} INFO - Setting next_dagrun for example_bash_operator to 2025-07-19T00:00:00+00:00, run_after=2025-07-20T00:00:00+00:00
[2025-07-20T06:06:10.126+0000] {processor.py:176} INFO - Processing /home/airflow/.local/lib/python3.7/site-packages/airflow/example_dags/example_bash_operator.py took 0.149 seconds
[2025-07-20T06:06:40.196+0000] {processor.py:154} INFO - Started process (PID=756) to work on /home/airflow/.local/lib/python3.7/site-packages/airflow/example_dags/example_bash_operator.py
[2025-07-20T06:06:40.199+0000] {processor.py:756} INFO - Processing file /home/airflow/.local/lib/python3.7/site-packages/airflow/example_dags/example_bash_operator.py for tasks to queue
[2025-07-20T06:06:40.201+0000] {logging_mixin.py:120} INFO - [2025-07-20T06:06:40.200+0000] {dagbag.py:537} INFO - Filling up the DagBag from /home/airflow/.local/lib/python3.7/site-packages/airflow/example_dags/example_bash_operator.py
[2025-07-20T06:06:40.237+0000] {processor.py:766} INFO - DAG(s) dict_keys(['example_bash_operator']) retrieved from /home/airflow/.local/lib/python3.7/site-packages/airflow/example_dags/example_bash_operator.py
[2025-07-20T06:06:40.316+0000] {logging_mixin.py:120} INFO - [2025-07-20T06:06:40.316+0000] {dag.py:2585} INFO - Sync 1 DAGs
[2025-07-20T06:06:40.371+0000] {logging_mixin.py:120} INFO - [2025-07-20T06:06:40.371+0000] {dag.py:3340} INFO - Setting next_dagrun for example_bash_operator to 2025-07-19T00:00:00+00:00, run_after=2025-07-20T00:00:00+00:00
[2025-07-20T06:06:40.410+0000] {processor.py:176} INFO - Processing /home/airflow/.local/lib/python3.7/site-packages/airflow/example_dags/example_bash_operator.py took 0.218 seconds
[2025-07-20T06:07:10.705+0000] {processor.py:154} INFO - Started process (PID=818) to work on /home/airflow/.local/lib/python3.7/site-packages/airflow/example_dags/example_bash_operator.py
[2025-07-20T06:07:10.708+0000] {processor.py:756} INFO - Processing file /home/airflow/.local/lib/python3.7/site-packages/airflow/example_dags/example_bash_operator.py for tasks to queue
[2025-07-20T06:07:10.710+0000] {logging_mixin.py:120} INFO - [2025-07-20T06:07:10.710+0000] {dagbag.py:537} INFO - Filling up the DagBag from /home/airflow/.local/lib/python3.7/site-packages/airflow/example_dags/example_bash_operator.py
[2025-07-20T06:07:10.754+0000] {processor.py:766} INFO - DAG(s) dict_keys(['example_bash_operator']) retrieved from /home/airflow/.local/lib/python3.7/site-packages/airflow/example_dags/example_bash_operator.py
[2025-07-20T06:07:10.846+0000] {logging_mixin.py:120} INFO - [2025-07-20T06:07:10.846+0000] {dag.py:2585} INFO - Sync 1 DAGs
[2025-07-20T06:07:10.886+0000] {logging_mixin.py:120} INFO - [2025-07-20T06:07:10.886+0000] {dag.py:3340} INFO - Setting next_dagrun for example_bash_operator to 2025-07-19T00:00:00+00:00, run_after=2025-07-20T00:00:00+00:00
[2025-07-20T06:07:10.926+0000] {processor.py:176} INFO - Processing /home/airflow/.local/lib/python3.7/site-packages/airflow/example_dags/example_bash_operator.py took 0.229 seconds
[2025-07-20T06:07:41.837+0000] {processor.py:154} INFO - Started process (PID=872) to work on /home/airflow/.local/lib/python3.7/site-packages/airflow/example_dags/example_bash_operator.py
[2025-07-20T06:07:41.839+0000] {processor.py:756} INFO - Processing file /home/airflow/.local/lib/python3.7/site-packages/airflow/example_dags/example_bash_operator.py for tasks to queue
[2025-07-20T06:07:41.841+0000] {logging_mixin.py:120} INFO - [2025-07-20T06:07:41.840+0000] {dagbag.py:537} INFO - Filling up the DagBag from /home/airflow/.local/lib/python3.7/site-packages/airflow/example_dags/example_bash_operator.py
[2025-07-20T06:07:41.880+0000] {processor.py:766} INFO - DAG(s) dict_keys(['example_bash_operator']) retrieved from /home/airflow/.local/lib/python3.7/site-packages/airflow/example_dags/example_bash_operator.py
[2025-07-20T06:07:41.968+0000] {logging_mixin.py:120} INFO - [2025-07-20T06:07:41.968+0000] {dag.py:2585} INFO - Sync 1 DAGs
[2025-07-20T06:07:42.013+0000] {logging_mixin.py:120} INFO - [2025-07-20T06:07:42.013+0000] {dag.py:3340} INFO - Setting next_dagrun for example_bash_operator to 2025-07-19T00:00:00+00:00, run_after=2025-07-20T00:00:00+00:00
[2025-07-20T06:07:42.057+0000] {processor.py:176} INFO - Processing /home/airflow/.local/lib/python3.7/site-packages/airflow/example_dags/example_bash_operator.py took 0.229 seconds
[2025-07-20T06:08:12.358+0000] {processor.py:154} INFO - Started process (PID=934) to work on /home/airflow/.local/lib/python3.7/site-packages/airflow/example_dags/example_bash_operator.py
[2025-07-20T06:08:12.364+0000] {processor.py:756} INFO - Processing file /home/airflow/.local/lib/python3.7/site-packages/airflow/example_dags/example_bash_operator.py for tasks to queue
[2025-07-20T06:08:12.366+0000] {logging_mixin.py:120} INFO - [2025-07-20T06:08:12.366+0000] {dagbag.py:537} INFO - Filling up the DagBag from /home/airflow/.local/lib/python3.7/site-packages/airflow/example_dags/example_bash_operator.py
[2025-07-20T06:08:12.529+0000] {processor.py:766} INFO - DAG(s) dict_keys(['example_bash_operator']) retrieved from /home/airflow/.local/lib/python3.7/site-packages/airflow/example_dags/example_bash_operator.py
[2025-07-20T06:08:13.291+0000] {logging_mixin.py:120} INFO - [2025-07-20T06:08:13.288+0000] {dag.py:2585} INFO - Sync 1 DAGs
[2025-07-20T06:08:13.429+0000] {logging_mixin.py:120} INFO - [2025-07-20T06:08:13.429+0000] {dag.py:3340} INFO - Setting next_dagrun for example_bash_operator to 2025-07-19T00:00:00+00:00, run_after=2025-07-20T00:00:00+00:00
[2025-07-20T06:08:13.579+0000] {processor.py:176} INFO - Processing /home/airflow/.local/lib/python3.7/site-packages/airflow/example_dags/example_bash_operator.py took 1.246 seconds
[2025-07-20T06:08:44.042+0000] {processor.py:154} INFO - Started process (PID=988) to work on /home/airflow/.local/lib/python3.7/site-packages/airflow/example_dags/example_bash_operator.py
[2025-07-20T06:08:44.051+0000] {processor.py:756} INFO - Processing file /home/airflow/.local/lib/python3.7/site-packages/airflow/example_dags/example_bash_operator.py for tasks to queue
[2025-07-20T06:08:44.054+0000] {logging_mixin.py:120} INFO - [2025-07-20T06:08:44.053+0000] {dagbag.py:537} INFO - Filling up the DagBag from /home/airflow/.local/lib/python3.7/site-packages/airflow/example_dags/example_bash_operator.py
[2025-07-20T06:08:44.137+0000] {processor.py:766} INFO - DAG(s) dict_keys(['example_bash_operator']) retrieved from /home/airflow/.local/lib/python3.7/site-packages/airflow/example_dags/example_bash_operator.py
[2025-07-20T06:08:44.275+0000] {logging_mixin.py:120} INFO - [2025-07-20T06:08:44.275+0000] {dag.py:2585} INFO - Sync 1 DAGs
[2025-07-20T06:08:44.351+0000] {logging_mixin.py:120} INFO - [2025-07-20T06:08:44.351+0000] {dag.py:3340} INFO - Setting next_dagrun for example_bash_operator to 2025-07-19T00:00:00+00:00, run_after=2025-07-20T00:00:00+00:00
[2025-07-20T06:08:44.400+0000] {processor.py:176} INFO - Processing /home/airflow/.local/lib/python3.7/site-packages/airflow/example_dags/example_bash_operator.py took 0.376 seconds
[2025-07-20T06:09:14.461+0000] {processor.py:154} INFO - Started process (PID=1041) to work on /home/airflow/.local/lib/python3.7/site-packages/airflow/example_dags/example_bash_operator.py
[2025-07-20T06:09:14.464+0000] {processor.py:756} INFO - Processing file /home/airflow/.local/lib/python3.7/site-packages/airflow/example_dags/example_bash_operator.py for tasks to queue
[2025-07-20T06:09:14.466+0000] {logging_mixin.py:120} INFO - [2025-07-20T06:09:14.465+0000] {dagbag.py:537} INFO - Filling up the DagBag from /home/airflow/.local/lib/python3.7/site-packages/airflow/example_dags/example_bash_operator.py
[2025-07-20T06:09:14.513+0000] {processor.py:766} INFO - DAG(s) dict_keys(['example_bash_operator']) retrieved from /home/airflow/.local/lib/python3.7/site-packages/airflow/example_dags/example_bash_operator.py
[2025-07-20T06:09:14.608+0000] {logging_mixin.py:120} INFO - [2025-07-20T06:09:14.608+0000] {dag.py:2585} INFO - Sync 1 DAGs
[2025-07-20T06:09:14.662+0000] {logging_mixin.py:120} INFO - [2025-07-20T06:09:14.662+0000] {dag.py:3340} INFO - Setting next_dagrun for example_bash_operator to 2025-07-19T00:00:00+00:00, run_after=2025-07-20T00:00:00+00:00
[2025-07-20T06:09:14.703+0000] {processor.py:176} INFO - Processing /home/airflow/.local/lib/python3.7/site-packages/airflow/example_dags/example_bash_operator.py took 0.246 seconds
[2025-07-20T06:09:45.017+0000] {processor.py:154} INFO - Started process (PID=1093) to work on /home/airflow/.local/lib/python3.7/site-packages/airflow/example_dags/example_bash_operator.py
[2025-07-20T06:09:45.019+0000] {processor.py:756} INFO - Processing file /home/airflow/.local/lib/python3.7/site-packages/airflow/example_dags/example_bash_operator.py for tasks to queue
[2025-07-20T06:09:45.020+0000] {logging_mixin.py:120} INFO - [2025-07-20T06:09:45.020+0000] {dagbag.py:537} INFO - Filling up the DagBag from /home/airflow/.local/lib/python3.7/site-packages/airflow/example_dags/example_bash_operator.py
[2025-07-20T06:09:45.057+0000] {processor.py:766} INFO - DAG(s) dict_keys(['example_bash_operator']) retrieved from /home/airflow/.local/lib/python3.7/site-packages/airflow/example_dags/example_bash_operator.py
[2025-07-20T06:09:45.146+0000] {logging_mixin.py:120} INFO - [2025-07-20T06:09:45.146+0000] {dag.py:2585} INFO - Sync 1 DAGs
[2025-07-20T06:09:45.202+0000] {logging_mixin.py:120} INFO - [2025-07-20T06:09:45.201+0000] {dag.py:3340} INFO - Setting next_dagrun for example_bash_operator to 2025-07-19T00:00:00+00:00, run_after=2025-07-20T00:00:00+00:00
[2025-07-20T06:09:45.290+0000] {processor.py:176} INFO - Processing /home/airflow/.local/lib/python3.7/site-packages/airflow/example_dags/example_bash_operator.py took 0.280 seconds
[2025-07-20T06:10:17.335+0000] {processor.py:154} INFO - Started process (PID=1146) to work on /home/airflow/.local/lib/python3.7/site-packages/airflow/example_dags/example_bash_operator.py
[2025-07-20T06:10:17.345+0000] {processor.py:756} INFO - Processing file /home/airflow/.local/lib/python3.7/site-packages/airflow/example_dags/example_bash_operator.py for tasks to queue
[2025-07-20T06:10:17.351+0000] {logging_mixin.py:120} INFO - [2025-07-20T06:10:17.350+0000] {dagbag.py:537} INFO - Filling up the DagBag from /home/airflow/.local/lib/python3.7/site-packages/airflow/example_dags/example_bash_operator.py
[2025-07-20T06:10:17.570+0000] {processor.py:766} INFO - DAG(s) dict_keys(['example_bash_operator']) retrieved from /home/airflow/.local/lib/python3.7/site-packages/airflow/example_dags/example_bash_operator.py
[2025-07-20T06:10:18.029+0000] {logging_mixin.py:120} INFO - [2025-07-20T06:10:18.029+0000] {dag.py:2585} INFO - Sync 1 DAGs
[2025-07-20T06:10:18.220+0000] {logging_mixin.py:120} INFO - [2025-07-20T06:10:18.220+0000] {dag.py:3340} INFO - Setting next_dagrun for example_bash_operator to 2025-07-19T00:00:00+00:00, run_after=2025-07-20T00:00:00+00:00
[2025-07-20T06:10:18.336+0000] {processor.py:176} INFO - Processing /home/airflow/.local/lib/python3.7/site-packages/airflow/example_dags/example_bash_operator.py took 1.022 seconds
[2025-07-20T06:10:48.422+0000] {processor.py:154} INFO - Started process (PID=1201) to work on /home/airflow/.local/lib/python3.7/site-packages/airflow/example_dags/example_bash_operator.py
[2025-07-20T06:10:48.423+0000] {processor.py:756} INFO - Processing file /home/airflow/.local/lib/python3.7/site-packages/airflow/example_dags/example_bash_operator.py for tasks to queue
[2025-07-20T06:10:48.425+0000] {logging_mixin.py:120} INFO - [2025-07-20T06:10:48.425+0000] {dagbag.py:537} INFO - Filling up the DagBag from /home/airflow/.local/lib/python3.7/site-packages/airflow/example_dags/example_bash_operator.py
[2025-07-20T06:10:48.470+0000] {processor.py:766} INFO - DAG(s) dict_keys(['example_bash_operator']) retrieved from /home/airflow/.local/lib/python3.7/site-packages/airflow/example_dags/example_bash_operator.py
[2025-07-20T06:10:48.599+0000] {logging_mixin.py:120} INFO - [2025-07-20T06:10:48.598+0000] {dag.py:2585} INFO - Sync 1 DAGs
[2025-07-20T06:10:48.664+0000] {logging_mixin.py:120} INFO - [2025-07-20T06:10:48.664+0000] {dag.py:3340} INFO - Setting next_dagrun for example_bash_operator to 2025-07-19T00:00:00+00:00, run_after=2025-07-20T00:00:00+00:00
[2025-07-20T06:10:48.706+0000] {processor.py:176} INFO - Processing /home/airflow/.local/lib/python3.7/site-packages/airflow/example_dags/example_bash_operator.py took 0.291 seconds
[2025-07-20T06:11:18.894+0000] {processor.py:154} INFO - Started process (PID=1264) to work on /home/airflow/.local/lib/python3.7/site-packages/airflow/example_dags/example_bash_operator.py
[2025-07-20T06:11:18.896+0000] {processor.py:756} INFO - Processing file /home/airflow/.local/lib/python3.7/site-packages/airflow/example_dags/example_bash_operator.py for tasks to queue
[2025-07-20T06:11:18.899+0000] {logging_mixin.py:120} INFO - [2025-07-20T06:11:18.898+0000] {dagbag.py:537} INFO - Filling up the DagBag from /home/airflow/.local/lib/python3.7/site-packages/airflow/example_dags/example_bash_operator.py
[2025-07-20T06:11:18.963+0000] {processor.py:766} INFO - DAG(s) dict_keys(['example_bash_operator']) retrieved from /home/airflow/.local/lib/python3.7/site-packages/airflow/example_dags/example_bash_operator.py
[2025-07-20T06:11:19.137+0000] {logging_mixin.py:120} INFO - [2025-07-20T06:11:19.133+0000] {dag.py:2585} INFO - Sync 1 DAGs
[2025-07-20T06:11:19.310+0000] {logging_mixin.py:120} INFO - [2025-07-20T06:11:19.298+0000] {dag.py:3340} INFO - Setting next_dagrun for example_bash_operator to 2025-07-19T00:00:00+00:00, run_after=2025-07-20T00:00:00+00:00
[2025-07-20T06:11:19.411+0000] {processor.py:176} INFO - Processing /home/airflow/.local/lib/python3.7/site-packages/airflow/example_dags/example_bash_operator.py took 0.525 seconds
[2025-07-20T06:11:50.045+0000] {processor.py:154} INFO - Started process (PID=1317) to work on /home/airflow/.local/lib/python3.7/site-packages/airflow/example_dags/example_bash_operator.py
[2025-07-20T06:11:50.047+0000] {processor.py:756} INFO - Processing file /home/airflow/.local/lib/python3.7/site-packages/airflow/example_dags/example_bash_operator.py for tasks to queue
[2025-07-20T06:11:50.049+0000] {logging_mixin.py:120} INFO - [2025-07-20T06:11:50.049+0000] {dagbag.py:537} INFO - Filling up the DagBag from /home/airflow/.local/lib/python3.7/site-packages/airflow/example_dags/example_bash_operator.py
[2025-07-20T06:11:50.085+0000] {processor.py:766} INFO - DAG(s) dict_keys(['example_bash_operator']) retrieved from /home/airflow/.local/lib/python3.7/site-packages/airflow/example_dags/example_bash_operator.py
[2025-07-20T06:11:50.164+0000] {logging_mixin.py:120} INFO - [2025-07-20T06:11:50.164+0000] {dag.py:2585} INFO - Sync 1 DAGs
[2025-07-20T06:11:50.211+0000] {logging_mixin.py:120} INFO - [2025-07-20T06:11:50.211+0000] {dag.py:3340} INFO - Setting next_dagrun for example_bash_operator to 2025-07-19T00:00:00+00:00, run_after=2025-07-20T00:00:00+00:00
[2025-07-20T06:11:50.251+0000] {processor.py:176} INFO - Processing /home/airflow/.local/lib/python3.7/site-packages/airflow/example_dags/example_bash_operator.py took 0.213 seconds
[2025-07-20T06:12:20.490+0000] {processor.py:154} INFO - Started process (PID=1379) to work on /home/airflow/.local/lib/python3.7/site-packages/airflow/example_dags/example_bash_operator.py
[2025-07-20T06:12:20.493+0000] {processor.py:756} INFO - Processing file /home/airflow/.local/lib/python3.7/site-packages/airflow/example_dags/example_bash_operator.py for tasks to queue
[2025-07-20T06:12:20.495+0000] {logging_mixin.py:120} INFO - [2025-07-20T06:12:20.495+0000] {dagbag.py:537} INFO - Filling up the DagBag from /home/airflow/.local/lib/python3.7/site-packages/airflow/example_dags/example_bash_operator.py
[2025-07-20T06:12:20.561+0000] {processor.py:766} INFO - DAG(s) dict_keys(['example_bash_operator']) retrieved from /home/airflow/.local/lib/python3.7/site-packages/airflow/example_dags/example_bash_operator.py
[2025-07-20T06:12:20.700+0000] {logging_mixin.py:120} INFO - [2025-07-20T06:12:20.700+0000] {dag.py:2585} INFO - Sync 1 DAGs
[2025-07-20T06:12:20.754+0000] {logging_mixin.py:120} INFO - [2025-07-20T06:12:20.753+0000] {dag.py:3340} INFO - Setting next_dagrun for example_bash_operator to 2025-07-19T00:00:00+00:00, run_after=2025-07-20T00:00:00+00:00
[2025-07-20T06:12:20.791+0000] {processor.py:176} INFO - Processing /home/airflow/.local/lib/python3.7/site-packages/airflow/example_dags/example_bash_operator.py took 0.314 seconds
[2025-07-20T06:12:51.187+0000] {processor.py:154} INFO - Started process (PID=1433) to work on /home/airflow/.local/lib/python3.7/site-packages/airflow/example_dags/example_bash_operator.py
[2025-07-20T06:12:51.190+0000] {processor.py:756} INFO - Processing file /home/airflow/.local/lib/python3.7/site-packages/airflow/example_dags/example_bash_operator.py for tasks to queue
[2025-07-20T06:12:51.194+0000] {logging_mixin.py:120} INFO - [2025-07-20T06:12:51.193+0000] {dagbag.py:537} INFO - Filling up the DagBag from /home/airflow/.local/lib/python3.7/site-packages/airflow/example_dags/example_bash_operator.py
[2025-07-20T06:12:51.260+0000] {processor.py:766} INFO - DAG(s) dict_keys(['example_bash_operator']) retrieved from /home/airflow/.local/lib/python3.7/site-packages/airflow/example_dags/example_bash_operator.py
[2025-07-20T06:12:51.348+0000] {logging_mixin.py:120} INFO - [2025-07-20T06:12:51.347+0000] {dag.py:2585} INFO - Sync 1 DAGs
[2025-07-20T06:12:51.393+0000] {logging_mixin.py:120} INFO - [2025-07-20T06:12:51.393+0000] {dag.py:3340} INFO - Setting next_dagrun for example_bash_operator to 2025-07-19T00:00:00+00:00, run_after=2025-07-20T00:00:00+00:00
[2025-07-20T06:12:51.437+0000] {processor.py:176} INFO - Processing /home/airflow/.local/lib/python3.7/site-packages/airflow/example_dags/example_bash_operator.py took 0.259 seconds
[2025-07-20T06:13:22.100+0000] {processor.py:154} INFO - Started process (PID=1495) to work on /home/airflow/.local/lib/python3.7/site-packages/airflow/example_dags/example_bash_operator.py
[2025-07-20T06:13:22.102+0000] {processor.py:756} INFO - Processing file /home/airflow/.local/lib/python3.7/site-packages/airflow/example_dags/example_bash_operator.py for tasks to queue
[2025-07-20T06:13:22.104+0000] {logging_mixin.py:120} INFO - [2025-07-20T06:13:22.104+0000] {dagbag.py:537} INFO - Filling up the DagBag from /home/airflow/.local/lib/python3.7/site-packages/airflow/example_dags/example_bash_operator.py
[2025-07-20T06:13:22.157+0000] {processor.py:766} INFO - DAG(s) dict_keys(['example_bash_operator']) retrieved from /home/airflow/.local/lib/python3.7/site-packages/airflow/example_dags/example_bash_operator.py
[2025-07-20T06:13:22.262+0000] {logging_mixin.py:120} INFO - [2025-07-20T06:13:22.262+0000] {dag.py:2585} INFO - Sync 1 DAGs
[2025-07-20T06:13:22.314+0000] {logging_mixin.py:120} INFO - [2025-07-20T06:13:22.313+0000] {dag.py:3340} INFO - Setting next_dagrun for example_bash_operator to 2025-07-19T00:00:00+00:00, run_after=2025-07-20T00:00:00+00:00
[2025-07-20T06:13:22.378+0000] {processor.py:176} INFO - Processing /home/airflow/.local/lib/python3.7/site-packages/airflow/example_dags/example_bash_operator.py took 0.287 seconds
[2025-07-20T06:13:52.715+0000] {processor.py:154} INFO - Started process (PID=1557) to work on /home/airflow/.local/lib/python3.7/site-packages/airflow/example_dags/example_bash_operator.py
[2025-07-20T06:13:52.716+0000] {processor.py:756} INFO - Processing file /home/airflow/.local/lib/python3.7/site-packages/airflow/example_dags/example_bash_operator.py for tasks to queue
[2025-07-20T06:13:52.718+0000] {logging_mixin.py:120} INFO - [2025-07-20T06:13:52.717+0000] {dagbag.py:537} INFO - Filling up the DagBag from /home/airflow/.local/lib/python3.7/site-packages/airflow/example_dags/example_bash_operator.py
[2025-07-20T06:13:52.759+0000] {processor.py:766} INFO - DAG(s) dict_keys(['example_bash_operator']) retrieved from /home/airflow/.local/lib/python3.7/site-packages/airflow/example_dags/example_bash_operator.py
[2025-07-20T06:13:52.840+0000] {logging_mixin.py:120} INFO - [2025-07-20T06:13:52.840+0000] {dag.py:2585} INFO - Sync 1 DAGs
[2025-07-20T06:13:52.883+0000] {logging_mixin.py:120} INFO - [2025-07-20T06:13:52.883+0000] {dag.py:3340} INFO - Setting next_dagrun for example_bash_operator to 2025-07-19T00:00:00+00:00, run_after=2025-07-20T00:00:00+00:00
[2025-07-20T06:13:52.979+0000] {processor.py:176} INFO - Processing /home/airflow/.local/lib/python3.7/site-packages/airflow/example_dags/example_bash_operator.py took 0.270 seconds
[2025-07-20T06:14:23.133+0000] {processor.py:154} INFO - Started process (PID=1612) to work on /home/airflow/.local/lib/python3.7/site-packages/airflow/example_dags/example_bash_operator.py
[2025-07-20T06:14:23.135+0000] {processor.py:756} INFO - Processing file /home/airflow/.local/lib/python3.7/site-packages/airflow/example_dags/example_bash_operator.py for tasks to queue
[2025-07-20T06:14:23.137+0000] {logging_mixin.py:120} INFO - [2025-07-20T06:14:23.136+0000] {dagbag.py:537} INFO - Filling up the DagBag from /home/airflow/.local/lib/python3.7/site-packages/airflow/example_dags/example_bash_operator.py
[2025-07-20T06:14:23.170+0000] {processor.py:766} INFO - DAG(s) dict_keys(['example_bash_operator']) retrieved from /home/airflow/.local/lib/python3.7/site-packages/airflow/example_dags/example_bash_operator.py
[2025-07-20T06:14:23.231+0000] {logging_mixin.py:120} INFO - [2025-07-20T06:14:23.231+0000] {dag.py:2585} INFO - Sync 1 DAGs
[2025-07-20T06:14:23.263+0000] {logging_mixin.py:120} INFO - [2025-07-20T06:14:23.263+0000] {dag.py:3340} INFO - Setting next_dagrun for example_bash_operator to 2025-07-19T00:00:00+00:00, run_after=2025-07-20T00:00:00+00:00
[2025-07-20T06:14:23.304+0000] {processor.py:176} INFO - Processing /home/airflow/.local/lib/python3.7/site-packages/airflow/example_dags/example_bash_operator.py took 0.180 seconds
[2025-07-20T06:14:53.805+0000] {processor.py:154} INFO - Started process (PID=1665) to work on /home/airflow/.local/lib/python3.7/site-packages/airflow/example_dags/example_bash_operator.py
[2025-07-20T06:14:53.807+0000] {processor.py:756} INFO - Processing file /home/airflow/.local/lib/python3.7/site-packages/airflow/example_dags/example_bash_operator.py for tasks to queue
[2025-07-20T06:14:53.809+0000] {logging_mixin.py:120} INFO - [2025-07-20T06:14:53.809+0000] {dagbag.py:537} INFO - Filling up the DagBag from /home/airflow/.local/lib/python3.7/site-packages/airflow/example_dags/example_bash_operator.py
[2025-07-20T06:14:53.861+0000] {processor.py:766} INFO - DAG(s) dict_keys(['example_bash_operator']) retrieved from /home/airflow/.local/lib/python3.7/site-packages/airflow/example_dags/example_bash_operator.py
[2025-07-20T06:14:54.020+0000] {logging_mixin.py:120} INFO - [2025-07-20T06:14:54.020+0000] {dag.py:2585} INFO - Sync 1 DAGs
[2025-07-20T06:14:54.080+0000] {logging_mixin.py:120} INFO - [2025-07-20T06:14:54.080+0000] {dag.py:3340} INFO - Setting next_dagrun for example_bash_operator to 2025-07-19T00:00:00+00:00, run_after=2025-07-20T00:00:00+00:00
[2025-07-20T06:14:54.133+0000] {processor.py:176} INFO - Processing /home/airflow/.local/lib/python3.7/site-packages/airflow/example_dags/example_bash_operator.py took 0.333 seconds
