[2025-07-20T05:59:41.829+0000] {processor.py:154} INFO - Started process (PID=117) to work on /home/airflow/.local/lib/python3.7/site-packages/airflow/example_dags/example_branch_datetime_operator.py
[2025-07-20T05:59:41.864+0000] {processor.py:756} INFO - Processing file /home/airflow/.local/lib/python3.7/site-packages/airflow/example_dags/example_branch_datetime_operator.py for tasks to queue
[2025-07-20T05:59:41.892+0000] {logging_mixin.py:120} INFO - [2025-07-20T05:59:41.892+0000] {dagbag.py:537} INFO - Filling up the DagBag from /home/airflow/.local/lib/python3.7/site-packages/airflow/example_dags/example_branch_datetime_operator.py
[2025-07-20T05:59:42.801+0000] {processor.py:766} INFO - DAG(s) dict_keys(['example_branch_datetime_operator', 'example_branch_datetime_operator_2', 'example_branch_datetime_operator_3']) retrieved from /home/airflow/.local/lib/python3.7/site-packages/airflow/example_dags/example_branch_datetime_operator.py
[2025-07-20T05:59:44.655+0000] {logging_mixin.py:120} INFO - [2025-07-20T05:59:44.591+0000] {dag.py:2585} INFO - Sync 3 DAGs
[2025-07-20T05:59:45.566+0000] {logging_mixin.py:120} INFO - [2025-07-20T05:59:45.566+0000] {dag.py:3340} INFO - Setting next_dagrun for example_branch_datetime_operator to 2025-07-19T00:00:00+00:00, run_after=2025-07-20T00:00:00+00:00
[2025-07-20T05:59:45.628+0000] {logging_mixin.py:120} INFO - [2025-07-20T05:59:45.628+0000] {dag.py:3340} INFO - Setting next_dagrun for example_branch_datetime_operator_2 to 2025-07-19T00:00:00+00:00, run_after=2025-07-20T00:00:00+00:00
[2025-07-20T05:59:45.650+0000] {logging_mixin.py:120} INFO - [2025-07-20T05:59:45.649+0000] {dag.py:3340} INFO - Setting next_dagrun for example_branch_datetime_operator_3 to 2025-07-19T00:00:00+00:00, run_after=2025-07-20T00:00:00+00:00
[2025-07-20T05:59:46.081+0000] {processor.py:176} INFO - Processing /home/airflow/.local/lib/python3.7/site-packages/airflow/example_dags/example_branch_datetime_operator.py took 4.350 seconds
[2025-07-20T06:01:36.538+0000] {processor.py:154} INFO - Started process (PID=213) to work on /home/airflow/.local/lib/python3.7/site-packages/airflow/example_dags/example_branch_datetime_operator.py
[2025-07-20T06:01:36.541+0000] {processor.py:756} INFO - Processing file /home/airflow/.local/lib/python3.7/site-packages/airflow/example_dags/example_branch_datetime_operator.py for tasks to queue
[2025-07-20T06:01:36.547+0000] {logging_mixin.py:120} INFO - [2025-07-20T06:01:36.546+0000] {dagbag.py:537} INFO - Filling up the DagBag from /home/airflow/.local/lib/python3.7/site-packages/airflow/example_dags/example_branch_datetime_operator.py
[2025-07-20T06:01:36.674+0000] {processor.py:766} INFO - DAG(s) dict_keys(['example_branch_datetime_operator_3', 'example_branch_datetime_operator', 'example_branch_datetime_operator_2']) retrieved from /home/airflow/.local/lib/python3.7/site-packages/airflow/example_dags/example_branch_datetime_operator.py
[2025-07-20T06:01:37.199+0000] {logging_mixin.py:120} INFO - [2025-07-20T06:01:37.199+0000] {dag.py:2585} INFO - Sync 3 DAGs
[2025-07-20T06:01:37.414+0000] {logging_mixin.py:120} INFO - [2025-07-20T06:01:37.414+0000] {dag.py:3340} INFO - Setting next_dagrun for example_branch_datetime_operator to 2025-07-19T00:00:00+00:00, run_after=2025-07-20T00:00:00+00:00
[2025-07-20T06:01:37.464+0000] {logging_mixin.py:120} INFO - [2025-07-20T06:01:37.464+0000] {dag.py:3340} INFO - Setting next_dagrun for example_branch_datetime_operator_2 to 2025-07-19T00:00:00+00:00, run_after=2025-07-20T00:00:00+00:00
[2025-07-20T06:01:37.502+0000] {logging_mixin.py:120} INFO - [2025-07-20T06:01:37.501+0000] {dag.py:3340} INFO - Setting next_dagrun for example_branch_datetime_operator_3 to 2025-07-19T00:00:00+00:00, run_after=2025-07-20T00:00:00+00:00
[2025-07-20T06:01:37.676+0000] {processor.py:176} INFO - Processing /home/airflow/.local/lib/python3.7/site-packages/airflow/example_dags/example_branch_datetime_operator.py took 1.161 seconds
[2025-07-20T06:02:12.929+0000] {processor.py:154} INFO - Started process (PID=260) to work on /home/airflow/.local/lib/python3.7/site-packages/airflow/example_dags/example_branch_datetime_operator.py
[2025-07-20T06:02:12.934+0000] {processor.py:756} INFO - Processing file /home/airflow/.local/lib/python3.7/site-packages/airflow/example_dags/example_branch_datetime_operator.py for tasks to queue
[2025-07-20T06:02:12.939+0000] {logging_mixin.py:120} INFO - [2025-07-20T06:02:12.938+0000] {dagbag.py:537} INFO - Filling up the DagBag from /home/airflow/.local/lib/python3.7/site-packages/airflow/example_dags/example_branch_datetime_operator.py
[2025-07-20T06:02:13.005+0000] {processor.py:766} INFO - DAG(s) dict_keys(['example_branch_datetime_operator_3', 'example_branch_datetime_operator_2', 'example_branch_datetime_operator']) retrieved from /home/airflow/.local/lib/python3.7/site-packages/airflow/example_dags/example_branch_datetime_operator.py
[2025-07-20T06:02:13.170+0000] {logging_mixin.py:120} INFO - [2025-07-20T06:02:13.169+0000] {dag.py:2585} INFO - Sync 3 DAGs
[2025-07-20T06:02:13.259+0000] {logging_mixin.py:120} INFO - [2025-07-20T06:02:13.258+0000] {dag.py:3340} INFO - Setting next_dagrun for example_branch_datetime_operator to 2025-07-19T00:00:00+00:00, run_after=2025-07-20T00:00:00+00:00
[2025-07-20T06:02:13.276+0000] {logging_mixin.py:120} INFO - [2025-07-20T06:02:13.276+0000] {dag.py:3340} INFO - Setting next_dagrun for example_branch_datetime_operator_2 to 2025-07-19T00:00:00+00:00, run_after=2025-07-20T00:00:00+00:00
[2025-07-20T06:02:13.292+0000] {logging_mixin.py:120} INFO - [2025-07-20T06:02:13.292+0000] {dag.py:3340} INFO - Setting next_dagrun for example_branch_datetime_operator_3 to 2025-07-19T00:00:00+00:00, run_after=2025-07-20T00:00:00+00:00
[2025-07-20T06:02:13.381+0000] {processor.py:176} INFO - Processing /home/airflow/.local/lib/python3.7/site-packages/airflow/example_dags/example_branch_datetime_operator.py took 0.460 seconds
[2025-07-20T06:02:43.707+0000] {processor.py:154} INFO - Started process (PID=323) to work on /home/airflow/.local/lib/python3.7/site-packages/airflow/example_dags/example_branch_datetime_operator.py
[2025-07-20T06:02:43.710+0000] {processor.py:756} INFO - Processing file /home/airflow/.local/lib/python3.7/site-packages/airflow/example_dags/example_branch_datetime_operator.py for tasks to queue
[2025-07-20T06:02:43.713+0000] {logging_mixin.py:120} INFO - [2025-07-20T06:02:43.713+0000] {dagbag.py:537} INFO - Filling up the DagBag from /home/airflow/.local/lib/python3.7/site-packages/airflow/example_dags/example_branch_datetime_operator.py
[2025-07-20T06:02:43.774+0000] {processor.py:766} INFO - DAG(s) dict_keys(['example_branch_datetime_operator', 'example_branch_datetime_operator_3', 'example_branch_datetime_operator_2']) retrieved from /home/airflow/.local/lib/python3.7/site-packages/airflow/example_dags/example_branch_datetime_operator.py
[2025-07-20T06:02:43.906+0000] {logging_mixin.py:120} INFO - [2025-07-20T06:02:43.906+0000] {dag.py:2585} INFO - Sync 3 DAGs
[2025-07-20T06:02:43.981+0000] {logging_mixin.py:120} INFO - [2025-07-20T06:02:43.981+0000] {dag.py:3340} INFO - Setting next_dagrun for example_branch_datetime_operator to 2025-07-19T00:00:00+00:00, run_after=2025-07-20T00:00:00+00:00
[2025-07-20T06:02:43.993+0000] {logging_mixin.py:120} INFO - [2025-07-20T06:02:43.993+0000] {dag.py:3340} INFO - Setting next_dagrun for example_branch_datetime_operator_2 to 2025-07-19T00:00:00+00:00, run_after=2025-07-20T00:00:00+00:00
[2025-07-20T06:02:44.002+0000] {logging_mixin.py:120} INFO - [2025-07-20T06:02:44.002+0000] {dag.py:3340} INFO - Setting next_dagrun for example_branch_datetime_operator_3 to 2025-07-19T00:00:00+00:00, run_after=2025-07-20T00:00:00+00:00
[2025-07-20T06:02:44.053+0000] {processor.py:176} INFO - Processing /home/airflow/.local/lib/python3.7/site-packages/airflow/example_dags/example_branch_datetime_operator.py took 0.359 seconds
[2025-07-20T06:03:15.509+0000] {processor.py:154} INFO - Started process (PID=377) to work on /home/airflow/.local/lib/python3.7/site-packages/airflow/example_dags/example_branch_datetime_operator.py
[2025-07-20T06:03:15.513+0000] {processor.py:756} INFO - Processing file /home/airflow/.local/lib/python3.7/site-packages/airflow/example_dags/example_branch_datetime_operator.py for tasks to queue
[2025-07-20T06:03:15.516+0000] {logging_mixin.py:120} INFO - [2025-07-20T06:03:15.515+0000] {dagbag.py:537} INFO - Filling up the DagBag from /home/airflow/.local/lib/python3.7/site-packages/airflow/example_dags/example_branch_datetime_operator.py
[2025-07-20T06:03:15.607+0000] {processor.py:766} INFO - DAG(s) dict_keys(['example_branch_datetime_operator', 'example_branch_datetime_operator_2', 'example_branch_datetime_operator_3']) retrieved from /home/airflow/.local/lib/python3.7/site-packages/airflow/example_dags/example_branch_datetime_operator.py
[2025-07-20T06:03:15.730+0000] {logging_mixin.py:120} INFO - [2025-07-20T06:03:15.730+0000] {dag.py:2585} INFO - Sync 3 DAGs
[2025-07-20T06:03:15.793+0000] {logging_mixin.py:120} INFO - [2025-07-20T06:03:15.793+0000] {dag.py:3340} INFO - Setting next_dagrun for example_branch_datetime_operator to 2025-07-19T00:00:00+00:00, run_after=2025-07-20T00:00:00+00:00
[2025-07-20T06:03:15.806+0000] {logging_mixin.py:120} INFO - [2025-07-20T06:03:15.805+0000] {dag.py:3340} INFO - Setting next_dagrun for example_branch_datetime_operator_2 to 2025-07-19T00:00:00+00:00, run_after=2025-07-20T00:00:00+00:00
[2025-07-20T06:03:15.812+0000] {logging_mixin.py:120} INFO - [2025-07-20T06:03:15.812+0000] {dag.py:3340} INFO - Setting next_dagrun for example_branch_datetime_operator_3 to 2025-07-19T00:00:00+00:00, run_after=2025-07-20T00:00:00+00:00
[2025-07-20T06:03:15.873+0000] {processor.py:176} INFO - Processing /home/airflow/.local/lib/python3.7/site-packages/airflow/example_dags/example_branch_datetime_operator.py took 0.375 seconds
[2025-07-20T06:03:50.072+0000] {processor.py:154} INFO - Started process (PID=431) to work on /home/airflow/.local/lib/python3.7/site-packages/airflow/example_dags/example_branch_datetime_operator.py
[2025-07-20T06:03:50.106+0000] {processor.py:756} INFO - Processing file /home/airflow/.local/lib/python3.7/site-packages/airflow/example_dags/example_branch_datetime_operator.py for tasks to queue
[2025-07-20T06:03:50.119+0000] {logging_mixin.py:120} INFO - [2025-07-20T06:03:50.118+0000] {dagbag.py:537} INFO - Filling up the DagBag from /home/airflow/.local/lib/python3.7/site-packages/airflow/example_dags/example_branch_datetime_operator.py
[2025-07-20T06:03:50.193+0000] {processor.py:766} INFO - DAG(s) dict_keys(['example_branch_datetime_operator_2', 'example_branch_datetime_operator', 'example_branch_datetime_operator_3']) retrieved from /home/airflow/.local/lib/python3.7/site-packages/airflow/example_dags/example_branch_datetime_operator.py
[2025-07-20T06:03:50.319+0000] {logging_mixin.py:120} INFO - [2025-07-20T06:03:50.319+0000] {dag.py:2585} INFO - Sync 3 DAGs
[2025-07-20T06:03:50.377+0000] {logging_mixin.py:120} INFO - [2025-07-20T06:03:50.377+0000] {dag.py:3340} INFO - Setting next_dagrun for example_branch_datetime_operator to 2025-07-19T00:00:00+00:00, run_after=2025-07-20T00:00:00+00:00
[2025-07-20T06:03:50.389+0000] {logging_mixin.py:120} INFO - [2025-07-20T06:03:50.388+0000] {dag.py:3340} INFO - Setting next_dagrun for example_branch_datetime_operator_2 to 2025-07-19T00:00:00+00:00, run_after=2025-07-20T00:00:00+00:00
[2025-07-20T06:03:50.403+0000] {logging_mixin.py:120} INFO - [2025-07-20T06:03:50.403+0000] {dag.py:3340} INFO - Setting next_dagrun for example_branch_datetime_operator_3 to 2025-07-19T00:00:00+00:00, run_after=2025-07-20T00:00:00+00:00
[2025-07-20T06:03:50.457+0000] {processor.py:176} INFO - Processing /home/airflow/.local/lib/python3.7/site-packages/airflow/example_dags/example_branch_datetime_operator.py took 0.403 seconds
[2025-07-20T06:04:21.137+0000] {processor.py:154} INFO - Started process (PID=496) to work on /home/airflow/.local/lib/python3.7/site-packages/airflow/example_dags/example_branch_datetime_operator.py
[2025-07-20T06:04:21.139+0000] {processor.py:756} INFO - Processing file /home/airflow/.local/lib/python3.7/site-packages/airflow/example_dags/example_branch_datetime_operator.py for tasks to queue
[2025-07-20T06:04:21.141+0000] {logging_mixin.py:120} INFO - [2025-07-20T06:04:21.141+0000] {dagbag.py:537} INFO - Filling up the DagBag from /home/airflow/.local/lib/python3.7/site-packages/airflow/example_dags/example_branch_datetime_operator.py
[2025-07-20T06:04:21.168+0000] {processor.py:766} INFO - DAG(s) dict_keys(['example_branch_datetime_operator_2', 'example_branch_datetime_operator_3', 'example_branch_datetime_operator']) retrieved from /home/airflow/.local/lib/python3.7/site-packages/airflow/example_dags/example_branch_datetime_operator.py
[2025-07-20T06:04:21.266+0000] {logging_mixin.py:120} INFO - [2025-07-20T06:04:21.265+0000] {dag.py:2585} INFO - Sync 3 DAGs
[2025-07-20T06:04:21.353+0000] {logging_mixin.py:120} INFO - [2025-07-20T06:04:21.352+0000] {dag.py:3340} INFO - Setting next_dagrun for example_branch_datetime_operator to 2025-07-19T00:00:00+00:00, run_after=2025-07-20T00:00:00+00:00
[2025-07-20T06:04:21.364+0000] {logging_mixin.py:120} INFO - [2025-07-20T06:04:21.364+0000] {dag.py:3340} INFO - Setting next_dagrun for example_branch_datetime_operator_2 to 2025-07-19T00:00:00+00:00, run_after=2025-07-20T00:00:00+00:00
[2025-07-20T06:04:21.368+0000] {logging_mixin.py:120} INFO - [2025-07-20T06:04:21.368+0000] {dag.py:3340} INFO - Setting next_dagrun for example_branch_datetime_operator_3 to 2025-07-19T00:00:00+00:00, run_after=2025-07-20T00:00:00+00:00
[2025-07-20T06:04:21.405+0000] {processor.py:176} INFO - Processing /home/airflow/.local/lib/python3.7/site-packages/airflow/example_dags/example_branch_datetime_operator.py took 0.274 seconds
[2025-07-20T06:04:52.095+0000] {processor.py:154} INFO - Started process (PID=550) to work on /home/airflow/.local/lib/python3.7/site-packages/airflow/example_dags/example_branch_datetime_operator.py
[2025-07-20T06:04:52.097+0000] {processor.py:756} INFO - Processing file /home/airflow/.local/lib/python3.7/site-packages/airflow/example_dags/example_branch_datetime_operator.py for tasks to queue
[2025-07-20T06:04:52.098+0000] {logging_mixin.py:120} INFO - [2025-07-20T06:04:52.098+0000] {dagbag.py:537} INFO - Filling up the DagBag from /home/airflow/.local/lib/python3.7/site-packages/airflow/example_dags/example_branch_datetime_operator.py
[2025-07-20T06:04:52.131+0000] {processor.py:766} INFO - DAG(s) dict_keys(['example_branch_datetime_operator', 'example_branch_datetime_operator_2', 'example_branch_datetime_operator_3']) retrieved from /home/airflow/.local/lib/python3.7/site-packages/airflow/example_dags/example_branch_datetime_operator.py
[2025-07-20T06:04:52.207+0000] {logging_mixin.py:120} INFO - [2025-07-20T06:04:52.207+0000] {dag.py:2585} INFO - Sync 3 DAGs
[2025-07-20T06:04:52.264+0000] {logging_mixin.py:120} INFO - [2025-07-20T06:04:52.264+0000] {dag.py:3340} INFO - Setting next_dagrun for example_branch_datetime_operator to 2025-07-19T00:00:00+00:00, run_after=2025-07-20T00:00:00+00:00
[2025-07-20T06:04:52.274+0000] {logging_mixin.py:120} INFO - [2025-07-20T06:04:52.274+0000] {dag.py:3340} INFO - Setting next_dagrun for example_branch_datetime_operator_2 to 2025-07-19T00:00:00+00:00, run_after=2025-07-20T00:00:00+00:00
[2025-07-20T06:04:52.281+0000] {logging_mixin.py:120} INFO - [2025-07-20T06:04:52.280+0000] {dag.py:3340} INFO - Setting next_dagrun for example_branch_datetime_operator_3 to 2025-07-19T00:00:00+00:00, run_after=2025-07-20T00:00:00+00:00
[2025-07-20T06:04:52.322+0000] {processor.py:176} INFO - Processing /home/airflow/.local/lib/python3.7/site-packages/airflow/example_dags/example_branch_datetime_operator.py took 0.232 seconds
[2025-07-20T06:05:22.548+0000] {processor.py:154} INFO - Started process (PID=613) to work on /home/airflow/.local/lib/python3.7/site-packages/airflow/example_dags/example_branch_datetime_operator.py
[2025-07-20T06:05:22.549+0000] {processor.py:756} INFO - Processing file /home/airflow/.local/lib/python3.7/site-packages/airflow/example_dags/example_branch_datetime_operator.py for tasks to queue
[2025-07-20T06:05:22.551+0000] {logging_mixin.py:120} INFO - [2025-07-20T06:05:22.551+0000] {dagbag.py:537} INFO - Filling up the DagBag from /home/airflow/.local/lib/python3.7/site-packages/airflow/example_dags/example_branch_datetime_operator.py
[2025-07-20T06:05:22.580+0000] {processor.py:766} INFO - DAG(s) dict_keys(['example_branch_datetime_operator', 'example_branch_datetime_operator_3', 'example_branch_datetime_operator_2']) retrieved from /home/airflow/.local/lib/python3.7/site-packages/airflow/example_dags/example_branch_datetime_operator.py
[2025-07-20T06:05:22.646+0000] {logging_mixin.py:120} INFO - [2025-07-20T06:05:22.646+0000] {dag.py:2585} INFO - Sync 3 DAGs
[2025-07-20T06:05:22.692+0000] {logging_mixin.py:120} INFO - [2025-07-20T06:05:22.692+0000] {dag.py:3340} INFO - Setting next_dagrun for example_branch_datetime_operator to 2025-07-19T00:00:00+00:00, run_after=2025-07-20T00:00:00+00:00
[2025-07-20T06:05:22.699+0000] {logging_mixin.py:120} INFO - [2025-07-20T06:05:22.699+0000] {dag.py:3340} INFO - Setting next_dagrun for example_branch_datetime_operator_2 to 2025-07-19T00:00:00+00:00, run_after=2025-07-20T00:00:00+00:00
[2025-07-20T06:05:22.703+0000] {logging_mixin.py:120} INFO - [2025-07-20T06:05:22.703+0000] {dag.py:3340} INFO - Setting next_dagrun for example_branch_datetime_operator_3 to 2025-07-19T00:00:00+00:00, run_after=2025-07-20T00:00:00+00:00
[2025-07-20T06:05:22.740+0000] {processor.py:176} INFO - Processing /home/airflow/.local/lib/python3.7/site-packages/airflow/example_dags/example_branch_datetime_operator.py took 0.197 seconds
[2025-07-20T06:05:53.056+0000] {processor.py:154} INFO - Started process (PID=667) to work on /home/airflow/.local/lib/python3.7/site-packages/airflow/example_dags/example_branch_datetime_operator.py
[2025-07-20T06:05:53.057+0000] {processor.py:756} INFO - Processing file /home/airflow/.local/lib/python3.7/site-packages/airflow/example_dags/example_branch_datetime_operator.py for tasks to queue
[2025-07-20T06:05:53.059+0000] {logging_mixin.py:120} INFO - [2025-07-20T06:05:53.059+0000] {dagbag.py:537} INFO - Filling up the DagBag from /home/airflow/.local/lib/python3.7/site-packages/airflow/example_dags/example_branch_datetime_operator.py
[2025-07-20T06:05:53.094+0000] {processor.py:766} INFO - DAG(s) dict_keys(['example_branch_datetime_operator_3', 'example_branch_datetime_operator', 'example_branch_datetime_operator_2']) retrieved from /home/airflow/.local/lib/python3.7/site-packages/airflow/example_dags/example_branch_datetime_operator.py
[2025-07-20T06:05:53.188+0000] {logging_mixin.py:120} INFO - [2025-07-20T06:05:53.188+0000] {dag.py:2585} INFO - Sync 3 DAGs
[2025-07-20T06:05:53.232+0000] {logging_mixin.py:120} INFO - [2025-07-20T06:05:53.232+0000] {dag.py:3340} INFO - Setting next_dagrun for example_branch_datetime_operator to 2025-07-19T00:00:00+00:00, run_after=2025-07-20T00:00:00+00:00
[2025-07-20T06:05:53.243+0000] {logging_mixin.py:120} INFO - [2025-07-20T06:05:53.243+0000] {dag.py:3340} INFO - Setting next_dagrun for example_branch_datetime_operator_2 to 2025-07-19T00:00:00+00:00, run_after=2025-07-20T00:00:00+00:00
[2025-07-20T06:05:53.250+0000] {logging_mixin.py:120} INFO - [2025-07-20T06:05:53.250+0000] {dag.py:3340} INFO - Setting next_dagrun for example_branch_datetime_operator_3 to 2025-07-19T00:00:00+00:00, run_after=2025-07-20T00:00:00+00:00
[2025-07-20T06:05:53.285+0000] {processor.py:176} INFO - Processing /home/airflow/.local/lib/python3.7/site-packages/airflow/example_dags/example_branch_datetime_operator.py took 0.234 seconds
[2025-07-20T06:06:23.838+0000] {processor.py:154} INFO - Started process (PID=730) to work on /home/airflow/.local/lib/python3.7/site-packages/airflow/example_dags/example_branch_datetime_operator.py
[2025-07-20T06:06:23.840+0000] {processor.py:756} INFO - Processing file /home/airflow/.local/lib/python3.7/site-packages/airflow/example_dags/example_branch_datetime_operator.py for tasks to queue
[2025-07-20T06:06:23.842+0000] {logging_mixin.py:120} INFO - [2025-07-20T06:06:23.842+0000] {dagbag.py:537} INFO - Filling up the DagBag from /home/airflow/.local/lib/python3.7/site-packages/airflow/example_dags/example_branch_datetime_operator.py
[2025-07-20T06:06:23.879+0000] {processor.py:766} INFO - DAG(s) dict_keys(['example_branch_datetime_operator_2', 'example_branch_datetime_operator', 'example_branch_datetime_operator_3']) retrieved from /home/airflow/.local/lib/python3.7/site-packages/airflow/example_dags/example_branch_datetime_operator.py
[2025-07-20T06:06:23.961+0000] {logging_mixin.py:120} INFO - [2025-07-20T06:06:23.961+0000] {dag.py:2585} INFO - Sync 3 DAGs
[2025-07-20T06:06:24.012+0000] {logging_mixin.py:120} INFO - [2025-07-20T06:06:24.012+0000] {dag.py:3340} INFO - Setting next_dagrun for example_branch_datetime_operator to 2025-07-19T00:00:00+00:00, run_after=2025-07-20T00:00:00+00:00
[2025-07-20T06:06:24.024+0000] {logging_mixin.py:120} INFO - [2025-07-20T06:06:24.024+0000] {dag.py:3340} INFO - Setting next_dagrun for example_branch_datetime_operator_2 to 2025-07-19T00:00:00+00:00, run_after=2025-07-20T00:00:00+00:00
[2025-07-20T06:06:24.031+0000] {logging_mixin.py:120} INFO - [2025-07-20T06:06:24.031+0000] {dag.py:3340} INFO - Setting next_dagrun for example_branch_datetime_operator_3 to 2025-07-19T00:00:00+00:00, run_after=2025-07-20T00:00:00+00:00
[2025-07-20T06:06:24.071+0000] {processor.py:176} INFO - Processing /home/airflow/.local/lib/python3.7/site-packages/airflow/example_dags/example_branch_datetime_operator.py took 0.241 seconds
[2025-07-20T06:06:54.263+0000] {processor.py:154} INFO - Started process (PID=784) to work on /home/airflow/.local/lib/python3.7/site-packages/airflow/example_dags/example_branch_datetime_operator.py
[2025-07-20T06:06:54.270+0000] {processor.py:756} INFO - Processing file /home/airflow/.local/lib/python3.7/site-packages/airflow/example_dags/example_branch_datetime_operator.py for tasks to queue
[2025-07-20T06:06:54.272+0000] {logging_mixin.py:120} INFO - [2025-07-20T06:06:54.271+0000] {dagbag.py:537} INFO - Filling up the DagBag from /home/airflow/.local/lib/python3.7/site-packages/airflow/example_dags/example_branch_datetime_operator.py
[2025-07-20T06:06:54.303+0000] {processor.py:766} INFO - DAG(s) dict_keys(['example_branch_datetime_operator_2', 'example_branch_datetime_operator_3', 'example_branch_datetime_operator']) retrieved from /home/airflow/.local/lib/python3.7/site-packages/airflow/example_dags/example_branch_datetime_operator.py
[2025-07-20T06:06:54.377+0000] {logging_mixin.py:120} INFO - [2025-07-20T06:06:54.377+0000] {dag.py:2585} INFO - Sync 3 DAGs
[2025-07-20T06:06:54.422+0000] {logging_mixin.py:120} INFO - [2025-07-20T06:06:54.421+0000] {dag.py:3340} INFO - Setting next_dagrun for example_branch_datetime_operator to 2025-07-19T00:00:00+00:00, run_after=2025-07-20T00:00:00+00:00
[2025-07-20T06:06:54.429+0000] {logging_mixin.py:120} INFO - [2025-07-20T06:06:54.429+0000] {dag.py:3340} INFO - Setting next_dagrun for example_branch_datetime_operator_2 to 2025-07-19T00:00:00+00:00, run_after=2025-07-20T00:00:00+00:00
[2025-07-20T06:06:54.434+0000] {logging_mixin.py:120} INFO - [2025-07-20T06:06:54.434+0000] {dag.py:3340} INFO - Setting next_dagrun for example_branch_datetime_operator_3 to 2025-07-19T00:00:00+00:00, run_after=2025-07-20T00:00:00+00:00
[2025-07-20T06:06:54.470+0000] {processor.py:176} INFO - Processing /home/airflow/.local/lib/python3.7/site-packages/airflow/example_dags/example_branch_datetime_operator.py took 0.213 seconds
[2025-07-20T06:07:24.568+0000] {processor.py:154} INFO - Started process (PID=846) to work on /home/airflow/.local/lib/python3.7/site-packages/airflow/example_dags/example_branch_datetime_operator.py
[2025-07-20T06:07:24.570+0000] {processor.py:756} INFO - Processing file /home/airflow/.local/lib/python3.7/site-packages/airflow/example_dags/example_branch_datetime_operator.py for tasks to queue
[2025-07-20T06:07:24.573+0000] {logging_mixin.py:120} INFO - [2025-07-20T06:07:24.572+0000] {dagbag.py:537} INFO - Filling up the DagBag from /home/airflow/.local/lib/python3.7/site-packages/airflow/example_dags/example_branch_datetime_operator.py
[2025-07-20T06:07:24.618+0000] {processor.py:766} INFO - DAG(s) dict_keys(['example_branch_datetime_operator_3', 'example_branch_datetime_operator_2', 'example_branch_datetime_operator']) retrieved from /home/airflow/.local/lib/python3.7/site-packages/airflow/example_dags/example_branch_datetime_operator.py
[2025-07-20T06:07:24.715+0000] {logging_mixin.py:120} INFO - [2025-07-20T06:07:24.715+0000] {dag.py:2585} INFO - Sync 3 DAGs
[2025-07-20T06:07:24.769+0000] {logging_mixin.py:120} INFO - [2025-07-20T06:07:24.769+0000] {dag.py:3340} INFO - Setting next_dagrun for example_branch_datetime_operator to 2025-07-19T00:00:00+00:00, run_after=2025-07-20T00:00:00+00:00
[2025-07-20T06:07:24.776+0000] {logging_mixin.py:120} INFO - [2025-07-20T06:07:24.775+0000] {dag.py:3340} INFO - Setting next_dagrun for example_branch_datetime_operator_2 to 2025-07-19T00:00:00+00:00, run_after=2025-07-20T00:00:00+00:00
[2025-07-20T06:07:24.783+0000] {logging_mixin.py:120} INFO - [2025-07-20T06:07:24.783+0000] {dag.py:3340} INFO - Setting next_dagrun for example_branch_datetime_operator_3 to 2025-07-19T00:00:00+00:00, run_after=2025-07-20T00:00:00+00:00
[2025-07-20T06:07:24.819+0000] {processor.py:176} INFO - Processing /home/airflow/.local/lib/python3.7/site-packages/airflow/example_dags/example_branch_datetime_operator.py took 0.264 seconds
[2025-07-20T06:07:55.749+0000] {processor.py:154} INFO - Started process (PID=908) to work on /home/airflow/.local/lib/python3.7/site-packages/airflow/example_dags/example_branch_datetime_operator.py
[2025-07-20T06:07:55.751+0000] {processor.py:756} INFO - Processing file /home/airflow/.local/lib/python3.7/site-packages/airflow/example_dags/example_branch_datetime_operator.py for tasks to queue
[2025-07-20T06:07:55.752+0000] {logging_mixin.py:120} INFO - [2025-07-20T06:07:55.752+0000] {dagbag.py:537} INFO - Filling up the DagBag from /home/airflow/.local/lib/python3.7/site-packages/airflow/example_dags/example_branch_datetime_operator.py
[2025-07-20T06:07:55.781+0000] {processor.py:766} INFO - DAG(s) dict_keys(['example_branch_datetime_operator', 'example_branch_datetime_operator_3', 'example_branch_datetime_operator_2']) retrieved from /home/airflow/.local/lib/python3.7/site-packages/airflow/example_dags/example_branch_datetime_operator.py
[2025-07-20T06:07:55.878+0000] {logging_mixin.py:120} INFO - [2025-07-20T06:07:55.878+0000] {dag.py:2585} INFO - Sync 3 DAGs
[2025-07-20T06:07:55.950+0000] {logging_mixin.py:120} INFO - [2025-07-20T06:07:55.950+0000] {dag.py:3340} INFO - Setting next_dagrun for example_branch_datetime_operator to 2025-07-19T00:00:00+00:00, run_after=2025-07-20T00:00:00+00:00
[2025-07-20T06:07:55.960+0000] {logging_mixin.py:120} INFO - [2025-07-20T06:07:55.960+0000] {dag.py:3340} INFO - Setting next_dagrun for example_branch_datetime_operator_2 to 2025-07-19T00:00:00+00:00, run_after=2025-07-20T00:00:00+00:00
[2025-07-20T06:07:55.967+0000] {logging_mixin.py:120} INFO - [2025-07-20T06:07:55.966+0000] {dag.py:3340} INFO - Setting next_dagrun for example_branch_datetime_operator_3 to 2025-07-19T00:00:00+00:00, run_after=2025-07-20T00:00:00+00:00
[2025-07-20T06:07:56.004+0000] {processor.py:176} INFO - Processing /home/airflow/.local/lib/python3.7/site-packages/airflow/example_dags/example_branch_datetime_operator.py took 0.269 seconds
[2025-07-20T06:08:28.984+0000] {processor.py:154} INFO - Started process (PID=962) to work on /home/airflow/.local/lib/python3.7/site-packages/airflow/example_dags/example_branch_datetime_operator.py
[2025-07-20T06:08:28.990+0000] {processor.py:756} INFO - Processing file /home/airflow/.local/lib/python3.7/site-packages/airflow/example_dags/example_branch_datetime_operator.py for tasks to queue
[2025-07-20T06:08:28.992+0000] {logging_mixin.py:120} INFO - [2025-07-20T06:08:28.992+0000] {dagbag.py:537} INFO - Filling up the DagBag from /home/airflow/.local/lib/python3.7/site-packages/airflow/example_dags/example_branch_datetime_operator.py
[2025-07-20T06:08:29.139+0000] {processor.py:766} INFO - DAG(s) dict_keys(['example_branch_datetime_operator_2', 'example_branch_datetime_operator_3', 'example_branch_datetime_operator']) retrieved from /home/airflow/.local/lib/python3.7/site-packages/airflow/example_dags/example_branch_datetime_operator.py
[2025-07-20T06:08:29.487+0000] {logging_mixin.py:120} INFO - [2025-07-20T06:08:29.487+0000] {dag.py:2585} INFO - Sync 3 DAGs
[2025-07-20T06:08:29.666+0000] {logging_mixin.py:120} INFO - [2025-07-20T06:08:29.666+0000] {dag.py:3340} INFO - Setting next_dagrun for example_branch_datetime_operator to 2025-07-19T00:00:00+00:00, run_after=2025-07-20T00:00:00+00:00
[2025-07-20T06:08:29.682+0000] {logging_mixin.py:120} INFO - [2025-07-20T06:08:29.682+0000] {dag.py:3340} INFO - Setting next_dagrun for example_branch_datetime_operator_2 to 2025-07-19T00:00:00+00:00, run_after=2025-07-20T00:00:00+00:00
[2025-07-20T06:08:29.695+0000] {logging_mixin.py:120} INFO - [2025-07-20T06:08:29.695+0000] {dag.py:3340} INFO - Setting next_dagrun for example_branch_datetime_operator_3 to 2025-07-19T00:00:00+00:00, run_after=2025-07-20T00:00:00+00:00
[2025-07-20T06:08:29.780+0000] {processor.py:176} INFO - Processing /home/airflow/.local/lib/python3.7/site-packages/airflow/example_dags/example_branch_datetime_operator.py took 0.805 seconds
[2025-07-20T06:09:00.152+0000] {processor.py:154} INFO - Started process (PID=1016) to work on /home/airflow/.local/lib/python3.7/site-packages/airflow/example_dags/example_branch_datetime_operator.py
[2025-07-20T06:09:00.154+0000] {processor.py:756} INFO - Processing file /home/airflow/.local/lib/python3.7/site-packages/airflow/example_dags/example_branch_datetime_operator.py for tasks to queue
[2025-07-20T06:09:00.156+0000] {logging_mixin.py:120} INFO - [2025-07-20T06:09:00.156+0000] {dagbag.py:537} INFO - Filling up the DagBag from /home/airflow/.local/lib/python3.7/site-packages/airflow/example_dags/example_branch_datetime_operator.py
[2025-07-20T06:09:00.190+0000] {processor.py:766} INFO - DAG(s) dict_keys(['example_branch_datetime_operator_3', 'example_branch_datetime_operator_2', 'example_branch_datetime_operator']) retrieved from /home/airflow/.local/lib/python3.7/site-packages/airflow/example_dags/example_branch_datetime_operator.py
[2025-07-20T06:09:00.286+0000] {logging_mixin.py:120} INFO - [2025-07-20T06:09:00.285+0000] {dag.py:2585} INFO - Sync 3 DAGs
[2025-07-20T06:09:00.344+0000] {logging_mixin.py:120} INFO - [2025-07-20T06:09:00.343+0000] {dag.py:3340} INFO - Setting next_dagrun for example_branch_datetime_operator to 2025-07-19T00:00:00+00:00, run_after=2025-07-20T00:00:00+00:00
[2025-07-20T06:09:00.354+0000] {logging_mixin.py:120} INFO - [2025-07-20T06:09:00.354+0000] {dag.py:3340} INFO - Setting next_dagrun for example_branch_datetime_operator_2 to 2025-07-19T00:00:00+00:00, run_after=2025-07-20T00:00:00+00:00
[2025-07-20T06:09:00.360+0000] {logging_mixin.py:120} INFO - [2025-07-20T06:09:00.360+0000] {dag.py:3340} INFO - Setting next_dagrun for example_branch_datetime_operator_3 to 2025-07-19T00:00:00+00:00, run_after=2025-07-20T00:00:00+00:00
[2025-07-20T06:09:00.405+0000] {processor.py:176} INFO - Processing /home/airflow/.local/lib/python3.7/site-packages/airflow/example_dags/example_branch_datetime_operator.py took 0.259 seconds
[2025-07-20T06:09:30.973+0000] {processor.py:154} INFO - Started process (PID=1068) to work on /home/airflow/.local/lib/python3.7/site-packages/airflow/example_dags/example_branch_datetime_operator.py
[2025-07-20T06:09:30.979+0000] {processor.py:756} INFO - Processing file /home/airflow/.local/lib/python3.7/site-packages/airflow/example_dags/example_branch_datetime_operator.py for tasks to queue
[2025-07-20T06:09:30.982+0000] {logging_mixin.py:120} INFO - [2025-07-20T06:09:30.981+0000] {dagbag.py:537} INFO - Filling up the DagBag from /home/airflow/.local/lib/python3.7/site-packages/airflow/example_dags/example_branch_datetime_operator.py
[2025-07-20T06:09:31.024+0000] {processor.py:766} INFO - DAG(s) dict_keys(['example_branch_datetime_operator', 'example_branch_datetime_operator_2', 'example_branch_datetime_operator_3']) retrieved from /home/airflow/.local/lib/python3.7/site-packages/airflow/example_dags/example_branch_datetime_operator.py
[2025-07-20T06:09:31.148+0000] {logging_mixin.py:120} INFO - [2025-07-20T06:09:31.148+0000] {dag.py:2585} INFO - Sync 3 DAGs
[2025-07-20T06:09:31.257+0000] {logging_mixin.py:120} INFO - [2025-07-20T06:09:31.257+0000] {dag.py:3340} INFO - Setting next_dagrun for example_branch_datetime_operator to 2025-07-19T00:00:00+00:00, run_after=2025-07-20T00:00:00+00:00
[2025-07-20T06:09:31.276+0000] {logging_mixin.py:120} INFO - [2025-07-20T06:09:31.276+0000] {dag.py:3340} INFO - Setting next_dagrun for example_branch_datetime_operator_2 to 2025-07-19T00:00:00+00:00, run_after=2025-07-20T00:00:00+00:00
[2025-07-20T06:09:31.304+0000] {logging_mixin.py:120} INFO - [2025-07-20T06:09:31.304+0000] {dag.py:3340} INFO - Setting next_dagrun for example_branch_datetime_operator_3 to 2025-07-19T00:00:00+00:00, run_after=2025-07-20T00:00:00+00:00
[2025-07-20T06:09:31.377+0000] {processor.py:176} INFO - Processing /home/airflow/.local/lib/python3.7/site-packages/airflow/example_dags/example_branch_datetime_operator.py took 0.411 seconds
[2025-07-20T06:10:01.980+0000] {processor.py:154} INFO - Started process (PID=1121) to work on /home/airflow/.local/lib/python3.7/site-packages/airflow/example_dags/example_branch_datetime_operator.py
[2025-07-20T06:10:01.982+0000] {processor.py:756} INFO - Processing file /home/airflow/.local/lib/python3.7/site-packages/airflow/example_dags/example_branch_datetime_operator.py for tasks to queue
[2025-07-20T06:10:01.984+0000] {logging_mixin.py:120} INFO - [2025-07-20T06:10:01.984+0000] {dagbag.py:537} INFO - Filling up the DagBag from /home/airflow/.local/lib/python3.7/site-packages/airflow/example_dags/example_branch_datetime_operator.py
[2025-07-20T06:10:02.021+0000] {processor.py:766} INFO - DAG(s) dict_keys(['example_branch_datetime_operator_2', 'example_branch_datetime_operator_3', 'example_branch_datetime_operator']) retrieved from /home/airflow/.local/lib/python3.7/site-packages/airflow/example_dags/example_branch_datetime_operator.py
[2025-07-20T06:10:02.171+0000] {logging_mixin.py:120} INFO - [2025-07-20T06:10:02.171+0000] {dag.py:2585} INFO - Sync 3 DAGs
[2025-07-20T06:10:02.225+0000] {logging_mixin.py:120} INFO - [2025-07-20T06:10:02.225+0000] {dag.py:3340} INFO - Setting next_dagrun for example_branch_datetime_operator to 2025-07-19T00:00:00+00:00, run_after=2025-07-20T00:00:00+00:00
[2025-07-20T06:10:02.235+0000] {logging_mixin.py:120} INFO - [2025-07-20T06:10:02.235+0000] {dag.py:3340} INFO - Setting next_dagrun for example_branch_datetime_operator_2 to 2025-07-19T00:00:00+00:00, run_after=2025-07-20T00:00:00+00:00
[2025-07-20T06:10:02.241+0000] {logging_mixin.py:120} INFO - [2025-07-20T06:10:02.241+0000] {dag.py:3340} INFO - Setting next_dagrun for example_branch_datetime_operator_3 to 2025-07-19T00:00:00+00:00, run_after=2025-07-20T00:00:00+00:00
[2025-07-20T06:10:02.279+0000] {processor.py:176} INFO - Processing /home/airflow/.local/lib/python3.7/site-packages/airflow/example_dags/example_branch_datetime_operator.py took 0.306 seconds
[2025-07-20T06:10:33.170+0000] {processor.py:154} INFO - Started process (PID=1175) to work on /home/airflow/.local/lib/python3.7/site-packages/airflow/example_dags/example_branch_datetime_operator.py
[2025-07-20T06:10:33.178+0000] {processor.py:756} INFO - Processing file /home/airflow/.local/lib/python3.7/site-packages/airflow/example_dags/example_branch_datetime_operator.py for tasks to queue
[2025-07-20T06:10:33.180+0000] {logging_mixin.py:120} INFO - [2025-07-20T06:10:33.180+0000] {dagbag.py:537} INFO - Filling up the DagBag from /home/airflow/.local/lib/python3.7/site-packages/airflow/example_dags/example_branch_datetime_operator.py
[2025-07-20T06:10:33.244+0000] {processor.py:766} INFO - DAG(s) dict_keys(['example_branch_datetime_operator_3', 'example_branch_datetime_operator_2', 'example_branch_datetime_operator']) retrieved from /home/airflow/.local/lib/python3.7/site-packages/airflow/example_dags/example_branch_datetime_operator.py
[2025-07-20T06:10:33.405+0000] {logging_mixin.py:120} INFO - [2025-07-20T06:10:33.405+0000] {dag.py:2585} INFO - Sync 3 DAGs
[2025-07-20T06:10:33.505+0000] {logging_mixin.py:120} INFO - [2025-07-20T06:10:33.505+0000] {dag.py:3340} INFO - Setting next_dagrun for example_branch_datetime_operator to 2025-07-19T00:00:00+00:00, run_after=2025-07-20T00:00:00+00:00
[2025-07-20T06:10:33.535+0000] {logging_mixin.py:120} INFO - [2025-07-20T06:10:33.533+0000] {dag.py:3340} INFO - Setting next_dagrun for example_branch_datetime_operator_2 to 2025-07-19T00:00:00+00:00, run_after=2025-07-20T00:00:00+00:00
[2025-07-20T06:10:33.556+0000] {logging_mixin.py:120} INFO - [2025-07-20T06:10:33.555+0000] {dag.py:3340} INFO - Setting next_dagrun for example_branch_datetime_operator_3 to 2025-07-19T00:00:00+00:00, run_after=2025-07-20T00:00:00+00:00
[2025-07-20T06:10:33.650+0000] {processor.py:176} INFO - Processing /home/airflow/.local/lib/python3.7/site-packages/airflow/example_dags/example_branch_datetime_operator.py took 0.487 seconds
[2025-07-20T06:11:03.809+0000] {processor.py:154} INFO - Started process (PID=1229) to work on /home/airflow/.local/lib/python3.7/site-packages/airflow/example_dags/example_branch_datetime_operator.py
[2025-07-20T06:11:03.810+0000] {processor.py:756} INFO - Processing file /home/airflow/.local/lib/python3.7/site-packages/airflow/example_dags/example_branch_datetime_operator.py for tasks to queue
[2025-07-20T06:11:03.811+0000] {logging_mixin.py:120} INFO - [2025-07-20T06:11:03.811+0000] {dagbag.py:537} INFO - Filling up the DagBag from /home/airflow/.local/lib/python3.7/site-packages/airflow/example_dags/example_branch_datetime_operator.py
[2025-07-20T06:11:03.837+0000] {processor.py:766} INFO - DAG(s) dict_keys(['example_branch_datetime_operator_3', 'example_branch_datetime_operator_2', 'example_branch_datetime_operator']) retrieved from /home/airflow/.local/lib/python3.7/site-packages/airflow/example_dags/example_branch_datetime_operator.py
[2025-07-20T06:11:03.893+0000] {logging_mixin.py:120} INFO - [2025-07-20T06:11:03.893+0000] {dag.py:2585} INFO - Sync 3 DAGs
[2025-07-20T06:11:03.923+0000] {logging_mixin.py:120} INFO - [2025-07-20T06:11:03.923+0000] {dag.py:3340} INFO - Setting next_dagrun for example_branch_datetime_operator to 2025-07-19T00:00:00+00:00, run_after=2025-07-20T00:00:00+00:00
[2025-07-20T06:11:03.929+0000] {logging_mixin.py:120} INFO - [2025-07-20T06:11:03.929+0000] {dag.py:3340} INFO - Setting next_dagrun for example_branch_datetime_operator_2 to 2025-07-19T00:00:00+00:00, run_after=2025-07-20T00:00:00+00:00
[2025-07-20T06:11:03.932+0000] {logging_mixin.py:120} INFO - [2025-07-20T06:11:03.932+0000] {dag.py:3340} INFO - Setting next_dagrun for example_branch_datetime_operator_3 to 2025-07-19T00:00:00+00:00, run_after=2025-07-20T00:00:00+00:00
[2025-07-20T06:11:03.966+0000] {processor.py:176} INFO - Processing /home/airflow/.local/lib/python3.7/site-packages/airflow/example_dags/example_branch_datetime_operator.py took 0.161 seconds
[2025-07-20T06:11:34.695+0000] {processor.py:154} INFO - Started process (PID=1292) to work on /home/airflow/.local/lib/python3.7/site-packages/airflow/example_dags/example_branch_datetime_operator.py
[2025-07-20T06:11:34.698+0000] {processor.py:756} INFO - Processing file /home/airflow/.local/lib/python3.7/site-packages/airflow/example_dags/example_branch_datetime_operator.py for tasks to queue
[2025-07-20T06:11:34.700+0000] {logging_mixin.py:120} INFO - [2025-07-20T06:11:34.699+0000] {dagbag.py:537} INFO - Filling up the DagBag from /home/airflow/.local/lib/python3.7/site-packages/airflow/example_dags/example_branch_datetime_operator.py
[2025-07-20T06:11:34.732+0000] {processor.py:766} INFO - DAG(s) dict_keys(['example_branch_datetime_operator_3', 'example_branch_datetime_operator', 'example_branch_datetime_operator_2']) retrieved from /home/airflow/.local/lib/python3.7/site-packages/airflow/example_dags/example_branch_datetime_operator.py
[2025-07-20T06:11:34.813+0000] {logging_mixin.py:120} INFO - [2025-07-20T06:11:34.813+0000] {dag.py:2585} INFO - Sync 3 DAGs
[2025-07-20T06:11:34.853+0000] {logging_mixin.py:120} INFO - [2025-07-20T06:11:34.853+0000] {dag.py:3340} INFO - Setting next_dagrun for example_branch_datetime_operator to 2025-07-19T00:00:00+00:00, run_after=2025-07-20T00:00:00+00:00
[2025-07-20T06:11:34.859+0000] {logging_mixin.py:120} INFO - [2025-07-20T06:11:34.859+0000] {dag.py:3340} INFO - Setting next_dagrun for example_branch_datetime_operator_2 to 2025-07-19T00:00:00+00:00, run_after=2025-07-20T00:00:00+00:00
[2025-07-20T06:11:34.862+0000] {logging_mixin.py:120} INFO - [2025-07-20T06:11:34.862+0000] {dag.py:3340} INFO - Setting next_dagrun for example_branch_datetime_operator_3 to 2025-07-19T00:00:00+00:00, run_after=2025-07-20T00:00:00+00:00
[2025-07-20T06:11:34.886+0000] {processor.py:176} INFO - Processing /home/airflow/.local/lib/python3.7/site-packages/airflow/example_dags/example_branch_datetime_operator.py took 0.195 seconds
[2025-07-20T06:12:05.027+0000] {processor.py:154} INFO - Started process (PID=1355) to work on /home/airflow/.local/lib/python3.7/site-packages/airflow/example_dags/example_branch_datetime_operator.py
[2025-07-20T06:12:05.029+0000] {processor.py:756} INFO - Processing file /home/airflow/.local/lib/python3.7/site-packages/airflow/example_dags/example_branch_datetime_operator.py for tasks to queue
[2025-07-20T06:12:05.031+0000] {logging_mixin.py:120} INFO - [2025-07-20T06:12:05.030+0000] {dagbag.py:537} INFO - Filling up the DagBag from /home/airflow/.local/lib/python3.7/site-packages/airflow/example_dags/example_branch_datetime_operator.py
[2025-07-20T06:12:05.068+0000] {processor.py:766} INFO - DAG(s) dict_keys(['example_branch_datetime_operator', 'example_branch_datetime_operator_2', 'example_branch_datetime_operator_3']) retrieved from /home/airflow/.local/lib/python3.7/site-packages/airflow/example_dags/example_branch_datetime_operator.py
[2025-07-20T06:12:05.158+0000] {logging_mixin.py:120} INFO - [2025-07-20T06:12:05.158+0000] {dag.py:2585} INFO - Sync 3 DAGs
[2025-07-20T06:12:05.208+0000] {logging_mixin.py:120} INFO - [2025-07-20T06:12:05.208+0000] {dag.py:3340} INFO - Setting next_dagrun for example_branch_datetime_operator to 2025-07-19T00:00:00+00:00, run_after=2025-07-20T00:00:00+00:00
[2025-07-20T06:12:05.216+0000] {logging_mixin.py:120} INFO - [2025-07-20T06:12:05.216+0000] {dag.py:3340} INFO - Setting next_dagrun for example_branch_datetime_operator_2 to 2025-07-19T00:00:00+00:00, run_after=2025-07-20T00:00:00+00:00
[2025-07-20T06:12:05.222+0000] {logging_mixin.py:120} INFO - [2025-07-20T06:12:05.221+0000] {dag.py:3340} INFO - Setting next_dagrun for example_branch_datetime_operator_3 to 2025-07-19T00:00:00+00:00, run_after=2025-07-20T00:00:00+00:00
[2025-07-20T06:12:05.257+0000] {processor.py:176} INFO - Processing /home/airflow/.local/lib/python3.7/site-packages/airflow/example_dags/example_branch_datetime_operator.py took 0.238 seconds
[2025-07-20T06:12:36.189+0000] {processor.py:154} INFO - Started process (PID=1407) to work on /home/airflow/.local/lib/python3.7/site-packages/airflow/example_dags/example_branch_datetime_operator.py
[2025-07-20T06:12:36.194+0000] {processor.py:756} INFO - Processing file /home/airflow/.local/lib/python3.7/site-packages/airflow/example_dags/example_branch_datetime_operator.py for tasks to queue
[2025-07-20T06:12:36.201+0000] {logging_mixin.py:120} INFO - [2025-07-20T06:12:36.201+0000] {dagbag.py:537} INFO - Filling up the DagBag from /home/airflow/.local/lib/python3.7/site-packages/airflow/example_dags/example_branch_datetime_operator.py
[2025-07-20T06:12:36.270+0000] {processor.py:766} INFO - DAG(s) dict_keys(['example_branch_datetime_operator', 'example_branch_datetime_operator_2', 'example_branch_datetime_operator_3']) retrieved from /home/airflow/.local/lib/python3.7/site-packages/airflow/example_dags/example_branch_datetime_operator.py
[2025-07-20T06:12:36.386+0000] {logging_mixin.py:120} INFO - [2025-07-20T06:12:36.386+0000] {dag.py:2585} INFO - Sync 3 DAGs
[2025-07-20T06:12:36.536+0000] {logging_mixin.py:120} INFO - [2025-07-20T06:12:36.535+0000] {dag.py:3340} INFO - Setting next_dagrun for example_branch_datetime_operator to 2025-07-19T00:00:00+00:00, run_after=2025-07-20T00:00:00+00:00
[2025-07-20T06:12:36.543+0000] {logging_mixin.py:120} INFO - [2025-07-20T06:12:36.543+0000] {dag.py:3340} INFO - Setting next_dagrun for example_branch_datetime_operator_2 to 2025-07-19T00:00:00+00:00, run_after=2025-07-20T00:00:00+00:00
[2025-07-20T06:12:36.547+0000] {logging_mixin.py:120} INFO - [2025-07-20T06:12:36.547+0000] {dag.py:3340} INFO - Setting next_dagrun for example_branch_datetime_operator_3 to 2025-07-19T00:00:00+00:00, run_after=2025-07-20T00:00:00+00:00
[2025-07-20T06:12:36.579+0000] {processor.py:176} INFO - Processing /home/airflow/.local/lib/python3.7/site-packages/airflow/example_dags/example_branch_datetime_operator.py took 0.399 seconds
[2025-07-20T06:13:06.976+0000] {processor.py:154} INFO - Started process (PID=1469) to work on /home/airflow/.local/lib/python3.7/site-packages/airflow/example_dags/example_branch_datetime_operator.py
[2025-07-20T06:13:06.977+0000] {processor.py:756} INFO - Processing file /home/airflow/.local/lib/python3.7/site-packages/airflow/example_dags/example_branch_datetime_operator.py for tasks to queue
[2025-07-20T06:13:06.979+0000] {logging_mixin.py:120} INFO - [2025-07-20T06:13:06.979+0000] {dagbag.py:537} INFO - Filling up the DagBag from /home/airflow/.local/lib/python3.7/site-packages/airflow/example_dags/example_branch_datetime_operator.py
[2025-07-20T06:13:07.016+0000] {processor.py:766} INFO - DAG(s) dict_keys(['example_branch_datetime_operator_3', 'example_branch_datetime_operator_2', 'example_branch_datetime_operator']) retrieved from /home/airflow/.local/lib/python3.7/site-packages/airflow/example_dags/example_branch_datetime_operator.py
[2025-07-20T06:13:07.108+0000] {logging_mixin.py:120} INFO - [2025-07-20T06:13:07.107+0000] {dag.py:2585} INFO - Sync 3 DAGs
[2025-07-20T06:13:07.151+0000] {logging_mixin.py:120} INFO - [2025-07-20T06:13:07.151+0000] {dag.py:3340} INFO - Setting next_dagrun for example_branch_datetime_operator to 2025-07-19T00:00:00+00:00, run_after=2025-07-20T00:00:00+00:00
[2025-07-20T06:13:07.166+0000] {logging_mixin.py:120} INFO - [2025-07-20T06:13:07.166+0000] {dag.py:3340} INFO - Setting next_dagrun for example_branch_datetime_operator_2 to 2025-07-19T00:00:00+00:00, run_after=2025-07-20T00:00:00+00:00
[2025-07-20T06:13:07.174+0000] {logging_mixin.py:120} INFO - [2025-07-20T06:13:07.173+0000] {dag.py:3340} INFO - Setting next_dagrun for example_branch_datetime_operator_3 to 2025-07-19T00:00:00+00:00, run_after=2025-07-20T00:00:00+00:00
[2025-07-20T06:13:07.249+0000] {processor.py:176} INFO - Processing /home/airflow/.local/lib/python3.7/site-packages/airflow/example_dags/example_branch_datetime_operator.py took 0.284 seconds
[2025-07-20T06:13:37.539+0000] {processor.py:154} INFO - Started process (PID=1523) to work on /home/airflow/.local/lib/python3.7/site-packages/airflow/example_dags/example_branch_datetime_operator.py
[2025-07-20T06:13:37.542+0000] {processor.py:756} INFO - Processing file /home/airflow/.local/lib/python3.7/site-packages/airflow/example_dags/example_branch_datetime_operator.py for tasks to queue
[2025-07-20T06:13:37.544+0000] {logging_mixin.py:120} INFO - [2025-07-20T06:13:37.544+0000] {dagbag.py:537} INFO - Filling up the DagBag from /home/airflow/.local/lib/python3.7/site-packages/airflow/example_dags/example_branch_datetime_operator.py
[2025-07-20T06:13:37.598+0000] {processor.py:766} INFO - DAG(s) dict_keys(['example_branch_datetime_operator_3', 'example_branch_datetime_operator_2', 'example_branch_datetime_operator']) retrieved from /home/airflow/.local/lib/python3.7/site-packages/airflow/example_dags/example_branch_datetime_operator.py
[2025-07-20T06:13:37.720+0000] {logging_mixin.py:120} INFO - [2025-07-20T06:13:37.719+0000] {dag.py:2585} INFO - Sync 3 DAGs
[2025-07-20T06:13:37.805+0000] {logging_mixin.py:120} INFO - [2025-07-20T06:13:37.805+0000] {dag.py:3340} INFO - Setting next_dagrun for example_branch_datetime_operator to 2025-07-19T00:00:00+00:00, run_after=2025-07-20T00:00:00+00:00
[2025-07-20T06:13:37.815+0000] {logging_mixin.py:120} INFO - [2025-07-20T06:13:37.814+0000] {dag.py:3340} INFO - Setting next_dagrun for example_branch_datetime_operator_2 to 2025-07-19T00:00:00+00:00, run_after=2025-07-20T00:00:00+00:00
[2025-07-20T06:13:37.833+0000] {logging_mixin.py:120} INFO - [2025-07-20T06:13:37.833+0000] {dag.py:3340} INFO - Setting next_dagrun for example_branch_datetime_operator_3 to 2025-07-19T00:00:00+00:00, run_after=2025-07-20T00:00:00+00:00
[2025-07-20T06:13:37.884+0000] {processor.py:176} INFO - Processing /home/airflow/.local/lib/python3.7/site-packages/airflow/example_dags/example_branch_datetime_operator.py took 0.357 seconds
[2025-07-20T06:14:08.657+0000] {processor.py:154} INFO - Started process (PID=1587) to work on /home/airflow/.local/lib/python3.7/site-packages/airflow/example_dags/example_branch_datetime_operator.py
[2025-07-20T06:14:08.661+0000] {processor.py:756} INFO - Processing file /home/airflow/.local/lib/python3.7/site-packages/airflow/example_dags/example_branch_datetime_operator.py for tasks to queue
[2025-07-20T06:14:08.663+0000] {logging_mixin.py:120} INFO - [2025-07-20T06:14:08.663+0000] {dagbag.py:537} INFO - Filling up the DagBag from /home/airflow/.local/lib/python3.7/site-packages/airflow/example_dags/example_branch_datetime_operator.py
[2025-07-20T06:14:08.717+0000] {processor.py:766} INFO - DAG(s) dict_keys(['example_branch_datetime_operator_2', 'example_branch_datetime_operator_3', 'example_branch_datetime_operator']) retrieved from /home/airflow/.local/lib/python3.7/site-packages/airflow/example_dags/example_branch_datetime_operator.py
[2025-07-20T06:14:08.883+0000] {logging_mixin.py:120} INFO - [2025-07-20T06:14:08.883+0000] {dag.py:2585} INFO - Sync 3 DAGs
[2025-07-20T06:14:08.945+0000] {logging_mixin.py:120} INFO - [2025-07-20T06:14:08.945+0000] {dag.py:3340} INFO - Setting next_dagrun for example_branch_datetime_operator to 2025-07-19T00:00:00+00:00, run_after=2025-07-20T00:00:00+00:00
[2025-07-20T06:14:08.957+0000] {logging_mixin.py:120} INFO - [2025-07-20T06:14:08.957+0000] {dag.py:3340} INFO - Setting next_dagrun for example_branch_datetime_operator_2 to 2025-07-19T00:00:00+00:00, run_after=2025-07-20T00:00:00+00:00
[2025-07-20T06:14:08.963+0000] {logging_mixin.py:120} INFO - [2025-07-20T06:14:08.963+0000] {dag.py:3340} INFO - Setting next_dagrun for example_branch_datetime_operator_3 to 2025-07-19T00:00:00+00:00, run_after=2025-07-20T00:00:00+00:00
[2025-07-20T06:14:09.041+0000] {processor.py:176} INFO - Processing /home/airflow/.local/lib/python3.7/site-packages/airflow/example_dags/example_branch_datetime_operator.py took 0.397 seconds
[2025-07-20T06:14:40.256+0000] {processor.py:154} INFO - Started process (PID=1641) to work on /home/airflow/.local/lib/python3.7/site-packages/airflow/example_dags/example_branch_datetime_operator.py
[2025-07-20T06:14:40.258+0000] {processor.py:756} INFO - Processing file /home/airflow/.local/lib/python3.7/site-packages/airflow/example_dags/example_branch_datetime_operator.py for tasks to queue
[2025-07-20T06:14:40.260+0000] {logging_mixin.py:120} INFO - [2025-07-20T06:14:40.260+0000] {dagbag.py:537} INFO - Filling up the DagBag from /home/airflow/.local/lib/python3.7/site-packages/airflow/example_dags/example_branch_datetime_operator.py
[2025-07-20T06:14:40.317+0000] {processor.py:766} INFO - DAG(s) dict_keys(['example_branch_datetime_operator_3', 'example_branch_datetime_operator', 'example_branch_datetime_operator_2']) retrieved from /home/airflow/.local/lib/python3.7/site-packages/airflow/example_dags/example_branch_datetime_operator.py
[2025-07-20T06:14:40.451+0000] {logging_mixin.py:120} INFO - [2025-07-20T06:14:40.451+0000] {dag.py:2585} INFO - Sync 3 DAGs
[2025-07-20T06:14:40.549+0000] {logging_mixin.py:120} INFO - [2025-07-20T06:14:40.549+0000] {dag.py:3340} INFO - Setting next_dagrun for example_branch_datetime_operator to 2025-07-19T00:00:00+00:00, run_after=2025-07-20T00:00:00+00:00
[2025-07-20T06:14:40.572+0000] {logging_mixin.py:120} INFO - [2025-07-20T06:14:40.571+0000] {dag.py:3340} INFO - Setting next_dagrun for example_branch_datetime_operator_2 to 2025-07-19T00:00:00+00:00, run_after=2025-07-20T00:00:00+00:00
[2025-07-20T06:14:40.581+0000] {logging_mixin.py:120} INFO - [2025-07-20T06:14:40.581+0000] {dag.py:3340} INFO - Setting next_dagrun for example_branch_datetime_operator_3 to 2025-07-19T00:00:00+00:00, run_after=2025-07-20T00:00:00+00:00
[2025-07-20T06:14:40.643+0000] {processor.py:176} INFO - Processing /home/airflow/.local/lib/python3.7/site-packages/airflow/example_dags/example_branch_datetime_operator.py took 0.395 seconds
[2025-07-20T06:15:11.480+0000] {processor.py:154} INFO - Started process (PID=1699) to work on /home/airflow/.local/lib/python3.7/site-packages/airflow/example_dags/example_branch_datetime_operator.py
[2025-07-20T06:15:11.482+0000] {processor.py:756} INFO - Processing file /home/airflow/.local/lib/python3.7/site-packages/airflow/example_dags/example_branch_datetime_operator.py for tasks to queue
[2025-07-20T06:15:11.490+0000] {logging_mixin.py:120} INFO - [2025-07-20T06:15:11.490+0000] {dagbag.py:537} INFO - Filling up the DagBag from /home/airflow/.local/lib/python3.7/site-packages/airflow/example_dags/example_branch_datetime_operator.py
[2025-07-20T06:15:11.573+0000] {processor.py:766} INFO - DAG(s) dict_keys(['example_branch_datetime_operator_2', 'example_branch_datetime_operator_3', 'example_branch_datetime_operator']) retrieved from /home/airflow/.local/lib/python3.7/site-packages/airflow/example_dags/example_branch_datetime_operator.py
[2025-07-20T06:15:11.937+0000] {logging_mixin.py:120} INFO - [2025-07-20T06:15:11.937+0000] {dag.py:2585} INFO - Sync 3 DAGs
[2025-07-20T06:15:12.247+0000] {logging_mixin.py:120} INFO - [2025-07-20T06:15:12.247+0000] {dag.py:3340} INFO - Setting next_dagrun for example_branch_datetime_operator to 2025-07-19T00:00:00+00:00, run_after=2025-07-20T00:00:00+00:00
[2025-07-20T06:15:12.367+0000] {logging_mixin.py:120} INFO - [2025-07-20T06:15:12.367+0000] {dag.py:3340} INFO - Setting next_dagrun for example_branch_datetime_operator_2 to 2025-07-19T00:00:00+00:00, run_after=2025-07-20T00:00:00+00:00
[2025-07-20T06:15:12.407+0000] {logging_mixin.py:120} INFO - [2025-07-20T06:15:12.406+0000] {dag.py:3340} INFO - Setting next_dagrun for example_branch_datetime_operator_3 to 2025-07-19T00:00:00+00:00, run_after=2025-07-20T00:00:00+00:00
[2025-07-20T06:15:12.544+0000] {processor.py:176} INFO - Processing /home/airflow/.local/lib/python3.7/site-packages/airflow/example_dags/example_branch_datetime_operator.py took 1.073 seconds
