[2025-07-20T05:58:47.497+0000] {processor.py:154} INFO - Started process (PID=77) to work on /home/airflow/.local/lib/python3.7/site-packages/airflow/example_dags/example_branch_operator.py
[2025-07-20T05:58:47.512+0000] {processor.py:756} INFO - Processing file /home/airflow/.local/lib/python3.7/site-packages/airflow/example_dags/example_branch_operator.py for tasks to queue
[2025-07-20T05:58:47.569+0000] {logging_mixin.py:120} INFO - [2025-07-20T05:58:47.538+0000] {dagbag.py:537} INFO - Filling up the DagBag from /home/airflow/.local/lib/python3.7/site-packages/airflow/example_dags/example_branch_operator.py
[2025-07-20T05:58:48.622+0000] {processor.py:766} INFO - DAG(s) dict_keys(['example_branch_operator']) retrieved from /home/airflow/.local/lib/python3.7/site-packages/airflow/example_dags/example_branch_operator.py
[2025-07-20T05:58:50.027+0000] {logging_mixin.py:120} INFO - [2025-07-20T05:58:50.026+0000] {dag.py:2585} INFO - Sync 1 DAGs
[2025-07-20T05:58:50.830+0000] {logging_mixin.py:120} INFO - [2025-07-20T05:58:50.830+0000] {dag.py:3340} INFO - Setting next_dagrun for example_branch_operator to 2025-07-19T00:00:00+00:00, run_after=2025-07-20T00:00:00+00:00
[2025-07-20T05:58:51.806+0000] {processor.py:176} INFO - Processing /home/airflow/.local/lib/python3.7/site-packages/airflow/example_dags/example_branch_operator.py took 4.531 seconds
[2025-07-20T06:01:11.422+0000] {processor.py:154} INFO - Started process (PID=175) to work on /home/airflow/.local/lib/python3.7/site-packages/airflow/example_dags/example_branch_operator.py
[2025-07-20T06:01:11.490+0000] {processor.py:756} INFO - Processing file /home/airflow/.local/lib/python3.7/site-packages/airflow/example_dags/example_branch_operator.py for tasks to queue
[2025-07-20T06:01:11.493+0000] {logging_mixin.py:120} INFO - [2025-07-20T06:01:11.492+0000] {dagbag.py:537} INFO - Filling up the DagBag from /home/airflow/.local/lib/python3.7/site-packages/airflow/example_dags/example_branch_operator.py
[2025-07-20T06:01:11.762+0000] {processor.py:766} INFO - DAG(s) dict_keys(['example_branch_operator']) retrieved from /home/airflow/.local/lib/python3.7/site-packages/airflow/example_dags/example_branch_operator.py
[2025-07-20T06:01:12.299+0000] {logging_mixin.py:120} INFO - [2025-07-20T06:01:12.295+0000] {dag.py:2585} INFO - Sync 1 DAGs
[2025-07-20T06:01:12.559+0000] {logging_mixin.py:120} INFO - [2025-07-20T06:01:12.558+0000] {dag.py:3340} INFO - Setting next_dagrun for example_branch_operator to 2025-07-19T00:00:00+00:00, run_after=2025-07-20T00:00:00+00:00
[2025-07-20T06:01:12.984+0000] {processor.py:176} INFO - Processing /home/airflow/.local/lib/python3.7/site-packages/airflow/example_dags/example_branch_operator.py took 1.590 seconds
[2025-07-20T06:02:01.400+0000] {processor.py:154} INFO - Started process (PID=241) to work on /home/airflow/.local/lib/python3.7/site-packages/airflow/example_dags/example_branch_operator.py
[2025-07-20T06:02:01.403+0000] {processor.py:756} INFO - Processing file /home/airflow/.local/lib/python3.7/site-packages/airflow/example_dags/example_branch_operator.py for tasks to queue
[2025-07-20T06:02:01.429+0000] {logging_mixin.py:120} INFO - [2025-07-20T06:02:01.428+0000] {dagbag.py:537} INFO - Filling up the DagBag from /home/airflow/.local/lib/python3.7/site-packages/airflow/example_dags/example_branch_operator.py
[2025-07-20T06:02:01.714+0000] {processor.py:766} INFO - DAG(s) dict_keys(['example_branch_operator']) retrieved from /home/airflow/.local/lib/python3.7/site-packages/airflow/example_dags/example_branch_operator.py
[2025-07-20T06:02:02.424+0000] {logging_mixin.py:120} INFO - [2025-07-20T06:02:02.423+0000] {dag.py:2585} INFO - Sync 1 DAGs
[2025-07-20T06:02:02.745+0000] {logging_mixin.py:120} INFO - [2025-07-20T06:02:02.745+0000] {dag.py:3340} INFO - Setting next_dagrun for example_branch_operator to 2025-07-19T00:00:00+00:00, run_after=2025-07-20T00:00:00+00:00
[2025-07-20T06:02:03.332+0000] {processor.py:176} INFO - Processing /home/airflow/.local/lib/python3.7/site-packages/airflow/example_dags/example_branch_operator.py took 1.960 seconds
[2025-07-20T06:02:33.843+0000] {processor.py:154} INFO - Started process (PID=295) to work on /home/airflow/.local/lib/python3.7/site-packages/airflow/example_dags/example_branch_operator.py
[2025-07-20T06:02:33.846+0000] {processor.py:756} INFO - Processing file /home/airflow/.local/lib/python3.7/site-packages/airflow/example_dags/example_branch_operator.py for tasks to queue
[2025-07-20T06:02:33.849+0000] {logging_mixin.py:120} INFO - [2025-07-20T06:02:33.849+0000] {dagbag.py:537} INFO - Filling up the DagBag from /home/airflow/.local/lib/python3.7/site-packages/airflow/example_dags/example_branch_operator.py
[2025-07-20T06:02:33.932+0000] {processor.py:766} INFO - DAG(s) dict_keys(['example_branch_operator']) retrieved from /home/airflow/.local/lib/python3.7/site-packages/airflow/example_dags/example_branch_operator.py
[2025-07-20T06:02:34.262+0000] {logging_mixin.py:120} INFO - [2025-07-20T06:02:34.262+0000] {dag.py:2585} INFO - Sync 1 DAGs
[2025-07-20T06:02:34.534+0000] {logging_mixin.py:120} INFO - [2025-07-20T06:02:34.533+0000] {dag.py:3340} INFO - Setting next_dagrun for example_branch_operator to 2025-07-19T00:00:00+00:00, run_after=2025-07-20T00:00:00+00:00
[2025-07-20T06:02:34.755+0000] {processor.py:176} INFO - Processing /home/airflow/.local/lib/python3.7/site-packages/airflow/example_dags/example_branch_operator.py took 0.919 seconds
[2025-07-20T06:03:05.244+0000] {processor.py:154} INFO - Started process (PID=349) to work on /home/airflow/.local/lib/python3.7/site-packages/airflow/example_dags/example_branch_operator.py
[2025-07-20T06:03:05.246+0000] {processor.py:756} INFO - Processing file /home/airflow/.local/lib/python3.7/site-packages/airflow/example_dags/example_branch_operator.py for tasks to queue
[2025-07-20T06:03:05.258+0000] {logging_mixin.py:120} INFO - [2025-07-20T06:03:05.258+0000] {dagbag.py:537} INFO - Filling up the DagBag from /home/airflow/.local/lib/python3.7/site-packages/airflow/example_dags/example_branch_operator.py
[2025-07-20T06:03:05.374+0000] {processor.py:766} INFO - DAG(s) dict_keys(['example_branch_operator']) retrieved from /home/airflow/.local/lib/python3.7/site-packages/airflow/example_dags/example_branch_operator.py
[2025-07-20T06:03:05.621+0000] {logging_mixin.py:120} INFO - [2025-07-20T06:03:05.621+0000] {dag.py:2585} INFO - Sync 1 DAGs
[2025-07-20T06:03:05.684+0000] {logging_mixin.py:120} INFO - [2025-07-20T06:03:05.684+0000] {dag.py:3340} INFO - Setting next_dagrun for example_branch_operator to 2025-07-19T00:00:00+00:00, run_after=2025-07-20T00:00:00+00:00
[2025-07-20T06:03:05.721+0000] {processor.py:176} INFO - Processing /home/airflow/.local/lib/python3.7/site-packages/airflow/example_dags/example_branch_operator.py took 0.497 seconds
[2025-07-20T06:03:35.942+0000] {processor.py:154} INFO - Started process (PID=403) to work on /home/airflow/.local/lib/python3.7/site-packages/airflow/example_dags/example_branch_operator.py
[2025-07-20T06:03:35.945+0000] {processor.py:756} INFO - Processing file /home/airflow/.local/lib/python3.7/site-packages/airflow/example_dags/example_branch_operator.py for tasks to queue
[2025-07-20T06:03:35.947+0000] {logging_mixin.py:120} INFO - [2025-07-20T06:03:35.947+0000] {dagbag.py:537} INFO - Filling up the DagBag from /home/airflow/.local/lib/python3.7/site-packages/airflow/example_dags/example_branch_operator.py
[2025-07-20T06:03:36.002+0000] {processor.py:766} INFO - DAG(s) dict_keys(['example_branch_operator']) retrieved from /home/airflow/.local/lib/python3.7/site-packages/airflow/example_dags/example_branch_operator.py
[2025-07-20T06:03:36.108+0000] {logging_mixin.py:120} INFO - [2025-07-20T06:03:36.108+0000] {dag.py:2585} INFO - Sync 1 DAGs
[2025-07-20T06:03:36.156+0000] {logging_mixin.py:120} INFO - [2025-07-20T06:03:36.156+0000] {dag.py:3340} INFO - Setting next_dagrun for example_branch_operator to 2025-07-19T00:00:00+00:00, run_after=2025-07-20T00:00:00+00:00
[2025-07-20T06:03:36.191+0000] {processor.py:176} INFO - Processing /home/airflow/.local/lib/python3.7/site-packages/airflow/example_dags/example_branch_operator.py took 0.261 seconds
[2025-07-20T06:04:06.788+0000] {processor.py:154} INFO - Started process (PID=457) to work on /home/airflow/.local/lib/python3.7/site-packages/airflow/example_dags/example_branch_operator.py
[2025-07-20T06:04:06.792+0000] {processor.py:756} INFO - Processing file /home/airflow/.local/lib/python3.7/site-packages/airflow/example_dags/example_branch_operator.py for tasks to queue
[2025-07-20T06:04:06.795+0000] {logging_mixin.py:120} INFO - [2025-07-20T06:04:06.795+0000] {dagbag.py:537} INFO - Filling up the DagBag from /home/airflow/.local/lib/python3.7/site-packages/airflow/example_dags/example_branch_operator.py
[2025-07-20T06:04:06.861+0000] {processor.py:766} INFO - DAG(s) dict_keys(['example_branch_operator']) retrieved from /home/airflow/.local/lib/python3.7/site-packages/airflow/example_dags/example_branch_operator.py
[2025-07-20T06:04:06.961+0000] {logging_mixin.py:120} INFO - [2025-07-20T06:04:06.961+0000] {dag.py:2585} INFO - Sync 1 DAGs
[2025-07-20T06:04:07.004+0000] {logging_mixin.py:120} INFO - [2025-07-20T06:04:07.004+0000] {dag.py:3340} INFO - Setting next_dagrun for example_branch_operator to 2025-07-19T00:00:00+00:00, run_after=2025-07-20T00:00:00+00:00
[2025-07-20T06:04:07.040+0000] {processor.py:176} INFO - Processing /home/airflow/.local/lib/python3.7/site-packages/airflow/example_dags/example_branch_operator.py took 0.266 seconds
[2025-07-20T06:04:37.540+0000] {processor.py:154} INFO - Started process (PID=522) to work on /home/airflow/.local/lib/python3.7/site-packages/airflow/example_dags/example_branch_operator.py
[2025-07-20T06:04:37.541+0000] {processor.py:756} INFO - Processing file /home/airflow/.local/lib/python3.7/site-packages/airflow/example_dags/example_branch_operator.py for tasks to queue
[2025-07-20T06:04:37.543+0000] {logging_mixin.py:120} INFO - [2025-07-20T06:04:37.543+0000] {dagbag.py:537} INFO - Filling up the DagBag from /home/airflow/.local/lib/python3.7/site-packages/airflow/example_dags/example_branch_operator.py
[2025-07-20T06:04:37.568+0000] {processor.py:766} INFO - DAG(s) dict_keys(['example_branch_operator']) retrieved from /home/airflow/.local/lib/python3.7/site-packages/airflow/example_dags/example_branch_operator.py
[2025-07-20T06:04:37.629+0000] {logging_mixin.py:120} INFO - [2025-07-20T06:04:37.629+0000] {dag.py:2585} INFO - Sync 1 DAGs
[2025-07-20T06:04:37.670+0000] {logging_mixin.py:120} INFO - [2025-07-20T06:04:37.670+0000] {dag.py:3340} INFO - Setting next_dagrun for example_branch_operator to 2025-07-19T00:00:00+00:00, run_after=2025-07-20T00:00:00+00:00
[2025-07-20T06:04:37.706+0000] {processor.py:176} INFO - Processing /home/airflow/.local/lib/python3.7/site-packages/airflow/example_dags/example_branch_operator.py took 0.172 seconds
[2025-07-20T06:05:07.993+0000] {processor.py:154} INFO - Started process (PID=582) to work on /home/airflow/.local/lib/python3.7/site-packages/airflow/example_dags/example_branch_operator.py
[2025-07-20T06:05:07.995+0000] {processor.py:756} INFO - Processing file /home/airflow/.local/lib/python3.7/site-packages/airflow/example_dags/example_branch_operator.py for tasks to queue
[2025-07-20T06:05:07.996+0000] {logging_mixin.py:120} INFO - [2025-07-20T06:05:07.996+0000] {dagbag.py:537} INFO - Filling up the DagBag from /home/airflow/.local/lib/python3.7/site-packages/airflow/example_dags/example_branch_operator.py
[2025-07-20T06:05:08.037+0000] {processor.py:766} INFO - DAG(s) dict_keys(['example_branch_operator']) retrieved from /home/airflow/.local/lib/python3.7/site-packages/airflow/example_dags/example_branch_operator.py
[2025-07-20T06:05:08.142+0000] {logging_mixin.py:120} INFO - [2025-07-20T06:05:08.141+0000] {dag.py:2585} INFO - Sync 1 DAGs
[2025-07-20T06:05:08.229+0000] {logging_mixin.py:120} INFO - [2025-07-20T06:05:08.229+0000] {dag.py:3340} INFO - Setting next_dagrun for example_branch_operator to 2025-07-19T00:00:00+00:00, run_after=2025-07-20T00:00:00+00:00
[2025-07-20T06:05:08.270+0000] {processor.py:176} INFO - Processing /home/airflow/.local/lib/python3.7/site-packages/airflow/example_dags/example_branch_operator.py took 0.283 seconds
[2025-07-20T06:05:38.542+0000] {processor.py:154} INFO - Started process (PID=638) to work on /home/airflow/.local/lib/python3.7/site-packages/airflow/example_dags/example_branch_operator.py
[2025-07-20T06:05:38.546+0000] {processor.py:756} INFO - Processing file /home/airflow/.local/lib/python3.7/site-packages/airflow/example_dags/example_branch_operator.py for tasks to queue
[2025-07-20T06:05:38.549+0000] {logging_mixin.py:120} INFO - [2025-07-20T06:05:38.549+0000] {dagbag.py:537} INFO - Filling up the DagBag from /home/airflow/.local/lib/python3.7/site-packages/airflow/example_dags/example_branch_operator.py
[2025-07-20T06:05:38.606+0000] {processor.py:766} INFO - DAG(s) dict_keys(['example_branch_operator']) retrieved from /home/airflow/.local/lib/python3.7/site-packages/airflow/example_dags/example_branch_operator.py
[2025-07-20T06:05:38.701+0000] {logging_mixin.py:120} INFO - [2025-07-20T06:05:38.701+0000] {dag.py:2585} INFO - Sync 1 DAGs
[2025-07-20T06:05:38.771+0000] {logging_mixin.py:120} INFO - [2025-07-20T06:05:38.771+0000] {dag.py:3340} INFO - Setting next_dagrun for example_branch_operator to 2025-07-19T00:00:00+00:00, run_after=2025-07-20T00:00:00+00:00
[2025-07-20T06:05:38.809+0000] {processor.py:176} INFO - Processing /home/airflow/.local/lib/python3.7/site-packages/airflow/example_dags/example_branch_operator.py took 0.276 seconds
[2025-07-20T06:06:09.816+0000] {processor.py:154} INFO - Started process (PID=701) to work on /home/airflow/.local/lib/python3.7/site-packages/airflow/example_dags/example_branch_operator.py
[2025-07-20T06:06:09.817+0000] {processor.py:756} INFO - Processing file /home/airflow/.local/lib/python3.7/site-packages/airflow/example_dags/example_branch_operator.py for tasks to queue
[2025-07-20T06:06:09.819+0000] {logging_mixin.py:120} INFO - [2025-07-20T06:06:09.819+0000] {dagbag.py:537} INFO - Filling up the DagBag from /home/airflow/.local/lib/python3.7/site-packages/airflow/example_dags/example_branch_operator.py
[2025-07-20T06:06:09.837+0000] {processor.py:766} INFO - DAG(s) dict_keys(['example_branch_operator']) retrieved from /home/airflow/.local/lib/python3.7/site-packages/airflow/example_dags/example_branch_operator.py
[2025-07-20T06:06:09.883+0000] {logging_mixin.py:120} INFO - [2025-07-20T06:06:09.883+0000] {dag.py:2585} INFO - Sync 1 DAGs
[2025-07-20T06:06:09.910+0000] {logging_mixin.py:120} INFO - [2025-07-20T06:06:09.910+0000] {dag.py:3340} INFO - Setting next_dagrun for example_branch_operator to 2025-07-19T00:00:00+00:00, run_after=2025-07-20T00:00:00+00:00
[2025-07-20T06:06:09.941+0000] {processor.py:176} INFO - Processing /home/airflow/.local/lib/python3.7/site-packages/airflow/example_dags/example_branch_operator.py took 0.128 seconds
[2025-07-20T06:06:40.188+0000] {processor.py:154} INFO - Started process (PID=755) to work on /home/airflow/.local/lib/python3.7/site-packages/airflow/example_dags/example_branch_operator.py
[2025-07-20T06:06:40.190+0000] {processor.py:756} INFO - Processing file /home/airflow/.local/lib/python3.7/site-packages/airflow/example_dags/example_branch_operator.py for tasks to queue
[2025-07-20T06:06:40.191+0000] {logging_mixin.py:120} INFO - [2025-07-20T06:06:40.191+0000] {dagbag.py:537} INFO - Filling up the DagBag from /home/airflow/.local/lib/python3.7/site-packages/airflow/example_dags/example_branch_operator.py
[2025-07-20T06:06:40.224+0000] {processor.py:766} INFO - DAG(s) dict_keys(['example_branch_operator']) retrieved from /home/airflow/.local/lib/python3.7/site-packages/airflow/example_dags/example_branch_operator.py
[2025-07-20T06:06:40.295+0000] {logging_mixin.py:120} INFO - [2025-07-20T06:06:40.295+0000] {dag.py:2585} INFO - Sync 1 DAGs
[2025-07-20T06:06:40.348+0000] {logging_mixin.py:120} INFO - [2025-07-20T06:06:40.348+0000] {dag.py:3340} INFO - Setting next_dagrun for example_branch_operator to 2025-07-19T00:00:00+00:00, run_after=2025-07-20T00:00:00+00:00
[2025-07-20T06:06:40.382+0000] {processor.py:176} INFO - Processing /home/airflow/.local/lib/python3.7/site-packages/airflow/example_dags/example_branch_operator.py took 0.199 seconds
[2025-07-20T06:07:10.704+0000] {processor.py:154} INFO - Started process (PID=817) to work on /home/airflow/.local/lib/python3.7/site-packages/airflow/example_dags/example_branch_operator.py
[2025-07-20T06:07:10.706+0000] {processor.py:756} INFO - Processing file /home/airflow/.local/lib/python3.7/site-packages/airflow/example_dags/example_branch_operator.py for tasks to queue
[2025-07-20T06:07:10.708+0000] {logging_mixin.py:120} INFO - [2025-07-20T06:07:10.708+0000] {dagbag.py:537} INFO - Filling up the DagBag from /home/airflow/.local/lib/python3.7/site-packages/airflow/example_dags/example_branch_operator.py
[2025-07-20T06:07:10.744+0000] {processor.py:766} INFO - DAG(s) dict_keys(['example_branch_operator']) retrieved from /home/airflow/.local/lib/python3.7/site-packages/airflow/example_dags/example_branch_operator.py
[2025-07-20T06:07:10.819+0000] {logging_mixin.py:120} INFO - [2025-07-20T06:07:10.818+0000] {dag.py:2585} INFO - Sync 1 DAGs
[2025-07-20T06:07:10.867+0000] {logging_mixin.py:120} INFO - [2025-07-20T06:07:10.867+0000] {dag.py:3340} INFO - Setting next_dagrun for example_branch_operator to 2025-07-19T00:00:00+00:00, run_after=2025-07-20T00:00:00+00:00
[2025-07-20T06:07:10.906+0000] {processor.py:176} INFO - Processing /home/airflow/.local/lib/python3.7/site-packages/airflow/example_dags/example_branch_operator.py took 0.209 seconds
[2025-07-20T06:07:41.836+0000] {processor.py:154} INFO - Started process (PID=871) to work on /home/airflow/.local/lib/python3.7/site-packages/airflow/example_dags/example_branch_operator.py
[2025-07-20T06:07:41.839+0000] {processor.py:756} INFO - Processing file /home/airflow/.local/lib/python3.7/site-packages/airflow/example_dags/example_branch_operator.py for tasks to queue
[2025-07-20T06:07:41.841+0000] {logging_mixin.py:120} INFO - [2025-07-20T06:07:41.840+0000] {dagbag.py:537} INFO - Filling up the DagBag from /home/airflow/.local/lib/python3.7/site-packages/airflow/example_dags/example_branch_operator.py
[2025-07-20T06:07:41.873+0000] {processor.py:766} INFO - DAG(s) dict_keys(['example_branch_operator']) retrieved from /home/airflow/.local/lib/python3.7/site-packages/airflow/example_dags/example_branch_operator.py
[2025-07-20T06:07:41.954+0000] {logging_mixin.py:120} INFO - [2025-07-20T06:07:41.953+0000] {dag.py:2585} INFO - Sync 1 DAGs
[2025-07-20T06:07:41.995+0000] {logging_mixin.py:120} INFO - [2025-07-20T06:07:41.995+0000] {dag.py:3340} INFO - Setting next_dagrun for example_branch_operator to 2025-07-19T00:00:00+00:00, run_after=2025-07-20T00:00:00+00:00
[2025-07-20T06:07:42.047+0000] {processor.py:176} INFO - Processing /home/airflow/.local/lib/python3.7/site-packages/airflow/example_dags/example_branch_operator.py took 0.218 seconds
[2025-07-20T06:08:12.272+0000] {processor.py:154} INFO - Started process (PID=933) to work on /home/airflow/.local/lib/python3.7/site-packages/airflow/example_dags/example_branch_operator.py
[2025-07-20T06:08:12.288+0000] {processor.py:756} INFO - Processing file /home/airflow/.local/lib/python3.7/site-packages/airflow/example_dags/example_branch_operator.py for tasks to queue
[2025-07-20T06:08:12.291+0000] {logging_mixin.py:120} INFO - [2025-07-20T06:08:12.291+0000] {dagbag.py:537} INFO - Filling up the DagBag from /home/airflow/.local/lib/python3.7/site-packages/airflow/example_dags/example_branch_operator.py
[2025-07-20T06:08:12.373+0000] {processor.py:766} INFO - DAG(s) dict_keys(['example_branch_operator']) retrieved from /home/airflow/.local/lib/python3.7/site-packages/airflow/example_dags/example_branch_operator.py
[2025-07-20T06:08:12.660+0000] {logging_mixin.py:120} INFO - [2025-07-20T06:08:12.659+0000] {dag.py:2585} INFO - Sync 1 DAGs
[2025-07-20T06:08:12.962+0000] {logging_mixin.py:120} INFO - [2025-07-20T06:08:12.962+0000] {dag.py:3340} INFO - Setting next_dagrun for example_branch_operator to 2025-07-19T00:00:00+00:00, run_after=2025-07-20T00:00:00+00:00
[2025-07-20T06:08:13.062+0000] {processor.py:176} INFO - Processing /home/airflow/.local/lib/python3.7/site-packages/airflow/example_dags/example_branch_operator.py took 0.823 seconds
[2025-07-20T06:08:43.986+0000] {processor.py:154} INFO - Started process (PID=987) to work on /home/airflow/.local/lib/python3.7/site-packages/airflow/example_dags/example_branch_operator.py
[2025-07-20T06:08:43.988+0000] {processor.py:756} INFO - Processing file /home/airflow/.local/lib/python3.7/site-packages/airflow/example_dags/example_branch_operator.py for tasks to queue
[2025-07-20T06:08:43.992+0000] {logging_mixin.py:120} INFO - [2025-07-20T06:08:43.990+0000] {dagbag.py:537} INFO - Filling up the DagBag from /home/airflow/.local/lib/python3.7/site-packages/airflow/example_dags/example_branch_operator.py
[2025-07-20T06:08:44.080+0000] {processor.py:766} INFO - DAG(s) dict_keys(['example_branch_operator']) retrieved from /home/airflow/.local/lib/python3.7/site-packages/airflow/example_dags/example_branch_operator.py
[2025-07-20T06:08:44.225+0000] {logging_mixin.py:120} INFO - [2025-07-20T06:08:44.224+0000] {dag.py:2585} INFO - Sync 1 DAGs
[2025-07-20T06:08:44.294+0000] {logging_mixin.py:120} INFO - [2025-07-20T06:08:44.294+0000] {dag.py:3340} INFO - Setting next_dagrun for example_branch_operator to 2025-07-19T00:00:00+00:00, run_after=2025-07-20T00:00:00+00:00
[2025-07-20T06:08:44.372+0000] {processor.py:176} INFO - Processing /home/airflow/.local/lib/python3.7/site-packages/airflow/example_dags/example_branch_operator.py took 0.396 seconds
[2025-07-20T06:09:14.461+0000] {processor.py:154} INFO - Started process (PID=1040) to work on /home/airflow/.local/lib/python3.7/site-packages/airflow/example_dags/example_branch_operator.py
[2025-07-20T06:09:14.464+0000] {processor.py:756} INFO - Processing file /home/airflow/.local/lib/python3.7/site-packages/airflow/example_dags/example_branch_operator.py for tasks to queue
[2025-07-20T06:09:14.465+0000] {logging_mixin.py:120} INFO - [2025-07-20T06:09:14.465+0000] {dagbag.py:537} INFO - Filling up the DagBag from /home/airflow/.local/lib/python3.7/site-packages/airflow/example_dags/example_branch_operator.py
[2025-07-20T06:09:14.492+0000] {processor.py:766} INFO - DAG(s) dict_keys(['example_branch_operator']) retrieved from /home/airflow/.local/lib/python3.7/site-packages/airflow/example_dags/example_branch_operator.py
[2025-07-20T06:09:14.576+0000] {logging_mixin.py:120} INFO - [2025-07-20T06:09:14.576+0000] {dag.py:2585} INFO - Sync 1 DAGs
[2025-07-20T06:09:14.629+0000] {logging_mixin.py:120} INFO - [2025-07-20T06:09:14.628+0000] {dag.py:3340} INFO - Setting next_dagrun for example_branch_operator to 2025-07-19T00:00:00+00:00, run_after=2025-07-20T00:00:00+00:00
[2025-07-20T06:09:14.674+0000] {processor.py:176} INFO - Processing /home/airflow/.local/lib/python3.7/site-packages/airflow/example_dags/example_branch_operator.py took 0.219 seconds
[2025-07-20T06:09:45.016+0000] {processor.py:154} INFO - Started process (PID=1092) to work on /home/airflow/.local/lib/python3.7/site-packages/airflow/example_dags/example_branch_operator.py
[2025-07-20T06:09:45.018+0000] {processor.py:756} INFO - Processing file /home/airflow/.local/lib/python3.7/site-packages/airflow/example_dags/example_branch_operator.py for tasks to queue
[2025-07-20T06:09:45.020+0000] {logging_mixin.py:120} INFO - [2025-07-20T06:09:45.019+0000] {dagbag.py:537} INFO - Filling up the DagBag from /home/airflow/.local/lib/python3.7/site-packages/airflow/example_dags/example_branch_operator.py
[2025-07-20T06:09:45.055+0000] {processor.py:766} INFO - DAG(s) dict_keys(['example_branch_operator']) retrieved from /home/airflow/.local/lib/python3.7/site-packages/airflow/example_dags/example_branch_operator.py
[2025-07-20T06:09:45.129+0000] {logging_mixin.py:120} INFO - [2025-07-20T06:09:45.129+0000] {dag.py:2585} INFO - Sync 1 DAGs
[2025-07-20T06:09:45.171+0000] {logging_mixin.py:120} INFO - [2025-07-20T06:09:45.170+0000] {dag.py:3340} INFO - Setting next_dagrun for example_branch_operator to 2025-07-19T00:00:00+00:00, run_after=2025-07-20T00:00:00+00:00
[2025-07-20T06:09:45.221+0000] {processor.py:176} INFO - Processing /home/airflow/.local/lib/python3.7/site-packages/airflow/example_dags/example_branch_operator.py took 0.211 seconds
[2025-07-20T06:10:16.101+0000] {processor.py:154} INFO - Started process (PID=1145) to work on /home/airflow/.local/lib/python3.7/site-packages/airflow/example_dags/example_branch_operator.py
[2025-07-20T06:10:16.115+0000] {processor.py:756} INFO - Processing file /home/airflow/.local/lib/python3.7/site-packages/airflow/example_dags/example_branch_operator.py for tasks to queue
[2025-07-20T06:10:16.117+0000] {logging_mixin.py:120} INFO - [2025-07-20T06:10:16.117+0000] {dagbag.py:537} INFO - Filling up the DagBag from /home/airflow/.local/lib/python3.7/site-packages/airflow/example_dags/example_branch_operator.py
[2025-07-20T06:10:16.242+0000] {processor.py:766} INFO - DAG(s) dict_keys(['example_branch_operator']) retrieved from /home/airflow/.local/lib/python3.7/site-packages/airflow/example_dags/example_branch_operator.py
[2025-07-20T06:10:16.554+0000] {logging_mixin.py:120} INFO - [2025-07-20T06:10:16.554+0000] {dag.py:2585} INFO - Sync 1 DAGs
[2025-07-20T06:10:16.797+0000] {logging_mixin.py:120} INFO - [2025-07-20T06:10:16.796+0000] {dag.py:3340} INFO - Setting next_dagrun for example_branch_operator to 2025-07-19T00:00:00+00:00, run_after=2025-07-20T00:00:00+00:00
[2025-07-20T06:10:17.022+0000] {processor.py:176} INFO - Processing /home/airflow/.local/lib/python3.7/site-packages/airflow/example_dags/example_branch_operator.py took 0.941 seconds
[2025-07-20T06:10:47.962+0000] {processor.py:154} INFO - Started process (PID=1200) to work on /home/airflow/.local/lib/python3.7/site-packages/airflow/example_dags/example_branch_operator.py
[2025-07-20T06:10:47.967+0000] {processor.py:756} INFO - Processing file /home/airflow/.local/lib/python3.7/site-packages/airflow/example_dags/example_branch_operator.py for tasks to queue
[2025-07-20T06:10:47.974+0000] {logging_mixin.py:120} INFO - [2025-07-20T06:10:47.974+0000] {dagbag.py:537} INFO - Filling up the DagBag from /home/airflow/.local/lib/python3.7/site-packages/airflow/example_dags/example_branch_operator.py
[2025-07-20T06:10:48.070+0000] {processor.py:766} INFO - DAG(s) dict_keys(['example_branch_operator']) retrieved from /home/airflow/.local/lib/python3.7/site-packages/airflow/example_dags/example_branch_operator.py
[2025-07-20T06:10:48.237+0000] {logging_mixin.py:120} INFO - [2025-07-20T06:10:48.236+0000] {dag.py:2585} INFO - Sync 1 DAGs
[2025-07-20T06:10:48.316+0000] {logging_mixin.py:120} INFO - [2025-07-20T06:10:48.316+0000] {dag.py:3340} INFO - Setting next_dagrun for example_branch_operator to 2025-07-19T00:00:00+00:00, run_after=2025-07-20T00:00:00+00:00
[2025-07-20T06:10:48.374+0000] {processor.py:176} INFO - Processing /home/airflow/.local/lib/python3.7/site-packages/airflow/example_dags/example_branch_operator.py took 0.420 seconds
[2025-07-20T06:11:18.579+0000] {processor.py:154} INFO - Started process (PID=1262) to work on /home/airflow/.local/lib/python3.7/site-packages/airflow/example_dags/example_branch_operator.py
[2025-07-20T06:11:18.581+0000] {processor.py:756} INFO - Processing file /home/airflow/.local/lib/python3.7/site-packages/airflow/example_dags/example_branch_operator.py for tasks to queue
[2025-07-20T06:11:18.583+0000] {logging_mixin.py:120} INFO - [2025-07-20T06:11:18.583+0000] {dagbag.py:537} INFO - Filling up the DagBag from /home/airflow/.local/lib/python3.7/site-packages/airflow/example_dags/example_branch_operator.py
[2025-07-20T06:11:18.621+0000] {processor.py:766} INFO - DAG(s) dict_keys(['example_branch_operator']) retrieved from /home/airflow/.local/lib/python3.7/site-packages/airflow/example_dags/example_branch_operator.py
[2025-07-20T06:11:18.721+0000] {logging_mixin.py:120} INFO - [2025-07-20T06:11:18.720+0000] {dag.py:2585} INFO - Sync 1 DAGs
[2025-07-20T06:11:18.780+0000] {logging_mixin.py:120} INFO - [2025-07-20T06:11:18.780+0000] {dag.py:3340} INFO - Setting next_dagrun for example_branch_operator to 2025-07-19T00:00:00+00:00, run_after=2025-07-20T00:00:00+00:00
[2025-07-20T06:11:18.823+0000] {processor.py:176} INFO - Processing /home/airflow/.local/lib/python3.7/site-packages/airflow/example_dags/example_branch_operator.py took 0.253 seconds
[2025-07-20T06:11:49.034+0000] {processor.py:154} INFO - Started process (PID=1315) to work on /home/airflow/.local/lib/python3.7/site-packages/airflow/example_dags/example_branch_operator.py
[2025-07-20T06:11:49.036+0000] {processor.py:756} INFO - Processing file /home/airflow/.local/lib/python3.7/site-packages/airflow/example_dags/example_branch_operator.py for tasks to queue
[2025-07-20T06:11:49.038+0000] {logging_mixin.py:120} INFO - [2025-07-20T06:11:49.038+0000] {dagbag.py:537} INFO - Filling up the DagBag from /home/airflow/.local/lib/python3.7/site-packages/airflow/example_dags/example_branch_operator.py
[2025-07-20T06:11:49.079+0000] {processor.py:766} INFO - DAG(s) dict_keys(['example_branch_operator']) retrieved from /home/airflow/.local/lib/python3.7/site-packages/airflow/example_dags/example_branch_operator.py
[2025-07-20T06:11:49.158+0000] {logging_mixin.py:120} INFO - [2025-07-20T06:11:49.157+0000] {dag.py:2585} INFO - Sync 1 DAGs
[2025-07-20T06:11:49.234+0000] {logging_mixin.py:120} INFO - [2025-07-20T06:11:49.234+0000] {dag.py:3340} INFO - Setting next_dagrun for example_branch_operator to 2025-07-19T00:00:00+00:00, run_after=2025-07-20T00:00:00+00:00
[2025-07-20T06:11:49.303+0000] {processor.py:176} INFO - Processing /home/airflow/.local/lib/python3.7/site-packages/airflow/example_dags/example_branch_operator.py took 0.276 seconds
[2025-07-20T06:12:19.438+0000] {processor.py:154} INFO - Started process (PID=1378) to work on /home/airflow/.local/lib/python3.7/site-packages/airflow/example_dags/example_branch_operator.py
[2025-07-20T06:12:19.441+0000] {processor.py:756} INFO - Processing file /home/airflow/.local/lib/python3.7/site-packages/airflow/example_dags/example_branch_operator.py for tasks to queue
[2025-07-20T06:12:19.443+0000] {logging_mixin.py:120} INFO - [2025-07-20T06:12:19.443+0000] {dagbag.py:537} INFO - Filling up the DagBag from /home/airflow/.local/lib/python3.7/site-packages/airflow/example_dags/example_branch_operator.py
[2025-07-20T06:12:19.464+0000] {processor.py:766} INFO - DAG(s) dict_keys(['example_branch_operator']) retrieved from /home/airflow/.local/lib/python3.7/site-packages/airflow/example_dags/example_branch_operator.py
[2025-07-20T06:12:19.535+0000] {logging_mixin.py:120} INFO - [2025-07-20T06:12:19.535+0000] {dag.py:2585} INFO - Sync 1 DAGs
[2025-07-20T06:12:19.579+0000] {logging_mixin.py:120} INFO - [2025-07-20T06:12:19.579+0000] {dag.py:3340} INFO - Setting next_dagrun for example_branch_operator to 2025-07-19T00:00:00+00:00, run_after=2025-07-20T00:00:00+00:00
[2025-07-20T06:12:19.618+0000] {processor.py:176} INFO - Processing /home/airflow/.local/lib/python3.7/site-packages/airflow/example_dags/example_branch_operator.py took 0.188 seconds
[2025-07-20T06:12:50.167+0000] {processor.py:154} INFO - Started process (PID=1431) to work on /home/airflow/.local/lib/python3.7/site-packages/airflow/example_dags/example_branch_operator.py
[2025-07-20T06:12:50.169+0000] {processor.py:756} INFO - Processing file /home/airflow/.local/lib/python3.7/site-packages/airflow/example_dags/example_branch_operator.py for tasks to queue
[2025-07-20T06:12:50.171+0000] {logging_mixin.py:120} INFO - [2025-07-20T06:12:50.170+0000] {dagbag.py:537} INFO - Filling up the DagBag from /home/airflow/.local/lib/python3.7/site-packages/airflow/example_dags/example_branch_operator.py
[2025-07-20T06:12:50.193+0000] {processor.py:766} INFO - DAG(s) dict_keys(['example_branch_operator']) retrieved from /home/airflow/.local/lib/python3.7/site-packages/airflow/example_dags/example_branch_operator.py
[2025-07-20T06:12:50.257+0000] {logging_mixin.py:120} INFO - [2025-07-20T06:12:50.257+0000] {dag.py:2585} INFO - Sync 1 DAGs
[2025-07-20T06:12:50.291+0000] {logging_mixin.py:120} INFO - [2025-07-20T06:12:50.291+0000] {dag.py:3340} INFO - Setting next_dagrun for example_branch_operator to 2025-07-19T00:00:00+00:00, run_after=2025-07-20T00:00:00+00:00
[2025-07-20T06:12:50.315+0000] {processor.py:176} INFO - Processing /home/airflow/.local/lib/python3.7/site-packages/airflow/example_dags/example_branch_operator.py took 0.154 seconds
[2025-07-20T06:13:20.750+0000] {processor.py:154} INFO - Started process (PID=1493) to work on /home/airflow/.local/lib/python3.7/site-packages/airflow/example_dags/example_branch_operator.py
[2025-07-20T06:13:20.752+0000] {processor.py:756} INFO - Processing file /home/airflow/.local/lib/python3.7/site-packages/airflow/example_dags/example_branch_operator.py for tasks to queue
[2025-07-20T06:13:20.753+0000] {logging_mixin.py:120} INFO - [2025-07-20T06:13:20.753+0000] {dagbag.py:537} INFO - Filling up the DagBag from /home/airflow/.local/lib/python3.7/site-packages/airflow/example_dags/example_branch_operator.py
[2025-07-20T06:13:20.825+0000] {processor.py:766} INFO - DAG(s) dict_keys(['example_branch_operator']) retrieved from /home/airflow/.local/lib/python3.7/site-packages/airflow/example_dags/example_branch_operator.py
[2025-07-20T06:13:21.040+0000] {logging_mixin.py:120} INFO - [2025-07-20T06:13:21.039+0000] {dag.py:2585} INFO - Sync 1 DAGs
[2025-07-20T06:13:21.096+0000] {logging_mixin.py:120} INFO - [2025-07-20T06:13:21.095+0000] {dag.py:3340} INFO - Setting next_dagrun for example_branch_operator to 2025-07-19T00:00:00+00:00, run_after=2025-07-20T00:00:00+00:00
[2025-07-20T06:13:21.144+0000] {processor.py:176} INFO - Processing /home/airflow/.local/lib/python3.7/site-packages/airflow/example_dags/example_branch_operator.py took 0.399 seconds
[2025-07-20T06:13:51.457+0000] {processor.py:154} INFO - Started process (PID=1547) to work on /home/airflow/.local/lib/python3.7/site-packages/airflow/example_dags/example_branch_operator.py
[2025-07-20T06:13:51.459+0000] {processor.py:756} INFO - Processing file /home/airflow/.local/lib/python3.7/site-packages/airflow/example_dags/example_branch_operator.py for tasks to queue
[2025-07-20T06:13:51.462+0000] {logging_mixin.py:120} INFO - [2025-07-20T06:13:51.461+0000] {dagbag.py:537} INFO - Filling up the DagBag from /home/airflow/.local/lib/python3.7/site-packages/airflow/example_dags/example_branch_operator.py
[2025-07-20T06:13:51.502+0000] {processor.py:766} INFO - DAG(s) dict_keys(['example_branch_operator']) retrieved from /home/airflow/.local/lib/python3.7/site-packages/airflow/example_dags/example_branch_operator.py
[2025-07-20T06:13:51.579+0000] {logging_mixin.py:120} INFO - [2025-07-20T06:13:51.579+0000] {dag.py:2585} INFO - Sync 1 DAGs
[2025-07-20T06:13:51.632+0000] {logging_mixin.py:120} INFO - [2025-07-20T06:13:51.631+0000] {dag.py:3340} INFO - Setting next_dagrun for example_branch_operator to 2025-07-19T00:00:00+00:00, run_after=2025-07-20T00:00:00+00:00
[2025-07-20T06:13:51.677+0000] {processor.py:176} INFO - Processing /home/airflow/.local/lib/python3.7/site-packages/airflow/example_dags/example_branch_operator.py took 0.226 seconds
[2025-07-20T06:14:22.114+0000] {processor.py:154} INFO - Started process (PID=1611) to work on /home/airflow/.local/lib/python3.7/site-packages/airflow/example_dags/example_branch_operator.py
[2025-07-20T06:14:22.115+0000] {processor.py:756} INFO - Processing file /home/airflow/.local/lib/python3.7/site-packages/airflow/example_dags/example_branch_operator.py for tasks to queue
[2025-07-20T06:14:22.116+0000] {logging_mixin.py:120} INFO - [2025-07-20T06:14:22.116+0000] {dagbag.py:537} INFO - Filling up the DagBag from /home/airflow/.local/lib/python3.7/site-packages/airflow/example_dags/example_branch_operator.py
[2025-07-20T06:14:22.136+0000] {processor.py:766} INFO - DAG(s) dict_keys(['example_branch_operator']) retrieved from /home/airflow/.local/lib/python3.7/site-packages/airflow/example_dags/example_branch_operator.py
[2025-07-20T06:14:22.183+0000] {logging_mixin.py:120} INFO - [2025-07-20T06:14:22.183+0000] {dag.py:2585} INFO - Sync 1 DAGs
[2025-07-20T06:14:22.210+0000] {logging_mixin.py:120} INFO - [2025-07-20T06:14:22.210+0000] {dag.py:3340} INFO - Setting next_dagrun for example_branch_operator to 2025-07-19T00:00:00+00:00, run_after=2025-07-20T00:00:00+00:00
[2025-07-20T06:14:22.245+0000] {processor.py:176} INFO - Processing /home/airflow/.local/lib/python3.7/site-packages/airflow/example_dags/example_branch_operator.py took 0.139 seconds
[2025-07-20T06:14:52.755+0000] {processor.py:154} INFO - Started process (PID=1664) to work on /home/airflow/.local/lib/python3.7/site-packages/airflow/example_dags/example_branch_operator.py
[2025-07-20T06:14:52.757+0000] {processor.py:756} INFO - Processing file /home/airflow/.local/lib/python3.7/site-packages/airflow/example_dags/example_branch_operator.py for tasks to queue
[2025-07-20T06:14:52.759+0000] {logging_mixin.py:120} INFO - [2025-07-20T06:14:52.758+0000] {dagbag.py:537} INFO - Filling up the DagBag from /home/airflow/.local/lib/python3.7/site-packages/airflow/example_dags/example_branch_operator.py
[2025-07-20T06:14:52.824+0000] {processor.py:766} INFO - DAG(s) dict_keys(['example_branch_operator']) retrieved from /home/airflow/.local/lib/python3.7/site-packages/airflow/example_dags/example_branch_operator.py
[2025-07-20T06:14:52.934+0000] {logging_mixin.py:120} INFO - [2025-07-20T06:14:52.934+0000] {dag.py:2585} INFO - Sync 1 DAGs
[2025-07-20T06:14:52.976+0000] {logging_mixin.py:120} INFO - [2025-07-20T06:14:52.976+0000] {dag.py:3340} INFO - Setting next_dagrun for example_branch_operator to 2025-07-19T00:00:00+00:00, run_after=2025-07-20T00:00:00+00:00
[2025-07-20T06:14:53.008+0000] {processor.py:176} INFO - Processing /home/airflow/.local/lib/python3.7/site-packages/airflow/example_dags/example_branch_operator.py took 0.258 seconds
