[2025-07-20T05:59:32.088+0000] {processor.py:154} INFO - Started process (PID=113) to work on /home/airflow/.local/lib/python3.7/site-packages/airflow/example_dags/example_task_group.py
[2025-07-20T05:59:32.120+0000] {processor.py:756} INFO - Processing file /home/airflow/.local/lib/python3.7/site-packages/airflow/example_dags/example_task_group.py for tasks to queue
[2025-07-20T05:59:32.260+0000] {logging_mixin.py:120} INFO - [2025-07-20T05:59:32.237+0000] {dagbag.py:537} INFO - Filling up the DagBag from /home/airflow/.local/lib/python3.7/site-packages/airflow/example_dags/example_task_group.py
[2025-07-20T05:59:33.455+0000] {processor.py:766} INFO - DAG(s) dict_keys(['example_task_group']) retrieved from /home/airflow/.local/lib/python3.7/site-packages/airflow/example_dags/example_task_group.py
[2025-07-20T05:59:36.011+0000] {logging_mixin.py:120} INFO - [2025-07-20T05:59:36.011+0000] {dag.py:2585} INFO - Sync 1 DAGs
[2025-07-20T05:59:38.241+0000] {logging_mixin.py:120} INFO - [2025-07-20T05:59:38.241+0000] {dag.py:3340} INFO - Setting next_dagrun for example_task_group to 2025-07-19T05:59:38.192939+00:00, run_after=2025-07-20T05:59:38.192939+00:00
[2025-07-20T05:59:40.077+0000] {processor.py:176} INFO - Processing /home/airflow/.local/lib/python3.7/site-packages/airflow/example_dags/example_task_group.py took 8.164 seconds
[2025-07-20T06:01:35.353+0000] {processor.py:154} INFO - Started process (PID=204) to work on /home/airflow/.local/lib/python3.7/site-packages/airflow/example_dags/example_task_group.py
[2025-07-20T06:01:35.378+0000] {processor.py:756} INFO - Processing file /home/airflow/.local/lib/python3.7/site-packages/airflow/example_dags/example_task_group.py for tasks to queue
[2025-07-20T06:01:35.389+0000] {logging_mixin.py:120} INFO - [2025-07-20T06:01:35.388+0000] {dagbag.py:537} INFO - Filling up the DagBag from /home/airflow/.local/lib/python3.7/site-packages/airflow/example_dags/example_task_group.py
[2025-07-20T06:01:35.457+0000] {processor.py:766} INFO - DAG(s) dict_keys(['example_task_group']) retrieved from /home/airflow/.local/lib/python3.7/site-packages/airflow/example_dags/example_task_group.py
[2025-07-20T06:01:35.618+0000] {logging_mixin.py:120} INFO - [2025-07-20T06:01:35.618+0000] {dag.py:2585} INFO - Sync 1 DAGs
[2025-07-20T06:01:35.777+0000] {logging_mixin.py:120} INFO - [2025-07-20T06:01:35.777+0000] {dag.py:3340} INFO - Setting next_dagrun for example_task_group to 2025-07-19T06:01:35.772488+00:00, run_after=2025-07-20T06:01:35.772488+00:00
[2025-07-20T06:01:35.934+0000] {processor.py:176} INFO - Processing /home/airflow/.local/lib/python3.7/site-packages/airflow/example_dags/example_task_group.py took 0.624 seconds
[2025-07-20T06:02:12.506+0000] {processor.py:154} INFO - Started process (PID=258) to work on /home/airflow/.local/lib/python3.7/site-packages/airflow/example_dags/example_task_group.py
[2025-07-20T06:02:12.508+0000] {processor.py:756} INFO - Processing file /home/airflow/.local/lib/python3.7/site-packages/airflow/example_dags/example_task_group.py for tasks to queue
[2025-07-20T06:02:12.509+0000] {logging_mixin.py:120} INFO - [2025-07-20T06:02:12.509+0000] {dagbag.py:537} INFO - Filling up the DagBag from /home/airflow/.local/lib/python3.7/site-packages/airflow/example_dags/example_task_group.py
[2025-07-20T06:02:12.555+0000] {processor.py:766} INFO - DAG(s) dict_keys(['example_task_group']) retrieved from /home/airflow/.local/lib/python3.7/site-packages/airflow/example_dags/example_task_group.py
[2025-07-20T06:02:12.657+0000] {logging_mixin.py:120} INFO - [2025-07-20T06:02:12.656+0000] {dag.py:2585} INFO - Sync 1 DAGs
[2025-07-20T06:02:12.747+0000] {logging_mixin.py:120} INFO - [2025-07-20T06:02:12.747+0000] {dag.py:3340} INFO - Setting next_dagrun for example_task_group to 2025-07-19T06:02:12.745745+00:00, run_after=2025-07-20T06:02:12.745745+00:00
[2025-07-20T06:02:12.815+0000] {processor.py:176} INFO - Processing /home/airflow/.local/lib/python3.7/site-packages/airflow/example_dags/example_task_group.py took 0.319 seconds
[2025-07-20T06:02:43.161+0000] {processor.py:154} INFO - Started process (PID=321) to work on /home/airflow/.local/lib/python3.7/site-packages/airflow/example_dags/example_task_group.py
[2025-07-20T06:02:43.163+0000] {processor.py:756} INFO - Processing file /home/airflow/.local/lib/python3.7/site-packages/airflow/example_dags/example_task_group.py for tasks to queue
[2025-07-20T06:02:43.166+0000] {logging_mixin.py:120} INFO - [2025-07-20T06:02:43.166+0000] {dagbag.py:537} INFO - Filling up the DagBag from /home/airflow/.local/lib/python3.7/site-packages/airflow/example_dags/example_task_group.py
[2025-07-20T06:02:43.266+0000] {processor.py:766} INFO - DAG(s) dict_keys(['example_task_group']) retrieved from /home/airflow/.local/lib/python3.7/site-packages/airflow/example_dags/example_task_group.py
[2025-07-20T06:02:43.406+0000] {logging_mixin.py:120} INFO - [2025-07-20T06:02:43.405+0000] {dag.py:2585} INFO - Sync 1 DAGs
[2025-07-20T06:02:43.485+0000] {logging_mixin.py:120} INFO - [2025-07-20T06:02:43.485+0000] {dag.py:3340} INFO - Setting next_dagrun for example_task_group to 2025-07-19T06:02:43.484483+00:00, run_after=2025-07-20T06:02:43.484483+00:00
[2025-07-20T06:02:43.558+0000] {processor.py:176} INFO - Processing /home/airflow/.local/lib/python3.7/site-packages/airflow/example_dags/example_task_group.py took 0.406 seconds
[2025-07-20T06:03:14.905+0000] {processor.py:154} INFO - Started process (PID=375) to work on /home/airflow/.local/lib/python3.7/site-packages/airflow/example_dags/example_task_group.py
[2025-07-20T06:03:14.907+0000] {processor.py:756} INFO - Processing file /home/airflow/.local/lib/python3.7/site-packages/airflow/example_dags/example_task_group.py for tasks to queue
[2025-07-20T06:03:14.908+0000] {logging_mixin.py:120} INFO - [2025-07-20T06:03:14.908+0000] {dagbag.py:537} INFO - Filling up the DagBag from /home/airflow/.local/lib/python3.7/site-packages/airflow/example_dags/example_task_group.py
[2025-07-20T06:03:14.996+0000] {processor.py:766} INFO - DAG(s) dict_keys(['example_task_group']) retrieved from /home/airflow/.local/lib/python3.7/site-packages/airflow/example_dags/example_task_group.py
[2025-07-20T06:03:15.190+0000] {logging_mixin.py:120} INFO - [2025-07-20T06:03:15.190+0000] {dag.py:2585} INFO - Sync 1 DAGs
[2025-07-20T06:03:15.260+0000] {logging_mixin.py:120} INFO - [2025-07-20T06:03:15.260+0000] {dag.py:3340} INFO - Setting next_dagrun for example_task_group to 2025-07-19T06:03:15.259494+00:00, run_after=2025-07-20T06:03:15.259494+00:00
[2025-07-20T06:03:15.320+0000] {processor.py:176} INFO - Processing /home/airflow/.local/lib/python3.7/site-packages/airflow/example_dags/example_task_group.py took 0.421 seconds
[2025-07-20T06:03:49.119+0000] {processor.py:154} INFO - Started process (PID=429) to work on /home/airflow/.local/lib/python3.7/site-packages/airflow/example_dags/example_task_group.py
[2025-07-20T06:03:49.146+0000] {processor.py:756} INFO - Processing file /home/airflow/.local/lib/python3.7/site-packages/airflow/example_dags/example_task_group.py for tasks to queue
[2025-07-20T06:03:49.148+0000] {logging_mixin.py:120} INFO - [2025-07-20T06:03:49.148+0000] {dagbag.py:537} INFO - Filling up the DagBag from /home/airflow/.local/lib/python3.7/site-packages/airflow/example_dags/example_task_group.py
[2025-07-20T06:03:49.222+0000] {processor.py:766} INFO - DAG(s) dict_keys(['example_task_group']) retrieved from /home/airflow/.local/lib/python3.7/site-packages/airflow/example_dags/example_task_group.py
[2025-07-20T06:03:49.389+0000] {logging_mixin.py:120} INFO - [2025-07-20T06:03:49.388+0000] {dag.py:2585} INFO - Sync 1 DAGs
[2025-07-20T06:03:49.477+0000] {logging_mixin.py:120} INFO - [2025-07-20T06:03:49.477+0000] {dag.py:3340} INFO - Setting next_dagrun for example_task_group to 2025-07-19T06:03:49.476959+00:00, run_after=2025-07-20T06:03:49.476959+00:00
[2025-07-20T06:03:49.557+0000] {processor.py:176} INFO - Processing /home/airflow/.local/lib/python3.7/site-packages/airflow/example_dags/example_task_group.py took 0.459 seconds
[2025-07-20T06:04:19.767+0000] {processor.py:154} INFO - Started process (PID=483) to work on /home/airflow/.local/lib/python3.7/site-packages/airflow/example_dags/example_task_group.py
[2025-07-20T06:04:19.768+0000] {processor.py:756} INFO - Processing file /home/airflow/.local/lib/python3.7/site-packages/airflow/example_dags/example_task_group.py for tasks to queue
[2025-07-20T06:04:19.769+0000] {logging_mixin.py:120} INFO - [2025-07-20T06:04:19.769+0000] {dagbag.py:537} INFO - Filling up the DagBag from /home/airflow/.local/lib/python3.7/site-packages/airflow/example_dags/example_task_group.py
[2025-07-20T06:04:19.787+0000] {processor.py:766} INFO - DAG(s) dict_keys(['example_task_group']) retrieved from /home/airflow/.local/lib/python3.7/site-packages/airflow/example_dags/example_task_group.py
[2025-07-20T06:04:19.846+0000] {logging_mixin.py:120} INFO - [2025-07-20T06:04:19.846+0000] {dag.py:2585} INFO - Sync 1 DAGs
[2025-07-20T06:04:19.888+0000] {logging_mixin.py:120} INFO - [2025-07-20T06:04:19.887+0000] {dag.py:3340} INFO - Setting next_dagrun for example_task_group to 2025-07-19T06:04:19.887513+00:00, run_after=2025-07-20T06:04:19.887513+00:00
[2025-07-20T06:04:19.930+0000] {processor.py:176} INFO - Processing /home/airflow/.local/lib/python3.7/site-packages/airflow/example_dags/example_task_group.py took 0.167 seconds
[2025-07-20T06:04:50.517+0000] {processor.py:154} INFO - Started process (PID=547) to work on /home/airflow/.local/lib/python3.7/site-packages/airflow/example_dags/example_task_group.py
[2025-07-20T06:04:50.519+0000] {processor.py:756} INFO - Processing file /home/airflow/.local/lib/python3.7/site-packages/airflow/example_dags/example_task_group.py for tasks to queue
[2025-07-20T06:04:50.522+0000] {logging_mixin.py:120} INFO - [2025-07-20T06:04:50.522+0000] {dagbag.py:537} INFO - Filling up the DagBag from /home/airflow/.local/lib/python3.7/site-packages/airflow/example_dags/example_task_group.py
[2025-07-20T06:04:50.560+0000] {processor.py:766} INFO - DAG(s) dict_keys(['example_task_group']) retrieved from /home/airflow/.local/lib/python3.7/site-packages/airflow/example_dags/example_task_group.py
[2025-07-20T06:04:50.649+0000] {logging_mixin.py:120} INFO - [2025-07-20T06:04:50.649+0000] {dag.py:2585} INFO - Sync 1 DAGs
[2025-07-20T06:04:50.708+0000] {logging_mixin.py:120} INFO - [2025-07-20T06:04:50.708+0000] {dag.py:3340} INFO - Setting next_dagrun for example_task_group to 2025-07-19T06:04:50.707543+00:00, run_after=2025-07-20T06:04:50.707543+00:00
[2025-07-20T06:04:50.764+0000] {processor.py:176} INFO - Processing /home/airflow/.local/lib/python3.7/site-packages/airflow/example_dags/example_task_group.py took 0.255 seconds
[2025-07-20T06:05:21.907+0000] {processor.py:154} INFO - Started process (PID=610) to work on /home/airflow/.local/lib/python3.7/site-packages/airflow/example_dags/example_task_group.py
[2025-07-20T06:05:21.909+0000] {processor.py:756} INFO - Processing file /home/airflow/.local/lib/python3.7/site-packages/airflow/example_dags/example_task_group.py for tasks to queue
[2025-07-20T06:05:21.911+0000] {logging_mixin.py:120} INFO - [2025-07-20T06:05:21.911+0000] {dagbag.py:537} INFO - Filling up the DagBag from /home/airflow/.local/lib/python3.7/site-packages/airflow/example_dags/example_task_group.py
[2025-07-20T06:05:21.940+0000] {processor.py:766} INFO - DAG(s) dict_keys(['example_task_group']) retrieved from /home/airflow/.local/lib/python3.7/site-packages/airflow/example_dags/example_task_group.py
[2025-07-20T06:05:22.049+0000] {logging_mixin.py:120} INFO - [2025-07-20T06:05:22.049+0000] {dag.py:2585} INFO - Sync 1 DAGs
[2025-07-20T06:05:22.113+0000] {logging_mixin.py:120} INFO - [2025-07-20T06:05:22.113+0000] {dag.py:3340} INFO - Setting next_dagrun for example_task_group to 2025-07-19T06:05:22.112995+00:00, run_after=2025-07-20T06:05:22.112995+00:00
[2025-07-20T06:05:22.180+0000] {processor.py:176} INFO - Processing /home/airflow/.local/lib/python3.7/site-packages/airflow/example_dags/example_task_group.py took 0.277 seconds
[2025-07-20T06:05:52.504+0000] {processor.py:154} INFO - Started process (PID=664) to work on /home/airflow/.local/lib/python3.7/site-packages/airflow/example_dags/example_task_group.py
[2025-07-20T06:05:52.506+0000] {processor.py:756} INFO - Processing file /home/airflow/.local/lib/python3.7/site-packages/airflow/example_dags/example_task_group.py for tasks to queue
[2025-07-20T06:05:52.508+0000] {logging_mixin.py:120} INFO - [2025-07-20T06:05:52.507+0000] {dagbag.py:537} INFO - Filling up the DagBag from /home/airflow/.local/lib/python3.7/site-packages/airflow/example_dags/example_task_group.py
[2025-07-20T06:05:52.541+0000] {processor.py:766} INFO - DAG(s) dict_keys(['example_task_group']) retrieved from /home/airflow/.local/lib/python3.7/site-packages/airflow/example_dags/example_task_group.py
[2025-07-20T06:05:52.615+0000] {logging_mixin.py:120} INFO - [2025-07-20T06:05:52.614+0000] {dag.py:2585} INFO - Sync 1 DAGs
[2025-07-20T06:05:52.651+0000] {logging_mixin.py:120} INFO - [2025-07-20T06:05:52.650+0000] {dag.py:3340} INFO - Setting next_dagrun for example_task_group to 2025-07-19T06:05:52.650498+00:00, run_after=2025-07-20T06:05:52.650498+00:00
[2025-07-20T06:05:52.692+0000] {processor.py:176} INFO - Processing /home/airflow/.local/lib/python3.7/site-packages/airflow/example_dags/example_task_group.py took 0.193 seconds
[2025-07-20T06:06:23.324+0000] {processor.py:154} INFO - Started process (PID=727) to work on /home/airflow/.local/lib/python3.7/site-packages/airflow/example_dags/example_task_group.py
[2025-07-20T06:06:23.327+0000] {processor.py:756} INFO - Processing file /home/airflow/.local/lib/python3.7/site-packages/airflow/example_dags/example_task_group.py for tasks to queue
[2025-07-20T06:06:23.329+0000] {logging_mixin.py:120} INFO - [2025-07-20T06:06:23.329+0000] {dagbag.py:537} INFO - Filling up the DagBag from /home/airflow/.local/lib/python3.7/site-packages/airflow/example_dags/example_task_group.py
[2025-07-20T06:06:23.353+0000] {processor.py:766} INFO - DAG(s) dict_keys(['example_task_group']) retrieved from /home/airflow/.local/lib/python3.7/site-packages/airflow/example_dags/example_task_group.py
[2025-07-20T06:06:23.425+0000] {logging_mixin.py:120} INFO - [2025-07-20T06:06:23.425+0000] {dag.py:2585} INFO - Sync 1 DAGs
[2025-07-20T06:06:23.477+0000] {logging_mixin.py:120} INFO - [2025-07-20T06:06:23.477+0000] {dag.py:3340} INFO - Setting next_dagrun for example_task_group to 2025-07-19T06:06:23.477103+00:00, run_after=2025-07-20T06:06:23.477103+00:00
[2025-07-20T06:06:23.516+0000] {processor.py:176} INFO - Processing /home/airflow/.local/lib/python3.7/site-packages/airflow/example_dags/example_task_group.py took 0.199 seconds
[2025-07-20T06:06:53.707+0000] {processor.py:154} INFO - Started process (PID=781) to work on /home/airflow/.local/lib/python3.7/site-packages/airflow/example_dags/example_task_group.py
[2025-07-20T06:06:53.709+0000] {processor.py:756} INFO - Processing file /home/airflow/.local/lib/python3.7/site-packages/airflow/example_dags/example_task_group.py for tasks to queue
[2025-07-20T06:06:53.710+0000] {logging_mixin.py:120} INFO - [2025-07-20T06:06:53.710+0000] {dagbag.py:537} INFO - Filling up the DagBag from /home/airflow/.local/lib/python3.7/site-packages/airflow/example_dags/example_task_group.py
[2025-07-20T06:06:53.734+0000] {processor.py:766} INFO - DAG(s) dict_keys(['example_task_group']) retrieved from /home/airflow/.local/lib/python3.7/site-packages/airflow/example_dags/example_task_group.py
[2025-07-20T06:06:53.810+0000] {logging_mixin.py:120} INFO - [2025-07-20T06:06:53.809+0000] {dag.py:2585} INFO - Sync 1 DAGs
[2025-07-20T06:06:53.858+0000] {logging_mixin.py:120} INFO - [2025-07-20T06:06:53.858+0000] {dag.py:3340} INFO - Setting next_dagrun for example_task_group to 2025-07-19T06:06:53.858381+00:00, run_after=2025-07-20T06:06:53.858381+00:00
[2025-07-20T06:06:53.897+0000] {processor.py:176} INFO - Processing /home/airflow/.local/lib/python3.7/site-packages/airflow/example_dags/example_task_group.py took 0.196 seconds
[2025-07-20T06:07:24.071+0000] {processor.py:154} INFO - Started process (PID=843) to work on /home/airflow/.local/lib/python3.7/site-packages/airflow/example_dags/example_task_group.py
[2025-07-20T06:07:24.073+0000] {processor.py:756} INFO - Processing file /home/airflow/.local/lib/python3.7/site-packages/airflow/example_dags/example_task_group.py for tasks to queue
[2025-07-20T06:07:24.074+0000] {logging_mixin.py:120} INFO - [2025-07-20T06:07:24.074+0000] {dagbag.py:537} INFO - Filling up the DagBag from /home/airflow/.local/lib/python3.7/site-packages/airflow/example_dags/example_task_group.py
[2025-07-20T06:07:24.100+0000] {processor.py:766} INFO - DAG(s) dict_keys(['example_task_group']) retrieved from /home/airflow/.local/lib/python3.7/site-packages/airflow/example_dags/example_task_group.py
[2025-07-20T06:07:24.168+0000] {logging_mixin.py:120} INFO - [2025-07-20T06:07:24.168+0000] {dag.py:2585} INFO - Sync 1 DAGs
[2025-07-20T06:07:24.208+0000] {logging_mixin.py:120} INFO - [2025-07-20T06:07:24.207+0000] {dag.py:3340} INFO - Setting next_dagrun for example_task_group to 2025-07-19T06:07:24.207622+00:00, run_after=2025-07-20T06:07:24.207622+00:00
[2025-07-20T06:07:24.243+0000] {processor.py:176} INFO - Processing /home/airflow/.local/lib/python3.7/site-packages/airflow/example_dags/example_task_group.py took 0.176 seconds
[2025-07-20T06:07:55.088+0000] {processor.py:154} INFO - Started process (PID=903) to work on /home/airflow/.local/lib/python3.7/site-packages/airflow/example_dags/example_task_group.py
[2025-07-20T06:07:55.092+0000] {processor.py:756} INFO - Processing file /home/airflow/.local/lib/python3.7/site-packages/airflow/example_dags/example_task_group.py for tasks to queue
[2025-07-20T06:07:55.095+0000] {logging_mixin.py:120} INFO - [2025-07-20T06:07:55.095+0000] {dagbag.py:537} INFO - Filling up the DagBag from /home/airflow/.local/lib/python3.7/site-packages/airflow/example_dags/example_task_group.py
[2025-07-20T06:07:55.137+0000] {processor.py:766} INFO - DAG(s) dict_keys(['example_task_group']) retrieved from /home/airflow/.local/lib/python3.7/site-packages/airflow/example_dags/example_task_group.py
[2025-07-20T06:07:55.299+0000] {logging_mixin.py:120} INFO - [2025-07-20T06:07:55.299+0000] {dag.py:2585} INFO - Sync 1 DAGs
[2025-07-20T06:07:55.366+0000] {logging_mixin.py:120} INFO - [2025-07-20T06:07:55.365+0000] {dag.py:3340} INFO - Setting next_dagrun for example_task_group to 2025-07-19T06:07:55.365104+00:00, run_after=2025-07-20T06:07:55.365104+00:00
[2025-07-20T06:07:55.412+0000] {processor.py:176} INFO - Processing /home/airflow/.local/lib/python3.7/site-packages/airflow/example_dags/example_task_group.py took 0.336 seconds
[2025-07-20T06:08:28.303+0000] {processor.py:154} INFO - Started process (PID=960) to work on /home/airflow/.local/lib/python3.7/site-packages/airflow/example_dags/example_task_group.py
[2025-07-20T06:08:28.306+0000] {processor.py:756} INFO - Processing file /home/airflow/.local/lib/python3.7/site-packages/airflow/example_dags/example_task_group.py for tasks to queue
[2025-07-20T06:08:28.308+0000] {logging_mixin.py:120} INFO - [2025-07-20T06:08:28.308+0000] {dagbag.py:537} INFO - Filling up the DagBag from /home/airflow/.local/lib/python3.7/site-packages/airflow/example_dags/example_task_group.py
[2025-07-20T06:08:28.427+0000] {processor.py:766} INFO - DAG(s) dict_keys(['example_task_group']) retrieved from /home/airflow/.local/lib/python3.7/site-packages/airflow/example_dags/example_task_group.py
[2025-07-20T06:08:28.620+0000] {logging_mixin.py:120} INFO - [2025-07-20T06:08:28.620+0000] {dag.py:2585} INFO - Sync 1 DAGs
[2025-07-20T06:08:28.729+0000] {logging_mixin.py:120} INFO - [2025-07-20T06:08:28.729+0000] {dag.py:3340} INFO - Setting next_dagrun for example_task_group to 2025-07-19T06:08:28.728946+00:00, run_after=2025-07-20T06:08:28.728946+00:00
[2025-07-20T06:08:28.826+0000] {processor.py:176} INFO - Processing /home/airflow/.local/lib/python3.7/site-packages/airflow/example_dags/example_task_group.py took 0.563 seconds
[2025-07-20T06:08:59.051+0000] {processor.py:154} INFO - Started process (PID=1014) to work on /home/airflow/.local/lib/python3.7/site-packages/airflow/example_dags/example_task_group.py
[2025-07-20T06:08:59.053+0000] {processor.py:756} INFO - Processing file /home/airflow/.local/lib/python3.7/site-packages/airflow/example_dags/example_task_group.py for tasks to queue
[2025-07-20T06:08:59.061+0000] {logging_mixin.py:120} INFO - [2025-07-20T06:08:59.060+0000] {dagbag.py:537} INFO - Filling up the DagBag from /home/airflow/.local/lib/python3.7/site-packages/airflow/example_dags/example_task_group.py
[2025-07-20T06:08:59.125+0000] {processor.py:766} INFO - DAG(s) dict_keys(['example_task_group']) retrieved from /home/airflow/.local/lib/python3.7/site-packages/airflow/example_dags/example_task_group.py
[2025-07-20T06:08:59.205+0000] {logging_mixin.py:120} INFO - [2025-07-20T06:08:59.204+0000] {dag.py:2585} INFO - Sync 1 DAGs
[2025-07-20T06:08:59.260+0000] {logging_mixin.py:120} INFO - [2025-07-20T06:08:59.260+0000] {dag.py:3340} INFO - Setting next_dagrun for example_task_group to 2025-07-19T06:08:59.260209+00:00, run_after=2025-07-20T06:08:59.260209+00:00
[2025-07-20T06:08:59.303+0000] {processor.py:176} INFO - Processing /home/airflow/.local/lib/python3.7/site-packages/airflow/example_dags/example_task_group.py took 0.263 seconds
[2025-07-20T06:09:30.546+0000] {processor.py:154} INFO - Started process (PID=1066) to work on /home/airflow/.local/lib/python3.7/site-packages/airflow/example_dags/example_task_group.py
[2025-07-20T06:09:30.549+0000] {processor.py:756} INFO - Processing file /home/airflow/.local/lib/python3.7/site-packages/airflow/example_dags/example_task_group.py for tasks to queue
[2025-07-20T06:09:30.551+0000] {logging_mixin.py:120} INFO - [2025-07-20T06:09:30.551+0000] {dagbag.py:537} INFO - Filling up the DagBag from /home/airflow/.local/lib/python3.7/site-packages/airflow/example_dags/example_task_group.py
[2025-07-20T06:09:30.600+0000] {processor.py:766} INFO - DAG(s) dict_keys(['example_task_group']) retrieved from /home/airflow/.local/lib/python3.7/site-packages/airflow/example_dags/example_task_group.py
[2025-07-20T06:09:30.770+0000] {logging_mixin.py:120} INFO - [2025-07-20T06:09:30.770+0000] {dag.py:2585} INFO - Sync 1 DAGs
[2025-07-20T06:09:30.839+0000] {logging_mixin.py:120} INFO - [2025-07-20T06:09:30.839+0000] {dag.py:3340} INFO - Setting next_dagrun for example_task_group to 2025-07-19T06:09:30.839187+00:00, run_after=2025-07-20T06:09:30.839187+00:00
[2025-07-20T06:09:30.896+0000] {processor.py:176} INFO - Processing /home/airflow/.local/lib/python3.7/site-packages/airflow/example_dags/example_task_group.py took 0.357 seconds
[2025-07-20T06:10:01.622+0000] {processor.py:154} INFO - Started process (PID=1119) to work on /home/airflow/.local/lib/python3.7/site-packages/airflow/example_dags/example_task_group.py
[2025-07-20T06:10:01.624+0000] {processor.py:756} INFO - Processing file /home/airflow/.local/lib/python3.7/site-packages/airflow/example_dags/example_task_group.py for tasks to queue
[2025-07-20T06:10:01.625+0000] {logging_mixin.py:120} INFO - [2025-07-20T06:10:01.625+0000] {dagbag.py:537} INFO - Filling up the DagBag from /home/airflow/.local/lib/python3.7/site-packages/airflow/example_dags/example_task_group.py
[2025-07-20T06:10:01.657+0000] {processor.py:766} INFO - DAG(s) dict_keys(['example_task_group']) retrieved from /home/airflow/.local/lib/python3.7/site-packages/airflow/example_dags/example_task_group.py
[2025-07-20T06:10:01.770+0000] {logging_mixin.py:120} INFO - [2025-07-20T06:10:01.770+0000] {dag.py:2585} INFO - Sync 1 DAGs
[2025-07-20T06:10:01.859+0000] {logging_mixin.py:120} INFO - [2025-07-20T06:10:01.858+0000] {dag.py:3340} INFO - Setting next_dagrun for example_task_group to 2025-07-19T06:10:01.857886+00:00, run_after=2025-07-20T06:10:01.857886+00:00
[2025-07-20T06:10:01.920+0000] {processor.py:176} INFO - Processing /home/airflow/.local/lib/python3.7/site-packages/airflow/example_dags/example_task_group.py took 0.303 seconds
[2025-07-20T06:10:32.669+0000] {processor.py:154} INFO - Started process (PID=1173) to work on /home/airflow/.local/lib/python3.7/site-packages/airflow/example_dags/example_task_group.py
[2025-07-20T06:10:32.672+0000] {processor.py:756} INFO - Processing file /home/airflow/.local/lib/python3.7/site-packages/airflow/example_dags/example_task_group.py for tasks to queue
[2025-07-20T06:10:32.676+0000] {logging_mixin.py:120} INFO - [2025-07-20T06:10:32.676+0000] {dagbag.py:537} INFO - Filling up the DagBag from /home/airflow/.local/lib/python3.7/site-packages/airflow/example_dags/example_task_group.py
[2025-07-20T06:10:32.734+0000] {processor.py:766} INFO - DAG(s) dict_keys(['example_task_group']) retrieved from /home/airflow/.local/lib/python3.7/site-packages/airflow/example_dags/example_task_group.py
[2025-07-20T06:10:32.878+0000] {logging_mixin.py:120} INFO - [2025-07-20T06:10:32.878+0000] {dag.py:2585} INFO - Sync 1 DAGs
[2025-07-20T06:10:32.965+0000] {logging_mixin.py:120} INFO - [2025-07-20T06:10:32.965+0000] {dag.py:3340} INFO - Setting next_dagrun for example_task_group to 2025-07-19T06:10:32.964813+00:00, run_after=2025-07-20T06:10:32.964813+00:00
[2025-07-20T06:10:33.058+0000] {processor.py:176} INFO - Processing /home/airflow/.local/lib/python3.7/site-packages/airflow/example_dags/example_task_group.py took 0.402 seconds
[2025-07-20T06:11:03.397+0000] {processor.py:154} INFO - Started process (PID=1227) to work on /home/airflow/.local/lib/python3.7/site-packages/airflow/example_dags/example_task_group.py
[2025-07-20T06:11:03.399+0000] {processor.py:756} INFO - Processing file /home/airflow/.local/lib/python3.7/site-packages/airflow/example_dags/example_task_group.py for tasks to queue
[2025-07-20T06:11:03.400+0000] {logging_mixin.py:120} INFO - [2025-07-20T06:11:03.400+0000] {dagbag.py:537} INFO - Filling up the DagBag from /home/airflow/.local/lib/python3.7/site-packages/airflow/example_dags/example_task_group.py
[2025-07-20T06:11:03.425+0000] {processor.py:766} INFO - DAG(s) dict_keys(['example_task_group']) retrieved from /home/airflow/.local/lib/python3.7/site-packages/airflow/example_dags/example_task_group.py
[2025-07-20T06:11:03.486+0000] {logging_mixin.py:120} INFO - [2025-07-20T06:11:03.486+0000] {dag.py:2585} INFO - Sync 1 DAGs
[2025-07-20T06:11:03.525+0000] {logging_mixin.py:120} INFO - [2025-07-20T06:11:03.525+0000] {dag.py:3340} INFO - Setting next_dagrun for example_task_group to 2025-07-19T06:11:03.525030+00:00, run_after=2025-07-20T06:11:03.525030+00:00
[2025-07-20T06:11:03.563+0000] {processor.py:176} INFO - Processing /home/airflow/.local/lib/python3.7/site-packages/airflow/example_dags/example_task_group.py took 0.170 seconds
[2025-07-20T06:11:33.641+0000] {processor.py:154} INFO - Started process (PID=1289) to work on /home/airflow/.local/lib/python3.7/site-packages/airflow/example_dags/example_task_group.py
[2025-07-20T06:11:33.643+0000] {processor.py:756} INFO - Processing file /home/airflow/.local/lib/python3.7/site-packages/airflow/example_dags/example_task_group.py for tasks to queue
[2025-07-20T06:11:33.644+0000] {logging_mixin.py:120} INFO - [2025-07-20T06:11:33.644+0000] {dagbag.py:537} INFO - Filling up the DagBag from /home/airflow/.local/lib/python3.7/site-packages/airflow/example_dags/example_task_group.py
[2025-07-20T06:11:33.676+0000] {processor.py:766} INFO - DAG(s) dict_keys(['example_task_group']) retrieved from /home/airflow/.local/lib/python3.7/site-packages/airflow/example_dags/example_task_group.py
[2025-07-20T06:11:33.762+0000] {logging_mixin.py:120} INFO - [2025-07-20T06:11:33.759+0000] {dag.py:2585} INFO - Sync 1 DAGs
[2025-07-20T06:11:33.833+0000] {logging_mixin.py:120} INFO - [2025-07-20T06:11:33.833+0000] {dag.py:3340} INFO - Setting next_dagrun for example_task_group to 2025-07-19T06:11:33.832694+00:00, run_after=2025-07-20T06:11:33.832694+00:00
[2025-07-20T06:11:33.872+0000] {processor.py:176} INFO - Processing /home/airflow/.local/lib/python3.7/site-packages/airflow/example_dags/example_task_group.py took 0.242 seconds
[2025-07-20T06:12:04.188+0000] {processor.py:154} INFO - Started process (PID=1350) to work on /home/airflow/.local/lib/python3.7/site-packages/airflow/example_dags/example_task_group.py
[2025-07-20T06:12:04.190+0000] {processor.py:756} INFO - Processing file /home/airflow/.local/lib/python3.7/site-packages/airflow/example_dags/example_task_group.py for tasks to queue
[2025-07-20T06:12:04.191+0000] {logging_mixin.py:120} INFO - [2025-07-20T06:12:04.191+0000] {dagbag.py:537} INFO - Filling up the DagBag from /home/airflow/.local/lib/python3.7/site-packages/airflow/example_dags/example_task_group.py
[2025-07-20T06:12:04.216+0000] {processor.py:766} INFO - DAG(s) dict_keys(['example_task_group']) retrieved from /home/airflow/.local/lib/python3.7/site-packages/airflow/example_dags/example_task_group.py
[2025-07-20T06:12:04.298+0000] {logging_mixin.py:120} INFO - [2025-07-20T06:12:04.298+0000] {dag.py:2585} INFO - Sync 1 DAGs
[2025-07-20T06:12:04.363+0000] {logging_mixin.py:120} INFO - [2025-07-20T06:12:04.363+0000] {dag.py:3340} INFO - Setting next_dagrun for example_task_group to 2025-07-19T06:12:04.362952+00:00, run_after=2025-07-20T06:12:04.362952+00:00
[2025-07-20T06:12:04.408+0000] {processor.py:176} INFO - Processing /home/airflow/.local/lib/python3.7/site-packages/airflow/example_dags/example_task_group.py took 0.225 seconds
[2025-07-20T06:12:35.749+0000] {processor.py:154} INFO - Started process (PID=1405) to work on /home/airflow/.local/lib/python3.7/site-packages/airflow/example_dags/example_task_group.py
[2025-07-20T06:12:35.763+0000] {processor.py:756} INFO - Processing file /home/airflow/.local/lib/python3.7/site-packages/airflow/example_dags/example_task_group.py for tasks to queue
[2025-07-20T06:12:35.764+0000] {logging_mixin.py:120} INFO - [2025-07-20T06:12:35.764+0000] {dagbag.py:537} INFO - Filling up the DagBag from /home/airflow/.local/lib/python3.7/site-packages/airflow/example_dags/example_task_group.py
[2025-07-20T06:12:35.840+0000] {processor.py:766} INFO - DAG(s) dict_keys(['example_task_group']) retrieved from /home/airflow/.local/lib/python3.7/site-packages/airflow/example_dags/example_task_group.py
[2025-07-20T06:12:35.938+0000] {logging_mixin.py:120} INFO - [2025-07-20T06:12:35.938+0000] {dag.py:2585} INFO - Sync 1 DAGs
[2025-07-20T06:12:36.063+0000] {logging_mixin.py:120} INFO - [2025-07-20T06:12:36.063+0000] {dag.py:3340} INFO - Setting next_dagrun for example_task_group to 2025-07-19T06:12:36.061874+00:00, run_after=2025-07-20T06:12:36.061874+00:00
[2025-07-20T06:12:36.122+0000] {processor.py:176} INFO - Processing /home/airflow/.local/lib/python3.7/site-packages/airflow/example_dags/example_task_group.py took 0.379 seconds
[2025-07-20T06:13:06.294+0000] {processor.py:154} INFO - Started process (PID=1467) to work on /home/airflow/.local/lib/python3.7/site-packages/airflow/example_dags/example_task_group.py
[2025-07-20T06:13:06.295+0000] {processor.py:756} INFO - Processing file /home/airflow/.local/lib/python3.7/site-packages/airflow/example_dags/example_task_group.py for tasks to queue
[2025-07-20T06:13:06.297+0000] {logging_mixin.py:120} INFO - [2025-07-20T06:13:06.297+0000] {dagbag.py:537} INFO - Filling up the DagBag from /home/airflow/.local/lib/python3.7/site-packages/airflow/example_dags/example_task_group.py
[2025-07-20T06:13:06.347+0000] {processor.py:766} INFO - DAG(s) dict_keys(['example_task_group']) retrieved from /home/airflow/.local/lib/python3.7/site-packages/airflow/example_dags/example_task_group.py
[2025-07-20T06:13:06.484+0000] {logging_mixin.py:120} INFO - [2025-07-20T06:13:06.484+0000] {dag.py:2585} INFO - Sync 1 DAGs
[2025-07-20T06:13:06.536+0000] {logging_mixin.py:120} INFO - [2025-07-20T06:13:06.536+0000] {dag.py:3340} INFO - Setting next_dagrun for example_task_group to 2025-07-19T06:13:06.535712+00:00, run_after=2025-07-20T06:13:06.535712+00:00
[2025-07-20T06:13:06.584+0000] {processor.py:176} INFO - Processing /home/airflow/.local/lib/python3.7/site-packages/airflow/example_dags/example_task_group.py took 0.297 seconds
[2025-07-20T06:13:36.805+0000] {processor.py:154} INFO - Started process (PID=1520) to work on /home/airflow/.local/lib/python3.7/site-packages/airflow/example_dags/example_task_group.py
[2025-07-20T06:13:36.807+0000] {processor.py:756} INFO - Processing file /home/airflow/.local/lib/python3.7/site-packages/airflow/example_dags/example_task_group.py for tasks to queue
[2025-07-20T06:13:36.808+0000] {logging_mixin.py:120} INFO - [2025-07-20T06:13:36.808+0000] {dagbag.py:537} INFO - Filling up the DagBag from /home/airflow/.local/lib/python3.7/site-packages/airflow/example_dags/example_task_group.py
[2025-07-20T06:13:36.852+0000] {processor.py:766} INFO - DAG(s) dict_keys(['example_task_group']) retrieved from /home/airflow/.local/lib/python3.7/site-packages/airflow/example_dags/example_task_group.py
[2025-07-20T06:13:36.950+0000] {logging_mixin.py:120} INFO - [2025-07-20T06:13:36.950+0000] {dag.py:2585} INFO - Sync 1 DAGs
[2025-07-20T06:13:36.998+0000] {logging_mixin.py:120} INFO - [2025-07-20T06:13:36.998+0000] {dag.py:3340} INFO - Setting next_dagrun for example_task_group to 2025-07-19T06:13:36.997639+00:00, run_after=2025-07-20T06:13:36.997639+00:00
[2025-07-20T06:13:37.037+0000] {processor.py:176} INFO - Processing /home/airflow/.local/lib/python3.7/site-packages/airflow/example_dags/example_task_group.py took 0.238 seconds
[2025-07-20T06:14:07.843+0000] {processor.py:154} INFO - Started process (PID=1584) to work on /home/airflow/.local/lib/python3.7/site-packages/airflow/example_dags/example_task_group.py
[2025-07-20T06:14:07.851+0000] {processor.py:756} INFO - Processing file /home/airflow/.local/lib/python3.7/site-packages/airflow/example_dags/example_task_group.py for tasks to queue
[2025-07-20T06:14:07.853+0000] {logging_mixin.py:120} INFO - [2025-07-20T06:14:07.853+0000] {dagbag.py:537} INFO - Filling up the DagBag from /home/airflow/.local/lib/python3.7/site-packages/airflow/example_dags/example_task_group.py
[2025-07-20T06:14:07.954+0000] {processor.py:766} INFO - DAG(s) dict_keys(['example_task_group']) retrieved from /home/airflow/.local/lib/python3.7/site-packages/airflow/example_dags/example_task_group.py
[2025-07-20T06:14:08.302+0000] {logging_mixin.py:120} INFO - [2025-07-20T06:14:08.302+0000] {dag.py:2585} INFO - Sync 1 DAGs
[2025-07-20T06:14:08.364+0000] {logging_mixin.py:120} INFO - [2025-07-20T06:14:08.363+0000] {dag.py:3340} INFO - Setting next_dagrun for example_task_group to 2025-07-19T06:14:08.363138+00:00, run_after=2025-07-20T06:14:08.363138+00:00
[2025-07-20T06:14:08.436+0000] {processor.py:176} INFO - Processing /home/airflow/.local/lib/python3.7/site-packages/airflow/example_dags/example_task_group.py took 0.611 seconds
[2025-07-20T06:14:39.468+0000] {processor.py:154} INFO - Started process (PID=1638) to work on /home/airflow/.local/lib/python3.7/site-packages/airflow/example_dags/example_task_group.py
[2025-07-20T06:14:39.470+0000] {processor.py:756} INFO - Processing file /home/airflow/.local/lib/python3.7/site-packages/airflow/example_dags/example_task_group.py for tasks to queue
[2025-07-20T06:14:39.472+0000] {logging_mixin.py:120} INFO - [2025-07-20T06:14:39.471+0000] {dagbag.py:537} INFO - Filling up the DagBag from /home/airflow/.local/lib/python3.7/site-packages/airflow/example_dags/example_task_group.py
[2025-07-20T06:14:39.504+0000] {processor.py:766} INFO - DAG(s) dict_keys(['example_task_group']) retrieved from /home/airflow/.local/lib/python3.7/site-packages/airflow/example_dags/example_task_group.py
[2025-07-20T06:14:39.588+0000] {logging_mixin.py:120} INFO - [2025-07-20T06:14:39.587+0000] {dag.py:2585} INFO - Sync 1 DAGs
[2025-07-20T06:14:39.625+0000] {logging_mixin.py:120} INFO - [2025-07-20T06:14:39.625+0000] {dag.py:3340} INFO - Setting next_dagrun for example_task_group to 2025-07-19T06:14:39.625324+00:00, run_after=2025-07-20T06:14:39.625324+00:00
[2025-07-20T06:14:39.684+0000] {processor.py:176} INFO - Processing /home/airflow/.local/lib/python3.7/site-packages/airflow/example_dags/example_task_group.py took 0.222 seconds
[2025-07-20T06:15:10.250+0000] {processor.py:154} INFO - Started process (PID=1691) to work on /home/airflow/.local/lib/python3.7/site-packages/airflow/example_dags/example_task_group.py
[2025-07-20T06:15:10.253+0000] {processor.py:756} INFO - Processing file /home/airflow/.local/lib/python3.7/site-packages/airflow/example_dags/example_task_group.py for tasks to queue
[2025-07-20T06:15:10.255+0000] {logging_mixin.py:120} INFO - [2025-07-20T06:15:10.255+0000] {dagbag.py:537} INFO - Filling up the DagBag from /home/airflow/.local/lib/python3.7/site-packages/airflow/example_dags/example_task_group.py
[2025-07-20T06:15:10.327+0000] {processor.py:766} INFO - DAG(s) dict_keys(['example_task_group']) retrieved from /home/airflow/.local/lib/python3.7/site-packages/airflow/example_dags/example_task_group.py
[2025-07-20T06:15:10.527+0000] {logging_mixin.py:120} INFO - [2025-07-20T06:15:10.527+0000] {dag.py:2585} INFO - Sync 1 DAGs
[2025-07-20T06:15:10.658+0000] {logging_mixin.py:120} INFO - [2025-07-20T06:15:10.658+0000] {dag.py:3340} INFO - Setting next_dagrun for example_task_group to 2025-07-19T06:15:10.657440+00:00, run_after=2025-07-20T06:15:10.657440+00:00
[2025-07-20T06:15:10.770+0000] {processor.py:176} INFO - Processing /home/airflow/.local/lib/python3.7/site-packages/airflow/example_dags/example_task_group.py took 0.530 seconds
