[2025-07-20T05:58:17.852+0000] {processor.py:154} INFO - Started process (PID=50) to work on /home/airflow/.local/lib/python3.7/site-packages/airflow/example_dags/example_complex.py
[2025-07-20T05:58:17.855+0000] {processor.py:756} INFO - Processing file /home/airflow/.local/lib/python3.7/site-packages/airflow/example_dags/example_complex.py for tasks to queue
[2025-07-20T05:58:17.857+0000] {logging_mixin.py:120} INFO - [2025-07-20T05:58:17.856+0000] {dagbag.py:537} INFO - Filling up the DagBag from /home/airflow/.local/lib/python3.7/site-packages/airflow/example_dags/example_complex.py
[2025-07-20T05:58:17.905+0000] {logging_mixin.py:120} INFO - [2025-07-20T05:58:17.904+0000] {taskmixin.py:205} WARNING - Dependency <Task(BashOperator): create_entry_group>, delete_entry_group already registered for DAG: example_complex
[2025-07-20T05:58:17.906+0000] {logging_mixin.py:120} INFO - [2025-07-20T05:58:17.905+0000] {taskmixin.py:205} WARNING - Dependency <Task(BashOperator): delete_entry_group>, create_entry_group already registered for DAG: example_complex
[2025-07-20T05:58:17.907+0000] {logging_mixin.py:120} INFO - [2025-07-20T05:58:17.906+0000] {taskmixin.py:205} WARNING - Dependency <Task(BashOperator): create_entry_gcs>, delete_entry already registered for DAG: example_complex
[2025-07-20T05:58:17.907+0000] {logging_mixin.py:120} INFO - [2025-07-20T05:58:17.907+0000] {taskmixin.py:205} WARNING - Dependency <Task(BashOperator): delete_entry>, create_entry_gcs already registered for DAG: example_complex
[2025-07-20T05:58:17.909+0000] {logging_mixin.py:120} INFO - [2025-07-20T05:58:17.909+0000] {taskmixin.py:205} WARNING - Dependency <Task(BashOperator): create_tag>, delete_tag already registered for DAG: example_complex
[2025-07-20T05:58:17.910+0000] {logging_mixin.py:120} INFO - [2025-07-20T05:58:17.910+0000] {taskmixin.py:205} WARNING - Dependency <Task(BashOperator): delete_tag>, create_tag already registered for DAG: example_complex
[2025-07-20T05:58:17.945+0000] {processor.py:766} INFO - DAG(s) dict_keys(['example_complex']) retrieved from /home/airflow/.local/lib/python3.7/site-packages/airflow/example_dags/example_complex.py
[2025-07-20T05:58:18.076+0000] {logging_mixin.py:120} INFO - [2025-07-20T05:58:18.076+0000] {dag.py:2585} INFO - Sync 1 DAGs
[2025-07-20T05:58:18.132+0000] {logging_mixin.py:120} INFO - [2025-07-20T05:58:18.131+0000] {dag.py:3340} INFO - Setting next_dagrun for example_complex to None, run_after=None
[2025-07-20T05:58:18.502+0000] {processor.py:176} INFO - Processing /home/airflow/.local/lib/python3.7/site-packages/airflow/example_dags/example_complex.py took 0.669 seconds
[2025-07-20T05:59:48.292+0000] {processor.py:154} INFO - Started process (PID=122) to work on /home/airflow/.local/lib/python3.7/site-packages/airflow/example_dags/example_complex.py
[2025-07-20T05:59:48.314+0000] {processor.py:756} INFO - Processing file /home/airflow/.local/lib/python3.7/site-packages/airflow/example_dags/example_complex.py for tasks to queue
[2025-07-20T05:59:48.325+0000] {logging_mixin.py:120} INFO - [2025-07-20T05:59:48.325+0000] {dagbag.py:537} INFO - Filling up the DagBag from /home/airflow/.local/lib/python3.7/site-packages/airflow/example_dags/example_complex.py
[2025-07-20T05:59:48.489+0000] {logging_mixin.py:120} INFO - [2025-07-20T05:59:48.488+0000] {taskmixin.py:205} WARNING - Dependency <Task(BashOperator): create_entry_group>, delete_entry_group already registered for DAG: example_complex
[2025-07-20T05:59:48.499+0000] {logging_mixin.py:120} INFO - [2025-07-20T05:59:48.498+0000] {taskmixin.py:205} WARNING - Dependency <Task(BashOperator): delete_entry_group>, create_entry_group already registered for DAG: example_complex
[2025-07-20T05:59:48.511+0000] {logging_mixin.py:120} INFO - [2025-07-20T05:59:48.510+0000] {taskmixin.py:205} WARNING - Dependency <Task(BashOperator): create_entry_gcs>, delete_entry already registered for DAG: example_complex
[2025-07-20T05:59:48.514+0000] {logging_mixin.py:120} INFO - [2025-07-20T05:59:48.513+0000] {taskmixin.py:205} WARNING - Dependency <Task(BashOperator): delete_entry>, create_entry_gcs already registered for DAG: example_complex
[2025-07-20T05:59:48.594+0000] {logging_mixin.py:120} INFO - [2025-07-20T05:59:48.592+0000] {taskmixin.py:205} WARNING - Dependency <Task(BashOperator): create_tag>, delete_tag already registered for DAG: example_complex
[2025-07-20T05:59:48.608+0000] {logging_mixin.py:120} INFO - [2025-07-20T05:59:48.608+0000] {taskmixin.py:205} WARNING - Dependency <Task(BashOperator): delete_tag>, create_tag already registered for DAG: example_complex
[2025-07-20T05:59:49.018+0000] {processor.py:766} INFO - DAG(s) dict_keys(['example_complex']) retrieved from /home/airflow/.local/lib/python3.7/site-packages/airflow/example_dags/example_complex.py
[2025-07-20T05:59:50.516+0000] {logging_mixin.py:120} INFO - [2025-07-20T05:59:50.515+0000] {dag.py:2585} INFO - Sync 1 DAGs
[2025-07-20T05:59:51.607+0000] {logging_mixin.py:120} INFO - [2025-07-20T05:59:51.606+0000] {dag.py:3340} INFO - Setting next_dagrun for example_complex to None, run_after=None
[2025-07-20T05:59:57.050+0000] {processor.py:176} INFO - Processing /home/airflow/.local/lib/python3.7/site-packages/airflow/example_dags/example_complex.py took 8.822 seconds
[2025-07-20T06:01:17.477+0000] {processor.py:154} INFO - Started process (PID=190) to work on /home/airflow/.local/lib/python3.7/site-packages/airflow/example_dags/example_complex.py
[2025-07-20T06:01:17.492+0000] {processor.py:756} INFO - Processing file /home/airflow/.local/lib/python3.7/site-packages/airflow/example_dags/example_complex.py for tasks to queue
[2025-07-20T06:01:17.497+0000] {logging_mixin.py:120} INFO - [2025-07-20T06:01:17.496+0000] {dagbag.py:537} INFO - Filling up the DagBag from /home/airflow/.local/lib/python3.7/site-packages/airflow/example_dags/example_complex.py
[2025-07-20T06:01:17.771+0000] {logging_mixin.py:120} INFO - [2025-07-20T06:01:17.755+0000] {taskmixin.py:205} WARNING - Dependency <Task(BashOperator): create_entry_group>, delete_entry_group already registered for DAG: example_complex
[2025-07-20T06:01:17.776+0000] {logging_mixin.py:120} INFO - [2025-07-20T06:01:17.775+0000] {taskmixin.py:205} WARNING - Dependency <Task(BashOperator): delete_entry_group>, create_entry_group already registered for DAG: example_complex
[2025-07-20T06:01:17.783+0000] {logging_mixin.py:120} INFO - [2025-07-20T06:01:17.782+0000] {taskmixin.py:205} WARNING - Dependency <Task(BashOperator): create_entry_gcs>, delete_entry already registered for DAG: example_complex
[2025-07-20T06:01:17.792+0000] {logging_mixin.py:120} INFO - [2025-07-20T06:01:17.791+0000] {taskmixin.py:205} WARNING - Dependency <Task(BashOperator): delete_entry>, create_entry_gcs already registered for DAG: example_complex
[2025-07-20T06:01:17.794+0000] {logging_mixin.py:120} INFO - [2025-07-20T06:01:17.794+0000] {taskmixin.py:205} WARNING - Dependency <Task(BashOperator): create_tag>, delete_tag already registered for DAG: example_complex
[2025-07-20T06:01:17.799+0000] {logging_mixin.py:120} INFO - [2025-07-20T06:01:17.799+0000] {taskmixin.py:205} WARNING - Dependency <Task(BashOperator): delete_tag>, create_tag already registered for DAG: example_complex
[2025-07-20T06:01:17.999+0000] {processor.py:766} INFO - DAG(s) dict_keys(['example_complex']) retrieved from /home/airflow/.local/lib/python3.7/site-packages/airflow/example_dags/example_complex.py
[2025-07-20T06:01:18.453+0000] {logging_mixin.py:120} INFO - [2025-07-20T06:01:18.453+0000] {dag.py:2585} INFO - Sync 1 DAGs
[2025-07-20T06:01:18.937+0000] {logging_mixin.py:120} INFO - [2025-07-20T06:01:18.936+0000] {dag.py:3340} INFO - Setting next_dagrun for example_complex to None, run_after=None
[2025-07-20T06:01:19.590+0000] {processor.py:176} INFO - Processing /home/airflow/.local/lib/python3.7/site-packages/airflow/example_dags/example_complex.py took 2.150 seconds
[2025-07-20T06:01:56.963+0000] {processor.py:154} INFO - Started process (PID=233) to work on /home/airflow/.local/lib/python3.7/site-packages/airflow/example_dags/example_complex.py
[2025-07-20T06:01:57.014+0000] {processor.py:756} INFO - Processing file /home/airflow/.local/lib/python3.7/site-packages/airflow/example_dags/example_complex.py for tasks to queue
[2025-07-20T06:01:57.029+0000] {logging_mixin.py:120} INFO - [2025-07-20T06:01:57.029+0000] {dagbag.py:537} INFO - Filling up the DagBag from /home/airflow/.local/lib/python3.7/site-packages/airflow/example_dags/example_complex.py
[2025-07-20T06:01:57.177+0000] {logging_mixin.py:120} INFO - [2025-07-20T06:01:57.177+0000] {taskmixin.py:205} WARNING - Dependency <Task(BashOperator): create_entry_group>, delete_entry_group already registered for DAG: example_complex
[2025-07-20T06:01:57.178+0000] {logging_mixin.py:120} INFO - [2025-07-20T06:01:57.178+0000] {taskmixin.py:205} WARNING - Dependency <Task(BashOperator): delete_entry_group>, create_entry_group already registered for DAG: example_complex
[2025-07-20T06:01:57.180+0000] {logging_mixin.py:120} INFO - [2025-07-20T06:01:57.180+0000] {taskmixin.py:205} WARNING - Dependency <Task(BashOperator): create_entry_gcs>, delete_entry already registered for DAG: example_complex
[2025-07-20T06:01:57.183+0000] {logging_mixin.py:120} INFO - [2025-07-20T06:01:57.183+0000] {taskmixin.py:205} WARNING - Dependency <Task(BashOperator): delete_entry>, create_entry_gcs already registered for DAG: example_complex
[2025-07-20T06:01:57.190+0000] {logging_mixin.py:120} INFO - [2025-07-20T06:01:57.189+0000] {taskmixin.py:205} WARNING - Dependency <Task(BashOperator): create_tag>, delete_tag already registered for DAG: example_complex
[2025-07-20T06:01:57.193+0000] {logging_mixin.py:120} INFO - [2025-07-20T06:01:57.193+0000] {taskmixin.py:205} WARNING - Dependency <Task(BashOperator): delete_tag>, create_tag already registered for DAG: example_complex
[2025-07-20T06:01:57.212+0000] {processor.py:766} INFO - DAG(s) dict_keys(['example_complex']) retrieved from /home/airflow/.local/lib/python3.7/site-packages/airflow/example_dags/example_complex.py
[2025-07-20T06:01:57.362+0000] {logging_mixin.py:120} INFO - [2025-07-20T06:01:57.362+0000] {dag.py:2585} INFO - Sync 1 DAGs
[2025-07-20T06:01:57.452+0000] {logging_mixin.py:120} INFO - [2025-07-20T06:01:57.452+0000] {dag.py:3340} INFO - Setting next_dagrun for example_complex to None, run_after=None
[2025-07-20T06:01:57.724+0000] {processor.py:176} INFO - Processing /home/airflow/.local/lib/python3.7/site-packages/airflow/example_dags/example_complex.py took 0.775 seconds
[2025-07-20T06:02:27.859+0000] {processor.py:154} INFO - Started process (PID=280) to work on /home/airflow/.local/lib/python3.7/site-packages/airflow/example_dags/example_complex.py
[2025-07-20T06:02:27.861+0000] {processor.py:756} INFO - Processing file /home/airflow/.local/lib/python3.7/site-packages/airflow/example_dags/example_complex.py for tasks to queue
[2025-07-20T06:02:27.863+0000] {logging_mixin.py:120} INFO - [2025-07-20T06:02:27.862+0000] {dagbag.py:537} INFO - Filling up the DagBag from /home/airflow/.local/lib/python3.7/site-packages/airflow/example_dags/example_complex.py
[2025-07-20T06:02:27.894+0000] {logging_mixin.py:120} INFO - [2025-07-20T06:02:27.893+0000] {taskmixin.py:205} WARNING - Dependency <Task(BashOperator): create_entry_group>, delete_entry_group already registered for DAG: example_complex
[2025-07-20T06:02:27.895+0000] {logging_mixin.py:120} INFO - [2025-07-20T06:02:27.894+0000] {taskmixin.py:205} WARNING - Dependency <Task(BashOperator): delete_entry_group>, create_entry_group already registered for DAG: example_complex
[2025-07-20T06:02:27.896+0000] {logging_mixin.py:120} INFO - [2025-07-20T06:02:27.895+0000] {taskmixin.py:205} WARNING - Dependency <Task(BashOperator): create_entry_gcs>, delete_entry already registered for DAG: example_complex
[2025-07-20T06:02:27.897+0000] {logging_mixin.py:120} INFO - [2025-07-20T06:02:27.896+0000] {taskmixin.py:205} WARNING - Dependency <Task(BashOperator): delete_entry>, create_entry_gcs already registered for DAG: example_complex
[2025-07-20T06:02:27.899+0000] {logging_mixin.py:120} INFO - [2025-07-20T06:02:27.899+0000] {taskmixin.py:205} WARNING - Dependency <Task(BashOperator): create_tag>, delete_tag already registered for DAG: example_complex
[2025-07-20T06:02:27.902+0000] {logging_mixin.py:120} INFO - [2025-07-20T06:02:27.902+0000] {taskmixin.py:205} WARNING - Dependency <Task(BashOperator): delete_tag>, create_tag already registered for DAG: example_complex
[2025-07-20T06:02:27.920+0000] {processor.py:766} INFO - DAG(s) dict_keys(['example_complex']) retrieved from /home/airflow/.local/lib/python3.7/site-packages/airflow/example_dags/example_complex.py
[2025-07-20T06:02:28.027+0000] {logging_mixin.py:120} INFO - [2025-07-20T06:02:28.026+0000] {dag.py:2585} INFO - Sync 1 DAGs
[2025-07-20T06:02:28.137+0000] {logging_mixin.py:120} INFO - [2025-07-20T06:02:28.137+0000] {dag.py:3340} INFO - Setting next_dagrun for example_complex to None, run_after=None
[2025-07-20T06:02:28.275+0000] {processor.py:176} INFO - Processing /home/airflow/.local/lib/python3.7/site-packages/airflow/example_dags/example_complex.py took 0.432 seconds
[2025-07-20T06:02:58.693+0000] {processor.py:154} INFO - Started process (PID=343) to work on /home/airflow/.local/lib/python3.7/site-packages/airflow/example_dags/example_complex.py
[2025-07-20T06:02:58.703+0000] {processor.py:756} INFO - Processing file /home/airflow/.local/lib/python3.7/site-packages/airflow/example_dags/example_complex.py for tasks to queue
[2025-07-20T06:02:58.708+0000] {logging_mixin.py:120} INFO - [2025-07-20T06:02:58.707+0000] {dagbag.py:537} INFO - Filling up the DagBag from /home/airflow/.local/lib/python3.7/site-packages/airflow/example_dags/example_complex.py
[2025-07-20T06:02:58.763+0000] {logging_mixin.py:120} INFO - [2025-07-20T06:02:58.762+0000] {taskmixin.py:205} WARNING - Dependency <Task(BashOperator): create_entry_group>, delete_entry_group already registered for DAG: example_complex
[2025-07-20T06:02:58.764+0000] {logging_mixin.py:120} INFO - [2025-07-20T06:02:58.764+0000] {taskmixin.py:205} WARNING - Dependency <Task(BashOperator): delete_entry_group>, create_entry_group already registered for DAG: example_complex
[2025-07-20T06:02:58.766+0000] {logging_mixin.py:120} INFO - [2025-07-20T06:02:58.765+0000] {taskmixin.py:205} WARNING - Dependency <Task(BashOperator): create_entry_gcs>, delete_entry already registered for DAG: example_complex
[2025-07-20T06:02:58.766+0000] {logging_mixin.py:120} INFO - [2025-07-20T06:02:58.766+0000] {taskmixin.py:205} WARNING - Dependency <Task(BashOperator): delete_entry>, create_entry_gcs already registered for DAG: example_complex
[2025-07-20T06:02:58.767+0000] {logging_mixin.py:120} INFO - [2025-07-20T06:02:58.767+0000] {taskmixin.py:205} WARNING - Dependency <Task(BashOperator): create_tag>, delete_tag already registered for DAG: example_complex
[2025-07-20T06:02:58.768+0000] {logging_mixin.py:120} INFO - [2025-07-20T06:02:58.768+0000] {taskmixin.py:205} WARNING - Dependency <Task(BashOperator): delete_tag>, create_tag already registered for DAG: example_complex
[2025-07-20T06:02:58.795+0000] {processor.py:766} INFO - DAG(s) dict_keys(['example_complex']) retrieved from /home/airflow/.local/lib/python3.7/site-packages/airflow/example_dags/example_complex.py
[2025-07-20T06:02:58.927+0000] {logging_mixin.py:120} INFO - [2025-07-20T06:02:58.927+0000] {dag.py:2585} INFO - Sync 1 DAGs
[2025-07-20T06:02:59.033+0000] {logging_mixin.py:120} INFO - [2025-07-20T06:02:59.032+0000] {dag.py:3340} INFO - Setting next_dagrun for example_complex to None, run_after=None
[2025-07-20T06:02:59.155+0000] {processor.py:176} INFO - Processing /home/airflow/.local/lib/python3.7/site-packages/airflow/example_dags/example_complex.py took 0.489 seconds
[2025-07-20T06:03:29.422+0000] {processor.py:154} INFO - Started process (PID=398) to work on /home/airflow/.local/lib/python3.7/site-packages/airflow/example_dags/example_complex.py
[2025-07-20T06:03:29.424+0000] {processor.py:756} INFO - Processing file /home/airflow/.local/lib/python3.7/site-packages/airflow/example_dags/example_complex.py for tasks to queue
[2025-07-20T06:03:29.427+0000] {logging_mixin.py:120} INFO - [2025-07-20T06:03:29.426+0000] {dagbag.py:537} INFO - Filling up the DagBag from /home/airflow/.local/lib/python3.7/site-packages/airflow/example_dags/example_complex.py
[2025-07-20T06:03:29.486+0000] {logging_mixin.py:120} INFO - [2025-07-20T06:03:29.485+0000] {taskmixin.py:205} WARNING - Dependency <Task(BashOperator): create_entry_group>, delete_entry_group already registered for DAG: example_complex
[2025-07-20T06:03:29.499+0000] {logging_mixin.py:120} INFO - [2025-07-20T06:03:29.499+0000] {taskmixin.py:205} WARNING - Dependency <Task(BashOperator): delete_entry_group>, create_entry_group already registered for DAG: example_complex
[2025-07-20T06:03:29.517+0000] {logging_mixin.py:120} INFO - [2025-07-20T06:03:29.517+0000] {taskmixin.py:205} WARNING - Dependency <Task(BashOperator): create_entry_gcs>, delete_entry already registered for DAG: example_complex
[2025-07-20T06:03:29.519+0000] {logging_mixin.py:120} INFO - [2025-07-20T06:03:29.519+0000] {taskmixin.py:205} WARNING - Dependency <Task(BashOperator): delete_entry>, create_entry_gcs already registered for DAG: example_complex
[2025-07-20T06:03:29.521+0000] {logging_mixin.py:120} INFO - [2025-07-20T06:03:29.521+0000] {taskmixin.py:205} WARNING - Dependency <Task(BashOperator): create_tag>, delete_tag already registered for DAG: example_complex
[2025-07-20T06:03:29.523+0000] {logging_mixin.py:120} INFO - [2025-07-20T06:03:29.522+0000] {taskmixin.py:205} WARNING - Dependency <Task(BashOperator): delete_tag>, create_tag already registered for DAG: example_complex
[2025-07-20T06:03:29.591+0000] {processor.py:766} INFO - DAG(s) dict_keys(['example_complex']) retrieved from /home/airflow/.local/lib/python3.7/site-packages/airflow/example_dags/example_complex.py
[2025-07-20T06:03:29.775+0000] {logging_mixin.py:120} INFO - [2025-07-20T06:03:29.774+0000] {dag.py:2585} INFO - Sync 1 DAGs
[2025-07-20T06:03:29.848+0000] {logging_mixin.py:120} INFO - [2025-07-20T06:03:29.848+0000] {dag.py:3340} INFO - Setting next_dagrun for example_complex to None, run_after=None
[2025-07-20T06:03:29.909+0000] {processor.py:176} INFO - Processing /home/airflow/.local/lib/python3.7/site-packages/airflow/example_dags/example_complex.py took 0.505 seconds
[2025-07-20T06:04:01.192+0000] {processor.py:154} INFO - Started process (PID=452) to work on /home/airflow/.local/lib/python3.7/site-packages/airflow/example_dags/example_complex.py
[2025-07-20T06:04:01.195+0000] {processor.py:756} INFO - Processing file /home/airflow/.local/lib/python3.7/site-packages/airflow/example_dags/example_complex.py for tasks to queue
[2025-07-20T06:04:01.196+0000] {logging_mixin.py:120} INFO - [2025-07-20T06:04:01.196+0000] {dagbag.py:537} INFO - Filling up the DagBag from /home/airflow/.local/lib/python3.7/site-packages/airflow/example_dags/example_complex.py
[2025-07-20T06:04:01.223+0000] {logging_mixin.py:120} INFO - [2025-07-20T06:04:01.223+0000] {taskmixin.py:205} WARNING - Dependency <Task(BashOperator): create_entry_group>, delete_entry_group already registered for DAG: example_complex
[2025-07-20T06:04:01.224+0000] {logging_mixin.py:120} INFO - [2025-07-20T06:04:01.224+0000] {taskmixin.py:205} WARNING - Dependency <Task(BashOperator): delete_entry_group>, create_entry_group already registered for DAG: example_complex
[2025-07-20T06:04:01.226+0000] {logging_mixin.py:120} INFO - [2025-07-20T06:04:01.225+0000] {taskmixin.py:205} WARNING - Dependency <Task(BashOperator): create_entry_gcs>, delete_entry already registered for DAG: example_complex
[2025-07-20T06:04:01.226+0000] {logging_mixin.py:120} INFO - [2025-07-20T06:04:01.226+0000] {taskmixin.py:205} WARNING - Dependency <Task(BashOperator): delete_entry>, create_entry_gcs already registered for DAG: example_complex
[2025-07-20T06:04:01.228+0000] {logging_mixin.py:120} INFO - [2025-07-20T06:04:01.227+0000] {taskmixin.py:205} WARNING - Dependency <Task(BashOperator): create_tag>, delete_tag already registered for DAG: example_complex
[2025-07-20T06:04:01.229+0000] {logging_mixin.py:120} INFO - [2025-07-20T06:04:01.229+0000] {taskmixin.py:205} WARNING - Dependency <Task(BashOperator): delete_tag>, create_tag already registered for DAG: example_complex
[2025-07-20T06:04:01.250+0000] {processor.py:766} INFO - DAG(s) dict_keys(['example_complex']) retrieved from /home/airflow/.local/lib/python3.7/site-packages/airflow/example_dags/example_complex.py
[2025-07-20T06:04:01.364+0000] {logging_mixin.py:120} INFO - [2025-07-20T06:04:01.364+0000] {dag.py:2585} INFO - Sync 1 DAGs
[2025-07-20T06:04:01.453+0000] {logging_mixin.py:120} INFO - [2025-07-20T06:04:01.452+0000] {dag.py:3340} INFO - Setting next_dagrun for example_complex to None, run_after=None
[2025-07-20T06:04:01.546+0000] {processor.py:176} INFO - Processing /home/airflow/.local/lib/python3.7/site-packages/airflow/example_dags/example_complex.py took 0.361 seconds
[2025-07-20T06:04:31.885+0000] {processor.py:154} INFO - Started process (PID=507) to work on /home/airflow/.local/lib/python3.7/site-packages/airflow/example_dags/example_complex.py
[2025-07-20T06:04:31.887+0000] {processor.py:756} INFO - Processing file /home/airflow/.local/lib/python3.7/site-packages/airflow/example_dags/example_complex.py for tasks to queue
[2025-07-20T06:04:31.888+0000] {logging_mixin.py:120} INFO - [2025-07-20T06:04:31.888+0000] {dagbag.py:537} INFO - Filling up the DagBag from /home/airflow/.local/lib/python3.7/site-packages/airflow/example_dags/example_complex.py
[2025-07-20T06:04:31.909+0000] {logging_mixin.py:120} INFO - [2025-07-20T06:04:31.909+0000] {taskmixin.py:205} WARNING - Dependency <Task(BashOperator): create_entry_group>, delete_entry_group already registered for DAG: example_complex
[2025-07-20T06:04:31.910+0000] {logging_mixin.py:120} INFO - [2025-07-20T06:04:31.910+0000] {taskmixin.py:205} WARNING - Dependency <Task(BashOperator): delete_entry_group>, create_entry_group already registered for DAG: example_complex
[2025-07-20T06:04:31.911+0000] {logging_mixin.py:120} INFO - [2025-07-20T06:04:31.911+0000] {taskmixin.py:205} WARNING - Dependency <Task(BashOperator): create_entry_gcs>, delete_entry already registered for DAG: example_complex
[2025-07-20T06:04:31.912+0000] {logging_mixin.py:120} INFO - [2025-07-20T06:04:31.912+0000] {taskmixin.py:205} WARNING - Dependency <Task(BashOperator): delete_entry>, create_entry_gcs already registered for DAG: example_complex
[2025-07-20T06:04:31.913+0000] {logging_mixin.py:120} INFO - [2025-07-20T06:04:31.913+0000] {taskmixin.py:205} WARNING - Dependency <Task(BashOperator): create_tag>, delete_tag already registered for DAG: example_complex
[2025-07-20T06:04:31.914+0000] {logging_mixin.py:120} INFO - [2025-07-20T06:04:31.914+0000] {taskmixin.py:205} WARNING - Dependency <Task(BashOperator): delete_tag>, create_tag already registered for DAG: example_complex
[2025-07-20T06:04:31.924+0000] {processor.py:766} INFO - DAG(s) dict_keys(['example_complex']) retrieved from /home/airflow/.local/lib/python3.7/site-packages/airflow/example_dags/example_complex.py
[2025-07-20T06:04:31.997+0000] {logging_mixin.py:120} INFO - [2025-07-20T06:04:31.996+0000] {dag.py:2585} INFO - Sync 1 DAGs
[2025-07-20T06:04:32.037+0000] {logging_mixin.py:120} INFO - [2025-07-20T06:04:32.037+0000] {dag.py:3340} INFO - Setting next_dagrun for example_complex to None, run_after=None
[2025-07-20T06:04:32.073+0000] {processor.py:176} INFO - Processing /home/airflow/.local/lib/python3.7/site-packages/airflow/example_dags/example_complex.py took 0.193 seconds
[2025-07-20T06:05:02.577+0000] {processor.py:154} INFO - Started process (PID=568) to work on /home/airflow/.local/lib/python3.7/site-packages/airflow/example_dags/example_complex.py
[2025-07-20T06:05:02.579+0000] {processor.py:756} INFO - Processing file /home/airflow/.local/lib/python3.7/site-packages/airflow/example_dags/example_complex.py for tasks to queue
[2025-07-20T06:05:02.584+0000] {logging_mixin.py:120} INFO - [2025-07-20T06:05:02.584+0000] {dagbag.py:537} INFO - Filling up the DagBag from /home/airflow/.local/lib/python3.7/site-packages/airflow/example_dags/example_complex.py
[2025-07-20T06:05:02.605+0000] {logging_mixin.py:120} INFO - [2025-07-20T06:05:02.604+0000] {taskmixin.py:205} WARNING - Dependency <Task(BashOperator): create_entry_group>, delete_entry_group already registered for DAG: example_complex
[2025-07-20T06:05:02.606+0000] {logging_mixin.py:120} INFO - [2025-07-20T06:05:02.606+0000] {taskmixin.py:205} WARNING - Dependency <Task(BashOperator): delete_entry_group>, create_entry_group already registered for DAG: example_complex
[2025-07-20T06:05:02.607+0000] {logging_mixin.py:120} INFO - [2025-07-20T06:05:02.607+0000] {taskmixin.py:205} WARNING - Dependency <Task(BashOperator): create_entry_gcs>, delete_entry already registered for DAG: example_complex
[2025-07-20T06:05:02.608+0000] {logging_mixin.py:120} INFO - [2025-07-20T06:05:02.607+0000] {taskmixin.py:205} WARNING - Dependency <Task(BashOperator): delete_entry>, create_entry_gcs already registered for DAG: example_complex
[2025-07-20T06:05:02.609+0000] {logging_mixin.py:120} INFO - [2025-07-20T06:05:02.609+0000] {taskmixin.py:205} WARNING - Dependency <Task(BashOperator): create_tag>, delete_tag already registered for DAG: example_complex
[2025-07-20T06:05:02.610+0000] {logging_mixin.py:120} INFO - [2025-07-20T06:05:02.609+0000] {taskmixin.py:205} WARNING - Dependency <Task(BashOperator): delete_tag>, create_tag already registered for DAG: example_complex
[2025-07-20T06:05:02.623+0000] {processor.py:766} INFO - DAG(s) dict_keys(['example_complex']) retrieved from /home/airflow/.local/lib/python3.7/site-packages/airflow/example_dags/example_complex.py
[2025-07-20T06:05:02.800+0000] {logging_mixin.py:120} INFO - [2025-07-20T06:05:02.799+0000] {dag.py:2585} INFO - Sync 1 DAGs
[2025-07-20T06:05:02.861+0000] {logging_mixin.py:120} INFO - [2025-07-20T06:05:02.861+0000] {dag.py:3340} INFO - Setting next_dagrun for example_complex to None, run_after=None
[2025-07-20T06:05:02.925+0000] {processor.py:176} INFO - Processing /home/airflow/.local/lib/python3.7/site-packages/airflow/example_dags/example_complex.py took 0.355 seconds
[2025-07-20T06:05:33.129+0000] {processor.py:154} INFO - Started process (PID=631) to work on /home/airflow/.local/lib/python3.7/site-packages/airflow/example_dags/example_complex.py
[2025-07-20T06:05:33.131+0000] {processor.py:756} INFO - Processing file /home/airflow/.local/lib/python3.7/site-packages/airflow/example_dags/example_complex.py for tasks to queue
[2025-07-20T06:05:33.133+0000] {logging_mixin.py:120} INFO - [2025-07-20T06:05:33.132+0000] {dagbag.py:537} INFO - Filling up the DagBag from /home/airflow/.local/lib/python3.7/site-packages/airflow/example_dags/example_complex.py
[2025-07-20T06:05:33.153+0000] {logging_mixin.py:120} INFO - [2025-07-20T06:05:33.153+0000] {taskmixin.py:205} WARNING - Dependency <Task(BashOperator): create_entry_group>, delete_entry_group already registered for DAG: example_complex
[2025-07-20T06:05:33.154+0000] {logging_mixin.py:120} INFO - [2025-07-20T06:05:33.154+0000] {taskmixin.py:205} WARNING - Dependency <Task(BashOperator): delete_entry_group>, create_entry_group already registered for DAG: example_complex
[2025-07-20T06:05:33.155+0000] {logging_mixin.py:120} INFO - [2025-07-20T06:05:33.155+0000] {taskmixin.py:205} WARNING - Dependency <Task(BashOperator): create_entry_gcs>, delete_entry already registered for DAG: example_complex
[2025-07-20T06:05:33.156+0000] {logging_mixin.py:120} INFO - [2025-07-20T06:05:33.156+0000] {taskmixin.py:205} WARNING - Dependency <Task(BashOperator): delete_entry>, create_entry_gcs already registered for DAG: example_complex
[2025-07-20T06:05:33.157+0000] {logging_mixin.py:120} INFO - [2025-07-20T06:05:33.157+0000] {taskmixin.py:205} WARNING - Dependency <Task(BashOperator): create_tag>, delete_tag already registered for DAG: example_complex
[2025-07-20T06:05:33.158+0000] {logging_mixin.py:120} INFO - [2025-07-20T06:05:33.158+0000] {taskmixin.py:205} WARNING - Dependency <Task(BashOperator): delete_tag>, create_tag already registered for DAG: example_complex
[2025-07-20T06:05:33.169+0000] {processor.py:766} INFO - DAG(s) dict_keys(['example_complex']) retrieved from /home/airflow/.local/lib/python3.7/site-packages/airflow/example_dags/example_complex.py
[2025-07-20T06:05:33.242+0000] {logging_mixin.py:120} INFO - [2025-07-20T06:05:33.242+0000] {dag.py:2585} INFO - Sync 1 DAGs
[2025-07-20T06:05:33.278+0000] {logging_mixin.py:120} INFO - [2025-07-20T06:05:33.277+0000] {dag.py:3340} INFO - Setting next_dagrun for example_complex to None, run_after=None
[2025-07-20T06:05:33.318+0000] {processor.py:176} INFO - Processing /home/airflow/.local/lib/python3.7/site-packages/airflow/example_dags/example_complex.py took 0.194 seconds
[2025-07-20T06:06:03.399+0000] {processor.py:154} INFO - Started process (PID=685) to work on /home/airflow/.local/lib/python3.7/site-packages/airflow/example_dags/example_complex.py
[2025-07-20T06:06:03.402+0000] {processor.py:756} INFO - Processing file /home/airflow/.local/lib/python3.7/site-packages/airflow/example_dags/example_complex.py for tasks to queue
[2025-07-20T06:06:03.405+0000] {logging_mixin.py:120} INFO - [2025-07-20T06:06:03.404+0000] {dagbag.py:537} INFO - Filling up the DagBag from /home/airflow/.local/lib/python3.7/site-packages/airflow/example_dags/example_complex.py
[2025-07-20T06:06:03.437+0000] {logging_mixin.py:120} INFO - [2025-07-20T06:06:03.437+0000] {taskmixin.py:205} WARNING - Dependency <Task(BashOperator): create_entry_group>, delete_entry_group already registered for DAG: example_complex
[2025-07-20T06:06:03.438+0000] {logging_mixin.py:120} INFO - [2025-07-20T06:06:03.438+0000] {taskmixin.py:205} WARNING - Dependency <Task(BashOperator): delete_entry_group>, create_entry_group already registered for DAG: example_complex
[2025-07-20T06:06:03.439+0000] {logging_mixin.py:120} INFO - [2025-07-20T06:06:03.439+0000] {taskmixin.py:205} WARNING - Dependency <Task(BashOperator): create_entry_gcs>, delete_entry already registered for DAG: example_complex
[2025-07-20T06:06:03.441+0000] {logging_mixin.py:120} INFO - [2025-07-20T06:06:03.440+0000] {taskmixin.py:205} WARNING - Dependency <Task(BashOperator): delete_entry>, create_entry_gcs already registered for DAG: example_complex
[2025-07-20T06:06:03.442+0000] {logging_mixin.py:120} INFO - [2025-07-20T06:06:03.442+0000] {taskmixin.py:205} WARNING - Dependency <Task(BashOperator): create_tag>, delete_tag already registered for DAG: example_complex
[2025-07-20T06:06:03.443+0000] {logging_mixin.py:120} INFO - [2025-07-20T06:06:03.443+0000] {taskmixin.py:205} WARNING - Dependency <Task(BashOperator): delete_tag>, create_tag already registered for DAG: example_complex
[2025-07-20T06:06:03.463+0000] {processor.py:766} INFO - DAG(s) dict_keys(['example_complex']) retrieved from /home/airflow/.local/lib/python3.7/site-packages/airflow/example_dags/example_complex.py
[2025-07-20T06:06:03.558+0000] {logging_mixin.py:120} INFO - [2025-07-20T06:06:03.557+0000] {dag.py:2585} INFO - Sync 1 DAGs
[2025-07-20T06:06:03.645+0000] {logging_mixin.py:120} INFO - [2025-07-20T06:06:03.645+0000] {dag.py:3340} INFO - Setting next_dagrun for example_complex to None, run_after=None
[2025-07-20T06:06:03.681+0000] {processor.py:176} INFO - Processing /home/airflow/.local/lib/python3.7/site-packages/airflow/example_dags/example_complex.py took 0.292 seconds
[2025-07-20T06:06:33.886+0000] {processor.py:154} INFO - Started process (PID=748) to work on /home/airflow/.local/lib/python3.7/site-packages/airflow/example_dags/example_complex.py
[2025-07-20T06:06:33.887+0000] {processor.py:756} INFO - Processing file /home/airflow/.local/lib/python3.7/site-packages/airflow/example_dags/example_complex.py for tasks to queue
[2025-07-20T06:06:33.889+0000] {logging_mixin.py:120} INFO - [2025-07-20T06:06:33.889+0000] {dagbag.py:537} INFO - Filling up the DagBag from /home/airflow/.local/lib/python3.7/site-packages/airflow/example_dags/example_complex.py
[2025-07-20T06:06:33.910+0000] {logging_mixin.py:120} INFO - [2025-07-20T06:06:33.910+0000] {taskmixin.py:205} WARNING - Dependency <Task(BashOperator): create_entry_group>, delete_entry_group already registered for DAG: example_complex
[2025-07-20T06:06:33.911+0000] {logging_mixin.py:120} INFO - [2025-07-20T06:06:33.911+0000] {taskmixin.py:205} WARNING - Dependency <Task(BashOperator): delete_entry_group>, create_entry_group already registered for DAG: example_complex
[2025-07-20T06:06:33.912+0000] {logging_mixin.py:120} INFO - [2025-07-20T06:06:33.912+0000] {taskmixin.py:205} WARNING - Dependency <Task(BashOperator): create_entry_gcs>, delete_entry already registered for DAG: example_complex
[2025-07-20T06:06:33.913+0000] {logging_mixin.py:120} INFO - [2025-07-20T06:06:33.913+0000] {taskmixin.py:205} WARNING - Dependency <Task(BashOperator): delete_entry>, create_entry_gcs already registered for DAG: example_complex
[2025-07-20T06:06:33.914+0000] {logging_mixin.py:120} INFO - [2025-07-20T06:06:33.914+0000] {taskmixin.py:205} WARNING - Dependency <Task(BashOperator): create_tag>, delete_tag already registered for DAG: example_complex
[2025-07-20T06:06:33.915+0000] {logging_mixin.py:120} INFO - [2025-07-20T06:06:33.915+0000] {taskmixin.py:205} WARNING - Dependency <Task(BashOperator): delete_tag>, create_tag already registered for DAG: example_complex
[2025-07-20T06:06:33.930+0000] {processor.py:766} INFO - DAG(s) dict_keys(['example_complex']) retrieved from /home/airflow/.local/lib/python3.7/site-packages/airflow/example_dags/example_complex.py
[2025-07-20T06:06:34.003+0000] {logging_mixin.py:120} INFO - [2025-07-20T06:06:34.003+0000] {dag.py:2585} INFO - Sync 1 DAGs
[2025-07-20T06:06:34.049+0000] {logging_mixin.py:120} INFO - [2025-07-20T06:06:34.049+0000] {dag.py:3340} INFO - Setting next_dagrun for example_complex to None, run_after=None
[2025-07-20T06:06:34.148+0000] {processor.py:176} INFO - Processing /home/airflow/.local/lib/python3.7/site-packages/airflow/example_dags/example_complex.py took 0.269 seconds
[2025-07-20T06:07:04.489+0000] {processor.py:154} INFO - Started process (PID=801) to work on /home/airflow/.local/lib/python3.7/site-packages/airflow/example_dags/example_complex.py
[2025-07-20T06:07:04.491+0000] {processor.py:756} INFO - Processing file /home/airflow/.local/lib/python3.7/site-packages/airflow/example_dags/example_complex.py for tasks to queue
[2025-07-20T06:07:04.493+0000] {logging_mixin.py:120} INFO - [2025-07-20T06:07:04.492+0000] {dagbag.py:537} INFO - Filling up the DagBag from /home/airflow/.local/lib/python3.7/site-packages/airflow/example_dags/example_complex.py
[2025-07-20T06:07:04.510+0000] {logging_mixin.py:120} INFO - [2025-07-20T06:07:04.510+0000] {taskmixin.py:205} WARNING - Dependency <Task(BashOperator): create_entry_group>, delete_entry_group already registered for DAG: example_complex
[2025-07-20T06:07:04.511+0000] {logging_mixin.py:120} INFO - [2025-07-20T06:07:04.511+0000] {taskmixin.py:205} WARNING - Dependency <Task(BashOperator): delete_entry_group>, create_entry_group already registered for DAG: example_complex
[2025-07-20T06:07:04.512+0000] {logging_mixin.py:120} INFO - [2025-07-20T06:07:04.512+0000] {taskmixin.py:205} WARNING - Dependency <Task(BashOperator): create_entry_gcs>, delete_entry already registered for DAG: example_complex
[2025-07-20T06:07:04.513+0000] {logging_mixin.py:120} INFO - [2025-07-20T06:07:04.513+0000] {taskmixin.py:205} WARNING - Dependency <Task(BashOperator): delete_entry>, create_entry_gcs already registered for DAG: example_complex
[2025-07-20T06:07:04.514+0000] {logging_mixin.py:120} INFO - [2025-07-20T06:07:04.514+0000] {taskmixin.py:205} WARNING - Dependency <Task(BashOperator): create_tag>, delete_tag already registered for DAG: example_complex
[2025-07-20T06:07:04.515+0000] {logging_mixin.py:120} INFO - [2025-07-20T06:07:04.515+0000] {taskmixin.py:205} WARNING - Dependency <Task(BashOperator): delete_tag>, create_tag already registered for DAG: example_complex
[2025-07-20T06:07:04.527+0000] {processor.py:766} INFO - DAG(s) dict_keys(['example_complex']) retrieved from /home/airflow/.local/lib/python3.7/site-packages/airflow/example_dags/example_complex.py
[2025-07-20T06:07:04.600+0000] {logging_mixin.py:120} INFO - [2025-07-20T06:07:04.600+0000] {dag.py:2585} INFO - Sync 1 DAGs
[2025-07-20T06:07:04.653+0000] {logging_mixin.py:120} INFO - [2025-07-20T06:07:04.653+0000] {dag.py:3340} INFO - Setting next_dagrun for example_complex to None, run_after=None
[2025-07-20T06:07:04.702+0000] {processor.py:176} INFO - Processing /home/airflow/.local/lib/python3.7/site-packages/airflow/example_dags/example_complex.py took 0.218 seconds
[2025-07-20T06:07:34.917+0000] {processor.py:154} INFO - Started process (PID=864) to work on /home/airflow/.local/lib/python3.7/site-packages/airflow/example_dags/example_complex.py
[2025-07-20T06:07:34.920+0000] {processor.py:756} INFO - Processing file /home/airflow/.local/lib/python3.7/site-packages/airflow/example_dags/example_complex.py for tasks to queue
[2025-07-20T06:07:34.922+0000] {logging_mixin.py:120} INFO - [2025-07-20T06:07:34.922+0000] {dagbag.py:537} INFO - Filling up the DagBag from /home/airflow/.local/lib/python3.7/site-packages/airflow/example_dags/example_complex.py
[2025-07-20T06:07:34.948+0000] {logging_mixin.py:120} INFO - [2025-07-20T06:07:34.947+0000] {taskmixin.py:205} WARNING - Dependency <Task(BashOperator): create_entry_group>, delete_entry_group already registered for DAG: example_complex
[2025-07-20T06:07:34.951+0000] {logging_mixin.py:120} INFO - [2025-07-20T06:07:34.951+0000] {taskmixin.py:205} WARNING - Dependency <Task(BashOperator): delete_entry_group>, create_entry_group already registered for DAG: example_complex
[2025-07-20T06:07:34.953+0000] {logging_mixin.py:120} INFO - [2025-07-20T06:07:34.952+0000] {taskmixin.py:205} WARNING - Dependency <Task(BashOperator): create_entry_gcs>, delete_entry already registered for DAG: example_complex
[2025-07-20T06:07:34.954+0000] {logging_mixin.py:120} INFO - [2025-07-20T06:07:34.953+0000] {taskmixin.py:205} WARNING - Dependency <Task(BashOperator): delete_entry>, create_entry_gcs already registered for DAG: example_complex
[2025-07-20T06:07:34.955+0000] {logging_mixin.py:120} INFO - [2025-07-20T06:07:34.955+0000] {taskmixin.py:205} WARNING - Dependency <Task(BashOperator): create_tag>, delete_tag already registered for DAG: example_complex
[2025-07-20T06:07:34.956+0000] {logging_mixin.py:120} INFO - [2025-07-20T06:07:34.956+0000] {taskmixin.py:205} WARNING - Dependency <Task(BashOperator): delete_tag>, create_tag already registered for DAG: example_complex
[2025-07-20T06:07:34.973+0000] {processor.py:766} INFO - DAG(s) dict_keys(['example_complex']) retrieved from /home/airflow/.local/lib/python3.7/site-packages/airflow/example_dags/example_complex.py
[2025-07-20T06:07:35.088+0000] {logging_mixin.py:120} INFO - [2025-07-20T06:07:35.087+0000] {dag.py:2585} INFO - Sync 1 DAGs
[2025-07-20T06:07:35.156+0000] {logging_mixin.py:120} INFO - [2025-07-20T06:07:35.155+0000] {dag.py:3340} INFO - Setting next_dagrun for example_complex to None, run_after=None
[2025-07-20T06:07:35.247+0000] {processor.py:176} INFO - Processing /home/airflow/.local/lib/python3.7/site-packages/airflow/example_dags/example_complex.py took 0.336 seconds
[2025-07-20T06:08:05.532+0000] {processor.py:154} INFO - Started process (PID=917) to work on /home/airflow/.local/lib/python3.7/site-packages/airflow/example_dags/example_complex.py
[2025-07-20T06:08:05.535+0000] {processor.py:756} INFO - Processing file /home/airflow/.local/lib/python3.7/site-packages/airflow/example_dags/example_complex.py for tasks to queue
[2025-07-20T06:08:05.562+0000] {logging_mixin.py:120} INFO - [2025-07-20T06:08:05.562+0000] {dagbag.py:537} INFO - Filling up the DagBag from /home/airflow/.local/lib/python3.7/site-packages/airflow/example_dags/example_complex.py
[2025-07-20T06:08:05.629+0000] {logging_mixin.py:120} INFO - [2025-07-20T06:08:05.628+0000] {taskmixin.py:205} WARNING - Dependency <Task(BashOperator): create_entry_group>, delete_entry_group already registered for DAG: example_complex
[2025-07-20T06:08:05.630+0000] {logging_mixin.py:120} INFO - [2025-07-20T06:08:05.630+0000] {taskmixin.py:205} WARNING - Dependency <Task(BashOperator): delete_entry_group>, create_entry_group already registered for DAG: example_complex
[2025-07-20T06:08:05.632+0000] {logging_mixin.py:120} INFO - [2025-07-20T06:08:05.632+0000] {taskmixin.py:205} WARNING - Dependency <Task(BashOperator): create_entry_gcs>, delete_entry already registered for DAG: example_complex
[2025-07-20T06:08:05.642+0000] {logging_mixin.py:120} INFO - [2025-07-20T06:08:05.633+0000] {taskmixin.py:205} WARNING - Dependency <Task(BashOperator): delete_entry>, create_entry_gcs already registered for DAG: example_complex
[2025-07-20T06:08:05.643+0000] {logging_mixin.py:120} INFO - [2025-07-20T06:08:05.643+0000] {taskmixin.py:205} WARNING - Dependency <Task(BashOperator): create_tag>, delete_tag already registered for DAG: example_complex
[2025-07-20T06:08:05.645+0000] {logging_mixin.py:120} INFO - [2025-07-20T06:08:05.644+0000] {taskmixin.py:205} WARNING - Dependency <Task(BashOperator): delete_tag>, create_tag already registered for DAG: example_complex
[2025-07-20T06:08:05.687+0000] {processor.py:766} INFO - DAG(s) dict_keys(['example_complex']) retrieved from /home/airflow/.local/lib/python3.7/site-packages/airflow/example_dags/example_complex.py
[2025-07-20T06:08:05.851+0000] {logging_mixin.py:120} INFO - [2025-07-20T06:08:05.850+0000] {dag.py:2585} INFO - Sync 1 DAGs
[2025-07-20T06:08:05.951+0000] {logging_mixin.py:120} INFO - [2025-07-20T06:08:05.951+0000] {dag.py:3340} INFO - Setting next_dagrun for example_complex to None, run_after=None
[2025-07-20T06:08:06.007+0000] {processor.py:176} INFO - Processing /home/airflow/.local/lib/python3.7/site-packages/airflow/example_dags/example_complex.py took 0.482 seconds
[2025-07-20T06:08:36.883+0000] {processor.py:154} INFO - Started process (PID=971) to work on /home/airflow/.local/lib/python3.7/site-packages/airflow/example_dags/example_complex.py
[2025-07-20T06:08:36.885+0000] {processor.py:756} INFO - Processing file /home/airflow/.local/lib/python3.7/site-packages/airflow/example_dags/example_complex.py for tasks to queue
[2025-07-20T06:08:36.887+0000] {logging_mixin.py:120} INFO - [2025-07-20T06:08:36.887+0000] {dagbag.py:537} INFO - Filling up the DagBag from /home/airflow/.local/lib/python3.7/site-packages/airflow/example_dags/example_complex.py
[2025-07-20T06:08:36.909+0000] {logging_mixin.py:120} INFO - [2025-07-20T06:08:36.909+0000] {taskmixin.py:205} WARNING - Dependency <Task(BashOperator): create_entry_group>, delete_entry_group already registered for DAG: example_complex
[2025-07-20T06:08:36.911+0000] {logging_mixin.py:120} INFO - [2025-07-20T06:08:36.910+0000] {taskmixin.py:205} WARNING - Dependency <Task(BashOperator): delete_entry_group>, create_entry_group already registered for DAG: example_complex
[2025-07-20T06:08:36.912+0000] {logging_mixin.py:120} INFO - [2025-07-20T06:08:36.912+0000] {taskmixin.py:205} WARNING - Dependency <Task(BashOperator): create_entry_gcs>, delete_entry already registered for DAG: example_complex
[2025-07-20T06:08:36.913+0000] {logging_mixin.py:120} INFO - [2025-07-20T06:08:36.913+0000] {taskmixin.py:205} WARNING - Dependency <Task(BashOperator): delete_entry>, create_entry_gcs already registered for DAG: example_complex
[2025-07-20T06:08:36.914+0000] {logging_mixin.py:120} INFO - [2025-07-20T06:08:36.914+0000] {taskmixin.py:205} WARNING - Dependency <Task(BashOperator): create_tag>, delete_tag already registered for DAG: example_complex
[2025-07-20T06:08:36.915+0000] {logging_mixin.py:120} INFO - [2025-07-20T06:08:36.915+0000] {taskmixin.py:205} WARNING - Dependency <Task(BashOperator): delete_tag>, create_tag already registered for DAG: example_complex
[2025-07-20T06:08:36.930+0000] {processor.py:766} INFO - DAG(s) dict_keys(['example_complex']) retrieved from /home/airflow/.local/lib/python3.7/site-packages/airflow/example_dags/example_complex.py
[2025-07-20T06:08:37.037+0000] {logging_mixin.py:120} INFO - [2025-07-20T06:08:37.036+0000] {dag.py:2585} INFO - Sync 1 DAGs
[2025-07-20T06:08:37.117+0000] {logging_mixin.py:120} INFO - [2025-07-20T06:08:37.117+0000] {dag.py:3340} INFO - Setting next_dagrun for example_complex to None, run_after=None
[2025-07-20T06:08:37.204+0000] {processor.py:176} INFO - Processing /home/airflow/.local/lib/python3.7/site-packages/airflow/example_dags/example_complex.py took 0.326 seconds
[2025-07-20T06:09:07.571+0000] {processor.py:154} INFO - Started process (PID=1025) to work on /home/airflow/.local/lib/python3.7/site-packages/airflow/example_dags/example_complex.py
[2025-07-20T06:09:07.574+0000] {processor.py:756} INFO - Processing file /home/airflow/.local/lib/python3.7/site-packages/airflow/example_dags/example_complex.py for tasks to queue
[2025-07-20T06:09:07.577+0000] {logging_mixin.py:120} INFO - [2025-07-20T06:09:07.577+0000] {dagbag.py:537} INFO - Filling up the DagBag from /home/airflow/.local/lib/python3.7/site-packages/airflow/example_dags/example_complex.py
[2025-07-20T06:09:07.603+0000] {logging_mixin.py:120} INFO - [2025-07-20T06:09:07.603+0000] {taskmixin.py:205} WARNING - Dependency <Task(BashOperator): create_entry_group>, delete_entry_group already registered for DAG: example_complex
[2025-07-20T06:09:07.604+0000] {logging_mixin.py:120} INFO - [2025-07-20T06:09:07.604+0000] {taskmixin.py:205} WARNING - Dependency <Task(BashOperator): delete_entry_group>, create_entry_group already registered for DAG: example_complex
[2025-07-20T06:09:07.611+0000] {logging_mixin.py:120} INFO - [2025-07-20T06:09:07.610+0000] {taskmixin.py:205} WARNING - Dependency <Task(BashOperator): create_entry_gcs>, delete_entry already registered for DAG: example_complex
[2025-07-20T06:09:07.611+0000] {logging_mixin.py:120} INFO - [2025-07-20T06:09:07.611+0000] {taskmixin.py:205} WARNING - Dependency <Task(BashOperator): delete_entry>, create_entry_gcs already registered for DAG: example_complex
[2025-07-20T06:09:07.613+0000] {logging_mixin.py:120} INFO - [2025-07-20T06:09:07.613+0000] {taskmixin.py:205} WARNING - Dependency <Task(BashOperator): create_tag>, delete_tag already registered for DAG: example_complex
[2025-07-20T06:09:07.614+0000] {logging_mixin.py:120} INFO - [2025-07-20T06:09:07.614+0000] {taskmixin.py:205} WARNING - Dependency <Task(BashOperator): delete_tag>, create_tag already registered for DAG: example_complex
[2025-07-20T06:09:07.630+0000] {processor.py:766} INFO - DAG(s) dict_keys(['example_complex']) retrieved from /home/airflow/.local/lib/python3.7/site-packages/airflow/example_dags/example_complex.py
[2025-07-20T06:09:07.739+0000] {logging_mixin.py:120} INFO - [2025-07-20T06:09:07.739+0000] {dag.py:2585} INFO - Sync 1 DAGs
[2025-07-20T06:09:07.801+0000] {logging_mixin.py:120} INFO - [2025-07-20T06:09:07.801+0000] {dag.py:3340} INFO - Setting next_dagrun for example_complex to None, run_after=None
[2025-07-20T06:09:07.851+0000] {processor.py:176} INFO - Processing /home/airflow/.local/lib/python3.7/site-packages/airflow/example_dags/example_complex.py took 0.285 seconds
[2025-07-20T06:09:38.309+0000] {processor.py:154} INFO - Started process (PID=1085) to work on /home/airflow/.local/lib/python3.7/site-packages/airflow/example_dags/example_complex.py
[2025-07-20T06:09:38.320+0000] {processor.py:756} INFO - Processing file /home/airflow/.local/lib/python3.7/site-packages/airflow/example_dags/example_complex.py for tasks to queue
[2025-07-20T06:09:38.329+0000] {logging_mixin.py:120} INFO - [2025-07-20T06:09:38.329+0000] {dagbag.py:537} INFO - Filling up the DagBag from /home/airflow/.local/lib/python3.7/site-packages/airflow/example_dags/example_complex.py
[2025-07-20T06:09:38.405+0000] {logging_mixin.py:120} INFO - [2025-07-20T06:09:38.405+0000] {taskmixin.py:205} WARNING - Dependency <Task(BashOperator): create_entry_group>, delete_entry_group already registered for DAG: example_complex
[2025-07-20T06:09:38.407+0000] {logging_mixin.py:120} INFO - [2025-07-20T06:09:38.407+0000] {taskmixin.py:205} WARNING - Dependency <Task(BashOperator): delete_entry_group>, create_entry_group already registered for DAG: example_complex
[2025-07-20T06:09:38.411+0000] {logging_mixin.py:120} INFO - [2025-07-20T06:09:38.410+0000] {taskmixin.py:205} WARNING - Dependency <Task(BashOperator): create_entry_gcs>, delete_entry already registered for DAG: example_complex
[2025-07-20T06:09:38.417+0000] {logging_mixin.py:120} INFO - [2025-07-20T06:09:38.417+0000] {taskmixin.py:205} WARNING - Dependency <Task(BashOperator): delete_entry>, create_entry_gcs already registered for DAG: example_complex
[2025-07-20T06:09:38.419+0000] {logging_mixin.py:120} INFO - [2025-07-20T06:09:38.419+0000] {taskmixin.py:205} WARNING - Dependency <Task(BashOperator): create_tag>, delete_tag already registered for DAG: example_complex
[2025-07-20T06:09:38.420+0000] {logging_mixin.py:120} INFO - [2025-07-20T06:09:38.420+0000] {taskmixin.py:205} WARNING - Dependency <Task(BashOperator): delete_tag>, create_tag already registered for DAG: example_complex
[2025-07-20T06:09:38.463+0000] {processor.py:766} INFO - DAG(s) dict_keys(['example_complex']) retrieved from /home/airflow/.local/lib/python3.7/site-packages/airflow/example_dags/example_complex.py
[2025-07-20T06:09:38.859+0000] {logging_mixin.py:120} INFO - [2025-07-20T06:09:38.859+0000] {dag.py:2585} INFO - Sync 1 DAGs
[2025-07-20T06:09:38.939+0000] {logging_mixin.py:120} INFO - [2025-07-20T06:09:38.939+0000] {dag.py:3340} INFO - Setting next_dagrun for example_complex to None, run_after=None
[2025-07-20T06:09:39.018+0000] {processor.py:176} INFO - Processing /home/airflow/.local/lib/python3.7/site-packages/airflow/example_dags/example_complex.py took 0.730 seconds
[2025-07-20T06:10:10.037+0000] {processor.py:154} INFO - Started process (PID=1139) to work on /home/airflow/.local/lib/python3.7/site-packages/airflow/example_dags/example_complex.py
[2025-07-20T06:10:10.044+0000] {processor.py:756} INFO - Processing file /home/airflow/.local/lib/python3.7/site-packages/airflow/example_dags/example_complex.py for tasks to queue
[2025-07-20T06:10:10.058+0000] {logging_mixin.py:120} INFO - [2025-07-20T06:10:10.057+0000] {dagbag.py:537} INFO - Filling up the DagBag from /home/airflow/.local/lib/python3.7/site-packages/airflow/example_dags/example_complex.py
[2025-07-20T06:10:10.146+0000] {logging_mixin.py:120} INFO - [2025-07-20T06:10:10.132+0000] {taskmixin.py:205} WARNING - Dependency <Task(BashOperator): create_entry_group>, delete_entry_group already registered for DAG: example_complex
[2025-07-20T06:10:10.151+0000] {logging_mixin.py:120} INFO - [2025-07-20T06:10:10.151+0000] {taskmixin.py:205} WARNING - Dependency <Task(BashOperator): delete_entry_group>, create_entry_group already registered for DAG: example_complex
[2025-07-20T06:10:10.155+0000] {logging_mixin.py:120} INFO - [2025-07-20T06:10:10.154+0000] {taskmixin.py:205} WARNING - Dependency <Task(BashOperator): create_entry_gcs>, delete_entry already registered for DAG: example_complex
[2025-07-20T06:10:10.179+0000] {logging_mixin.py:120} INFO - [2025-07-20T06:10:10.179+0000] {taskmixin.py:205} WARNING - Dependency <Task(BashOperator): delete_entry>, create_entry_gcs already registered for DAG: example_complex
[2025-07-20T06:10:10.192+0000] {logging_mixin.py:120} INFO - [2025-07-20T06:10:10.191+0000] {taskmixin.py:205} WARNING - Dependency <Task(BashOperator): create_tag>, delete_tag already registered for DAG: example_complex
[2025-07-20T06:10:10.195+0000] {logging_mixin.py:120} INFO - [2025-07-20T06:10:10.195+0000] {taskmixin.py:205} WARNING - Dependency <Task(BashOperator): delete_tag>, create_tag already registered for DAG: example_complex
[2025-07-20T06:10:10.249+0000] {processor.py:766} INFO - DAG(s) dict_keys(['example_complex']) retrieved from /home/airflow/.local/lib/python3.7/site-packages/airflow/example_dags/example_complex.py
[2025-07-20T06:10:10.446+0000] {logging_mixin.py:120} INFO - [2025-07-20T06:10:10.444+0000] {dag.py:2585} INFO - Sync 1 DAGs
[2025-07-20T06:10:10.567+0000] {logging_mixin.py:120} INFO - [2025-07-20T06:10:10.567+0000] {dag.py:3340} INFO - Setting next_dagrun for example_complex to None, run_after=None
[2025-07-20T06:10:10.622+0000] {processor.py:176} INFO - Processing /home/airflow/.local/lib/python3.7/site-packages/airflow/example_dags/example_complex.py took 0.603 seconds
[2025-07-20T06:10:41.946+0000] {processor.py:154} INFO - Started process (PID=1194) to work on /home/airflow/.local/lib/python3.7/site-packages/airflow/example_dags/example_complex.py
[2025-07-20T06:10:41.984+0000] {processor.py:756} INFO - Processing file /home/airflow/.local/lib/python3.7/site-packages/airflow/example_dags/example_complex.py for tasks to queue
[2025-07-20T06:10:41.994+0000] {logging_mixin.py:120} INFO - [2025-07-20T06:10:41.994+0000] {dagbag.py:537} INFO - Filling up the DagBag from /home/airflow/.local/lib/python3.7/site-packages/airflow/example_dags/example_complex.py
[2025-07-20T06:10:42.045+0000] {logging_mixin.py:120} INFO - [2025-07-20T06:10:42.045+0000] {taskmixin.py:205} WARNING - Dependency <Task(BashOperator): create_entry_group>, delete_entry_group already registered for DAG: example_complex
[2025-07-20T06:10:42.046+0000] {logging_mixin.py:120} INFO - [2025-07-20T06:10:42.046+0000] {taskmixin.py:205} WARNING - Dependency <Task(BashOperator): delete_entry_group>, create_entry_group already registered for DAG: example_complex
[2025-07-20T06:10:42.061+0000] {logging_mixin.py:120} INFO - [2025-07-20T06:10:42.061+0000] {taskmixin.py:205} WARNING - Dependency <Task(BashOperator): create_entry_gcs>, delete_entry already registered for DAG: example_complex
[2025-07-20T06:10:42.062+0000] {logging_mixin.py:120} INFO - [2025-07-20T06:10:42.062+0000] {taskmixin.py:205} WARNING - Dependency <Task(BashOperator): delete_entry>, create_entry_gcs already registered for DAG: example_complex
[2025-07-20T06:10:42.064+0000] {logging_mixin.py:120} INFO - [2025-07-20T06:10:42.064+0000] {taskmixin.py:205} WARNING - Dependency <Task(BashOperator): create_tag>, delete_tag already registered for DAG: example_complex
[2025-07-20T06:10:42.065+0000] {logging_mixin.py:120} INFO - [2025-07-20T06:10:42.065+0000] {taskmixin.py:205} WARNING - Dependency <Task(BashOperator): delete_tag>, create_tag already registered for DAG: example_complex
[2025-07-20T06:10:42.097+0000] {processor.py:766} INFO - DAG(s) dict_keys(['example_complex']) retrieved from /home/airflow/.local/lib/python3.7/site-packages/airflow/example_dags/example_complex.py
[2025-07-20T06:10:42.324+0000] {logging_mixin.py:120} INFO - [2025-07-20T06:10:42.324+0000] {dag.py:2585} INFO - Sync 1 DAGs
[2025-07-20T06:10:42.492+0000] {logging_mixin.py:120} INFO - [2025-07-20T06:10:42.491+0000] {dag.py:3340} INFO - Setting next_dagrun for example_complex to None, run_after=None
[2025-07-20T06:10:42.568+0000] {processor.py:176} INFO - Processing /home/airflow/.local/lib/python3.7/site-packages/airflow/example_dags/example_complex.py took 0.638 seconds
[2025-07-20T06:11:12.956+0000] {processor.py:154} INFO - Started process (PID=1247) to work on /home/airflow/.local/lib/python3.7/site-packages/airflow/example_dags/example_complex.py
[2025-07-20T06:11:12.959+0000] {processor.py:756} INFO - Processing file /home/airflow/.local/lib/python3.7/site-packages/airflow/example_dags/example_complex.py for tasks to queue
[2025-07-20T06:11:12.962+0000] {logging_mixin.py:120} INFO - [2025-07-20T06:11:12.962+0000] {dagbag.py:537} INFO - Filling up the DagBag from /home/airflow/.local/lib/python3.7/site-packages/airflow/example_dags/example_complex.py
[2025-07-20T06:11:12.992+0000] {logging_mixin.py:120} INFO - [2025-07-20T06:11:12.992+0000] {taskmixin.py:205} WARNING - Dependency <Task(BashOperator): create_entry_group>, delete_entry_group already registered for DAG: example_complex
[2025-07-20T06:11:12.993+0000] {logging_mixin.py:120} INFO - [2025-07-20T06:11:12.993+0000] {taskmixin.py:205} WARNING - Dependency <Task(BashOperator): delete_entry_group>, create_entry_group already registered for DAG: example_complex
[2025-07-20T06:11:12.994+0000] {logging_mixin.py:120} INFO - [2025-07-20T06:11:12.994+0000] {taskmixin.py:205} WARNING - Dependency <Task(BashOperator): create_entry_gcs>, delete_entry already registered for DAG: example_complex
[2025-07-20T06:11:12.995+0000] {logging_mixin.py:120} INFO - [2025-07-20T06:11:12.995+0000] {taskmixin.py:205} WARNING - Dependency <Task(BashOperator): delete_entry>, create_entry_gcs already registered for DAG: example_complex
[2025-07-20T06:11:12.996+0000] {logging_mixin.py:120} INFO - [2025-07-20T06:11:12.996+0000] {taskmixin.py:205} WARNING - Dependency <Task(BashOperator): create_tag>, delete_tag already registered for DAG: example_complex
[2025-07-20T06:11:12.997+0000] {logging_mixin.py:120} INFO - [2025-07-20T06:11:12.997+0000] {taskmixin.py:205} WARNING - Dependency <Task(BashOperator): delete_tag>, create_tag already registered for DAG: example_complex
[2025-07-20T06:11:13.010+0000] {processor.py:766} INFO - DAG(s) dict_keys(['example_complex']) retrieved from /home/airflow/.local/lib/python3.7/site-packages/airflow/example_dags/example_complex.py
[2025-07-20T06:11:13.091+0000] {logging_mixin.py:120} INFO - [2025-07-20T06:11:13.091+0000] {dag.py:2585} INFO - Sync 1 DAGs
[2025-07-20T06:11:13.135+0000] {logging_mixin.py:120} INFO - [2025-07-20T06:11:13.135+0000] {dag.py:3340} INFO - Setting next_dagrun for example_complex to None, run_after=None
[2025-07-20T06:11:13.176+0000] {processor.py:176} INFO - Processing /home/airflow/.local/lib/python3.7/site-packages/airflow/example_dags/example_complex.py took 0.232 seconds
[2025-07-20T06:11:43.661+0000] {processor.py:154} INFO - Started process (PID=1309) to work on /home/airflow/.local/lib/python3.7/site-packages/airflow/example_dags/example_complex.py
[2025-07-20T06:11:43.663+0000] {processor.py:756} INFO - Processing file /home/airflow/.local/lib/python3.7/site-packages/airflow/example_dags/example_complex.py for tasks to queue
[2025-07-20T06:11:43.664+0000] {logging_mixin.py:120} INFO - [2025-07-20T06:11:43.664+0000] {dagbag.py:537} INFO - Filling up the DagBag from /home/airflow/.local/lib/python3.7/site-packages/airflow/example_dags/example_complex.py
[2025-07-20T06:11:43.699+0000] {logging_mixin.py:120} INFO - [2025-07-20T06:11:43.698+0000] {taskmixin.py:205} WARNING - Dependency <Task(BashOperator): create_entry_group>, delete_entry_group already registered for DAG: example_complex
[2025-07-20T06:11:43.699+0000] {logging_mixin.py:120} INFO - [2025-07-20T06:11:43.699+0000] {taskmixin.py:205} WARNING - Dependency <Task(BashOperator): delete_entry_group>, create_entry_group already registered for DAG: example_complex
[2025-07-20T06:11:43.703+0000] {logging_mixin.py:120} INFO - [2025-07-20T06:11:43.703+0000] {taskmixin.py:205} WARNING - Dependency <Task(BashOperator): create_entry_gcs>, delete_entry already registered for DAG: example_complex
[2025-07-20T06:11:43.704+0000] {logging_mixin.py:120} INFO - [2025-07-20T06:11:43.704+0000] {taskmixin.py:205} WARNING - Dependency <Task(BashOperator): delete_entry>, create_entry_gcs already registered for DAG: example_complex
[2025-07-20T06:11:43.705+0000] {logging_mixin.py:120} INFO - [2025-07-20T06:11:43.705+0000] {taskmixin.py:205} WARNING - Dependency <Task(BashOperator): create_tag>, delete_tag already registered for DAG: example_complex
[2025-07-20T06:11:43.706+0000] {logging_mixin.py:120} INFO - [2025-07-20T06:11:43.706+0000] {taskmixin.py:205} WARNING - Dependency <Task(BashOperator): delete_tag>, create_tag already registered for DAG: example_complex
[2025-07-20T06:11:43.723+0000] {processor.py:766} INFO - DAG(s) dict_keys(['example_complex']) retrieved from /home/airflow/.local/lib/python3.7/site-packages/airflow/example_dags/example_complex.py
[2025-07-20T06:11:43.869+0000] {logging_mixin.py:120} INFO - [2025-07-20T06:11:43.867+0000] {dag.py:2585} INFO - Sync 1 DAGs
[2025-07-20T06:11:43.940+0000] {logging_mixin.py:120} INFO - [2025-07-20T06:11:43.940+0000] {dag.py:3340} INFO - Setting next_dagrun for example_complex to None, run_after=None
[2025-07-20T06:11:43.989+0000] {processor.py:176} INFO - Processing /home/airflow/.local/lib/python3.7/site-packages/airflow/example_dags/example_complex.py took 0.338 seconds
[2025-07-20T06:12:14.552+0000] {processor.py:154} INFO - Started process (PID=1364) to work on /home/airflow/.local/lib/python3.7/site-packages/airflow/example_dags/example_complex.py
[2025-07-20T06:12:14.554+0000] {processor.py:756} INFO - Processing file /home/airflow/.local/lib/python3.7/site-packages/airflow/example_dags/example_complex.py for tasks to queue
[2025-07-20T06:12:14.556+0000] {logging_mixin.py:120} INFO - [2025-07-20T06:12:14.555+0000] {dagbag.py:537} INFO - Filling up the DagBag from /home/airflow/.local/lib/python3.7/site-packages/airflow/example_dags/example_complex.py
[2025-07-20T06:12:14.574+0000] {logging_mixin.py:120} INFO - [2025-07-20T06:12:14.574+0000] {taskmixin.py:205} WARNING - Dependency <Task(BashOperator): create_entry_group>, delete_entry_group already registered for DAG: example_complex
[2025-07-20T06:12:14.575+0000] {logging_mixin.py:120} INFO - [2025-07-20T06:12:14.575+0000] {taskmixin.py:205} WARNING - Dependency <Task(BashOperator): delete_entry_group>, create_entry_group already registered for DAG: example_complex
[2025-07-20T06:12:14.576+0000] {logging_mixin.py:120} INFO - [2025-07-20T06:12:14.576+0000] {taskmixin.py:205} WARNING - Dependency <Task(BashOperator): create_entry_gcs>, delete_entry already registered for DAG: example_complex
[2025-07-20T06:12:14.577+0000] {logging_mixin.py:120} INFO - [2025-07-20T06:12:14.576+0000] {taskmixin.py:205} WARNING - Dependency <Task(BashOperator): delete_entry>, create_entry_gcs already registered for DAG: example_complex
[2025-07-20T06:12:14.578+0000] {logging_mixin.py:120} INFO - [2025-07-20T06:12:14.577+0000] {taskmixin.py:205} WARNING - Dependency <Task(BashOperator): create_tag>, delete_tag already registered for DAG: example_complex
[2025-07-20T06:12:14.578+0000] {logging_mixin.py:120} INFO - [2025-07-20T06:12:14.578+0000] {taskmixin.py:205} WARNING - Dependency <Task(BashOperator): delete_tag>, create_tag already registered for DAG: example_complex
[2025-07-20T06:12:14.589+0000] {processor.py:766} INFO - DAG(s) dict_keys(['example_complex']) retrieved from /home/airflow/.local/lib/python3.7/site-packages/airflow/example_dags/example_complex.py
[2025-07-20T06:12:14.665+0000] {logging_mixin.py:120} INFO - [2025-07-20T06:12:14.665+0000] {dag.py:2585} INFO - Sync 1 DAGs
[2025-07-20T06:12:14.702+0000] {logging_mixin.py:120} INFO - [2025-07-20T06:12:14.702+0000] {dag.py:3340} INFO - Setting next_dagrun for example_complex to None, run_after=None
[2025-07-20T06:12:14.813+0000] {processor.py:176} INFO - Processing /home/airflow/.local/lib/python3.7/site-packages/airflow/example_dags/example_complex.py took 0.267 seconds
[2025-07-20T06:12:45.475+0000] {processor.py:154} INFO - Started process (PID=1425) to work on /home/airflow/.local/lib/python3.7/site-packages/airflow/example_dags/example_complex.py
[2025-07-20T06:12:45.477+0000] {processor.py:756} INFO - Processing file /home/airflow/.local/lib/python3.7/site-packages/airflow/example_dags/example_complex.py for tasks to queue
[2025-07-20T06:12:45.479+0000] {logging_mixin.py:120} INFO - [2025-07-20T06:12:45.479+0000] {dagbag.py:537} INFO - Filling up the DagBag from /home/airflow/.local/lib/python3.7/site-packages/airflow/example_dags/example_complex.py
[2025-07-20T06:12:45.498+0000] {logging_mixin.py:120} INFO - [2025-07-20T06:12:45.498+0000] {taskmixin.py:205} WARNING - Dependency <Task(BashOperator): create_entry_group>, delete_entry_group already registered for DAG: example_complex
[2025-07-20T06:12:45.499+0000] {logging_mixin.py:120} INFO - [2025-07-20T06:12:45.499+0000] {taskmixin.py:205} WARNING - Dependency <Task(BashOperator): delete_entry_group>, create_entry_group already registered for DAG: example_complex
[2025-07-20T06:12:45.500+0000] {logging_mixin.py:120} INFO - [2025-07-20T06:12:45.500+0000] {taskmixin.py:205} WARNING - Dependency <Task(BashOperator): create_entry_gcs>, delete_entry already registered for DAG: example_complex
[2025-07-20T06:12:45.500+0000] {logging_mixin.py:120} INFO - [2025-07-20T06:12:45.500+0000] {taskmixin.py:205} WARNING - Dependency <Task(BashOperator): delete_entry>, create_entry_gcs already registered for DAG: example_complex
[2025-07-20T06:12:45.501+0000] {logging_mixin.py:120} INFO - [2025-07-20T06:12:45.501+0000] {taskmixin.py:205} WARNING - Dependency <Task(BashOperator): create_tag>, delete_tag already registered for DAG: example_complex
[2025-07-20T06:12:45.502+0000] {logging_mixin.py:120} INFO - [2025-07-20T06:12:45.502+0000] {taskmixin.py:205} WARNING - Dependency <Task(BashOperator): delete_tag>, create_tag already registered for DAG: example_complex
[2025-07-20T06:12:45.513+0000] {processor.py:766} INFO - DAG(s) dict_keys(['example_complex']) retrieved from /home/airflow/.local/lib/python3.7/site-packages/airflow/example_dags/example_complex.py
[2025-07-20T06:12:45.584+0000] {logging_mixin.py:120} INFO - [2025-07-20T06:12:45.584+0000] {dag.py:2585} INFO - Sync 1 DAGs
[2025-07-20T06:12:45.624+0000] {logging_mixin.py:120} INFO - [2025-07-20T06:12:45.623+0000] {dag.py:3340} INFO - Setting next_dagrun for example_complex to None, run_after=None
[2025-07-20T06:12:45.667+0000] {processor.py:176} INFO - Processing /home/airflow/.local/lib/python3.7/site-packages/airflow/example_dags/example_complex.py took 0.196 seconds
[2025-07-20T06:13:15.946+0000] {processor.py:154} INFO - Started process (PID=1485) to work on /home/airflow/.local/lib/python3.7/site-packages/airflow/example_dags/example_complex.py
[2025-07-20T06:13:15.949+0000] {processor.py:756} INFO - Processing file /home/airflow/.local/lib/python3.7/site-packages/airflow/example_dags/example_complex.py for tasks to queue
[2025-07-20T06:13:15.951+0000] {logging_mixin.py:120} INFO - [2025-07-20T06:13:15.950+0000] {dagbag.py:537} INFO - Filling up the DagBag from /home/airflow/.local/lib/python3.7/site-packages/airflow/example_dags/example_complex.py
[2025-07-20T06:13:15.974+0000] {logging_mixin.py:120} INFO - [2025-07-20T06:13:15.974+0000] {taskmixin.py:205} WARNING - Dependency <Task(BashOperator): create_entry_group>, delete_entry_group already registered for DAG: example_complex
[2025-07-20T06:13:15.975+0000] {logging_mixin.py:120} INFO - [2025-07-20T06:13:15.975+0000] {taskmixin.py:205} WARNING - Dependency <Task(BashOperator): delete_entry_group>, create_entry_group already registered for DAG: example_complex
[2025-07-20T06:13:15.976+0000] {logging_mixin.py:120} INFO - [2025-07-20T06:13:15.976+0000] {taskmixin.py:205} WARNING - Dependency <Task(BashOperator): create_entry_gcs>, delete_entry already registered for DAG: example_complex
[2025-07-20T06:13:15.977+0000] {logging_mixin.py:120} INFO - [2025-07-20T06:13:15.977+0000] {taskmixin.py:205} WARNING - Dependency <Task(BashOperator): delete_entry>, create_entry_gcs already registered for DAG: example_complex
[2025-07-20T06:13:15.978+0000] {logging_mixin.py:120} INFO - [2025-07-20T06:13:15.978+0000] {taskmixin.py:205} WARNING - Dependency <Task(BashOperator): create_tag>, delete_tag already registered for DAG: example_complex
[2025-07-20T06:13:15.980+0000] {logging_mixin.py:120} INFO - [2025-07-20T06:13:15.980+0000] {taskmixin.py:205} WARNING - Dependency <Task(BashOperator): delete_tag>, create_tag already registered for DAG: example_complex
[2025-07-20T06:13:15.997+0000] {processor.py:766} INFO - DAG(s) dict_keys(['example_complex']) retrieved from /home/airflow/.local/lib/python3.7/site-packages/airflow/example_dags/example_complex.py
[2025-07-20T06:13:16.096+0000] {logging_mixin.py:120} INFO - [2025-07-20T06:13:16.096+0000] {dag.py:2585} INFO - Sync 1 DAGs
[2025-07-20T06:13:16.153+0000] {logging_mixin.py:120} INFO - [2025-07-20T06:13:16.153+0000] {dag.py:3340} INFO - Setting next_dagrun for example_complex to None, run_after=None
[2025-07-20T06:13:16.217+0000] {processor.py:176} INFO - Processing /home/airflow/.local/lib/python3.7/site-packages/airflow/example_dags/example_complex.py took 0.278 seconds
[2025-07-20T06:13:46.724+0000] {processor.py:154} INFO - Started process (PID=1541) to work on /home/airflow/.local/lib/python3.7/site-packages/airflow/example_dags/example_complex.py
[2025-07-20T06:13:46.726+0000] {processor.py:756} INFO - Processing file /home/airflow/.local/lib/python3.7/site-packages/airflow/example_dags/example_complex.py for tasks to queue
[2025-07-20T06:13:46.727+0000] {logging_mixin.py:120} INFO - [2025-07-20T06:13:46.727+0000] {dagbag.py:537} INFO - Filling up the DagBag from /home/airflow/.local/lib/python3.7/site-packages/airflow/example_dags/example_complex.py
[2025-07-20T06:13:46.748+0000] {logging_mixin.py:120} INFO - [2025-07-20T06:13:46.747+0000] {taskmixin.py:205} WARNING - Dependency <Task(BashOperator): create_entry_group>, delete_entry_group already registered for DAG: example_complex
[2025-07-20T06:13:46.749+0000] {logging_mixin.py:120} INFO - [2025-07-20T06:13:46.748+0000] {taskmixin.py:205} WARNING - Dependency <Task(BashOperator): delete_entry_group>, create_entry_group already registered for DAG: example_complex
[2025-07-20T06:13:46.750+0000] {logging_mixin.py:120} INFO - [2025-07-20T06:13:46.750+0000] {taskmixin.py:205} WARNING - Dependency <Task(BashOperator): create_entry_gcs>, delete_entry already registered for DAG: example_complex
[2025-07-20T06:13:46.750+0000] {logging_mixin.py:120} INFO - [2025-07-20T06:13:46.750+0000] {taskmixin.py:205} WARNING - Dependency <Task(BashOperator): delete_entry>, create_entry_gcs already registered for DAG: example_complex
[2025-07-20T06:13:46.751+0000] {logging_mixin.py:120} INFO - [2025-07-20T06:13:46.751+0000] {taskmixin.py:205} WARNING - Dependency <Task(BashOperator): create_tag>, delete_tag already registered for DAG: example_complex
[2025-07-20T06:13:46.752+0000] {logging_mixin.py:120} INFO - [2025-07-20T06:13:46.752+0000] {taskmixin.py:205} WARNING - Dependency <Task(BashOperator): delete_tag>, create_tag already registered for DAG: example_complex
[2025-07-20T06:13:46.772+0000] {processor.py:766} INFO - DAG(s) dict_keys(['example_complex']) retrieved from /home/airflow/.local/lib/python3.7/site-packages/airflow/example_dags/example_complex.py
[2025-07-20T06:13:46.870+0000] {logging_mixin.py:120} INFO - [2025-07-20T06:13:46.870+0000] {dag.py:2585} INFO - Sync 1 DAGs
[2025-07-20T06:13:46.927+0000] {logging_mixin.py:120} INFO - [2025-07-20T06:13:46.927+0000] {dag.py:3340} INFO - Setting next_dagrun for example_complex to None, run_after=None
[2025-07-20T06:13:47.045+0000] {processor.py:176} INFO - Processing /home/airflow/.local/lib/python3.7/site-packages/airflow/example_dags/example_complex.py took 0.326 seconds
[2025-07-20T06:14:17.443+0000] {processor.py:154} INFO - Started process (PID=1605) to work on /home/airflow/.local/lib/python3.7/site-packages/airflow/example_dags/example_complex.py
[2025-07-20T06:14:17.445+0000] {processor.py:756} INFO - Processing file /home/airflow/.local/lib/python3.7/site-packages/airflow/example_dags/example_complex.py for tasks to queue
[2025-07-20T06:14:17.447+0000] {logging_mixin.py:120} INFO - [2025-07-20T06:14:17.447+0000] {dagbag.py:537} INFO - Filling up the DagBag from /home/airflow/.local/lib/python3.7/site-packages/airflow/example_dags/example_complex.py
[2025-07-20T06:14:17.484+0000] {logging_mixin.py:120} INFO - [2025-07-20T06:14:17.484+0000] {taskmixin.py:205} WARNING - Dependency <Task(BashOperator): create_entry_group>, delete_entry_group already registered for DAG: example_complex
[2025-07-20T06:14:17.485+0000] {logging_mixin.py:120} INFO - [2025-07-20T06:14:17.485+0000] {taskmixin.py:205} WARNING - Dependency <Task(BashOperator): delete_entry_group>, create_entry_group already registered for DAG: example_complex
[2025-07-20T06:14:17.487+0000] {logging_mixin.py:120} INFO - [2025-07-20T06:14:17.486+0000] {taskmixin.py:205} WARNING - Dependency <Task(BashOperator): create_entry_gcs>, delete_entry already registered for DAG: example_complex
[2025-07-20T06:14:17.488+0000] {logging_mixin.py:120} INFO - [2025-07-20T06:14:17.487+0000] {taskmixin.py:205} WARNING - Dependency <Task(BashOperator): delete_entry>, create_entry_gcs already registered for DAG: example_complex
[2025-07-20T06:14:17.489+0000] {logging_mixin.py:120} INFO - [2025-07-20T06:14:17.489+0000] {taskmixin.py:205} WARNING - Dependency <Task(BashOperator): create_tag>, delete_tag already registered for DAG: example_complex
[2025-07-20T06:14:17.490+0000] {logging_mixin.py:120} INFO - [2025-07-20T06:14:17.489+0000] {taskmixin.py:205} WARNING - Dependency <Task(BashOperator): delete_tag>, create_tag already registered for DAG: example_complex
[2025-07-20T06:14:17.504+0000] {processor.py:766} INFO - DAG(s) dict_keys(['example_complex']) retrieved from /home/airflow/.local/lib/python3.7/site-packages/airflow/example_dags/example_complex.py
[2025-07-20T06:14:17.586+0000] {logging_mixin.py:120} INFO - [2025-07-20T06:14:17.585+0000] {dag.py:2585} INFO - Sync 1 DAGs
[2025-07-20T06:14:17.634+0000] {logging_mixin.py:120} INFO - [2025-07-20T06:14:17.634+0000] {dag.py:3340} INFO - Setting next_dagrun for example_complex to None, run_after=None
[2025-07-20T06:14:17.676+0000] {processor.py:176} INFO - Processing /home/airflow/.local/lib/python3.7/site-packages/airflow/example_dags/example_complex.py took 0.245 seconds
[2025-07-20T06:14:47.923+0000] {processor.py:154} INFO - Started process (PID=1657) to work on /home/airflow/.local/lib/python3.7/site-packages/airflow/example_dags/example_complex.py
[2025-07-20T06:14:47.925+0000] {processor.py:756} INFO - Processing file /home/airflow/.local/lib/python3.7/site-packages/airflow/example_dags/example_complex.py for tasks to queue
[2025-07-20T06:14:47.928+0000] {logging_mixin.py:120} INFO - [2025-07-20T06:14:47.928+0000] {dagbag.py:537} INFO - Filling up the DagBag from /home/airflow/.local/lib/python3.7/site-packages/airflow/example_dags/example_complex.py
[2025-07-20T06:14:47.949+0000] {logging_mixin.py:120} INFO - [2025-07-20T06:14:47.949+0000] {taskmixin.py:205} WARNING - Dependency <Task(BashOperator): create_entry_group>, delete_entry_group already registered for DAG: example_complex
[2025-07-20T06:14:47.950+0000] {logging_mixin.py:120} INFO - [2025-07-20T06:14:47.950+0000] {taskmixin.py:205} WARNING - Dependency <Task(BashOperator): delete_entry_group>, create_entry_group already registered for DAG: example_complex
[2025-07-20T06:14:47.951+0000] {logging_mixin.py:120} INFO - [2025-07-20T06:14:47.951+0000] {taskmixin.py:205} WARNING - Dependency <Task(BashOperator): create_entry_gcs>, delete_entry already registered for DAG: example_complex
[2025-07-20T06:14:47.952+0000] {logging_mixin.py:120} INFO - [2025-07-20T06:14:47.951+0000] {taskmixin.py:205} WARNING - Dependency <Task(BashOperator): delete_entry>, create_entry_gcs already registered for DAG: example_complex
[2025-07-20T06:14:47.953+0000] {logging_mixin.py:120} INFO - [2025-07-20T06:14:47.952+0000] {taskmixin.py:205} WARNING - Dependency <Task(BashOperator): create_tag>, delete_tag already registered for DAG: example_complex
[2025-07-20T06:14:47.953+0000] {logging_mixin.py:120} INFO - [2025-07-20T06:14:47.953+0000] {taskmixin.py:205} WARNING - Dependency <Task(BashOperator): delete_tag>, create_tag already registered for DAG: example_complex
[2025-07-20T06:14:47.966+0000] {processor.py:766} INFO - DAG(s) dict_keys(['example_complex']) retrieved from /home/airflow/.local/lib/python3.7/site-packages/airflow/example_dags/example_complex.py
[2025-07-20T06:14:48.070+0000] {logging_mixin.py:120} INFO - [2025-07-20T06:14:48.070+0000] {dag.py:2585} INFO - Sync 1 DAGs
[2025-07-20T06:14:48.151+0000] {logging_mixin.py:120} INFO - [2025-07-20T06:14:48.151+0000] {dag.py:3340} INFO - Setting next_dagrun for example_complex to None, run_after=None
[2025-07-20T06:14:48.221+0000] {processor.py:176} INFO - Processing /home/airflow/.local/lib/python3.7/site-packages/airflow/example_dags/example_complex.py took 0.304 seconds
[2025-07-20T06:15:18.961+0000] {processor.py:154} INFO - Started process (PID=1710) to work on /home/airflow/.local/lib/python3.7/site-packages/airflow/example_dags/example_complex.py
[2025-07-20T06:15:18.989+0000] {processor.py:756} INFO - Processing file /home/airflow/.local/lib/python3.7/site-packages/airflow/example_dags/example_complex.py for tasks to queue
[2025-07-20T06:15:19.031+0000] {logging_mixin.py:120} INFO - [2025-07-20T06:15:18.993+0000] {dagbag.py:537} INFO - Filling up the DagBag from /home/airflow/.local/lib/python3.7/site-packages/airflow/example_dags/example_complex.py
[2025-07-20T06:15:19.153+0000] {logging_mixin.py:120} INFO - [2025-07-20T06:15:19.153+0000] {taskmixin.py:205} WARNING - Dependency <Task(BashOperator): create_entry_group>, delete_entry_group already registered for DAG: example_complex
[2025-07-20T06:15:19.155+0000] {logging_mixin.py:120} INFO - [2025-07-20T06:15:19.154+0000] {taskmixin.py:205} WARNING - Dependency <Task(BashOperator): delete_entry_group>, create_entry_group already registered for DAG: example_complex
[2025-07-20T06:15:19.156+0000] {logging_mixin.py:120} INFO - [2025-07-20T06:15:19.156+0000] {taskmixin.py:205} WARNING - Dependency <Task(BashOperator): create_entry_gcs>, delete_entry already registered for DAG: example_complex
[2025-07-20T06:15:19.167+0000] {logging_mixin.py:120} INFO - [2025-07-20T06:15:19.167+0000] {taskmixin.py:205} WARNING - Dependency <Task(BashOperator): delete_entry>, create_entry_gcs already registered for DAG: example_complex
[2025-07-20T06:15:19.169+0000] {logging_mixin.py:120} INFO - [2025-07-20T06:15:19.169+0000] {taskmixin.py:205} WARNING - Dependency <Task(BashOperator): create_tag>, delete_tag already registered for DAG: example_complex
[2025-07-20T06:15:19.170+0000] {logging_mixin.py:120} INFO - [2025-07-20T06:15:19.170+0000] {taskmixin.py:205} WARNING - Dependency <Task(BashOperator): delete_tag>, create_tag already registered for DAG: example_complex
[2025-07-20T06:15:19.263+0000] {processor.py:766} INFO - DAG(s) dict_keys(['example_complex']) retrieved from /home/airflow/.local/lib/python3.7/site-packages/airflow/example_dags/example_complex.py
[2025-07-20T06:15:19.687+0000] {logging_mixin.py:120} INFO - [2025-07-20T06:15:19.687+0000] {dag.py:2585} INFO - Sync 1 DAGs
[2025-07-20T06:15:19.911+0000] {logging_mixin.py:120} INFO - [2025-07-20T06:15:19.911+0000] {dag.py:3340} INFO - Setting next_dagrun for example_complex to None, run_after=None
[2025-07-20T06:15:20.116+0000] {processor.py:176} INFO - Processing /home/airflow/.local/lib/python3.7/site-packages/airflow/example_dags/example_complex.py took 1.190 seconds
