[2025-07-20T05:58:52.245+0000] {processor.py:154} INFO - Started process (PID=87) to work on /home/airflow/.local/lib/python3.7/site-packages/airflow/example_dags/example_dag_decorator.py
[2025-07-20T05:58:52.257+0000] {processor.py:756} INFO - Processing file /home/airflow/.local/lib/python3.7/site-packages/airflow/example_dags/example_dag_decorator.py for tasks to queue
[2025-07-20T05:58:52.443+0000] {logging_mixin.py:120} INFO - [2025-07-20T05:58:52.443+0000] {dagbag.py:537} INFO - Filling up the DagBag from /home/airflow/.local/lib/python3.7/site-packages/airflow/example_dags/example_dag_decorator.py
[2025-07-20T05:58:52.892+0000] {logging_mixin.py:120} INFO - [2025-07-20T05:58:52.891+0000] {taskmixin.py:205} WARNING - Dependency <Task(_PythonDecoratedOperator): prepare_email>, send_email already registered for DAG: example_dag_decorator
[2025-07-20T05:58:52.906+0000] {logging_mixin.py:120} INFO - [2025-07-20T05:58:52.905+0000] {taskmixin.py:205} WARNING - Dependency <Task(EmailOperator): send_email>, prepare_email already registered for DAG: example_dag_decorator
[2025-07-20T05:58:54.585+0000] {processor.py:766} INFO - DAG(s) dict_keys(['example_dag_decorator']) retrieved from /home/airflow/.local/lib/python3.7/site-packages/airflow/example_dags/example_dag_decorator.py
[2025-07-20T05:58:59.094+0000] {logging_mixin.py:120} INFO - [2025-07-20T05:58:59.094+0000] {dag.py:2585} INFO - Sync 1 DAGs
[2025-07-20T05:58:59.587+0000] {logging_mixin.py:120} INFO - [2025-07-20T05:58:59.586+0000] {dag.py:3340} INFO - Setting next_dagrun for example_dag_decorator to None, run_after=None
[2025-07-20T05:59:00.040+0000] {processor.py:176} INFO - Processing /home/airflow/.local/lib/python3.7/site-packages/airflow/example_dags/example_dag_decorator.py took 7.888 seconds
[2025-07-20T06:01:14.265+0000] {processor.py:154} INFO - Started process (PID=185) to work on /home/airflow/.local/lib/python3.7/site-packages/airflow/example_dags/example_dag_decorator.py
[2025-07-20T06:01:14.291+0000] {processor.py:756} INFO - Processing file /home/airflow/.local/lib/python3.7/site-packages/airflow/example_dags/example_dag_decorator.py for tasks to queue
[2025-07-20T06:01:14.295+0000] {logging_mixin.py:120} INFO - [2025-07-20T06:01:14.295+0000] {dagbag.py:537} INFO - Filling up the DagBag from /home/airflow/.local/lib/python3.7/site-packages/airflow/example_dags/example_dag_decorator.py
[2025-07-20T06:01:14.680+0000] {logging_mixin.py:120} INFO - [2025-07-20T06:01:14.679+0000] {taskmixin.py:205} WARNING - Dependency <Task(_PythonDecoratedOperator): prepare_email>, send_email already registered for DAG: example_dag_decorator
[2025-07-20T06:01:14.693+0000] {logging_mixin.py:120} INFO - [2025-07-20T06:01:14.692+0000] {taskmixin.py:205} WARNING - Dependency <Task(EmailOperator): send_email>, prepare_email already registered for DAG: example_dag_decorator
[2025-07-20T06:01:15.007+0000] {processor.py:766} INFO - DAG(s) dict_keys(['example_dag_decorator']) retrieved from /home/airflow/.local/lib/python3.7/site-packages/airflow/example_dags/example_dag_decorator.py
[2025-07-20T06:01:16.502+0000] {logging_mixin.py:120} INFO - [2025-07-20T06:01:16.501+0000] {dag.py:2585} INFO - Sync 1 DAGs
[2025-07-20T06:01:17.000+0000] {logging_mixin.py:120} INFO - [2025-07-20T06:01:17.000+0000] {dag.py:3340} INFO - Setting next_dagrun for example_dag_decorator to None, run_after=None
[2025-07-20T06:01:17.218+0000] {processor.py:176} INFO - Processing /home/airflow/.local/lib/python3.7/site-packages/airflow/example_dags/example_dag_decorator.py took 2.970 seconds
[2025-07-20T06:02:04.535+0000] {processor.py:154} INFO - Started process (PID=244) to work on /home/airflow/.local/lib/python3.7/site-packages/airflow/example_dags/example_dag_decorator.py
[2025-07-20T06:02:04.580+0000] {processor.py:756} INFO - Processing file /home/airflow/.local/lib/python3.7/site-packages/airflow/example_dags/example_dag_decorator.py for tasks to queue
[2025-07-20T06:02:04.584+0000] {logging_mixin.py:120} INFO - [2025-07-20T06:02:04.584+0000] {dagbag.py:537} INFO - Filling up the DagBag from /home/airflow/.local/lib/python3.7/site-packages/airflow/example_dags/example_dag_decorator.py
[2025-07-20T06:02:04.807+0000] {logging_mixin.py:120} INFO - [2025-07-20T06:02:04.803+0000] {taskmixin.py:205} WARNING - Dependency <Task(_PythonDecoratedOperator): prepare_email>, send_email already registered for DAG: example_dag_decorator
[2025-07-20T06:02:04.827+0000] {logging_mixin.py:120} INFO - [2025-07-20T06:02:04.827+0000] {taskmixin.py:205} WARNING - Dependency <Task(EmailOperator): send_email>, prepare_email already registered for DAG: example_dag_decorator
[2025-07-20T06:02:05.433+0000] {processor.py:766} INFO - DAG(s) dict_keys(['example_dag_decorator']) retrieved from /home/airflow/.local/lib/python3.7/site-packages/airflow/example_dags/example_dag_decorator.py
[2025-07-20T06:02:06.082+0000] {logging_mixin.py:120} INFO - [2025-07-20T06:02:06.070+0000] {dag.py:2585} INFO - Sync 1 DAGs
[2025-07-20T06:02:06.328+0000] {logging_mixin.py:120} INFO - [2025-07-20T06:02:06.327+0000] {dag.py:3340} INFO - Setting next_dagrun for example_dag_decorator to None, run_after=None
[2025-07-20T06:02:06.775+0000] {processor.py:176} INFO - Processing /home/airflow/.local/lib/python3.7/site-packages/airflow/example_dags/example_dag_decorator.py took 2.258 seconds
[2025-07-20T06:02:37.197+0000] {processor.py:154} INFO - Started process (PID=298) to work on /home/airflow/.local/lib/python3.7/site-packages/airflow/example_dags/example_dag_decorator.py
[2025-07-20T06:02:37.215+0000] {processor.py:756} INFO - Processing file /home/airflow/.local/lib/python3.7/site-packages/airflow/example_dags/example_dag_decorator.py for tasks to queue
[2025-07-20T06:02:37.223+0000] {logging_mixin.py:120} INFO - [2025-07-20T06:02:37.223+0000] {dagbag.py:537} INFO - Filling up the DagBag from /home/airflow/.local/lib/python3.7/site-packages/airflow/example_dags/example_dag_decorator.py
[2025-07-20T06:02:37.290+0000] {logging_mixin.py:120} INFO - [2025-07-20T06:02:37.290+0000] {taskmixin.py:205} WARNING - Dependency <Task(_PythonDecoratedOperator): prepare_email>, send_email already registered for DAG: example_dag_decorator
[2025-07-20T06:02:37.292+0000] {logging_mixin.py:120} INFO - [2025-07-20T06:02:37.291+0000] {taskmixin.py:205} WARNING - Dependency <Task(EmailOperator): send_email>, prepare_email already registered for DAG: example_dag_decorator
[2025-07-20T06:02:37.324+0000] {processor.py:766} INFO - DAG(s) dict_keys(['example_dag_decorator']) retrieved from /home/airflow/.local/lib/python3.7/site-packages/airflow/example_dags/example_dag_decorator.py
[2025-07-20T06:02:37.687+0000] {logging_mixin.py:120} INFO - [2025-07-20T06:02:37.687+0000] {dag.py:2585} INFO - Sync 1 DAGs
[2025-07-20T06:02:37.804+0000] {logging_mixin.py:120} INFO - [2025-07-20T06:02:37.804+0000] {dag.py:3340} INFO - Setting next_dagrun for example_dag_decorator to None, run_after=None
[2025-07-20T06:02:37.857+0000] {processor.py:176} INFO - Processing /home/airflow/.local/lib/python3.7/site-packages/airflow/example_dags/example_dag_decorator.py took 0.699 seconds
[2025-07-20T06:03:08.466+0000] {processor.py:154} INFO - Started process (PID=353) to work on /home/airflow/.local/lib/python3.7/site-packages/airflow/example_dags/example_dag_decorator.py
[2025-07-20T06:03:08.490+0000] {processor.py:756} INFO - Processing file /home/airflow/.local/lib/python3.7/site-packages/airflow/example_dags/example_dag_decorator.py for tasks to queue
[2025-07-20T06:03:08.493+0000] {logging_mixin.py:120} INFO - [2025-07-20T06:03:08.493+0000] {dagbag.py:537} INFO - Filling up the DagBag from /home/airflow/.local/lib/python3.7/site-packages/airflow/example_dags/example_dag_decorator.py
[2025-07-20T06:03:08.535+0000] {logging_mixin.py:120} INFO - [2025-07-20T06:03:08.535+0000] {taskmixin.py:205} WARNING - Dependency <Task(_PythonDecoratedOperator): prepare_email>, send_email already registered for DAG: example_dag_decorator
[2025-07-20T06:03:08.536+0000] {logging_mixin.py:120} INFO - [2025-07-20T06:03:08.536+0000] {taskmixin.py:205} WARNING - Dependency <Task(EmailOperator): send_email>, prepare_email already registered for DAG: example_dag_decorator
[2025-07-20T06:03:08.557+0000] {processor.py:766} INFO - DAG(s) dict_keys(['example_dag_decorator']) retrieved from /home/airflow/.local/lib/python3.7/site-packages/airflow/example_dags/example_dag_decorator.py
[2025-07-20T06:03:08.672+0000] {logging_mixin.py:120} INFO - [2025-07-20T06:03:08.672+0000] {dag.py:2585} INFO - Sync 1 DAGs
[2025-07-20T06:03:08.726+0000] {logging_mixin.py:120} INFO - [2025-07-20T06:03:08.726+0000] {dag.py:3340} INFO - Setting next_dagrun for example_dag_decorator to None, run_after=None
[2025-07-20T06:03:08.807+0000] {processor.py:176} INFO - Processing /home/airflow/.local/lib/python3.7/site-packages/airflow/example_dags/example_dag_decorator.py took 0.348 seconds
[2025-07-20T06:03:39.440+0000] {processor.py:154} INFO - Started process (PID=416) to work on /home/airflow/.local/lib/python3.7/site-packages/airflow/example_dags/example_dag_decorator.py
[2025-07-20T06:03:39.445+0000] {processor.py:756} INFO - Processing file /home/airflow/.local/lib/python3.7/site-packages/airflow/example_dags/example_dag_decorator.py for tasks to queue
[2025-07-20T06:03:39.455+0000] {logging_mixin.py:120} INFO - [2025-07-20T06:03:39.447+0000] {dagbag.py:537} INFO - Filling up the DagBag from /home/airflow/.local/lib/python3.7/site-packages/airflow/example_dags/example_dag_decorator.py
[2025-07-20T06:03:39.570+0000] {logging_mixin.py:120} INFO - [2025-07-20T06:03:39.569+0000] {taskmixin.py:205} WARNING - Dependency <Task(_PythonDecoratedOperator): prepare_email>, send_email already registered for DAG: example_dag_decorator
[2025-07-20T06:03:39.588+0000] {logging_mixin.py:120} INFO - [2025-07-20T06:03:39.588+0000] {taskmixin.py:205} WARNING - Dependency <Task(EmailOperator): send_email>, prepare_email already registered for DAG: example_dag_decorator
[2025-07-20T06:03:39.683+0000] {processor.py:766} INFO - DAG(s) dict_keys(['example_dag_decorator']) retrieved from /home/airflow/.local/lib/python3.7/site-packages/airflow/example_dags/example_dag_decorator.py
[2025-07-20T06:03:40.191+0000] {logging_mixin.py:120} INFO - [2025-07-20T06:03:40.191+0000] {dag.py:2585} INFO - Sync 1 DAGs
[2025-07-20T06:03:40.326+0000] {logging_mixin.py:120} INFO - [2025-07-20T06:03:40.326+0000] {dag.py:3340} INFO - Setting next_dagrun for example_dag_decorator to None, run_after=None
[2025-07-20T06:03:40.494+0000] {processor.py:176} INFO - Processing /home/airflow/.local/lib/python3.7/site-packages/airflow/example_dags/example_dag_decorator.py took 1.075 seconds
[2025-07-20T06:04:10.675+0000] {processor.py:154} INFO - Started process (PID=470) to work on /home/airflow/.local/lib/python3.7/site-packages/airflow/example_dags/example_dag_decorator.py
[2025-07-20T06:04:10.683+0000] {processor.py:756} INFO - Processing file /home/airflow/.local/lib/python3.7/site-packages/airflow/example_dags/example_dag_decorator.py for tasks to queue
[2025-07-20T06:04:10.687+0000] {logging_mixin.py:120} INFO - [2025-07-20T06:04:10.686+0000] {dagbag.py:537} INFO - Filling up the DagBag from /home/airflow/.local/lib/python3.7/site-packages/airflow/example_dags/example_dag_decorator.py
[2025-07-20T06:04:10.732+0000] {logging_mixin.py:120} INFO - [2025-07-20T06:04:10.732+0000] {taskmixin.py:205} WARNING - Dependency <Task(_PythonDecoratedOperator): prepare_email>, send_email already registered for DAG: example_dag_decorator
[2025-07-20T06:04:10.734+0000] {logging_mixin.py:120} INFO - [2025-07-20T06:04:10.734+0000] {taskmixin.py:205} WARNING - Dependency <Task(EmailOperator): send_email>, prepare_email already registered for DAG: example_dag_decorator
[2025-07-20T06:04:10.754+0000] {processor.py:766} INFO - DAG(s) dict_keys(['example_dag_decorator']) retrieved from /home/airflow/.local/lib/python3.7/site-packages/airflow/example_dags/example_dag_decorator.py
[2025-07-20T06:04:10.861+0000] {logging_mixin.py:120} INFO - [2025-07-20T06:04:10.861+0000] {dag.py:2585} INFO - Sync 1 DAGs
[2025-07-20T06:04:10.901+0000] {logging_mixin.py:120} INFO - [2025-07-20T06:04:10.900+0000] {dag.py:3340} INFO - Setting next_dagrun for example_dag_decorator to None, run_after=None
[2025-07-20T06:04:10.942+0000] {processor.py:176} INFO - Processing /home/airflow/.local/lib/python3.7/site-packages/airflow/example_dags/example_dag_decorator.py took 0.275 seconds
[2025-07-20T06:04:41.060+0000] {processor.py:154} INFO - Started process (PID=526) to work on /home/airflow/.local/lib/python3.7/site-packages/airflow/example_dags/example_dag_decorator.py
[2025-07-20T06:04:41.063+0000] {processor.py:756} INFO - Processing file /home/airflow/.local/lib/python3.7/site-packages/airflow/example_dags/example_dag_decorator.py for tasks to queue
[2025-07-20T06:04:41.064+0000] {logging_mixin.py:120} INFO - [2025-07-20T06:04:41.064+0000] {dagbag.py:537} INFO - Filling up the DagBag from /home/airflow/.local/lib/python3.7/site-packages/airflow/example_dags/example_dag_decorator.py
[2025-07-20T06:04:41.092+0000] {logging_mixin.py:120} INFO - [2025-07-20T06:04:41.092+0000] {taskmixin.py:205} WARNING - Dependency <Task(_PythonDecoratedOperator): prepare_email>, send_email already registered for DAG: example_dag_decorator
[2025-07-20T06:04:41.096+0000] {logging_mixin.py:120} INFO - [2025-07-20T06:04:41.096+0000] {taskmixin.py:205} WARNING - Dependency <Task(EmailOperator): send_email>, prepare_email already registered for DAG: example_dag_decorator
[2025-07-20T06:04:41.121+0000] {processor.py:766} INFO - DAG(s) dict_keys(['example_dag_decorator']) retrieved from /home/airflow/.local/lib/python3.7/site-packages/airflow/example_dags/example_dag_decorator.py
[2025-07-20T06:04:41.248+0000] {logging_mixin.py:120} INFO - [2025-07-20T06:04:41.248+0000] {dag.py:2585} INFO - Sync 1 DAGs
[2025-07-20T06:04:41.293+0000] {logging_mixin.py:120} INFO - [2025-07-20T06:04:41.293+0000] {dag.py:3340} INFO - Setting next_dagrun for example_dag_decorator to None, run_after=None
[2025-07-20T06:04:41.332+0000] {processor.py:176} INFO - Processing /home/airflow/.local/lib/python3.7/site-packages/airflow/example_dags/example_dag_decorator.py took 0.279 seconds
[2025-07-20T06:05:11.550+0000] {processor.py:154} INFO - Started process (PID=588) to work on /home/airflow/.local/lib/python3.7/site-packages/airflow/example_dags/example_dag_decorator.py
[2025-07-20T06:05:11.555+0000] {processor.py:756} INFO - Processing file /home/airflow/.local/lib/python3.7/site-packages/airflow/example_dags/example_dag_decorator.py for tasks to queue
[2025-07-20T06:05:11.559+0000] {logging_mixin.py:120} INFO - [2025-07-20T06:05:11.558+0000] {dagbag.py:537} INFO - Filling up the DagBag from /home/airflow/.local/lib/python3.7/site-packages/airflow/example_dags/example_dag_decorator.py
[2025-07-20T06:05:11.589+0000] {logging_mixin.py:120} INFO - [2025-07-20T06:05:11.589+0000] {taskmixin.py:205} WARNING - Dependency <Task(_PythonDecoratedOperator): prepare_email>, send_email already registered for DAG: example_dag_decorator
[2025-07-20T06:05:11.590+0000] {logging_mixin.py:120} INFO - [2025-07-20T06:05:11.590+0000] {taskmixin.py:205} WARNING - Dependency <Task(EmailOperator): send_email>, prepare_email already registered for DAG: example_dag_decorator
[2025-07-20T06:05:11.606+0000] {processor.py:766} INFO - DAG(s) dict_keys(['example_dag_decorator']) retrieved from /home/airflow/.local/lib/python3.7/site-packages/airflow/example_dags/example_dag_decorator.py
[2025-07-20T06:05:11.696+0000] {logging_mixin.py:120} INFO - [2025-07-20T06:05:11.696+0000] {dag.py:2585} INFO - Sync 1 DAGs
[2025-07-20T06:05:11.733+0000] {logging_mixin.py:120} INFO - [2025-07-20T06:05:11.733+0000] {dag.py:3340} INFO - Setting next_dagrun for example_dag_decorator to None, run_after=None
[2025-07-20T06:05:11.771+0000] {processor.py:176} INFO - Processing /home/airflow/.local/lib/python3.7/site-packages/airflow/example_dags/example_dag_decorator.py took 0.231 seconds
[2025-07-20T06:05:42.145+0000] {processor.py:154} INFO - Started process (PID=642) to work on /home/airflow/.local/lib/python3.7/site-packages/airflow/example_dags/example_dag_decorator.py
[2025-07-20T06:05:42.147+0000] {processor.py:756} INFO - Processing file /home/airflow/.local/lib/python3.7/site-packages/airflow/example_dags/example_dag_decorator.py for tasks to queue
[2025-07-20T06:05:42.149+0000] {logging_mixin.py:120} INFO - [2025-07-20T06:05:42.149+0000] {dagbag.py:537} INFO - Filling up the DagBag from /home/airflow/.local/lib/python3.7/site-packages/airflow/example_dags/example_dag_decorator.py
[2025-07-20T06:05:42.177+0000] {logging_mixin.py:120} INFO - [2025-07-20T06:05:42.177+0000] {taskmixin.py:205} WARNING - Dependency <Task(_PythonDecoratedOperator): prepare_email>, send_email already registered for DAG: example_dag_decorator
[2025-07-20T06:05:42.178+0000] {logging_mixin.py:120} INFO - [2025-07-20T06:05:42.178+0000] {taskmixin.py:205} WARNING - Dependency <Task(EmailOperator): send_email>, prepare_email already registered for DAG: example_dag_decorator
[2025-07-20T06:05:42.194+0000] {processor.py:766} INFO - DAG(s) dict_keys(['example_dag_decorator']) retrieved from /home/airflow/.local/lib/python3.7/site-packages/airflow/example_dags/example_dag_decorator.py
[2025-07-20T06:05:42.333+0000] {logging_mixin.py:120} INFO - [2025-07-20T06:05:42.333+0000] {dag.py:2585} INFO - Sync 1 DAGs
[2025-07-20T06:05:42.367+0000] {logging_mixin.py:120} INFO - [2025-07-20T06:05:42.367+0000] {dag.py:3340} INFO - Setting next_dagrun for example_dag_decorator to None, run_after=None
[2025-07-20T06:05:42.407+0000] {processor.py:176} INFO - Processing /home/airflow/.local/lib/python3.7/site-packages/airflow/example_dags/example_dag_decorator.py took 0.266 seconds
[2025-07-20T06:06:13.439+0000] {processor.py:154} INFO - Started process (PID=705) to work on /home/airflow/.local/lib/python3.7/site-packages/airflow/example_dags/example_dag_decorator.py
[2025-07-20T06:06:13.441+0000] {processor.py:756} INFO - Processing file /home/airflow/.local/lib/python3.7/site-packages/airflow/example_dags/example_dag_decorator.py for tasks to queue
[2025-07-20T06:06:13.443+0000] {logging_mixin.py:120} INFO - [2025-07-20T06:06:13.442+0000] {dagbag.py:537} INFO - Filling up the DagBag from /home/airflow/.local/lib/python3.7/site-packages/airflow/example_dags/example_dag_decorator.py
[2025-07-20T06:06:13.461+0000] {logging_mixin.py:120} INFO - [2025-07-20T06:06:13.461+0000] {taskmixin.py:205} WARNING - Dependency <Task(_PythonDecoratedOperator): prepare_email>, send_email already registered for DAG: example_dag_decorator
[2025-07-20T06:06:13.462+0000] {logging_mixin.py:120} INFO - [2025-07-20T06:06:13.462+0000] {taskmixin.py:205} WARNING - Dependency <Task(EmailOperator): send_email>, prepare_email already registered for DAG: example_dag_decorator
[2025-07-20T06:06:13.483+0000] {processor.py:766} INFO - DAG(s) dict_keys(['example_dag_decorator']) retrieved from /home/airflow/.local/lib/python3.7/site-packages/airflow/example_dags/example_dag_decorator.py
[2025-07-20T06:06:13.592+0000] {logging_mixin.py:120} INFO - [2025-07-20T06:06:13.592+0000] {dag.py:2585} INFO - Sync 1 DAGs
[2025-07-20T06:06:13.619+0000] {logging_mixin.py:120} INFO - [2025-07-20T06:06:13.619+0000] {dag.py:3340} INFO - Setting next_dagrun for example_dag_decorator to None, run_after=None
[2025-07-20T06:06:13.652+0000] {processor.py:176} INFO - Processing /home/airflow/.local/lib/python3.7/site-packages/airflow/example_dags/example_dag_decorator.py took 0.219 seconds
[2025-07-20T06:06:43.913+0000] {processor.py:154} INFO - Started process (PID=768) to work on /home/airflow/.local/lib/python3.7/site-packages/airflow/example_dags/example_dag_decorator.py
[2025-07-20T06:06:43.915+0000] {processor.py:756} INFO - Processing file /home/airflow/.local/lib/python3.7/site-packages/airflow/example_dags/example_dag_decorator.py for tasks to queue
[2025-07-20T06:06:43.917+0000] {logging_mixin.py:120} INFO - [2025-07-20T06:06:43.917+0000] {dagbag.py:537} INFO - Filling up the DagBag from /home/airflow/.local/lib/python3.7/site-packages/airflow/example_dags/example_dag_decorator.py
[2025-07-20T06:06:43.954+0000] {logging_mixin.py:120} INFO - [2025-07-20T06:06:43.954+0000] {taskmixin.py:205} WARNING - Dependency <Task(_PythonDecoratedOperator): prepare_email>, send_email already registered for DAG: example_dag_decorator
[2025-07-20T06:06:43.955+0000] {logging_mixin.py:120} INFO - [2025-07-20T06:06:43.955+0000] {taskmixin.py:205} WARNING - Dependency <Task(EmailOperator): send_email>, prepare_email already registered for DAG: example_dag_decorator
[2025-07-20T06:06:43.983+0000] {processor.py:766} INFO - DAG(s) dict_keys(['example_dag_decorator']) retrieved from /home/airflow/.local/lib/python3.7/site-packages/airflow/example_dags/example_dag_decorator.py
[2025-07-20T06:06:44.165+0000] {logging_mixin.py:120} INFO - [2025-07-20T06:06:44.165+0000] {dag.py:2585} INFO - Sync 1 DAGs
[2025-07-20T06:06:44.215+0000] {logging_mixin.py:120} INFO - [2025-07-20T06:06:44.214+0000] {dag.py:3340} INFO - Setting next_dagrun for example_dag_decorator to None, run_after=None
[2025-07-20T06:06:44.274+0000] {processor.py:176} INFO - Processing /home/airflow/.local/lib/python3.7/site-packages/airflow/example_dags/example_dag_decorator.py took 0.368 seconds
[2025-07-20T06:07:15.273+0000] {processor.py:154} INFO - Started process (PID=821) to work on /home/airflow/.local/lib/python3.7/site-packages/airflow/example_dags/example_dag_decorator.py
[2025-07-20T06:07:15.275+0000] {processor.py:756} INFO - Processing file /home/airflow/.local/lib/python3.7/site-packages/airflow/example_dags/example_dag_decorator.py for tasks to queue
[2025-07-20T06:07:15.277+0000] {logging_mixin.py:120} INFO - [2025-07-20T06:07:15.276+0000] {dagbag.py:537} INFO - Filling up the DagBag from /home/airflow/.local/lib/python3.7/site-packages/airflow/example_dags/example_dag_decorator.py
[2025-07-20T06:07:15.301+0000] {logging_mixin.py:120} INFO - [2025-07-20T06:07:15.301+0000] {taskmixin.py:205} WARNING - Dependency <Task(_PythonDecoratedOperator): prepare_email>, send_email already registered for DAG: example_dag_decorator
[2025-07-20T06:07:15.302+0000] {logging_mixin.py:120} INFO - [2025-07-20T06:07:15.302+0000] {taskmixin.py:205} WARNING - Dependency <Task(EmailOperator): send_email>, prepare_email already registered for DAG: example_dag_decorator
[2025-07-20T06:07:15.320+0000] {processor.py:766} INFO - DAG(s) dict_keys(['example_dag_decorator']) retrieved from /home/airflow/.local/lib/python3.7/site-packages/airflow/example_dags/example_dag_decorator.py
[2025-07-20T06:07:15.424+0000] {logging_mixin.py:120} INFO - [2025-07-20T06:07:15.424+0000] {dag.py:2585} INFO - Sync 1 DAGs
[2025-07-20T06:07:15.454+0000] {logging_mixin.py:120} INFO - [2025-07-20T06:07:15.453+0000] {dag.py:3340} INFO - Setting next_dagrun for example_dag_decorator to None, run_after=None
[2025-07-20T06:07:15.498+0000] {processor.py:176} INFO - Processing /home/airflow/.local/lib/python3.7/site-packages/airflow/example_dags/example_dag_decorator.py took 0.230 seconds
[2025-07-20T06:07:46.313+0000] {processor.py:154} INFO - Started process (PID=883) to work on /home/airflow/.local/lib/python3.7/site-packages/airflow/example_dags/example_dag_decorator.py
[2025-07-20T06:07:46.315+0000] {processor.py:756} INFO - Processing file /home/airflow/.local/lib/python3.7/site-packages/airflow/example_dags/example_dag_decorator.py for tasks to queue
[2025-07-20T06:07:46.316+0000] {logging_mixin.py:120} INFO - [2025-07-20T06:07:46.316+0000] {dagbag.py:537} INFO - Filling up the DagBag from /home/airflow/.local/lib/python3.7/site-packages/airflow/example_dags/example_dag_decorator.py
[2025-07-20T06:07:46.336+0000] {logging_mixin.py:120} INFO - [2025-07-20T06:07:46.336+0000] {taskmixin.py:205} WARNING - Dependency <Task(_PythonDecoratedOperator): prepare_email>, send_email already registered for DAG: example_dag_decorator
[2025-07-20T06:07:46.337+0000] {logging_mixin.py:120} INFO - [2025-07-20T06:07:46.337+0000] {taskmixin.py:205} WARNING - Dependency <Task(EmailOperator): send_email>, prepare_email already registered for DAG: example_dag_decorator
[2025-07-20T06:07:46.357+0000] {processor.py:766} INFO - DAG(s) dict_keys(['example_dag_decorator']) retrieved from /home/airflow/.local/lib/python3.7/site-packages/airflow/example_dags/example_dag_decorator.py
[2025-07-20T06:07:46.466+0000] {logging_mixin.py:120} INFO - [2025-07-20T06:07:46.466+0000] {dag.py:2585} INFO - Sync 1 DAGs
[2025-07-20T06:07:46.497+0000] {logging_mixin.py:120} INFO - [2025-07-20T06:07:46.497+0000] {dag.py:3340} INFO - Setting next_dagrun for example_dag_decorator to None, run_after=None
[2025-07-20T06:07:46.542+0000] {processor.py:176} INFO - Processing /home/airflow/.local/lib/python3.7/site-packages/airflow/example_dags/example_dag_decorator.py took 0.233 seconds
[2025-07-20T06:08:16.683+0000] {processor.py:154} INFO - Started process (PID=937) to work on /home/airflow/.local/lib/python3.7/site-packages/airflow/example_dags/example_dag_decorator.py
[2025-07-20T06:08:16.685+0000] {processor.py:756} INFO - Processing file /home/airflow/.local/lib/python3.7/site-packages/airflow/example_dags/example_dag_decorator.py for tasks to queue
[2025-07-20T06:08:16.687+0000] {logging_mixin.py:120} INFO - [2025-07-20T06:08:16.687+0000] {dagbag.py:537} INFO - Filling up the DagBag from /home/airflow/.local/lib/python3.7/site-packages/airflow/example_dags/example_dag_decorator.py
[2025-07-20T06:08:16.725+0000] {logging_mixin.py:120} INFO - [2025-07-20T06:08:16.724+0000] {taskmixin.py:205} WARNING - Dependency <Task(_PythonDecoratedOperator): prepare_email>, send_email already registered for DAG: example_dag_decorator
[2025-07-20T06:08:16.726+0000] {logging_mixin.py:120} INFO - [2025-07-20T06:08:16.726+0000] {taskmixin.py:205} WARNING - Dependency <Task(EmailOperator): send_email>, prepare_email already registered for DAG: example_dag_decorator
[2025-07-20T06:08:16.757+0000] {processor.py:766} INFO - DAG(s) dict_keys(['example_dag_decorator']) retrieved from /home/airflow/.local/lib/python3.7/site-packages/airflow/example_dags/example_dag_decorator.py
[2025-07-20T06:08:16.896+0000] {logging_mixin.py:120} INFO - [2025-07-20T06:08:16.895+0000] {dag.py:2585} INFO - Sync 1 DAGs
[2025-07-20T06:08:16.924+0000] {logging_mixin.py:120} INFO - [2025-07-20T06:08:16.923+0000] {dag.py:3340} INFO - Setting next_dagrun for example_dag_decorator to None, run_after=None
[2025-07-20T06:08:16.959+0000] {processor.py:176} INFO - Processing /home/airflow/.local/lib/python3.7/site-packages/airflow/example_dags/example_dag_decorator.py took 0.284 seconds
[2025-07-20T06:08:47.756+0000] {processor.py:154} INFO - Started process (PID=991) to work on /home/airflow/.local/lib/python3.7/site-packages/airflow/example_dags/example_dag_decorator.py
[2025-07-20T06:08:47.758+0000] {processor.py:756} INFO - Processing file /home/airflow/.local/lib/python3.7/site-packages/airflow/example_dags/example_dag_decorator.py for tasks to queue
[2025-07-20T06:08:47.760+0000] {logging_mixin.py:120} INFO - [2025-07-20T06:08:47.760+0000] {dagbag.py:537} INFO - Filling up the DagBag from /home/airflow/.local/lib/python3.7/site-packages/airflow/example_dags/example_dag_decorator.py
[2025-07-20T06:08:47.781+0000] {logging_mixin.py:120} INFO - [2025-07-20T06:08:47.781+0000] {taskmixin.py:205} WARNING - Dependency <Task(_PythonDecoratedOperator): prepare_email>, send_email already registered for DAG: example_dag_decorator
[2025-07-20T06:08:47.782+0000] {logging_mixin.py:120} INFO - [2025-07-20T06:08:47.782+0000] {taskmixin.py:205} WARNING - Dependency <Task(EmailOperator): send_email>, prepare_email already registered for DAG: example_dag_decorator
[2025-07-20T06:08:47.803+0000] {processor.py:766} INFO - DAG(s) dict_keys(['example_dag_decorator']) retrieved from /home/airflow/.local/lib/python3.7/site-packages/airflow/example_dags/example_dag_decorator.py
[2025-07-20T06:08:47.936+0000] {logging_mixin.py:120} INFO - [2025-07-20T06:08:47.936+0000] {dag.py:2585} INFO - Sync 1 DAGs
[2025-07-20T06:08:47.967+0000] {logging_mixin.py:120} INFO - [2025-07-20T06:08:47.967+0000] {dag.py:3340} INFO - Setting next_dagrun for example_dag_decorator to None, run_after=None
[2025-07-20T06:08:48.011+0000] {processor.py:176} INFO - Processing /home/airflow/.local/lib/python3.7/site-packages/airflow/example_dags/example_dag_decorator.py took 0.259 seconds
[2025-07-20T06:09:19.053+0000] {processor.py:154} INFO - Started process (PID=1044) to work on /home/airflow/.local/lib/python3.7/site-packages/airflow/example_dags/example_dag_decorator.py
[2025-07-20T06:09:19.055+0000] {processor.py:756} INFO - Processing file /home/airflow/.local/lib/python3.7/site-packages/airflow/example_dags/example_dag_decorator.py for tasks to queue
[2025-07-20T06:09:19.066+0000] {logging_mixin.py:120} INFO - [2025-07-20T06:09:19.065+0000] {dagbag.py:537} INFO - Filling up the DagBag from /home/airflow/.local/lib/python3.7/site-packages/airflow/example_dags/example_dag_decorator.py
[2025-07-20T06:09:19.132+0000] {logging_mixin.py:120} INFO - [2025-07-20T06:09:19.131+0000] {taskmixin.py:205} WARNING - Dependency <Task(_PythonDecoratedOperator): prepare_email>, send_email already registered for DAG: example_dag_decorator
[2025-07-20T06:09:19.133+0000] {logging_mixin.py:120} INFO - [2025-07-20T06:09:19.133+0000] {taskmixin.py:205} WARNING - Dependency <Task(EmailOperator): send_email>, prepare_email already registered for DAG: example_dag_decorator
[2025-07-20T06:09:19.185+0000] {processor.py:766} INFO - DAG(s) dict_keys(['example_dag_decorator']) retrieved from /home/airflow/.local/lib/python3.7/site-packages/airflow/example_dags/example_dag_decorator.py
[2025-07-20T06:09:19.532+0000] {logging_mixin.py:120} INFO - [2025-07-20T06:09:19.531+0000] {dag.py:2585} INFO - Sync 1 DAGs
[2025-07-20T06:09:19.608+0000] {logging_mixin.py:120} INFO - [2025-07-20T06:09:19.608+0000] {dag.py:3340} INFO - Setting next_dagrun for example_dag_decorator to None, run_after=None
[2025-07-20T06:09:19.697+0000] {processor.py:176} INFO - Processing /home/airflow/.local/lib/python3.7/site-packages/airflow/example_dags/example_dag_decorator.py took 0.650 seconds
[2025-07-20T06:09:49.802+0000] {processor.py:154} INFO - Started process (PID=1096) to work on /home/airflow/.local/lib/python3.7/site-packages/airflow/example_dags/example_dag_decorator.py
[2025-07-20T06:09:49.804+0000] {processor.py:756} INFO - Processing file /home/airflow/.local/lib/python3.7/site-packages/airflow/example_dags/example_dag_decorator.py for tasks to queue
[2025-07-20T06:09:49.806+0000] {logging_mixin.py:120} INFO - [2025-07-20T06:09:49.806+0000] {dagbag.py:537} INFO - Filling up the DagBag from /home/airflow/.local/lib/python3.7/site-packages/airflow/example_dags/example_dag_decorator.py
[2025-07-20T06:09:49.851+0000] {logging_mixin.py:120} INFO - [2025-07-20T06:09:49.850+0000] {taskmixin.py:205} WARNING - Dependency <Task(_PythonDecoratedOperator): prepare_email>, send_email already registered for DAG: example_dag_decorator
[2025-07-20T06:09:49.852+0000] {logging_mixin.py:120} INFO - [2025-07-20T06:09:49.852+0000] {taskmixin.py:205} WARNING - Dependency <Task(EmailOperator): send_email>, prepare_email already registered for DAG: example_dag_decorator
[2025-07-20T06:09:49.884+0000] {processor.py:766} INFO - DAG(s) dict_keys(['example_dag_decorator']) retrieved from /home/airflow/.local/lib/python3.7/site-packages/airflow/example_dags/example_dag_decorator.py
[2025-07-20T06:09:50.144+0000] {logging_mixin.py:120} INFO - [2025-07-20T06:09:50.144+0000] {dag.py:2585} INFO - Sync 1 DAGs
[2025-07-20T06:09:50.255+0000] {logging_mixin.py:120} INFO - [2025-07-20T06:09:50.255+0000] {dag.py:3340} INFO - Setting next_dagrun for example_dag_decorator to None, run_after=None
[2025-07-20T06:09:50.348+0000] {processor.py:176} INFO - Processing /home/airflow/.local/lib/python3.7/site-packages/airflow/example_dags/example_dag_decorator.py took 0.553 seconds
[2025-07-20T06:10:20.549+0000] {processor.py:154} INFO - Started process (PID=1149) to work on /home/airflow/.local/lib/python3.7/site-packages/airflow/example_dags/example_dag_decorator.py
[2025-07-20T06:10:20.561+0000] {processor.py:756} INFO - Processing file /home/airflow/.local/lib/python3.7/site-packages/airflow/example_dags/example_dag_decorator.py for tasks to queue
[2025-07-20T06:10:20.564+0000] {logging_mixin.py:120} INFO - [2025-07-20T06:10:20.563+0000] {dagbag.py:537} INFO - Filling up the DagBag from /home/airflow/.local/lib/python3.7/site-packages/airflow/example_dags/example_dag_decorator.py
[2025-07-20T06:10:20.680+0000] {logging_mixin.py:120} INFO - [2025-07-20T06:10:20.679+0000] {taskmixin.py:205} WARNING - Dependency <Task(_PythonDecoratedOperator): prepare_email>, send_email already registered for DAG: example_dag_decorator
[2025-07-20T06:10:20.689+0000] {logging_mixin.py:120} INFO - [2025-07-20T06:10:20.689+0000] {taskmixin.py:205} WARNING - Dependency <Task(EmailOperator): send_email>, prepare_email already registered for DAG: example_dag_decorator
[2025-07-20T06:10:20.791+0000] {processor.py:766} INFO - DAG(s) dict_keys(['example_dag_decorator']) retrieved from /home/airflow/.local/lib/python3.7/site-packages/airflow/example_dags/example_dag_decorator.py
[2025-07-20T06:10:21.470+0000] {logging_mixin.py:120} INFO - [2025-07-20T06:10:21.469+0000] {dag.py:2585} INFO - Sync 1 DAGs
[2025-07-20T06:10:21.603+0000] {logging_mixin.py:120} INFO - [2025-07-20T06:10:21.602+0000] {dag.py:3340} INFO - Setting next_dagrun for example_dag_decorator to None, run_after=None
[2025-07-20T06:10:21.716+0000] {processor.py:176} INFO - Processing /home/airflow/.local/lib/python3.7/site-packages/airflow/example_dags/example_dag_decorator.py took 1.184 seconds
[2025-07-20T06:10:52.098+0000] {processor.py:154} INFO - Started process (PID=1204) to work on /home/airflow/.local/lib/python3.7/site-packages/airflow/example_dags/example_dag_decorator.py
[2025-07-20T06:10:52.100+0000] {processor.py:756} INFO - Processing file /home/airflow/.local/lib/python3.7/site-packages/airflow/example_dags/example_dag_decorator.py for tasks to queue
[2025-07-20T06:10:52.102+0000] {logging_mixin.py:120} INFO - [2025-07-20T06:10:52.102+0000] {dagbag.py:537} INFO - Filling up the DagBag from /home/airflow/.local/lib/python3.7/site-packages/airflow/example_dags/example_dag_decorator.py
[2025-07-20T06:10:52.136+0000] {logging_mixin.py:120} INFO - [2025-07-20T06:10:52.136+0000] {taskmixin.py:205} WARNING - Dependency <Task(_PythonDecoratedOperator): prepare_email>, send_email already registered for DAG: example_dag_decorator
[2025-07-20T06:10:52.138+0000] {logging_mixin.py:120} INFO - [2025-07-20T06:10:52.137+0000] {taskmixin.py:205} WARNING - Dependency <Task(EmailOperator): send_email>, prepare_email already registered for DAG: example_dag_decorator
[2025-07-20T06:10:52.156+0000] {processor.py:766} INFO - DAG(s) dict_keys(['example_dag_decorator']) retrieved from /home/airflow/.local/lib/python3.7/site-packages/airflow/example_dags/example_dag_decorator.py
[2025-07-20T06:10:52.298+0000] {logging_mixin.py:120} INFO - [2025-07-20T06:10:52.298+0000] {dag.py:2585} INFO - Sync 1 DAGs
[2025-07-20T06:10:52.330+0000] {logging_mixin.py:120} INFO - [2025-07-20T06:10:52.330+0000] {dag.py:3340} INFO - Setting next_dagrun for example_dag_decorator to None, run_after=None
[2025-07-20T06:10:52.374+0000] {processor.py:176} INFO - Processing /home/airflow/.local/lib/python3.7/site-packages/airflow/example_dags/example_dag_decorator.py took 0.280 seconds
[2025-07-20T06:11:22.996+0000] {processor.py:154} INFO - Started process (PID=1267) to work on /home/airflow/.local/lib/python3.7/site-packages/airflow/example_dags/example_dag_decorator.py
[2025-07-20T06:11:22.998+0000] {processor.py:756} INFO - Processing file /home/airflow/.local/lib/python3.7/site-packages/airflow/example_dags/example_dag_decorator.py for tasks to queue
[2025-07-20T06:11:22.999+0000] {logging_mixin.py:120} INFO - [2025-07-20T06:11:22.999+0000] {dagbag.py:537} INFO - Filling up the DagBag from /home/airflow/.local/lib/python3.7/site-packages/airflow/example_dags/example_dag_decorator.py
[2025-07-20T06:11:23.023+0000] {logging_mixin.py:120} INFO - [2025-07-20T06:11:23.023+0000] {taskmixin.py:205} WARNING - Dependency <Task(_PythonDecoratedOperator): prepare_email>, send_email already registered for DAG: example_dag_decorator
[2025-07-20T06:11:23.024+0000] {logging_mixin.py:120} INFO - [2025-07-20T06:11:23.024+0000] {taskmixin.py:205} WARNING - Dependency <Task(EmailOperator): send_email>, prepare_email already registered for DAG: example_dag_decorator
[2025-07-20T06:11:23.046+0000] {processor.py:766} INFO - DAG(s) dict_keys(['example_dag_decorator']) retrieved from /home/airflow/.local/lib/python3.7/site-packages/airflow/example_dags/example_dag_decorator.py
[2025-07-20T06:11:23.161+0000] {logging_mixin.py:120} INFO - [2025-07-20T06:11:23.161+0000] {dag.py:2585} INFO - Sync 1 DAGs
[2025-07-20T06:11:23.189+0000] {logging_mixin.py:120} INFO - [2025-07-20T06:11:23.189+0000] {dag.py:3340} INFO - Setting next_dagrun for example_dag_decorator to None, run_after=None
[2025-07-20T06:11:23.232+0000] {processor.py:176} INFO - Processing /home/airflow/.local/lib/python3.7/site-packages/airflow/example_dags/example_dag_decorator.py took 0.239 seconds
[2025-07-20T06:11:53.352+0000] {processor.py:154} INFO - Started process (PID=1330) to work on /home/airflow/.local/lib/python3.7/site-packages/airflow/example_dags/example_dag_decorator.py
[2025-07-20T06:11:53.354+0000] {processor.py:756} INFO - Processing file /home/airflow/.local/lib/python3.7/site-packages/airflow/example_dags/example_dag_decorator.py for tasks to queue
[2025-07-20T06:11:53.356+0000] {logging_mixin.py:120} INFO - [2025-07-20T06:11:53.355+0000] {dagbag.py:537} INFO - Filling up the DagBag from /home/airflow/.local/lib/python3.7/site-packages/airflow/example_dags/example_dag_decorator.py
[2025-07-20T06:11:53.380+0000] {logging_mixin.py:120} INFO - [2025-07-20T06:11:53.380+0000] {taskmixin.py:205} WARNING - Dependency <Task(_PythonDecoratedOperator): prepare_email>, send_email already registered for DAG: example_dag_decorator
[2025-07-20T06:11:53.381+0000] {logging_mixin.py:120} INFO - [2025-07-20T06:11:53.381+0000] {taskmixin.py:205} WARNING - Dependency <Task(EmailOperator): send_email>, prepare_email already registered for DAG: example_dag_decorator
[2025-07-20T06:11:53.400+0000] {processor.py:766} INFO - DAG(s) dict_keys(['example_dag_decorator']) retrieved from /home/airflow/.local/lib/python3.7/site-packages/airflow/example_dags/example_dag_decorator.py
[2025-07-20T06:11:53.535+0000] {logging_mixin.py:120} INFO - [2025-07-20T06:11:53.535+0000] {dag.py:2585} INFO - Sync 1 DAGs
[2025-07-20T06:11:53.581+0000] {logging_mixin.py:120} INFO - [2025-07-20T06:11:53.580+0000] {dag.py:3340} INFO - Setting next_dagrun for example_dag_decorator to None, run_after=None
[2025-07-20T06:11:53.627+0000] {processor.py:176} INFO - Processing /home/airflow/.local/lib/python3.7/site-packages/airflow/example_dags/example_dag_decorator.py took 0.281 seconds
[2025-07-20T06:12:24.242+0000] {processor.py:154} INFO - Started process (PID=1383) to work on /home/airflow/.local/lib/python3.7/site-packages/airflow/example_dags/example_dag_decorator.py
[2025-07-20T06:12:24.244+0000] {processor.py:756} INFO - Processing file /home/airflow/.local/lib/python3.7/site-packages/airflow/example_dags/example_dag_decorator.py for tasks to queue
[2025-07-20T06:12:24.246+0000] {logging_mixin.py:120} INFO - [2025-07-20T06:12:24.246+0000] {dagbag.py:537} INFO - Filling up the DagBag from /home/airflow/.local/lib/python3.7/site-packages/airflow/example_dags/example_dag_decorator.py
[2025-07-20T06:12:24.265+0000] {logging_mixin.py:120} INFO - [2025-07-20T06:12:24.265+0000] {taskmixin.py:205} WARNING - Dependency <Task(_PythonDecoratedOperator): prepare_email>, send_email already registered for DAG: example_dag_decorator
[2025-07-20T06:12:24.266+0000] {logging_mixin.py:120} INFO - [2025-07-20T06:12:24.266+0000] {taskmixin.py:205} WARNING - Dependency <Task(EmailOperator): send_email>, prepare_email already registered for DAG: example_dag_decorator
[2025-07-20T06:12:24.287+0000] {processor.py:766} INFO - DAG(s) dict_keys(['example_dag_decorator']) retrieved from /home/airflow/.local/lib/python3.7/site-packages/airflow/example_dags/example_dag_decorator.py
[2025-07-20T06:12:24.388+0000] {logging_mixin.py:120} INFO - [2025-07-20T06:12:24.388+0000] {dag.py:2585} INFO - Sync 1 DAGs
[2025-07-20T06:12:24.416+0000] {logging_mixin.py:120} INFO - [2025-07-20T06:12:24.416+0000] {dag.py:3340} INFO - Setting next_dagrun for example_dag_decorator to None, run_after=None
[2025-07-20T06:12:24.442+0000] {processor.py:176} INFO - Processing /home/airflow/.local/lib/python3.7/site-packages/airflow/example_dags/example_dag_decorator.py took 0.206 seconds
[2025-07-20T06:12:54.857+0000] {processor.py:154} INFO - Started process (PID=1444) to work on /home/airflow/.local/lib/python3.7/site-packages/airflow/example_dags/example_dag_decorator.py
[2025-07-20T06:12:54.859+0000] {processor.py:756} INFO - Processing file /home/airflow/.local/lib/python3.7/site-packages/airflow/example_dags/example_dag_decorator.py for tasks to queue
[2025-07-20T06:12:54.862+0000] {logging_mixin.py:120} INFO - [2025-07-20T06:12:54.861+0000] {dagbag.py:537} INFO - Filling up the DagBag from /home/airflow/.local/lib/python3.7/site-packages/airflow/example_dags/example_dag_decorator.py
[2025-07-20T06:12:54.901+0000] {logging_mixin.py:120} INFO - [2025-07-20T06:12:54.901+0000] {taskmixin.py:205} WARNING - Dependency <Task(_PythonDecoratedOperator): prepare_email>, send_email already registered for DAG: example_dag_decorator
[2025-07-20T06:12:54.902+0000] {logging_mixin.py:120} INFO - [2025-07-20T06:12:54.902+0000] {taskmixin.py:205} WARNING - Dependency <Task(EmailOperator): send_email>, prepare_email already registered for DAG: example_dag_decorator
[2025-07-20T06:12:54.927+0000] {processor.py:766} INFO - DAG(s) dict_keys(['example_dag_decorator']) retrieved from /home/airflow/.local/lib/python3.7/site-packages/airflow/example_dags/example_dag_decorator.py
[2025-07-20T06:12:55.045+0000] {logging_mixin.py:120} INFO - [2025-07-20T06:12:55.044+0000] {dag.py:2585} INFO - Sync 1 DAGs
[2025-07-20T06:12:55.070+0000] {logging_mixin.py:120} INFO - [2025-07-20T06:12:55.070+0000] {dag.py:3340} INFO - Setting next_dagrun for example_dag_decorator to None, run_after=None
[2025-07-20T06:12:55.100+0000] {processor.py:176} INFO - Processing /home/airflow/.local/lib/python3.7/site-packages/airflow/example_dags/example_dag_decorator.py took 0.255 seconds
[2025-07-20T06:13:25.247+0000] {processor.py:154} INFO - Started process (PID=1498) to work on /home/airflow/.local/lib/python3.7/site-packages/airflow/example_dags/example_dag_decorator.py
[2025-07-20T06:13:25.249+0000] {processor.py:756} INFO - Processing file /home/airflow/.local/lib/python3.7/site-packages/airflow/example_dags/example_dag_decorator.py for tasks to queue
[2025-07-20T06:13:25.251+0000] {logging_mixin.py:120} INFO - [2025-07-20T06:13:25.251+0000] {dagbag.py:537} INFO - Filling up the DagBag from /home/airflow/.local/lib/python3.7/site-packages/airflow/example_dags/example_dag_decorator.py
[2025-07-20T06:13:25.294+0000] {logging_mixin.py:120} INFO - [2025-07-20T06:13:25.293+0000] {taskmixin.py:205} WARNING - Dependency <Task(_PythonDecoratedOperator): prepare_email>, send_email already registered for DAG: example_dag_decorator
[2025-07-20T06:13:25.295+0000] {logging_mixin.py:120} INFO - [2025-07-20T06:13:25.295+0000] {taskmixin.py:205} WARNING - Dependency <Task(EmailOperator): send_email>, prepare_email already registered for DAG: example_dag_decorator
[2025-07-20T06:13:25.324+0000] {processor.py:766} INFO - DAG(s) dict_keys(['example_dag_decorator']) retrieved from /home/airflow/.local/lib/python3.7/site-packages/airflow/example_dags/example_dag_decorator.py
[2025-07-20T06:13:25.523+0000] {logging_mixin.py:120} INFO - [2025-07-20T06:13:25.523+0000] {dag.py:2585} INFO - Sync 1 DAGs
[2025-07-20T06:13:25.605+0000] {logging_mixin.py:120} INFO - [2025-07-20T06:13:25.604+0000] {dag.py:3340} INFO - Setting next_dagrun for example_dag_decorator to None, run_after=None
[2025-07-20T06:13:25.658+0000] {processor.py:176} INFO - Processing /home/airflow/.local/lib/python3.7/site-packages/airflow/example_dags/example_dag_decorator.py took 0.416 seconds
[2025-07-20T06:13:56.371+0000] {processor.py:154} INFO - Started process (PID=1561) to work on /home/airflow/.local/lib/python3.7/site-packages/airflow/example_dags/example_dag_decorator.py
[2025-07-20T06:13:56.372+0000] {processor.py:756} INFO - Processing file /home/airflow/.local/lib/python3.7/site-packages/airflow/example_dags/example_dag_decorator.py for tasks to queue
[2025-07-20T06:13:56.373+0000] {logging_mixin.py:120} INFO - [2025-07-20T06:13:56.373+0000] {dagbag.py:537} INFO - Filling up the DagBag from /home/airflow/.local/lib/python3.7/site-packages/airflow/example_dags/example_dag_decorator.py
[2025-07-20T06:13:56.392+0000] {logging_mixin.py:120} INFO - [2025-07-20T06:13:56.391+0000] {taskmixin.py:205} WARNING - Dependency <Task(_PythonDecoratedOperator): prepare_email>, send_email already registered for DAG: example_dag_decorator
[2025-07-20T06:13:56.393+0000] {logging_mixin.py:120} INFO - [2025-07-20T06:13:56.393+0000] {taskmixin.py:205} WARNING - Dependency <Task(EmailOperator): send_email>, prepare_email already registered for DAG: example_dag_decorator
[2025-07-20T06:13:56.409+0000] {processor.py:766} INFO - DAG(s) dict_keys(['example_dag_decorator']) retrieved from /home/airflow/.local/lib/python3.7/site-packages/airflow/example_dags/example_dag_decorator.py
[2025-07-20T06:13:56.511+0000] {logging_mixin.py:120} INFO - [2025-07-20T06:13:56.511+0000] {dag.py:2585} INFO - Sync 1 DAGs
[2025-07-20T06:13:56.538+0000] {logging_mixin.py:120} INFO - [2025-07-20T06:13:56.538+0000] {dag.py:3340} INFO - Setting next_dagrun for example_dag_decorator to None, run_after=None
[2025-07-20T06:13:56.571+0000] {processor.py:176} INFO - Processing /home/airflow/.local/lib/python3.7/site-packages/airflow/example_dags/example_dag_decorator.py took 0.204 seconds
[2025-07-20T06:14:27.071+0000] {processor.py:154} INFO - Started process (PID=1616) to work on /home/airflow/.local/lib/python3.7/site-packages/airflow/example_dags/example_dag_decorator.py
[2025-07-20T06:14:27.072+0000] {processor.py:756} INFO - Processing file /home/airflow/.local/lib/python3.7/site-packages/airflow/example_dags/example_dag_decorator.py for tasks to queue
[2025-07-20T06:14:27.074+0000] {logging_mixin.py:120} INFO - [2025-07-20T06:14:27.074+0000] {dagbag.py:537} INFO - Filling up the DagBag from /home/airflow/.local/lib/python3.7/site-packages/airflow/example_dags/example_dag_decorator.py
[2025-07-20T06:14:27.099+0000] {logging_mixin.py:120} INFO - [2025-07-20T06:14:27.099+0000] {taskmixin.py:205} WARNING - Dependency <Task(_PythonDecoratedOperator): prepare_email>, send_email already registered for DAG: example_dag_decorator
[2025-07-20T06:14:27.100+0000] {logging_mixin.py:120} INFO - [2025-07-20T06:14:27.100+0000] {taskmixin.py:205} WARNING - Dependency <Task(EmailOperator): send_email>, prepare_email already registered for DAG: example_dag_decorator
[2025-07-20T06:14:27.122+0000] {processor.py:766} INFO - DAG(s) dict_keys(['example_dag_decorator']) retrieved from /home/airflow/.local/lib/python3.7/site-packages/airflow/example_dags/example_dag_decorator.py
[2025-07-20T06:14:27.279+0000] {logging_mixin.py:120} INFO - [2025-07-20T06:14:27.279+0000] {dag.py:2585} INFO - Sync 1 DAGs
[2025-07-20T06:14:27.365+0000] {logging_mixin.py:120} INFO - [2025-07-20T06:14:27.365+0000] {dag.py:3340} INFO - Setting next_dagrun for example_dag_decorator to None, run_after=None
[2025-07-20T06:14:27.429+0000] {processor.py:176} INFO - Processing /home/airflow/.local/lib/python3.7/site-packages/airflow/example_dags/example_dag_decorator.py took 0.364 seconds
[2025-07-20T06:14:57.877+0000] {processor.py:154} INFO - Started process (PID=1676) to work on /home/airflow/.local/lib/python3.7/site-packages/airflow/example_dags/example_dag_decorator.py
[2025-07-20T06:14:57.879+0000] {processor.py:756} INFO - Processing file /home/airflow/.local/lib/python3.7/site-packages/airflow/example_dags/example_dag_decorator.py for tasks to queue
[2025-07-20T06:14:57.881+0000] {logging_mixin.py:120} INFO - [2025-07-20T06:14:57.881+0000] {dagbag.py:537} INFO - Filling up the DagBag from /home/airflow/.local/lib/python3.7/site-packages/airflow/example_dags/example_dag_decorator.py
[2025-07-20T06:14:57.942+0000] {logging_mixin.py:120} INFO - [2025-07-20T06:14:57.941+0000] {taskmixin.py:205} WARNING - Dependency <Task(_PythonDecoratedOperator): prepare_email>, send_email already registered for DAG: example_dag_decorator
[2025-07-20T06:14:57.947+0000] {logging_mixin.py:120} INFO - [2025-07-20T06:14:57.947+0000] {taskmixin.py:205} WARNING - Dependency <Task(EmailOperator): send_email>, prepare_email already registered for DAG: example_dag_decorator
[2025-07-20T06:14:57.983+0000] {processor.py:766} INFO - DAG(s) dict_keys(['example_dag_decorator']) retrieved from /home/airflow/.local/lib/python3.7/site-packages/airflow/example_dags/example_dag_decorator.py
[2025-07-20T06:14:58.174+0000] {logging_mixin.py:120} INFO - [2025-07-20T06:14:58.173+0000] {dag.py:2585} INFO - Sync 1 DAGs
[2025-07-20T06:14:58.229+0000] {logging_mixin.py:120} INFO - [2025-07-20T06:14:58.229+0000] {dag.py:3340} INFO - Setting next_dagrun for example_dag_decorator to None, run_after=None
[2025-07-20T06:14:58.299+0000] {processor.py:176} INFO - Processing /home/airflow/.local/lib/python3.7/site-packages/airflow/example_dags/example_dag_decorator.py took 0.428 seconds
