[2025-07-20T05:59:02.364+0000] {processor.py:154} INFO - Started process (PID=91) to work on /home/airflow/.local/lib/python3.7/site-packages/airflow/example_dags/example_latest_only_with_trigger.py
[2025-07-20T05:59:02.382+0000] {processor.py:756} INFO - Processing file /home/airflow/.local/lib/python3.7/site-packages/airflow/example_dags/example_latest_only_with_trigger.py for tasks to queue
[2025-07-20T05:59:02.487+0000] {logging_mixin.py:120} INFO - [2025-07-20T05:59:02.486+0000] {dagbag.py:537} INFO - Filling up the DagBag from /home/airflow/.local/lib/python3.7/site-packages/airflow/example_dags/example_latest_only_with_trigger.py
[2025-07-20T05:59:03.937+0000] {processor.py:766} INFO - DAG(s) dict_keys(['latest_only_with_trigger']) retrieved from /home/airflow/.local/lib/python3.7/site-packages/airflow/example_dags/example_latest_only_with_trigger.py
[2025-07-20T05:59:08.216+0000] {logging_mixin.py:120} INFO - [2025-07-20T05:59:08.188+0000] {dag.py:2585} INFO - Sync 1 DAGs
[2025-07-20T05:59:10.214+0000] {logging_mixin.py:120} INFO - [2025-07-20T05:59:10.213+0000] {dag.py:3340} INFO - Setting next_dagrun for latest_only_with_trigger to 2025-07-20T01:59:10.212599+00:00, run_after=2025-07-20T05:59:10.212599+00:00
[2025-07-20T05:59:10.733+0000] {processor.py:176} INFO - Processing /home/airflow/.local/lib/python3.7/site-packages/airflow/example_dags/example_latest_only_with_trigger.py took 8.581 seconds
[2025-07-20T06:01:17.343+0000] {processor.py:154} INFO - Started process (PID=189) to work on /home/airflow/.local/lib/python3.7/site-packages/airflow/example_dags/example_latest_only_with_trigger.py
[2025-07-20T06:01:17.359+0000] {processor.py:756} INFO - Processing file /home/airflow/.local/lib/python3.7/site-packages/airflow/example_dags/example_latest_only_with_trigger.py for tasks to queue
[2025-07-20T06:01:17.363+0000] {logging_mixin.py:120} INFO - [2025-07-20T06:01:17.363+0000] {dagbag.py:537} INFO - Filling up the DagBag from /home/airflow/.local/lib/python3.7/site-packages/airflow/example_dags/example_latest_only_with_trigger.py
[2025-07-20T06:01:17.457+0000] {processor.py:766} INFO - DAG(s) dict_keys(['latest_only_with_trigger']) retrieved from /home/airflow/.local/lib/python3.7/site-packages/airflow/example_dags/example_latest_only_with_trigger.py
[2025-07-20T06:01:18.138+0000] {logging_mixin.py:120} INFO - [2025-07-20T06:01:18.138+0000] {dag.py:2585} INFO - Sync 1 DAGs
[2025-07-20T06:01:18.503+0000] {logging_mixin.py:120} INFO - [2025-07-20T06:01:18.502+0000] {dag.py:3340} INFO - Setting next_dagrun for latest_only_with_trigger to 2025-07-20T02:01:18.502157+00:00, run_after=2025-07-20T06:01:18.502157+00:00
[2025-07-20T06:01:18.714+0000] {processor.py:176} INFO - Processing /home/airflow/.local/lib/python3.7/site-packages/airflow/example_dags/example_latest_only_with_trigger.py took 1.453 seconds
[2025-07-20T06:02:07.229+0000] {processor.py:154} INFO - Started process (PID=246) to work on /home/airflow/.local/lib/python3.7/site-packages/airflow/example_dags/example_latest_only_with_trigger.py
[2025-07-20T06:02:07.279+0000] {processor.py:756} INFO - Processing file /home/airflow/.local/lib/python3.7/site-packages/airflow/example_dags/example_latest_only_with_trigger.py for tasks to queue
[2025-07-20T06:02:07.294+0000] {logging_mixin.py:120} INFO - [2025-07-20T06:02:07.293+0000] {dagbag.py:537} INFO - Filling up the DagBag from /home/airflow/.local/lib/python3.7/site-packages/airflow/example_dags/example_latest_only_with_trigger.py
[2025-07-20T06:02:07.490+0000] {processor.py:766} INFO - DAG(s) dict_keys(['latest_only_with_trigger']) retrieved from /home/airflow/.local/lib/python3.7/site-packages/airflow/example_dags/example_latest_only_with_trigger.py
[2025-07-20T06:02:08.065+0000] {logging_mixin.py:120} INFO - [2025-07-20T06:02:08.065+0000] {dag.py:2585} INFO - Sync 1 DAGs
[2025-07-20T06:02:08.431+0000] {logging_mixin.py:120} INFO - [2025-07-20T06:02:08.431+0000] {dag.py:3340} INFO - Setting next_dagrun for latest_only_with_trigger to 2025-07-20T02:02:08.430967+00:00, run_after=2025-07-20T06:02:08.430967+00:00
[2025-07-20T06:02:08.818+0000] {processor.py:176} INFO - Processing /home/airflow/.local/lib/python3.7/site-packages/airflow/example_dags/example_latest_only_with_trigger.py took 1.623 seconds
[2025-07-20T06:02:39.799+0000] {processor.py:154} INFO - Started process (PID=301) to work on /home/airflow/.local/lib/python3.7/site-packages/airflow/example_dags/example_latest_only_with_trigger.py
[2025-07-20T06:02:39.801+0000] {processor.py:756} INFO - Processing file /home/airflow/.local/lib/python3.7/site-packages/airflow/example_dags/example_latest_only_with_trigger.py for tasks to queue
[2025-07-20T06:02:39.803+0000] {logging_mixin.py:120} INFO - [2025-07-20T06:02:39.802+0000] {dagbag.py:537} INFO - Filling up the DagBag from /home/airflow/.local/lib/python3.7/site-packages/airflow/example_dags/example_latest_only_with_trigger.py
[2025-07-20T06:02:39.837+0000] {processor.py:766} INFO - DAG(s) dict_keys(['latest_only_with_trigger']) retrieved from /home/airflow/.local/lib/python3.7/site-packages/airflow/example_dags/example_latest_only_with_trigger.py
[2025-07-20T06:02:39.916+0000] {logging_mixin.py:120} INFO - [2025-07-20T06:02:39.915+0000] {dag.py:2585} INFO - Sync 1 DAGs
[2025-07-20T06:02:39.967+0000] {logging_mixin.py:120} INFO - [2025-07-20T06:02:39.966+0000] {dag.py:3340} INFO - Setting next_dagrun for latest_only_with_trigger to 2025-07-20T02:02:39.966198+00:00, run_after=2025-07-20T06:02:39.966198+00:00
[2025-07-20T06:02:40.014+0000] {processor.py:176} INFO - Processing /home/airflow/.local/lib/python3.7/site-packages/airflow/example_dags/example_latest_only_with_trigger.py took 0.222 seconds
[2025-07-20T06:03:10.642+0000] {processor.py:154} INFO - Started process (PID=364) to work on /home/airflow/.local/lib/python3.7/site-packages/airflow/example_dags/example_latest_only_with_trigger.py
[2025-07-20T06:03:10.645+0000] {processor.py:756} INFO - Processing file /home/airflow/.local/lib/python3.7/site-packages/airflow/example_dags/example_latest_only_with_trigger.py for tasks to queue
[2025-07-20T06:03:10.652+0000] {logging_mixin.py:120} INFO - [2025-07-20T06:03:10.651+0000] {dagbag.py:537} INFO - Filling up the DagBag from /home/airflow/.local/lib/python3.7/site-packages/airflow/example_dags/example_latest_only_with_trigger.py
[2025-07-20T06:03:10.701+0000] {processor.py:766} INFO - DAG(s) dict_keys(['latest_only_with_trigger']) retrieved from /home/airflow/.local/lib/python3.7/site-packages/airflow/example_dags/example_latest_only_with_trigger.py
[2025-07-20T06:03:10.847+0000] {logging_mixin.py:120} INFO - [2025-07-20T06:03:10.843+0000] {dag.py:2585} INFO - Sync 1 DAGs
[2025-07-20T06:03:10.934+0000] {logging_mixin.py:120} INFO - [2025-07-20T06:03:10.934+0000] {dag.py:3340} INFO - Setting next_dagrun for latest_only_with_trigger to 2025-07-20T02:03:10.934046+00:00, run_after=2025-07-20T06:03:10.934046+00:00
[2025-07-20T06:03:11.002+0000] {processor.py:176} INFO - Processing /home/airflow/.local/lib/python3.7/site-packages/airflow/example_dags/example_latest_only_with_trigger.py took 0.379 seconds
[2025-07-20T06:03:41.578+0000] {processor.py:154} INFO - Started process (PID=418) to work on /home/airflow/.local/lib/python3.7/site-packages/airflow/example_dags/example_latest_only_with_trigger.py
[2025-07-20T06:03:41.630+0000] {processor.py:756} INFO - Processing file /home/airflow/.local/lib/python3.7/site-packages/airflow/example_dags/example_latest_only_with_trigger.py for tasks to queue
[2025-07-20T06:03:41.647+0000] {logging_mixin.py:120} INFO - [2025-07-20T06:03:41.647+0000] {dagbag.py:537} INFO - Filling up the DagBag from /home/airflow/.local/lib/python3.7/site-packages/airflow/example_dags/example_latest_only_with_trigger.py
[2025-07-20T06:03:41.760+0000] {processor.py:766} INFO - DAG(s) dict_keys(['latest_only_with_trigger']) retrieved from /home/airflow/.local/lib/python3.7/site-packages/airflow/example_dags/example_latest_only_with_trigger.py
[2025-07-20T06:03:42.079+0000] {logging_mixin.py:120} INFO - [2025-07-20T06:03:42.078+0000] {dag.py:2585} INFO - Sync 1 DAGs
[2025-07-20T06:03:42.658+0000] {logging_mixin.py:120} INFO - [2025-07-20T06:03:42.657+0000] {dag.py:3340} INFO - Setting next_dagrun for latest_only_with_trigger to 2025-07-20T02:03:42.657189+00:00, run_after=2025-07-20T06:03:42.657189+00:00
[2025-07-20T06:03:44.607+0000] {processor.py:176} INFO - Processing /home/airflow/.local/lib/python3.7/site-packages/airflow/example_dags/example_latest_only_with_trigger.py took 3.056 seconds
[2025-07-20T06:04:14.958+0000] {processor.py:154} INFO - Started process (PID=471) to work on /home/airflow/.local/lib/python3.7/site-packages/airflow/example_dags/example_latest_only_with_trigger.py
[2025-07-20T06:04:14.961+0000] {processor.py:756} INFO - Processing file /home/airflow/.local/lib/python3.7/site-packages/airflow/example_dags/example_latest_only_with_trigger.py for tasks to queue
[2025-07-20T06:04:14.963+0000] {logging_mixin.py:120} INFO - [2025-07-20T06:04:14.963+0000] {dagbag.py:537} INFO - Filling up the DagBag from /home/airflow/.local/lib/python3.7/site-packages/airflow/example_dags/example_latest_only_with_trigger.py
[2025-07-20T06:04:15.029+0000] {processor.py:766} INFO - DAG(s) dict_keys(['latest_only_with_trigger']) retrieved from /home/airflow/.local/lib/python3.7/site-packages/airflow/example_dags/example_latest_only_with_trigger.py
[2025-07-20T06:04:15.176+0000] {logging_mixin.py:120} INFO - [2025-07-20T06:04:15.176+0000] {dag.py:2585} INFO - Sync 1 DAGs
[2025-07-20T06:04:15.238+0000] {logging_mixin.py:120} INFO - [2025-07-20T06:04:15.238+0000] {dag.py:3340} INFO - Setting next_dagrun for latest_only_with_trigger to 2025-07-20T02:04:15.237967+00:00, run_after=2025-07-20T06:04:15.237967+00:00
[2025-07-20T06:04:15.293+0000] {processor.py:176} INFO - Processing /home/airflow/.local/lib/python3.7/site-packages/airflow/example_dags/example_latest_only_with_trigger.py took 0.343 seconds
[2025-07-20T06:04:45.414+0000] {processor.py:154} INFO - Started process (PID=536) to work on /home/airflow/.local/lib/python3.7/site-packages/airflow/example_dags/example_latest_only_with_trigger.py
[2025-07-20T06:04:45.416+0000] {processor.py:756} INFO - Processing file /home/airflow/.local/lib/python3.7/site-packages/airflow/example_dags/example_latest_only_with_trigger.py for tasks to queue
[2025-07-20T06:04:45.417+0000] {logging_mixin.py:120} INFO - [2025-07-20T06:04:45.417+0000] {dagbag.py:537} INFO - Filling up the DagBag from /home/airflow/.local/lib/python3.7/site-packages/airflow/example_dags/example_latest_only_with_trigger.py
[2025-07-20T06:04:45.442+0000] {processor.py:766} INFO - DAG(s) dict_keys(['latest_only_with_trigger']) retrieved from /home/airflow/.local/lib/python3.7/site-packages/airflow/example_dags/example_latest_only_with_trigger.py
[2025-07-20T06:04:45.519+0000] {logging_mixin.py:120} INFO - [2025-07-20T06:04:45.519+0000] {dag.py:2585} INFO - Sync 1 DAGs
[2025-07-20T06:04:45.570+0000] {logging_mixin.py:120} INFO - [2025-07-20T06:04:45.570+0000] {dag.py:3340} INFO - Setting next_dagrun for latest_only_with_trigger to 2025-07-20T02:04:45.570189+00:00, run_after=2025-07-20T06:04:45.570189+00:00
[2025-07-20T06:04:45.616+0000] {processor.py:176} INFO - Processing /home/airflow/.local/lib/python3.7/site-packages/airflow/example_dags/example_latest_only_with_trigger.py took 0.207 seconds
[2025-07-20T06:05:15.856+0000] {processor.py:154} INFO - Started process (PID=590) to work on /home/airflow/.local/lib/python3.7/site-packages/airflow/example_dags/example_latest_only_with_trigger.py
[2025-07-20T06:05:15.860+0000] {processor.py:756} INFO - Processing file /home/airflow/.local/lib/python3.7/site-packages/airflow/example_dags/example_latest_only_with_trigger.py for tasks to queue
[2025-07-20T06:05:15.870+0000] {logging_mixin.py:120} INFO - [2025-07-20T06:05:15.870+0000] {dagbag.py:537} INFO - Filling up the DagBag from /home/airflow/.local/lib/python3.7/site-packages/airflow/example_dags/example_latest_only_with_trigger.py
[2025-07-20T06:05:15.933+0000] {processor.py:766} INFO - DAG(s) dict_keys(['latest_only_with_trigger']) retrieved from /home/airflow/.local/lib/python3.7/site-packages/airflow/example_dags/example_latest_only_with_trigger.py
[2025-07-20T06:05:16.053+0000] {logging_mixin.py:120} INFO - [2025-07-20T06:05:16.052+0000] {dag.py:2585} INFO - Sync 1 DAGs
[2025-07-20T06:05:16.171+0000] {logging_mixin.py:120} INFO - [2025-07-20T06:05:16.171+0000] {dag.py:3340} INFO - Setting next_dagrun for latest_only_with_trigger to 2025-07-20T02:05:16.170891+00:00, run_after=2025-07-20T06:05:16.170891+00:00
[2025-07-20T06:05:16.244+0000] {processor.py:176} INFO - Processing /home/airflow/.local/lib/python3.7/site-packages/airflow/example_dags/example_latest_only_with_trigger.py took 0.395 seconds
[2025-07-20T06:05:46.490+0000] {processor.py:154} INFO - Started process (PID=653) to work on /home/airflow/.local/lib/python3.7/site-packages/airflow/example_dags/example_latest_only_with_trigger.py
[2025-07-20T06:05:46.492+0000] {processor.py:756} INFO - Processing file /home/airflow/.local/lib/python3.7/site-packages/airflow/example_dags/example_latest_only_with_trigger.py for tasks to queue
[2025-07-20T06:05:46.494+0000] {logging_mixin.py:120} INFO - [2025-07-20T06:05:46.493+0000] {dagbag.py:537} INFO - Filling up the DagBag from /home/airflow/.local/lib/python3.7/site-packages/airflow/example_dags/example_latest_only_with_trigger.py
[2025-07-20T06:05:46.525+0000] {processor.py:766} INFO - DAG(s) dict_keys(['latest_only_with_trigger']) retrieved from /home/airflow/.local/lib/python3.7/site-packages/airflow/example_dags/example_latest_only_with_trigger.py
[2025-07-20T06:05:46.671+0000] {logging_mixin.py:120} INFO - [2025-07-20T06:05:46.670+0000] {dag.py:2585} INFO - Sync 1 DAGs
[2025-07-20T06:05:46.740+0000] {logging_mixin.py:120} INFO - [2025-07-20T06:05:46.740+0000] {dag.py:3340} INFO - Setting next_dagrun for latest_only_with_trigger to 2025-07-20T02:05:46.739761+00:00, run_after=2025-07-20T06:05:46.739761+00:00
[2025-07-20T06:05:46.785+0000] {processor.py:176} INFO - Processing /home/airflow/.local/lib/python3.7/site-packages/airflow/example_dags/example_latest_only_with_trigger.py took 0.302 seconds
[2025-07-20T06:06:17.519+0000] {processor.py:154} INFO - Started process (PID=707) to work on /home/airflow/.local/lib/python3.7/site-packages/airflow/example_dags/example_latest_only_with_trigger.py
[2025-07-20T06:06:17.521+0000] {processor.py:756} INFO - Processing file /home/airflow/.local/lib/python3.7/site-packages/airflow/example_dags/example_latest_only_with_trigger.py for tasks to queue
[2025-07-20T06:06:17.523+0000] {logging_mixin.py:120} INFO - [2025-07-20T06:06:17.523+0000] {dagbag.py:537} INFO - Filling up the DagBag from /home/airflow/.local/lib/python3.7/site-packages/airflow/example_dags/example_latest_only_with_trigger.py
[2025-07-20T06:06:17.553+0000] {processor.py:766} INFO - DAG(s) dict_keys(['latest_only_with_trigger']) retrieved from /home/airflow/.local/lib/python3.7/site-packages/airflow/example_dags/example_latest_only_with_trigger.py
[2025-07-20T06:06:17.624+0000] {logging_mixin.py:120} INFO - [2025-07-20T06:06:17.624+0000] {dag.py:2585} INFO - Sync 1 DAGs
[2025-07-20T06:06:17.668+0000] {logging_mixin.py:120} INFO - [2025-07-20T06:06:17.668+0000] {dag.py:3340} INFO - Setting next_dagrun for latest_only_with_trigger to 2025-07-20T02:06:17.668105+00:00, run_after=2025-07-20T06:06:17.668105+00:00
[2025-07-20T06:06:17.706+0000] {processor.py:176} INFO - Processing /home/airflow/.local/lib/python3.7/site-packages/airflow/example_dags/example_latest_only_with_trigger.py took 0.192 seconds
[2025-07-20T06:06:47.969+0000] {processor.py:154} INFO - Started process (PID=770) to work on /home/airflow/.local/lib/python3.7/site-packages/airflow/example_dags/example_latest_only_with_trigger.py
[2025-07-20T06:06:47.971+0000] {processor.py:756} INFO - Processing file /home/airflow/.local/lib/python3.7/site-packages/airflow/example_dags/example_latest_only_with_trigger.py for tasks to queue
[2025-07-20T06:06:47.973+0000] {logging_mixin.py:120} INFO - [2025-07-20T06:06:47.973+0000] {dagbag.py:537} INFO - Filling up the DagBag from /home/airflow/.local/lib/python3.7/site-packages/airflow/example_dags/example_latest_only_with_trigger.py
[2025-07-20T06:06:48.009+0000] {processor.py:766} INFO - DAG(s) dict_keys(['latest_only_with_trigger']) retrieved from /home/airflow/.local/lib/python3.7/site-packages/airflow/example_dags/example_latest_only_with_trigger.py
[2025-07-20T06:06:48.108+0000] {logging_mixin.py:120} INFO - [2025-07-20T06:06:48.108+0000] {dag.py:2585} INFO - Sync 1 DAGs
[2025-07-20T06:06:48.175+0000] {logging_mixin.py:120} INFO - [2025-07-20T06:06:48.175+0000] {dag.py:3340} INFO - Setting next_dagrun for latest_only_with_trigger to 2025-07-20T02:06:48.174562+00:00, run_after=2025-07-20T06:06:48.174562+00:00
[2025-07-20T06:06:48.230+0000] {processor.py:176} INFO - Processing /home/airflow/.local/lib/python3.7/site-packages/airflow/example_dags/example_latest_only_with_trigger.py took 0.267 seconds
[2025-07-20T06:07:18.610+0000] {processor.py:154} INFO - Started process (PID=829) to work on /home/airflow/.local/lib/python3.7/site-packages/airflow/example_dags/example_latest_only_with_trigger.py
[2025-07-20T06:07:18.612+0000] {processor.py:756} INFO - Processing file /home/airflow/.local/lib/python3.7/site-packages/airflow/example_dags/example_latest_only_with_trigger.py for tasks to queue
[2025-07-20T06:07:18.622+0000] {logging_mixin.py:120} INFO - [2025-07-20T06:07:18.621+0000] {dagbag.py:537} INFO - Filling up the DagBag from /home/airflow/.local/lib/python3.7/site-packages/airflow/example_dags/example_latest_only_with_trigger.py
[2025-07-20T06:07:18.675+0000] {processor.py:766} INFO - DAG(s) dict_keys(['latest_only_with_trigger']) retrieved from /home/airflow/.local/lib/python3.7/site-packages/airflow/example_dags/example_latest_only_with_trigger.py
[2025-07-20T06:07:18.759+0000] {logging_mixin.py:120} INFO - [2025-07-20T06:07:18.759+0000] {dag.py:2585} INFO - Sync 1 DAGs
[2025-07-20T06:07:18.813+0000] {logging_mixin.py:120} INFO - [2025-07-20T06:07:18.813+0000] {dag.py:3340} INFO - Setting next_dagrun for latest_only_with_trigger to 2025-07-20T02:07:18.813075+00:00, run_after=2025-07-20T06:07:18.813075+00:00
[2025-07-20T06:07:18.916+0000] {processor.py:176} INFO - Processing /home/airflow/.local/lib/python3.7/site-packages/airflow/example_dags/example_latest_only_with_trigger.py took 0.321 seconds
[2025-07-20T06:07:49.353+0000] {processor.py:154} INFO - Started process (PID=885) to work on /home/airflow/.local/lib/python3.7/site-packages/airflow/example_dags/example_latest_only_with_trigger.py
[2025-07-20T06:07:49.356+0000] {processor.py:756} INFO - Processing file /home/airflow/.local/lib/python3.7/site-packages/airflow/example_dags/example_latest_only_with_trigger.py for tasks to queue
[2025-07-20T06:07:49.357+0000] {logging_mixin.py:120} INFO - [2025-07-20T06:07:49.357+0000] {dagbag.py:537} INFO - Filling up the DagBag from /home/airflow/.local/lib/python3.7/site-packages/airflow/example_dags/example_latest_only_with_trigger.py
[2025-07-20T06:07:49.391+0000] {processor.py:766} INFO - DAG(s) dict_keys(['latest_only_with_trigger']) retrieved from /home/airflow/.local/lib/python3.7/site-packages/airflow/example_dags/example_latest_only_with_trigger.py
[2025-07-20T06:07:49.474+0000] {logging_mixin.py:120} INFO - [2025-07-20T06:07:49.474+0000] {dag.py:2585} INFO - Sync 1 DAGs
[2025-07-20T06:07:49.525+0000] {logging_mixin.py:120} INFO - [2025-07-20T06:07:49.525+0000] {dag.py:3340} INFO - Setting next_dagrun for latest_only_with_trigger to 2025-07-20T02:07:49.524641+00:00, run_after=2025-07-20T06:07:49.524641+00:00
[2025-07-20T06:07:49.572+0000] {processor.py:176} INFO - Processing /home/airflow/.local/lib/python3.7/site-packages/airflow/example_dags/example_latest_only_with_trigger.py took 0.226 seconds
[2025-07-20T06:08:20.037+0000] {processor.py:154} INFO - Started process (PID=939) to work on /home/airflow/.local/lib/python3.7/site-packages/airflow/example_dags/example_latest_only_with_trigger.py
[2025-07-20T06:08:20.039+0000] {processor.py:756} INFO - Processing file /home/airflow/.local/lib/python3.7/site-packages/airflow/example_dags/example_latest_only_with_trigger.py for tasks to queue
[2025-07-20T06:08:20.040+0000] {logging_mixin.py:120} INFO - [2025-07-20T06:08:20.040+0000] {dagbag.py:537} INFO - Filling up the DagBag from /home/airflow/.local/lib/python3.7/site-packages/airflow/example_dags/example_latest_only_with_trigger.py
[2025-07-20T06:08:20.061+0000] {processor.py:766} INFO - DAG(s) dict_keys(['latest_only_with_trigger']) retrieved from /home/airflow/.local/lib/python3.7/site-packages/airflow/example_dags/example_latest_only_with_trigger.py
[2025-07-20T06:08:20.130+0000] {logging_mixin.py:120} INFO - [2025-07-20T06:08:20.130+0000] {dag.py:2585} INFO - Sync 1 DAGs
[2025-07-20T06:08:20.182+0000] {logging_mixin.py:120} INFO - [2025-07-20T06:08:20.182+0000] {dag.py:3340} INFO - Setting next_dagrun for latest_only_with_trigger to 2025-07-20T02:08:20.181579+00:00, run_after=2025-07-20T06:08:20.181579+00:00
[2025-07-20T06:08:20.220+0000] {processor.py:176} INFO - Processing /home/airflow/.local/lib/python3.7/site-packages/airflow/example_dags/example_latest_only_with_trigger.py took 0.189 seconds
[2025-07-20T06:08:50.827+0000] {processor.py:154} INFO - Started process (PID=993) to work on /home/airflow/.local/lib/python3.7/site-packages/airflow/example_dags/example_latest_only_with_trigger.py
[2025-07-20T06:08:50.829+0000] {processor.py:756} INFO - Processing file /home/airflow/.local/lib/python3.7/site-packages/airflow/example_dags/example_latest_only_with_trigger.py for tasks to queue
[2025-07-20T06:08:50.831+0000] {logging_mixin.py:120} INFO - [2025-07-20T06:08:50.831+0000] {dagbag.py:537} INFO - Filling up the DagBag from /home/airflow/.local/lib/python3.7/site-packages/airflow/example_dags/example_latest_only_with_trigger.py
[2025-07-20T06:08:50.859+0000] {processor.py:766} INFO - DAG(s) dict_keys(['latest_only_with_trigger']) retrieved from /home/airflow/.local/lib/python3.7/site-packages/airflow/example_dags/example_latest_only_with_trigger.py
[2025-07-20T06:08:50.940+0000] {logging_mixin.py:120} INFO - [2025-07-20T06:08:50.940+0000] {dag.py:2585} INFO - Sync 1 DAGs
[2025-07-20T06:08:50.990+0000] {logging_mixin.py:120} INFO - [2025-07-20T06:08:50.989+0000] {dag.py:3340} INFO - Setting next_dagrun for latest_only_with_trigger to 2025-07-20T02:08:50.989507+00:00, run_after=2025-07-20T06:08:50.989507+00:00
[2025-07-20T06:08:51.031+0000] {processor.py:176} INFO - Processing /home/airflow/.local/lib/python3.7/site-packages/airflow/example_dags/example_latest_only_with_trigger.py took 0.210 seconds
[2025-07-20T06:09:21.835+0000] {processor.py:154} INFO - Started process (PID=1046) to work on /home/airflow/.local/lib/python3.7/site-packages/airflow/example_dags/example_latest_only_with_trigger.py
[2025-07-20T06:09:21.847+0000] {processor.py:756} INFO - Processing file /home/airflow/.local/lib/python3.7/site-packages/airflow/example_dags/example_latest_only_with_trigger.py for tasks to queue
[2025-07-20T06:09:21.849+0000] {logging_mixin.py:120} INFO - [2025-07-20T06:09:21.849+0000] {dagbag.py:537} INFO - Filling up the DagBag from /home/airflow/.local/lib/python3.7/site-packages/airflow/example_dags/example_latest_only_with_trigger.py
[2025-07-20T06:09:21.905+0000] {processor.py:766} INFO - DAG(s) dict_keys(['latest_only_with_trigger']) retrieved from /home/airflow/.local/lib/python3.7/site-packages/airflow/example_dags/example_latest_only_with_trigger.py
[2025-07-20T06:09:22.049+0000] {logging_mixin.py:120} INFO - [2025-07-20T06:09:22.049+0000] {dag.py:2585} INFO - Sync 1 DAGs
[2025-07-20T06:09:22.124+0000] {logging_mixin.py:120} INFO - [2025-07-20T06:09:22.123+0000] {dag.py:3340} INFO - Setting next_dagrun for latest_only_with_trigger to 2025-07-20T02:09:22.123474+00:00, run_after=2025-07-20T06:09:22.123474+00:00
[2025-07-20T06:09:22.226+0000] {processor.py:176} INFO - Processing /home/airflow/.local/lib/python3.7/site-packages/airflow/example_dags/example_latest_only_with_trigger.py took 0.405 seconds
[2025-07-20T06:09:52.546+0000] {processor.py:154} INFO - Started process (PID=1107) to work on /home/airflow/.local/lib/python3.7/site-packages/airflow/example_dags/example_latest_only_with_trigger.py
[2025-07-20T06:09:52.548+0000] {processor.py:756} INFO - Processing file /home/airflow/.local/lib/python3.7/site-packages/airflow/example_dags/example_latest_only_with_trigger.py for tasks to queue
[2025-07-20T06:09:52.550+0000] {logging_mixin.py:120} INFO - [2025-07-20T06:09:52.550+0000] {dagbag.py:537} INFO - Filling up the DagBag from /home/airflow/.local/lib/python3.7/site-packages/airflow/example_dags/example_latest_only_with_trigger.py
[2025-07-20T06:09:52.615+0000] {processor.py:766} INFO - DAG(s) dict_keys(['latest_only_with_trigger']) retrieved from /home/airflow/.local/lib/python3.7/site-packages/airflow/example_dags/example_latest_only_with_trigger.py
[2025-07-20T06:09:52.876+0000] {logging_mixin.py:120} INFO - [2025-07-20T06:09:52.876+0000] {dag.py:2585} INFO - Sync 1 DAGs
[2025-07-20T06:09:53.052+0000] {logging_mixin.py:120} INFO - [2025-07-20T06:09:53.052+0000] {dag.py:3340} INFO - Setting next_dagrun for latest_only_with_trigger to 2025-07-20T02:09:53.051994+00:00, run_after=2025-07-20T06:09:53.051994+00:00
[2025-07-20T06:09:53.214+0000] {processor.py:176} INFO - Processing /home/airflow/.local/lib/python3.7/site-packages/airflow/example_dags/example_latest_only_with_trigger.py took 0.685 seconds
[2025-07-20T06:10:23.616+0000] {processor.py:154} INFO - Started process (PID=1161) to work on /home/airflow/.local/lib/python3.7/site-packages/airflow/example_dags/example_latest_only_with_trigger.py
[2025-07-20T06:10:23.634+0000] {processor.py:756} INFO - Processing file /home/airflow/.local/lib/python3.7/site-packages/airflow/example_dags/example_latest_only_with_trigger.py for tasks to queue
[2025-07-20T06:10:23.649+0000] {logging_mixin.py:120} INFO - [2025-07-20T06:10:23.649+0000] {dagbag.py:537} INFO - Filling up the DagBag from /home/airflow/.local/lib/python3.7/site-packages/airflow/example_dags/example_latest_only_with_trigger.py
[2025-07-20T06:10:23.735+0000] {processor.py:766} INFO - DAG(s) dict_keys(['latest_only_with_trigger']) retrieved from /home/airflow/.local/lib/python3.7/site-packages/airflow/example_dags/example_latest_only_with_trigger.py
[2025-07-20T06:10:24.110+0000] {logging_mixin.py:120} INFO - [2025-07-20T06:10:24.109+0000] {dag.py:2585} INFO - Sync 1 DAGs
[2025-07-20T06:10:24.270+0000] {logging_mixin.py:120} INFO - [2025-07-20T06:10:24.270+0000] {dag.py:3340} INFO - Setting next_dagrun for latest_only_with_trigger to 2025-07-20T02:10:24.269877+00:00, run_after=2025-07-20T06:10:24.269877+00:00
[2025-07-20T06:10:24.399+0000] {processor.py:176} INFO - Processing /home/airflow/.local/lib/python3.7/site-packages/airflow/example_dags/example_latest_only_with_trigger.py took 0.803 seconds
[2025-07-20T06:10:55.147+0000] {processor.py:154} INFO - Started process (PID=1215) to work on /home/airflow/.local/lib/python3.7/site-packages/airflow/example_dags/example_latest_only_with_trigger.py
[2025-07-20T06:10:55.149+0000] {processor.py:756} INFO - Processing file /home/airflow/.local/lib/python3.7/site-packages/airflow/example_dags/example_latest_only_with_trigger.py for tasks to queue
[2025-07-20T06:10:55.150+0000] {logging_mixin.py:120} INFO - [2025-07-20T06:10:55.150+0000] {dagbag.py:537} INFO - Filling up the DagBag from /home/airflow/.local/lib/python3.7/site-packages/airflow/example_dags/example_latest_only_with_trigger.py
[2025-07-20T06:10:55.173+0000] {processor.py:766} INFO - DAG(s) dict_keys(['latest_only_with_trigger']) retrieved from /home/airflow/.local/lib/python3.7/site-packages/airflow/example_dags/example_latest_only_with_trigger.py
[2025-07-20T06:10:55.249+0000] {logging_mixin.py:120} INFO - [2025-07-20T06:10:55.248+0000] {dag.py:2585} INFO - Sync 1 DAGs
[2025-07-20T06:10:55.325+0000] {logging_mixin.py:120} INFO - [2025-07-20T06:10:55.325+0000] {dag.py:3340} INFO - Setting next_dagrun for latest_only_with_trigger to 2025-07-20T02:10:55.324157+00:00, run_after=2025-07-20T06:10:55.324157+00:00
[2025-07-20T06:10:55.402+0000] {processor.py:176} INFO - Processing /home/airflow/.local/lib/python3.7/site-packages/airflow/example_dags/example_latest_only_with_trigger.py took 0.260 seconds
[2025-07-20T06:11:26.229+0000] {processor.py:154} INFO - Started process (PID=1269) to work on /home/airflow/.local/lib/python3.7/site-packages/airflow/example_dags/example_latest_only_with_trigger.py
[2025-07-20T06:11:26.231+0000] {processor.py:756} INFO - Processing file /home/airflow/.local/lib/python3.7/site-packages/airflow/example_dags/example_latest_only_with_trigger.py for tasks to queue
[2025-07-20T06:11:26.232+0000] {logging_mixin.py:120} INFO - [2025-07-20T06:11:26.232+0000] {dagbag.py:537} INFO - Filling up the DagBag from /home/airflow/.local/lib/python3.7/site-packages/airflow/example_dags/example_latest_only_with_trigger.py
[2025-07-20T06:11:26.254+0000] {processor.py:766} INFO - DAG(s) dict_keys(['latest_only_with_trigger']) retrieved from /home/airflow/.local/lib/python3.7/site-packages/airflow/example_dags/example_latest_only_with_trigger.py
[2025-07-20T06:11:26.328+0000] {logging_mixin.py:120} INFO - [2025-07-20T06:11:26.327+0000] {dag.py:2585} INFO - Sync 1 DAGs
[2025-07-20T06:11:26.372+0000] {logging_mixin.py:120} INFO - [2025-07-20T06:11:26.372+0000] {dag.py:3340} INFO - Setting next_dagrun for latest_only_with_trigger to 2025-07-20T02:11:26.372173+00:00, run_after=2025-07-20T06:11:26.372173+00:00
[2025-07-20T06:11:26.410+0000] {processor.py:176} INFO - Processing /home/airflow/.local/lib/python3.7/site-packages/airflow/example_dags/example_latest_only_with_trigger.py took 0.185 seconds
[2025-07-20T06:11:56.578+0000] {processor.py:154} INFO - Started process (PID=1332) to work on /home/airflow/.local/lib/python3.7/site-packages/airflow/example_dags/example_latest_only_with_trigger.py
[2025-07-20T06:11:56.580+0000] {processor.py:756} INFO - Processing file /home/airflow/.local/lib/python3.7/site-packages/airflow/example_dags/example_latest_only_with_trigger.py for tasks to queue
[2025-07-20T06:11:56.582+0000] {logging_mixin.py:120} INFO - [2025-07-20T06:11:56.582+0000] {dagbag.py:537} INFO - Filling up the DagBag from /home/airflow/.local/lib/python3.7/site-packages/airflow/example_dags/example_latest_only_with_trigger.py
[2025-07-20T06:11:56.612+0000] {processor.py:766} INFO - DAG(s) dict_keys(['latest_only_with_trigger']) retrieved from /home/airflow/.local/lib/python3.7/site-packages/airflow/example_dags/example_latest_only_with_trigger.py
[2025-07-20T06:11:56.713+0000] {logging_mixin.py:120} INFO - [2025-07-20T06:11:56.713+0000] {dag.py:2585} INFO - Sync 1 DAGs
[2025-07-20T06:11:56.778+0000] {logging_mixin.py:120} INFO - [2025-07-20T06:11:56.777+0000] {dag.py:3340} INFO - Setting next_dagrun for latest_only_with_trigger to 2025-07-20T02:11:56.776964+00:00, run_after=2025-07-20T06:11:56.776964+00:00
[2025-07-20T06:11:56.856+0000] {processor.py:176} INFO - Processing /home/airflow/.local/lib/python3.7/site-packages/airflow/example_dags/example_latest_only_with_trigger.py took 0.285 seconds
[2025-07-20T06:12:27.527+0000] {processor.py:154} INFO - Started process (PID=1385) to work on /home/airflow/.local/lib/python3.7/site-packages/airflow/example_dags/example_latest_only_with_trigger.py
[2025-07-20T06:12:27.538+0000] {processor.py:756} INFO - Processing file /home/airflow/.local/lib/python3.7/site-packages/airflow/example_dags/example_latest_only_with_trigger.py for tasks to queue
[2025-07-20T06:12:27.540+0000] {logging_mixin.py:120} INFO - [2025-07-20T06:12:27.540+0000] {dagbag.py:537} INFO - Filling up the DagBag from /home/airflow/.local/lib/python3.7/site-packages/airflow/example_dags/example_latest_only_with_trigger.py
[2025-07-20T06:12:27.564+0000] {processor.py:766} INFO - DAG(s) dict_keys(['latest_only_with_trigger']) retrieved from /home/airflow/.local/lib/python3.7/site-packages/airflow/example_dags/example_latest_only_with_trigger.py
[2025-07-20T06:12:27.662+0000] {logging_mixin.py:120} INFO - [2025-07-20T06:12:27.662+0000] {dag.py:2585} INFO - Sync 1 DAGs
[2025-07-20T06:12:27.717+0000] {logging_mixin.py:120} INFO - [2025-07-20T06:12:27.717+0000] {dag.py:3340} INFO - Setting next_dagrun for latest_only_with_trigger to 2025-07-20T02:12:27.717027+00:00, run_after=2025-07-20T06:12:27.717027+00:00
[2025-07-20T06:12:27.842+0000] {processor.py:176} INFO - Processing /home/airflow/.local/lib/python3.7/site-packages/airflow/example_dags/example_latest_only_with_trigger.py took 0.322 seconds
[2025-07-20T06:12:58.142+0000] {processor.py:154} INFO - Started process (PID=1446) to work on /home/airflow/.local/lib/python3.7/site-packages/airflow/example_dags/example_latest_only_with_trigger.py
[2025-07-20T06:12:58.144+0000] {processor.py:756} INFO - Processing file /home/airflow/.local/lib/python3.7/site-packages/airflow/example_dags/example_latest_only_with_trigger.py for tasks to queue
[2025-07-20T06:12:58.146+0000] {logging_mixin.py:120} INFO - [2025-07-20T06:12:58.146+0000] {dagbag.py:537} INFO - Filling up the DagBag from /home/airflow/.local/lib/python3.7/site-packages/airflow/example_dags/example_latest_only_with_trigger.py
[2025-07-20T06:12:58.171+0000] {processor.py:766} INFO - DAG(s) dict_keys(['latest_only_with_trigger']) retrieved from /home/airflow/.local/lib/python3.7/site-packages/airflow/example_dags/example_latest_only_with_trigger.py
[2025-07-20T06:12:58.240+0000] {logging_mixin.py:120} INFO - [2025-07-20T06:12:58.239+0000] {dag.py:2585} INFO - Sync 1 DAGs
[2025-07-20T06:12:58.283+0000] {logging_mixin.py:120} INFO - [2025-07-20T06:12:58.283+0000] {dag.py:3340} INFO - Setting next_dagrun for latest_only_with_trigger to 2025-07-20T02:12:58.282554+00:00, run_after=2025-07-20T06:12:58.282554+00:00
[2025-07-20T06:12:58.323+0000] {processor.py:176} INFO - Processing /home/airflow/.local/lib/python3.7/site-packages/airflow/example_dags/example_latest_only_with_trigger.py took 0.187 seconds
[2025-07-20T06:13:28.734+0000] {processor.py:154} INFO - Started process (PID=1509) to work on /home/airflow/.local/lib/python3.7/site-packages/airflow/example_dags/example_latest_only_with_trigger.py
[2025-07-20T06:13:28.737+0000] {processor.py:756} INFO - Processing file /home/airflow/.local/lib/python3.7/site-packages/airflow/example_dags/example_latest_only_with_trigger.py for tasks to queue
[2025-07-20T06:13:28.739+0000] {logging_mixin.py:120} INFO - [2025-07-20T06:13:28.739+0000] {dagbag.py:537} INFO - Filling up the DagBag from /home/airflow/.local/lib/python3.7/site-packages/airflow/example_dags/example_latest_only_with_trigger.py
[2025-07-20T06:13:28.768+0000] {processor.py:766} INFO - DAG(s) dict_keys(['latest_only_with_trigger']) retrieved from /home/airflow/.local/lib/python3.7/site-packages/airflow/example_dags/example_latest_only_with_trigger.py
[2025-07-20T06:13:28.850+0000] {logging_mixin.py:120} INFO - [2025-07-20T06:13:28.849+0000] {dag.py:2585} INFO - Sync 1 DAGs
[2025-07-20T06:13:28.899+0000] {logging_mixin.py:120} INFO - [2025-07-20T06:13:28.899+0000] {dag.py:3340} INFO - Setting next_dagrun for latest_only_with_trigger to 2025-07-20T02:13:28.898871+00:00, run_after=2025-07-20T06:13:28.898871+00:00
[2025-07-20T06:13:28.945+0000] {processor.py:176} INFO - Processing /home/airflow/.local/lib/python3.7/site-packages/airflow/example_dags/example_latest_only_with_trigger.py took 0.223 seconds
[2025-07-20T06:13:59.435+0000] {processor.py:154} INFO - Started process (PID=1563) to work on /home/airflow/.local/lib/python3.7/site-packages/airflow/example_dags/example_latest_only_with_trigger.py
[2025-07-20T06:13:59.438+0000] {processor.py:756} INFO - Processing file /home/airflow/.local/lib/python3.7/site-packages/airflow/example_dags/example_latest_only_with_trigger.py for tasks to queue
[2025-07-20T06:13:59.442+0000] {logging_mixin.py:120} INFO - [2025-07-20T06:13:59.441+0000] {dagbag.py:537} INFO - Filling up the DagBag from /home/airflow/.local/lib/python3.7/site-packages/airflow/example_dags/example_latest_only_with_trigger.py
[2025-07-20T06:13:59.479+0000] {processor.py:766} INFO - DAG(s) dict_keys(['latest_only_with_trigger']) retrieved from /home/airflow/.local/lib/python3.7/site-packages/airflow/example_dags/example_latest_only_with_trigger.py
[2025-07-20T06:13:59.576+0000] {logging_mixin.py:120} INFO - [2025-07-20T06:13:59.575+0000] {dag.py:2585} INFO - Sync 1 DAGs
[2025-07-20T06:13:59.623+0000] {logging_mixin.py:120} INFO - [2025-07-20T06:13:59.623+0000] {dag.py:3340} INFO - Setting next_dagrun for latest_only_with_trigger to 2025-07-20T02:13:59.623109+00:00, run_after=2025-07-20T06:13:59.623109+00:00
[2025-07-20T06:13:59.664+0000] {processor.py:176} INFO - Processing /home/airflow/.local/lib/python3.7/site-packages/airflow/example_dags/example_latest_only_with_trigger.py took 0.237 seconds
[2025-07-20T06:14:30.355+0000] {processor.py:154} INFO - Started process (PID=1627) to work on /home/airflow/.local/lib/python3.7/site-packages/airflow/example_dags/example_latest_only_with_trigger.py
[2025-07-20T06:14:30.374+0000] {processor.py:756} INFO - Processing file /home/airflow/.local/lib/python3.7/site-packages/airflow/example_dags/example_latest_only_with_trigger.py for tasks to queue
[2025-07-20T06:14:30.380+0000] {logging_mixin.py:120} INFO - [2025-07-20T06:14:30.380+0000] {dagbag.py:537} INFO - Filling up the DagBag from /home/airflow/.local/lib/python3.7/site-packages/airflow/example_dags/example_latest_only_with_trigger.py
[2025-07-20T06:14:30.530+0000] {processor.py:766} INFO - DAG(s) dict_keys(['latest_only_with_trigger']) retrieved from /home/airflow/.local/lib/python3.7/site-packages/airflow/example_dags/example_latest_only_with_trigger.py
[2025-07-20T06:14:30.777+0000] {logging_mixin.py:120} INFO - [2025-07-20T06:14:30.776+0000] {dag.py:2585} INFO - Sync 1 DAGs
[2025-07-20T06:14:30.934+0000] {logging_mixin.py:120} INFO - [2025-07-20T06:14:30.933+0000] {dag.py:3340} INFO - Setting next_dagrun for latest_only_with_trigger to 2025-07-20T02:14:30.932159+00:00, run_after=2025-07-20T06:14:30.932159+00:00
[2025-07-20T06:14:31.107+0000] {processor.py:176} INFO - Processing /home/airflow/.local/lib/python3.7/site-packages/airflow/example_dags/example_latest_only_with_trigger.py took 0.759 seconds
[2025-07-20T06:15:01.403+0000] {processor.py:154} INFO - Started process (PID=1680) to work on /home/airflow/.local/lib/python3.7/site-packages/airflow/example_dags/example_latest_only_with_trigger.py
[2025-07-20T06:15:01.405+0000] {processor.py:756} INFO - Processing file /home/airflow/.local/lib/python3.7/site-packages/airflow/example_dags/example_latest_only_with_trigger.py for tasks to queue
[2025-07-20T06:15:01.407+0000] {logging_mixin.py:120} INFO - [2025-07-20T06:15:01.407+0000] {dagbag.py:537} INFO - Filling up the DagBag from /home/airflow/.local/lib/python3.7/site-packages/airflow/example_dags/example_latest_only_with_trigger.py
[2025-07-20T06:15:01.447+0000] {processor.py:766} INFO - DAG(s) dict_keys(['latest_only_with_trigger']) retrieved from /home/airflow/.local/lib/python3.7/site-packages/airflow/example_dags/example_latest_only_with_trigger.py
[2025-07-20T06:15:01.527+0000] {logging_mixin.py:120} INFO - [2025-07-20T06:15:01.527+0000] {dag.py:2585} INFO - Sync 1 DAGs
[2025-07-20T06:15:01.584+0000] {logging_mixin.py:120} INFO - [2025-07-20T06:15:01.583+0000] {dag.py:3340} INFO - Setting next_dagrun for latest_only_with_trigger to 2025-07-20T02:15:01.583323+00:00, run_after=2025-07-20T06:15:01.583323+00:00
[2025-07-20T06:15:01.618+0000] {processor.py:176} INFO - Processing /home/airflow/.local/lib/python3.7/site-packages/airflow/example_dags/example_latest_only_with_trigger.py took 0.221 seconds
