[2025-07-20T05:58:52.009+0000] {processor.py:154} INFO - Started process (PID=86) to work on /home/airflow/.local/lib/python3.7/site-packages/airflow/example_dags/example_branch_operator_decorator.py
[2025-07-20T05:58:52.031+0000] {processor.py:756} INFO - Processing file /home/airflow/.local/lib/python3.7/site-packages/airflow/example_dags/example_branch_operator_decorator.py for tasks to queue
[2025-07-20T05:58:52.046+0000] {logging_mixin.py:120} INFO - [2025-07-20T05:58:52.045+0000] {dagbag.py:537} INFO - Filling up the DagBag from /home/airflow/.local/lib/python3.7/site-packages/airflow/example_dags/example_branch_operator_decorator.py
[2025-07-20T05:58:53.106+0000] {processor.py:766} INFO - DAG(s) dict_keys(['example_branch_python_operator_decorator']) retrieved from /home/airflow/.local/lib/python3.7/site-packages/airflow/example_dags/example_branch_operator_decorator.py
[2025-07-20T05:58:55.919+0000] {logging_mixin.py:120} INFO - [2025-07-20T05:58:55.919+0000] {dag.py:2585} INFO - Sync 1 DAGs
[2025-07-20T05:58:57.761+0000] {logging_mixin.py:120} INFO - [2025-07-20T05:58:57.760+0000] {dag.py:3340} INFO - Setting next_dagrun for example_branch_python_operator_decorator to 2025-07-19T00:00:00+00:00, run_after=2025-07-20T00:00:00+00:00
[2025-07-20T05:58:59.710+0000] {processor.py:176} INFO - Processing /home/airflow/.local/lib/python3.7/site-packages/airflow/example_dags/example_branch_operator_decorator.py took 7.827 seconds
[2025-07-20T06:01:13.381+0000] {processor.py:154} INFO - Started process (PID=177) to work on /home/airflow/.local/lib/python3.7/site-packages/airflow/example_dags/example_branch_operator_decorator.py
[2025-07-20T06:01:13.463+0000] {processor.py:756} INFO - Processing file /home/airflow/.local/lib/python3.7/site-packages/airflow/example_dags/example_branch_operator_decorator.py for tasks to queue
[2025-07-20T06:01:13.480+0000] {logging_mixin.py:120} INFO - [2025-07-20T06:01:13.476+0000] {dagbag.py:537} INFO - Filling up the DagBag from /home/airflow/.local/lib/python3.7/site-packages/airflow/example_dags/example_branch_operator_decorator.py
[2025-07-20T06:01:13.854+0000] {processor.py:766} INFO - DAG(s) dict_keys(['example_branch_python_operator_decorator']) retrieved from /home/airflow/.local/lib/python3.7/site-packages/airflow/example_dags/example_branch_operator_decorator.py
[2025-07-20T06:01:14.480+0000] {logging_mixin.py:120} INFO - [2025-07-20T06:01:14.480+0000] {dag.py:2585} INFO - Sync 1 DAGs
[2025-07-20T06:01:14.718+0000] {logging_mixin.py:120} INFO - [2025-07-20T06:01:14.717+0000] {dag.py:3340} INFO - Setting next_dagrun for example_branch_python_operator_decorator to 2025-07-19T00:00:00+00:00, run_after=2025-07-20T00:00:00+00:00
[2025-07-20T06:01:15.149+0000] {processor.py:176} INFO - Processing /home/airflow/.local/lib/python3.7/site-packages/airflow/example_dags/example_branch_operator_decorator.py took 1.828 seconds
[2025-07-20T06:02:03.928+0000] {processor.py:154} INFO - Started process (PID=243) to work on /home/airflow/.local/lib/python3.7/site-packages/airflow/example_dags/example_branch_operator_decorator.py
[2025-07-20T06:02:03.948+0000] {processor.py:756} INFO - Processing file /home/airflow/.local/lib/python3.7/site-packages/airflow/example_dags/example_branch_operator_decorator.py for tasks to queue
[2025-07-20T06:02:03.965+0000] {logging_mixin.py:120} INFO - [2025-07-20T06:02:03.964+0000] {dagbag.py:537} INFO - Filling up the DagBag from /home/airflow/.local/lib/python3.7/site-packages/airflow/example_dags/example_branch_operator_decorator.py
[2025-07-20T06:02:04.221+0000] {processor.py:766} INFO - DAG(s) dict_keys(['example_branch_python_operator_decorator']) retrieved from /home/airflow/.local/lib/python3.7/site-packages/airflow/example_dags/example_branch_operator_decorator.py
[2025-07-20T06:02:04.583+0000] {logging_mixin.py:120} INFO - [2025-07-20T06:02:04.582+0000] {dag.py:2585} INFO - Sync 1 DAGs
[2025-07-20T06:02:05.245+0000] {logging_mixin.py:120} INFO - [2025-07-20T06:02:05.245+0000] {dag.py:3340} INFO - Setting next_dagrun for example_branch_python_operator_decorator to 2025-07-19T00:00:00+00:00, run_after=2025-07-20T00:00:00+00:00
[2025-07-20T06:02:05.518+0000] {processor.py:176} INFO - Processing /home/airflow/.local/lib/python3.7/site-packages/airflow/example_dags/example_branch_operator_decorator.py took 1.624 seconds
[2025-07-20T06:02:36.053+0000] {processor.py:154} INFO - Started process (PID=297) to work on /home/airflow/.local/lib/python3.7/site-packages/airflow/example_dags/example_branch_operator_decorator.py
[2025-07-20T06:02:36.055+0000] {processor.py:756} INFO - Processing file /home/airflow/.local/lib/python3.7/site-packages/airflow/example_dags/example_branch_operator_decorator.py for tasks to queue
[2025-07-20T06:02:36.057+0000] {logging_mixin.py:120} INFO - [2025-07-20T06:02:36.057+0000] {dagbag.py:537} INFO - Filling up the DagBag from /home/airflow/.local/lib/python3.7/site-packages/airflow/example_dags/example_branch_operator_decorator.py
[2025-07-20T06:02:36.269+0000] {processor.py:766} INFO - DAG(s) dict_keys(['example_branch_python_operator_decorator']) retrieved from /home/airflow/.local/lib/python3.7/site-packages/airflow/example_dags/example_branch_operator_decorator.py
[2025-07-20T06:02:36.669+0000] {logging_mixin.py:120} INFO - [2025-07-20T06:02:36.660+0000] {dag.py:2585} INFO - Sync 1 DAGs
[2025-07-20T06:02:36.893+0000] {logging_mixin.py:120} INFO - [2025-07-20T06:02:36.893+0000] {dag.py:3340} INFO - Setting next_dagrun for example_branch_python_operator_decorator to 2025-07-19T00:00:00+00:00, run_after=2025-07-20T00:00:00+00:00
[2025-07-20T06:02:37.133+0000] {processor.py:176} INFO - Processing /home/airflow/.local/lib/python3.7/site-packages/airflow/example_dags/example_branch_operator_decorator.py took 1.095 seconds
[2025-07-20T06:03:07.869+0000] {processor.py:154} INFO - Started process (PID=351) to work on /home/airflow/.local/lib/python3.7/site-packages/airflow/example_dags/example_branch_operator_decorator.py
[2025-07-20T06:03:07.872+0000] {processor.py:756} INFO - Processing file /home/airflow/.local/lib/python3.7/site-packages/airflow/example_dags/example_branch_operator_decorator.py for tasks to queue
[2025-07-20T06:03:07.874+0000] {logging_mixin.py:120} INFO - [2025-07-20T06:03:07.874+0000] {dagbag.py:537} INFO - Filling up the DagBag from /home/airflow/.local/lib/python3.7/site-packages/airflow/example_dags/example_branch_operator_decorator.py
[2025-07-20T06:03:07.957+0000] {processor.py:766} INFO - DAG(s) dict_keys(['example_branch_python_operator_decorator']) retrieved from /home/airflow/.local/lib/python3.7/site-packages/airflow/example_dags/example_branch_operator_decorator.py
[2025-07-20T06:03:08.152+0000] {logging_mixin.py:120} INFO - [2025-07-20T06:03:08.152+0000] {dag.py:2585} INFO - Sync 1 DAGs
[2025-07-20T06:03:08.357+0000] {logging_mixin.py:120} INFO - [2025-07-20T06:03:08.357+0000] {dag.py:3340} INFO - Setting next_dagrun for example_branch_python_operator_decorator to 2025-07-19T00:00:00+00:00, run_after=2025-07-20T00:00:00+00:00
[2025-07-20T06:03:08.443+0000] {processor.py:176} INFO - Processing /home/airflow/.local/lib/python3.7/site-packages/airflow/example_dags/example_branch_operator_decorator.py took 0.591 seconds
[2025-07-20T06:03:38.583+0000] {processor.py:154} INFO - Started process (PID=412) to work on /home/airflow/.local/lib/python3.7/site-packages/airflow/example_dags/example_branch_operator_decorator.py
[2025-07-20T06:03:38.590+0000] {processor.py:756} INFO - Processing file /home/airflow/.local/lib/python3.7/site-packages/airflow/example_dags/example_branch_operator_decorator.py for tasks to queue
[2025-07-20T06:03:38.596+0000] {logging_mixin.py:120} INFO - [2025-07-20T06:03:38.595+0000] {dagbag.py:537} INFO - Filling up the DagBag from /home/airflow/.local/lib/python3.7/site-packages/airflow/example_dags/example_branch_operator_decorator.py
[2025-07-20T06:03:38.685+0000] {processor.py:766} INFO - DAG(s) dict_keys(['example_branch_python_operator_decorator']) retrieved from /home/airflow/.local/lib/python3.7/site-packages/airflow/example_dags/example_branch_operator_decorator.py
[2025-07-20T06:03:38.995+0000] {logging_mixin.py:120} INFO - [2025-07-20T06:03:38.994+0000] {dag.py:2585} INFO - Sync 1 DAGs
[2025-07-20T06:03:39.201+0000] {logging_mixin.py:120} INFO - [2025-07-20T06:03:39.200+0000] {dag.py:3340} INFO - Setting next_dagrun for example_branch_python_operator_decorator to 2025-07-19T00:00:00+00:00, run_after=2025-07-20T00:00:00+00:00
[2025-07-20T06:03:39.360+0000] {processor.py:176} INFO - Processing /home/airflow/.local/lib/python3.7/site-packages/airflow/example_dags/example_branch_operator_decorator.py took 0.793 seconds
[2025-07-20T06:04:09.617+0000] {processor.py:154} INFO - Started process (PID=469) to work on /home/airflow/.local/lib/python3.7/site-packages/airflow/example_dags/example_branch_operator_decorator.py
[2025-07-20T06:04:09.621+0000] {processor.py:756} INFO - Processing file /home/airflow/.local/lib/python3.7/site-packages/airflow/example_dags/example_branch_operator_decorator.py for tasks to queue
[2025-07-20T06:04:09.623+0000] {logging_mixin.py:120} INFO - [2025-07-20T06:04:09.623+0000] {dagbag.py:537} INFO - Filling up the DagBag from /home/airflow/.local/lib/python3.7/site-packages/airflow/example_dags/example_branch_operator_decorator.py
[2025-07-20T06:04:09.682+0000] {processor.py:766} INFO - DAG(s) dict_keys(['example_branch_python_operator_decorator']) retrieved from /home/airflow/.local/lib/python3.7/site-packages/airflow/example_dags/example_branch_operator_decorator.py
[2025-07-20T06:04:09.760+0000] {logging_mixin.py:120} INFO - [2025-07-20T06:04:09.760+0000] {dag.py:2585} INFO - Sync 1 DAGs
[2025-07-20T06:04:09.810+0000] {logging_mixin.py:120} INFO - [2025-07-20T06:04:09.809+0000] {dag.py:3340} INFO - Setting next_dagrun for example_branch_python_operator_decorator to 2025-07-19T00:00:00+00:00, run_after=2025-07-20T00:00:00+00:00
[2025-07-20T06:04:09.845+0000] {processor.py:176} INFO - Processing /home/airflow/.local/lib/python3.7/site-packages/airflow/example_dags/example_branch_operator_decorator.py took 0.235 seconds
[2025-07-20T06:04:40.075+0000] {processor.py:154} INFO - Started process (PID=525) to work on /home/airflow/.local/lib/python3.7/site-packages/airflow/example_dags/example_branch_operator_decorator.py
[2025-07-20T06:04:40.079+0000] {processor.py:756} INFO - Processing file /home/airflow/.local/lib/python3.7/site-packages/airflow/example_dags/example_branch_operator_decorator.py for tasks to queue
[2025-07-20T06:04:40.081+0000] {logging_mixin.py:120} INFO - [2025-07-20T06:04:40.080+0000] {dagbag.py:537} INFO - Filling up the DagBag from /home/airflow/.local/lib/python3.7/site-packages/airflow/example_dags/example_branch_operator_decorator.py
[2025-07-20T06:04:40.120+0000] {processor.py:766} INFO - DAG(s) dict_keys(['example_branch_python_operator_decorator']) retrieved from /home/airflow/.local/lib/python3.7/site-packages/airflow/example_dags/example_branch_operator_decorator.py
[2025-07-20T06:04:40.180+0000] {logging_mixin.py:120} INFO - [2025-07-20T06:04:40.179+0000] {dag.py:2585} INFO - Sync 1 DAGs
[2025-07-20T06:04:40.213+0000] {logging_mixin.py:120} INFO - [2025-07-20T06:04:40.213+0000] {dag.py:3340} INFO - Setting next_dagrun for example_branch_python_operator_decorator to 2025-07-19T00:00:00+00:00, run_after=2025-07-20T00:00:00+00:00
[2025-07-20T06:04:40.254+0000] {processor.py:176} INFO - Processing /home/airflow/.local/lib/python3.7/site-packages/airflow/example_dags/example_branch_operator_decorator.py took 0.190 seconds
[2025-07-20T06:05:10.342+0000] {processor.py:154} INFO - Started process (PID=586) to work on /home/airflow/.local/lib/python3.7/site-packages/airflow/example_dags/example_branch_operator_decorator.py
[2025-07-20T06:05:10.345+0000] {processor.py:756} INFO - Processing file /home/airflow/.local/lib/python3.7/site-packages/airflow/example_dags/example_branch_operator_decorator.py for tasks to queue
[2025-07-20T06:05:10.347+0000] {logging_mixin.py:120} INFO - [2025-07-20T06:05:10.347+0000] {dagbag.py:537} INFO - Filling up the DagBag from /home/airflow/.local/lib/python3.7/site-packages/airflow/example_dags/example_branch_operator_decorator.py
[2025-07-20T06:05:10.385+0000] {processor.py:766} INFO - DAG(s) dict_keys(['example_branch_python_operator_decorator']) retrieved from /home/airflow/.local/lib/python3.7/site-packages/airflow/example_dags/example_branch_operator_decorator.py
[2025-07-20T06:05:10.454+0000] {logging_mixin.py:120} INFO - [2025-07-20T06:05:10.453+0000] {dag.py:2585} INFO - Sync 1 DAGs
[2025-07-20T06:05:10.495+0000] {logging_mixin.py:120} INFO - [2025-07-20T06:05:10.494+0000] {dag.py:3340} INFO - Setting next_dagrun for example_branch_python_operator_decorator to 2025-07-19T00:00:00+00:00, run_after=2025-07-20T00:00:00+00:00
[2025-07-20T06:05:10.534+0000] {processor.py:176} INFO - Processing /home/airflow/.local/lib/python3.7/site-packages/airflow/example_dags/example_branch_operator_decorator.py took 0.201 seconds
[2025-07-20T06:05:40.864+0000] {processor.py:154} INFO - Started process (PID=640) to work on /home/airflow/.local/lib/python3.7/site-packages/airflow/example_dags/example_branch_operator_decorator.py
[2025-07-20T06:05:40.867+0000] {processor.py:756} INFO - Processing file /home/airflow/.local/lib/python3.7/site-packages/airflow/example_dags/example_branch_operator_decorator.py for tasks to queue
[2025-07-20T06:05:40.869+0000] {logging_mixin.py:120} INFO - [2025-07-20T06:05:40.868+0000] {dagbag.py:537} INFO - Filling up the DagBag from /home/airflow/.local/lib/python3.7/site-packages/airflow/example_dags/example_branch_operator_decorator.py
[2025-07-20T06:05:40.920+0000] {processor.py:766} INFO - DAG(s) dict_keys(['example_branch_python_operator_decorator']) retrieved from /home/airflow/.local/lib/python3.7/site-packages/airflow/example_dags/example_branch_operator_decorator.py
[2025-07-20T06:05:41.015+0000] {logging_mixin.py:120} INFO - [2025-07-20T06:05:41.015+0000] {dag.py:2585} INFO - Sync 1 DAGs
[2025-07-20T06:05:41.069+0000] {logging_mixin.py:120} INFO - [2025-07-20T06:05:41.069+0000] {dag.py:3340} INFO - Setting next_dagrun for example_branch_python_operator_decorator to 2025-07-19T00:00:00+00:00, run_after=2025-07-20T00:00:00+00:00
[2025-07-20T06:05:41.108+0000] {processor.py:176} INFO - Processing /home/airflow/.local/lib/python3.7/site-packages/airflow/example_dags/example_branch_operator_decorator.py took 0.251 seconds
[2025-07-20T06:06:11.199+0000] {processor.py:154} INFO - Started process (PID=703) to work on /home/airflow/.local/lib/python3.7/site-packages/airflow/example_dags/example_branch_operator_decorator.py
[2025-07-20T06:06:11.201+0000] {processor.py:756} INFO - Processing file /home/airflow/.local/lib/python3.7/site-packages/airflow/example_dags/example_branch_operator_decorator.py for tasks to queue
[2025-07-20T06:06:11.202+0000] {logging_mixin.py:120} INFO - [2025-07-20T06:06:11.202+0000] {dagbag.py:537} INFO - Filling up the DagBag from /home/airflow/.local/lib/python3.7/site-packages/airflow/example_dags/example_branch_operator_decorator.py
[2025-07-20T06:06:11.240+0000] {processor.py:766} INFO - DAG(s) dict_keys(['example_branch_python_operator_decorator']) retrieved from /home/airflow/.local/lib/python3.7/site-packages/airflow/example_dags/example_branch_operator_decorator.py
[2025-07-20T06:06:11.312+0000] {logging_mixin.py:120} INFO - [2025-07-20T06:06:11.312+0000] {dag.py:2585} INFO - Sync 1 DAGs
[2025-07-20T06:06:11.355+0000] {logging_mixin.py:120} INFO - [2025-07-20T06:06:11.355+0000] {dag.py:3340} INFO - Setting next_dagrun for example_branch_python_operator_decorator to 2025-07-19T00:00:00+00:00, run_after=2025-07-20T00:00:00+00:00
[2025-07-20T06:06:11.393+0000] {processor.py:176} INFO - Processing /home/airflow/.local/lib/python3.7/site-packages/airflow/example_dags/example_branch_operator_decorator.py took 0.201 seconds
[2025-07-20T06:06:41.469+0000] {processor.py:154} INFO - Started process (PID=757) to work on /home/airflow/.local/lib/python3.7/site-packages/airflow/example_dags/example_branch_operator_decorator.py
[2025-07-20T06:06:41.471+0000] {processor.py:756} INFO - Processing file /home/airflow/.local/lib/python3.7/site-packages/airflow/example_dags/example_branch_operator_decorator.py for tasks to queue
[2025-07-20T06:06:41.473+0000] {logging_mixin.py:120} INFO - [2025-07-20T06:06:41.473+0000] {dagbag.py:537} INFO - Filling up the DagBag from /home/airflow/.local/lib/python3.7/site-packages/airflow/example_dags/example_branch_operator_decorator.py
[2025-07-20T06:06:41.585+0000] {processor.py:766} INFO - DAG(s) dict_keys(['example_branch_python_operator_decorator']) retrieved from /home/airflow/.local/lib/python3.7/site-packages/airflow/example_dags/example_branch_operator_decorator.py
[2025-07-20T06:06:41.708+0000] {logging_mixin.py:120} INFO - [2025-07-20T06:06:41.708+0000] {dag.py:2585} INFO - Sync 1 DAGs
[2025-07-20T06:06:41.782+0000] {logging_mixin.py:120} INFO - [2025-07-20T06:06:41.782+0000] {dag.py:3340} INFO - Setting next_dagrun for example_branch_python_operator_decorator to 2025-07-19T00:00:00+00:00, run_after=2025-07-20T00:00:00+00:00
[2025-07-20T06:06:41.840+0000] {processor.py:176} INFO - Processing /home/airflow/.local/lib/python3.7/site-packages/airflow/example_dags/example_branch_operator_decorator.py took 0.387 seconds
[2025-07-20T06:07:11.963+0000] {processor.py:154} INFO - Started process (PID=819) to work on /home/airflow/.local/lib/python3.7/site-packages/airflow/example_dags/example_branch_operator_decorator.py
[2025-07-20T06:07:11.965+0000] {processor.py:756} INFO - Processing file /home/airflow/.local/lib/python3.7/site-packages/airflow/example_dags/example_branch_operator_decorator.py for tasks to queue
[2025-07-20T06:07:11.967+0000] {logging_mixin.py:120} INFO - [2025-07-20T06:07:11.966+0000] {dagbag.py:537} INFO - Filling up the DagBag from /home/airflow/.local/lib/python3.7/site-packages/airflow/example_dags/example_branch_operator_decorator.py
[2025-07-20T06:07:12.010+0000] {processor.py:766} INFO - DAG(s) dict_keys(['example_branch_python_operator_decorator']) retrieved from /home/airflow/.local/lib/python3.7/site-packages/airflow/example_dags/example_branch_operator_decorator.py
[2025-07-20T06:07:12.076+0000] {logging_mixin.py:120} INFO - [2025-07-20T06:07:12.076+0000] {dag.py:2585} INFO - Sync 1 DAGs
[2025-07-20T06:07:12.115+0000] {logging_mixin.py:120} INFO - [2025-07-20T06:07:12.115+0000] {dag.py:3340} INFO - Setting next_dagrun for example_branch_python_operator_decorator to 2025-07-19T00:00:00+00:00, run_after=2025-07-20T00:00:00+00:00
[2025-07-20T06:07:12.162+0000] {processor.py:176} INFO - Processing /home/airflow/.local/lib/python3.7/site-packages/airflow/example_dags/example_branch_operator_decorator.py took 0.206 seconds
[2025-07-20T06:07:42.969+0000] {processor.py:154} INFO - Started process (PID=879) to work on /home/airflow/.local/lib/python3.7/site-packages/airflow/example_dags/example_branch_operator_decorator.py
[2025-07-20T06:07:42.970+0000] {processor.py:756} INFO - Processing file /home/airflow/.local/lib/python3.7/site-packages/airflow/example_dags/example_branch_operator_decorator.py for tasks to queue
[2025-07-20T06:07:42.972+0000] {logging_mixin.py:120} INFO - [2025-07-20T06:07:42.972+0000] {dagbag.py:537} INFO - Filling up the DagBag from /home/airflow/.local/lib/python3.7/site-packages/airflow/example_dags/example_branch_operator_decorator.py
[2025-07-20T06:07:43.025+0000] {processor.py:766} INFO - DAG(s) dict_keys(['example_branch_python_operator_decorator']) retrieved from /home/airflow/.local/lib/python3.7/site-packages/airflow/example_dags/example_branch_operator_decorator.py
[2025-07-20T06:07:43.117+0000] {logging_mixin.py:120} INFO - [2025-07-20T06:07:43.117+0000] {dag.py:2585} INFO - Sync 1 DAGs
[2025-07-20T06:07:43.172+0000] {logging_mixin.py:120} INFO - [2025-07-20T06:07:43.172+0000] {dag.py:3340} INFO - Setting next_dagrun for example_branch_python_operator_decorator to 2025-07-19T00:00:00+00:00, run_after=2025-07-20T00:00:00+00:00
[2025-07-20T06:07:43.248+0000] {processor.py:176} INFO - Processing /home/airflow/.local/lib/python3.7/site-packages/airflow/example_dags/example_branch_operator_decorator.py took 0.287 seconds
[2025-07-20T06:08:13.907+0000] {processor.py:154} INFO - Started process (PID=936) to work on /home/airflow/.local/lib/python3.7/site-packages/airflow/example_dags/example_branch_operator_decorator.py
[2025-07-20T06:08:13.918+0000] {processor.py:756} INFO - Processing file /home/airflow/.local/lib/python3.7/site-packages/airflow/example_dags/example_branch_operator_decorator.py for tasks to queue
[2025-07-20T06:08:13.926+0000] {logging_mixin.py:120} INFO - [2025-07-20T06:08:13.925+0000] {dagbag.py:537} INFO - Filling up the DagBag from /home/airflow/.local/lib/python3.7/site-packages/airflow/example_dags/example_branch_operator_decorator.py
[2025-07-20T06:08:14.215+0000] {processor.py:766} INFO - DAG(s) dict_keys(['example_branch_python_operator_decorator']) retrieved from /home/airflow/.local/lib/python3.7/site-packages/airflow/example_dags/example_branch_operator_decorator.py
[2025-07-20T06:08:14.592+0000] {logging_mixin.py:120} INFO - [2025-07-20T06:08:14.591+0000] {dag.py:2585} INFO - Sync 1 DAGs
[2025-07-20T06:08:14.714+0000] {logging_mixin.py:120} INFO - [2025-07-20T06:08:14.714+0000] {dag.py:3340} INFO - Setting next_dagrun for example_branch_python_operator_decorator to 2025-07-19T00:00:00+00:00, run_after=2025-07-20T00:00:00+00:00
[2025-07-20T06:08:14.791+0000] {processor.py:176} INFO - Processing /home/airflow/.local/lib/python3.7/site-packages/airflow/example_dags/example_branch_operator_decorator.py took 0.950 seconds
[2025-07-20T06:08:45.443+0000] {processor.py:154} INFO - Started process (PID=989) to work on /home/airflow/.local/lib/python3.7/site-packages/airflow/example_dags/example_branch_operator_decorator.py
[2025-07-20T06:08:45.445+0000] {processor.py:756} INFO - Processing file /home/airflow/.local/lib/python3.7/site-packages/airflow/example_dags/example_branch_operator_decorator.py for tasks to queue
[2025-07-20T06:08:45.447+0000] {logging_mixin.py:120} INFO - [2025-07-20T06:08:45.446+0000] {dagbag.py:537} INFO - Filling up the DagBag from /home/airflow/.local/lib/python3.7/site-packages/airflow/example_dags/example_branch_operator_decorator.py
[2025-07-20T06:08:45.496+0000] {processor.py:766} INFO - DAG(s) dict_keys(['example_branch_python_operator_decorator']) retrieved from /home/airflow/.local/lib/python3.7/site-packages/airflow/example_dags/example_branch_operator_decorator.py
[2025-07-20T06:08:45.594+0000] {logging_mixin.py:120} INFO - [2025-07-20T06:08:45.594+0000] {dag.py:2585} INFO - Sync 1 DAGs
[2025-07-20T06:08:45.658+0000] {logging_mixin.py:120} INFO - [2025-07-20T06:08:45.658+0000] {dag.py:3340} INFO - Setting next_dagrun for example_branch_python_operator_decorator to 2025-07-19T00:00:00+00:00, run_after=2025-07-20T00:00:00+00:00
[2025-07-20T06:08:45.713+0000] {processor.py:176} INFO - Processing /home/airflow/.local/lib/python3.7/site-packages/airflow/example_dags/example_branch_operator_decorator.py took 0.277 seconds
[2025-07-20T06:09:15.750+0000] {processor.py:154} INFO - Started process (PID=1043) to work on /home/airflow/.local/lib/python3.7/site-packages/airflow/example_dags/example_branch_operator_decorator.py
[2025-07-20T06:09:15.751+0000] {processor.py:756} INFO - Processing file /home/airflow/.local/lib/python3.7/site-packages/airflow/example_dags/example_branch_operator_decorator.py for tasks to queue
[2025-07-20T06:09:15.753+0000] {logging_mixin.py:120} INFO - [2025-07-20T06:09:15.752+0000] {dagbag.py:537} INFO - Filling up the DagBag from /home/airflow/.local/lib/python3.7/site-packages/airflow/example_dags/example_branch_operator_decorator.py
[2025-07-20T06:09:15.798+0000] {processor.py:766} INFO - DAG(s) dict_keys(['example_branch_python_operator_decorator']) retrieved from /home/airflow/.local/lib/python3.7/site-packages/airflow/example_dags/example_branch_operator_decorator.py
[2025-07-20T06:09:15.874+0000] {logging_mixin.py:120} INFO - [2025-07-20T06:09:15.874+0000] {dag.py:2585} INFO - Sync 1 DAGs
[2025-07-20T06:09:15.929+0000] {logging_mixin.py:120} INFO - [2025-07-20T06:09:15.929+0000] {dag.py:3340} INFO - Setting next_dagrun for example_branch_python_operator_decorator to 2025-07-19T00:00:00+00:00, run_after=2025-07-20T00:00:00+00:00
[2025-07-20T06:09:15.965+0000] {processor.py:176} INFO - Processing /home/airflow/.local/lib/python3.7/site-packages/airflow/example_dags/example_branch_operator_decorator.py took 0.220 seconds
[2025-07-20T06:09:46.324+0000] {processor.py:154} INFO - Started process (PID=1094) to work on /home/airflow/.local/lib/python3.7/site-packages/airflow/example_dags/example_branch_operator_decorator.py
[2025-07-20T06:09:46.335+0000] {processor.py:756} INFO - Processing file /home/airflow/.local/lib/python3.7/site-packages/airflow/example_dags/example_branch_operator_decorator.py for tasks to queue
[2025-07-20T06:09:46.338+0000] {logging_mixin.py:120} INFO - [2025-07-20T06:09:46.337+0000] {dagbag.py:537} INFO - Filling up the DagBag from /home/airflow/.local/lib/python3.7/site-packages/airflow/example_dags/example_branch_operator_decorator.py
[2025-07-20T06:09:46.425+0000] {processor.py:766} INFO - DAG(s) dict_keys(['example_branch_python_operator_decorator']) retrieved from /home/airflow/.local/lib/python3.7/site-packages/airflow/example_dags/example_branch_operator_decorator.py
[2025-07-20T06:09:46.561+0000] {logging_mixin.py:120} INFO - [2025-07-20T06:09:46.560+0000] {dag.py:2585} INFO - Sync 1 DAGs
[2025-07-20T06:09:46.648+0000] {logging_mixin.py:120} INFO - [2025-07-20T06:09:46.648+0000] {dag.py:3340} INFO - Setting next_dagrun for example_branch_python_operator_decorator to 2025-07-19T00:00:00+00:00, run_after=2025-07-20T00:00:00+00:00
[2025-07-20T06:09:46.737+0000] {processor.py:176} INFO - Processing /home/airflow/.local/lib/python3.7/site-packages/airflow/example_dags/example_branch_operator_decorator.py took 0.422 seconds
[2025-07-20T06:10:17.338+0000] {processor.py:154} INFO - Started process (PID=1147) to work on /home/airflow/.local/lib/python3.7/site-packages/airflow/example_dags/example_branch_operator_decorator.py
[2025-07-20T06:10:17.349+0000] {processor.py:756} INFO - Processing file /home/airflow/.local/lib/python3.7/site-packages/airflow/example_dags/example_branch_operator_decorator.py for tasks to queue
[2025-07-20T06:10:17.352+0000] {logging_mixin.py:120} INFO - [2025-07-20T06:10:17.352+0000] {dagbag.py:537} INFO - Filling up the DagBag from /home/airflow/.local/lib/python3.7/site-packages/airflow/example_dags/example_branch_operator_decorator.py
[2025-07-20T06:10:17.610+0000] {processor.py:766} INFO - DAG(s) dict_keys(['example_branch_python_operator_decorator']) retrieved from /home/airflow/.local/lib/python3.7/site-packages/airflow/example_dags/example_branch_operator_decorator.py
[2025-07-20T06:10:17.967+0000] {logging_mixin.py:120} INFO - [2025-07-20T06:10:17.967+0000] {dag.py:2585} INFO - Sync 1 DAGs
[2025-07-20T06:10:18.150+0000] {logging_mixin.py:120} INFO - [2025-07-20T06:10:18.150+0000] {dag.py:3340} INFO - Setting next_dagrun for example_branch_python_operator_decorator to 2025-07-19T00:00:00+00:00, run_after=2025-07-20T00:00:00+00:00
[2025-07-20T06:10:18.281+0000] {processor.py:176} INFO - Processing /home/airflow/.local/lib/python3.7/site-packages/airflow/example_dags/example_branch_operator_decorator.py took 0.959 seconds
[2025-07-20T06:10:48.764+0000] {processor.py:154} INFO - Started process (PID=1202) to work on /home/airflow/.local/lib/python3.7/site-packages/airflow/example_dags/example_branch_operator_decorator.py
[2025-07-20T06:10:48.767+0000] {processor.py:756} INFO - Processing file /home/airflow/.local/lib/python3.7/site-packages/airflow/example_dags/example_branch_operator_decorator.py for tasks to queue
[2025-07-20T06:10:48.769+0000] {logging_mixin.py:120} INFO - [2025-07-20T06:10:48.769+0000] {dagbag.py:537} INFO - Filling up the DagBag from /home/airflow/.local/lib/python3.7/site-packages/airflow/example_dags/example_branch_operator_decorator.py
[2025-07-20T06:10:48.809+0000] {processor.py:766} INFO - DAG(s) dict_keys(['example_branch_python_operator_decorator']) retrieved from /home/airflow/.local/lib/python3.7/site-packages/airflow/example_dags/example_branch_operator_decorator.py
[2025-07-20T06:10:48.880+0000] {logging_mixin.py:120} INFO - [2025-07-20T06:10:48.879+0000] {dag.py:2585} INFO - Sync 1 DAGs
[2025-07-20T06:10:48.922+0000] {logging_mixin.py:120} INFO - [2025-07-20T06:10:48.922+0000] {dag.py:3340} INFO - Setting next_dagrun for example_branch_python_operator_decorator to 2025-07-19T00:00:00+00:00, run_after=2025-07-20T00:00:00+00:00
[2025-07-20T06:10:48.964+0000] {processor.py:176} INFO - Processing /home/airflow/.local/lib/python3.7/site-packages/airflow/example_dags/example_branch_operator_decorator.py took 0.205 seconds
[2025-07-20T06:11:19.581+0000] {processor.py:154} INFO - Started process (PID=1265) to work on /home/airflow/.local/lib/python3.7/site-packages/airflow/example_dags/example_branch_operator_decorator.py
[2025-07-20T06:11:19.584+0000] {processor.py:756} INFO - Processing file /home/airflow/.local/lib/python3.7/site-packages/airflow/example_dags/example_branch_operator_decorator.py for tasks to queue
[2025-07-20T06:11:19.586+0000] {logging_mixin.py:120} INFO - [2025-07-20T06:11:19.585+0000] {dagbag.py:537} INFO - Filling up the DagBag from /home/airflow/.local/lib/python3.7/site-packages/airflow/example_dags/example_branch_operator_decorator.py
[2025-07-20T06:11:19.671+0000] {processor.py:766} INFO - DAG(s) dict_keys(['example_branch_python_operator_decorator']) retrieved from /home/airflow/.local/lib/python3.7/site-packages/airflow/example_dags/example_branch_operator_decorator.py
[2025-07-20T06:11:19.786+0000] {logging_mixin.py:120} INFO - [2025-07-20T06:11:19.786+0000] {dag.py:2585} INFO - Sync 1 DAGs
[2025-07-20T06:11:19.846+0000] {logging_mixin.py:120} INFO - [2025-07-20T06:11:19.846+0000] {dag.py:3340} INFO - Setting next_dagrun for example_branch_python_operator_decorator to 2025-07-19T00:00:00+00:00, run_after=2025-07-20T00:00:00+00:00
[2025-07-20T06:11:19.901+0000] {processor.py:176} INFO - Processing /home/airflow/.local/lib/python3.7/site-packages/airflow/example_dags/example_branch_operator_decorator.py took 0.328 seconds
[2025-07-20T06:11:50.290+0000] {processor.py:154} INFO - Started process (PID=1318) to work on /home/airflow/.local/lib/python3.7/site-packages/airflow/example_dags/example_branch_operator_decorator.py
[2025-07-20T06:11:50.292+0000] {processor.py:756} INFO - Processing file /home/airflow/.local/lib/python3.7/site-packages/airflow/example_dags/example_branch_operator_decorator.py for tasks to queue
[2025-07-20T06:11:50.293+0000] {logging_mixin.py:120} INFO - [2025-07-20T06:11:50.293+0000] {dagbag.py:537} INFO - Filling up the DagBag from /home/airflow/.local/lib/python3.7/site-packages/airflow/example_dags/example_branch_operator_decorator.py
[2025-07-20T06:11:50.329+0000] {processor.py:766} INFO - DAG(s) dict_keys(['example_branch_python_operator_decorator']) retrieved from /home/airflow/.local/lib/python3.7/site-packages/airflow/example_dags/example_branch_operator_decorator.py
[2025-07-20T06:11:50.403+0000] {logging_mixin.py:120} INFO - [2025-07-20T06:11:50.402+0000] {dag.py:2585} INFO - Sync 1 DAGs
[2025-07-20T06:11:50.450+0000] {logging_mixin.py:120} INFO - [2025-07-20T06:11:50.450+0000] {dag.py:3340} INFO - Setting next_dagrun for example_branch_python_operator_decorator to 2025-07-19T00:00:00+00:00, run_after=2025-07-20T00:00:00+00:00
[2025-07-20T06:11:50.489+0000] {processor.py:176} INFO - Processing /home/airflow/.local/lib/python3.7/site-packages/airflow/example_dags/example_branch_operator_decorator.py took 0.204 seconds
[2025-07-20T06:12:20.856+0000] {processor.py:154} INFO - Started process (PID=1381) to work on /home/airflow/.local/lib/python3.7/site-packages/airflow/example_dags/example_branch_operator_decorator.py
[2025-07-20T06:12:20.857+0000] {processor.py:756} INFO - Processing file /home/airflow/.local/lib/python3.7/site-packages/airflow/example_dags/example_branch_operator_decorator.py for tasks to queue
[2025-07-20T06:12:20.859+0000] {logging_mixin.py:120} INFO - [2025-07-20T06:12:20.859+0000] {dagbag.py:537} INFO - Filling up the DagBag from /home/airflow/.local/lib/python3.7/site-packages/airflow/example_dags/example_branch_operator_decorator.py
[2025-07-20T06:12:20.895+0000] {processor.py:766} INFO - DAG(s) dict_keys(['example_branch_python_operator_decorator']) retrieved from /home/airflow/.local/lib/python3.7/site-packages/airflow/example_dags/example_branch_operator_decorator.py
[2025-07-20T06:12:20.973+0000] {logging_mixin.py:120} INFO - [2025-07-20T06:12:20.972+0000] {dag.py:2585} INFO - Sync 1 DAGs
[2025-07-20T06:12:21.018+0000] {logging_mixin.py:120} INFO - [2025-07-20T06:12:21.018+0000] {dag.py:3340} INFO - Setting next_dagrun for example_branch_python_operator_decorator to 2025-07-19T00:00:00+00:00, run_after=2025-07-20T00:00:00+00:00
[2025-07-20T06:12:21.063+0000] {processor.py:176} INFO - Processing /home/airflow/.local/lib/python3.7/site-packages/airflow/example_dags/example_branch_operator_decorator.py took 0.212 seconds
[2025-07-20T06:12:51.486+0000] {processor.py:154} INFO - Started process (PID=1440) to work on /home/airflow/.local/lib/python3.7/site-packages/airflow/example_dags/example_branch_operator_decorator.py
[2025-07-20T06:12:51.488+0000] {processor.py:756} INFO - Processing file /home/airflow/.local/lib/python3.7/site-packages/airflow/example_dags/example_branch_operator_decorator.py for tasks to queue
[2025-07-20T06:12:51.490+0000] {logging_mixin.py:120} INFO - [2025-07-20T06:12:51.490+0000] {dagbag.py:537} INFO - Filling up the DagBag from /home/airflow/.local/lib/python3.7/site-packages/airflow/example_dags/example_branch_operator_decorator.py
[2025-07-20T06:12:51.545+0000] {processor.py:766} INFO - DAG(s) dict_keys(['example_branch_python_operator_decorator']) retrieved from /home/airflow/.local/lib/python3.7/site-packages/airflow/example_dags/example_branch_operator_decorator.py
[2025-07-20T06:12:51.627+0000] {logging_mixin.py:120} INFO - [2025-07-20T06:12:51.626+0000] {dag.py:2585} INFO - Sync 1 DAGs
[2025-07-20T06:12:51.678+0000] {logging_mixin.py:120} INFO - [2025-07-20T06:12:51.678+0000] {dag.py:3340} INFO - Setting next_dagrun for example_branch_python_operator_decorator to 2025-07-19T00:00:00+00:00, run_after=2025-07-20T00:00:00+00:00
[2025-07-20T06:12:51.728+0000] {processor.py:176} INFO - Processing /home/airflow/.local/lib/python3.7/site-packages/airflow/example_dags/example_branch_operator_decorator.py took 0.250 seconds
[2025-07-20T06:13:22.459+0000] {processor.py:154} INFO - Started process (PID=1496) to work on /home/airflow/.local/lib/python3.7/site-packages/airflow/example_dags/example_branch_operator_decorator.py
[2025-07-20T06:13:22.462+0000] {processor.py:756} INFO - Processing file /home/airflow/.local/lib/python3.7/site-packages/airflow/example_dags/example_branch_operator_decorator.py for tasks to queue
[2025-07-20T06:13:22.464+0000] {logging_mixin.py:120} INFO - [2025-07-20T06:13:22.463+0000] {dagbag.py:537} INFO - Filling up the DagBag from /home/airflow/.local/lib/python3.7/site-packages/airflow/example_dags/example_branch_operator_decorator.py
[2025-07-20T06:13:22.584+0000] {processor.py:766} INFO - DAG(s) dict_keys(['example_branch_python_operator_decorator']) retrieved from /home/airflow/.local/lib/python3.7/site-packages/airflow/example_dags/example_branch_operator_decorator.py
[2025-07-20T06:13:22.682+0000] {logging_mixin.py:120} INFO - [2025-07-20T06:13:22.681+0000] {dag.py:2585} INFO - Sync 1 DAGs
[2025-07-20T06:13:22.805+0000] {logging_mixin.py:120} INFO - [2025-07-20T06:13:22.804+0000] {dag.py:3340} INFO - Setting next_dagrun for example_branch_python_operator_decorator to 2025-07-19T00:00:00+00:00, run_after=2025-07-20T00:00:00+00:00
[2025-07-20T06:13:22.874+0000] {processor.py:176} INFO - Processing /home/airflow/.local/lib/python3.7/site-packages/airflow/example_dags/example_branch_operator_decorator.py took 0.434 seconds
[2025-07-20T06:13:53.035+0000] {processor.py:154} INFO - Started process (PID=1559) to work on /home/airflow/.local/lib/python3.7/site-packages/airflow/example_dags/example_branch_operator_decorator.py
[2025-07-20T06:13:53.037+0000] {processor.py:756} INFO - Processing file /home/airflow/.local/lib/python3.7/site-packages/airflow/example_dags/example_branch_operator_decorator.py for tasks to queue
[2025-07-20T06:13:53.039+0000] {logging_mixin.py:120} INFO - [2025-07-20T06:13:53.039+0000] {dagbag.py:537} INFO - Filling up the DagBag from /home/airflow/.local/lib/python3.7/site-packages/airflow/example_dags/example_branch_operator_decorator.py
[2025-07-20T06:13:53.090+0000] {processor.py:766} INFO - DAG(s) dict_keys(['example_branch_python_operator_decorator']) retrieved from /home/airflow/.local/lib/python3.7/site-packages/airflow/example_dags/example_branch_operator_decorator.py
[2025-07-20T06:13:53.183+0000] {logging_mixin.py:120} INFO - [2025-07-20T06:13:53.182+0000] {dag.py:2585} INFO - Sync 1 DAGs
[2025-07-20T06:13:53.243+0000] {logging_mixin.py:120} INFO - [2025-07-20T06:13:53.242+0000] {dag.py:3340} INFO - Setting next_dagrun for example_branch_python_operator_decorator to 2025-07-19T00:00:00+00:00, run_after=2025-07-20T00:00:00+00:00
[2025-07-20T06:13:53.293+0000] {processor.py:176} INFO - Processing /home/airflow/.local/lib/python3.7/site-packages/airflow/example_dags/example_branch_operator_decorator.py took 0.265 seconds
[2025-07-20T06:14:23.366+0000] {processor.py:154} INFO - Started process (PID=1613) to work on /home/airflow/.local/lib/python3.7/site-packages/airflow/example_dags/example_branch_operator_decorator.py
[2025-07-20T06:14:23.368+0000] {processor.py:756} INFO - Processing file /home/airflow/.local/lib/python3.7/site-packages/airflow/example_dags/example_branch_operator_decorator.py for tasks to queue
[2025-07-20T06:14:23.370+0000] {logging_mixin.py:120} INFO - [2025-07-20T06:14:23.370+0000] {dagbag.py:537} INFO - Filling up the DagBag from /home/airflow/.local/lib/python3.7/site-packages/airflow/example_dags/example_branch_operator_decorator.py
[2025-07-20T06:14:23.406+0000] {processor.py:766} INFO - DAG(s) dict_keys(['example_branch_python_operator_decorator']) retrieved from /home/airflow/.local/lib/python3.7/site-packages/airflow/example_dags/example_branch_operator_decorator.py
[2025-07-20T06:14:23.478+0000] {logging_mixin.py:120} INFO - [2025-07-20T06:14:23.478+0000] {dag.py:2585} INFO - Sync 1 DAGs
[2025-07-20T06:14:23.516+0000] {logging_mixin.py:120} INFO - [2025-07-20T06:14:23.516+0000] {dag.py:3340} INFO - Setting next_dagrun for example_branch_python_operator_decorator to 2025-07-19T00:00:00+00:00, run_after=2025-07-20T00:00:00+00:00
[2025-07-20T06:14:23.552+0000] {processor.py:176} INFO - Processing /home/airflow/.local/lib/python3.7/site-packages/airflow/example_dags/example_branch_operator_decorator.py took 0.191 seconds
[2025-07-20T06:14:53.804+0000] {processor.py:154} INFO - Started process (PID=1666) to work on /home/airflow/.local/lib/python3.7/site-packages/airflow/example_dags/example_branch_operator_decorator.py
[2025-07-20T06:14:53.808+0000] {processor.py:756} INFO - Processing file /home/airflow/.local/lib/python3.7/site-packages/airflow/example_dags/example_branch_operator_decorator.py for tasks to queue
[2025-07-20T06:14:53.809+0000] {logging_mixin.py:120} INFO - [2025-07-20T06:14:53.809+0000] {dagbag.py:537} INFO - Filling up the DagBag from /home/airflow/.local/lib/python3.7/site-packages/airflow/example_dags/example_branch_operator_decorator.py
[2025-07-20T06:14:53.863+0000] {processor.py:766} INFO - DAG(s) dict_keys(['example_branch_python_operator_decorator']) retrieved from /home/airflow/.local/lib/python3.7/site-packages/airflow/example_dags/example_branch_operator_decorator.py
[2025-07-20T06:14:54.004+0000] {logging_mixin.py:120} INFO - [2025-07-20T06:14:54.004+0000] {dag.py:2585} INFO - Sync 1 DAGs
[2025-07-20T06:14:54.058+0000] {logging_mixin.py:120} INFO - [2025-07-20T06:14:54.058+0000] {dag.py:3340} INFO - Setting next_dagrun for example_branch_python_operator_decorator to 2025-07-19T00:00:00+00:00, run_after=2025-07-20T00:00:00+00:00
[2025-07-20T06:14:54.113+0000] {processor.py:176} INFO - Processing /home/airflow/.local/lib/python3.7/site-packages/airflow/example_dags/example_branch_operator_decorator.py took 0.317 seconds
