[2025-07-20T05:58:32.963+0000] {processor.py:154} INFO - Started process (PID=73) to work on /home/airflow/.local/lib/python3.7/site-packages/airflow/example_dags/example_xcomargs.py
[2025-07-20T05:58:33.046+0000] {processor.py:756} INFO - Processing file /home/airflow/.local/lib/python3.7/site-packages/airflow/example_dags/example_xcomargs.py for tasks to queue
[2025-07-20T05:58:33.063+0000] {logging_mixin.py:120} INFO - [2025-07-20T05:58:33.063+0000] {dagbag.py:537} INFO - Filling up the DagBag from /home/airflow/.local/lib/python3.7/site-packages/airflow/example_dags/example_xcomargs.py
[2025-07-20T05:58:34.376+0000] {processor.py:766} INFO - DAG(s) dict_keys(['example_xcom_args', 'example_xcom_args_with_operators']) retrieved from /home/airflow/.local/lib/python3.7/site-packages/airflow/example_dags/example_xcomargs.py
[2025-07-20T05:58:35.969+0000] {logging_mixin.py:120} INFO - [2025-07-20T05:58:35.955+0000] {dag.py:2585} INFO - Sync 2 DAGs
[2025-07-20T05:58:36.719+0000] {logging_mixin.py:120} INFO - [2025-07-20T05:58:36.718+0000] {dag.py:3340} INFO - Setting next_dagrun for example_xcom_args to None, run_after=None
[2025-07-20T05:58:36.785+0000] {logging_mixin.py:120} INFO - [2025-07-20T05:58:36.785+0000] {dag.py:3340} INFO - Setting next_dagrun for example_xcom_args_with_operators to None, run_after=None
[2025-07-20T05:58:37.402+0000] {processor.py:176} INFO - Processing /home/airflow/.local/lib/python3.7/site-packages/airflow/example_dags/example_xcomargs.py took 4.454 seconds
[2025-07-20T06:01:04.234+0000] {processor.py:154} INFO - Started process (PID=171) to work on /home/airflow/.local/lib/python3.7/site-packages/airflow/example_dags/example_xcomargs.py
[2025-07-20T06:01:04.464+0000] {processor.py:756} INFO - Processing file /home/airflow/.local/lib/python3.7/site-packages/airflow/example_dags/example_xcomargs.py for tasks to queue
[2025-07-20T06:01:04.476+0000] {logging_mixin.py:120} INFO - [2025-07-20T06:01:04.476+0000] {dagbag.py:537} INFO - Filling up the DagBag from /home/airflow/.local/lib/python3.7/site-packages/airflow/example_dags/example_xcomargs.py
[2025-07-20T06:01:05.663+0000] {processor.py:766} INFO - DAG(s) dict_keys(['example_xcom_args', 'example_xcom_args_with_operators']) retrieved from /home/airflow/.local/lib/python3.7/site-packages/airflow/example_dags/example_xcomargs.py
[2025-07-20T06:01:07.504+0000] {logging_mixin.py:120} INFO - [2025-07-20T06:01:07.504+0000] {dag.py:2585} INFO - Sync 2 DAGs
[2025-07-20T06:01:07.950+0000] {logging_mixin.py:120} INFO - [2025-07-20T06:01:07.950+0000] {dag.py:3340} INFO - Setting next_dagrun for example_xcom_args to None, run_after=None
[2025-07-20T06:01:08.006+0000] {logging_mixin.py:120} INFO - [2025-07-20T06:01:08.005+0000] {dag.py:3340} INFO - Setting next_dagrun for example_xcom_args_with_operators to None, run_after=None
[2025-07-20T06:01:08.348+0000] {processor.py:176} INFO - Processing /home/airflow/.local/lib/python3.7/site-packages/airflow/example_dags/example_xcomargs.py took 4.218 seconds
[2025-07-20T06:01:55.377+0000] {processor.py:154} INFO - Started process (PID=225) to work on /home/airflow/.local/lib/python3.7/site-packages/airflow/example_dags/example_xcomargs.py
[2025-07-20T06:01:55.390+0000] {processor.py:756} INFO - Processing file /home/airflow/.local/lib/python3.7/site-packages/airflow/example_dags/example_xcomargs.py for tasks to queue
[2025-07-20T06:01:55.393+0000] {logging_mixin.py:120} INFO - [2025-07-20T06:01:55.392+0000] {dagbag.py:537} INFO - Filling up the DagBag from /home/airflow/.local/lib/python3.7/site-packages/airflow/example_dags/example_xcomargs.py
[2025-07-20T06:01:55.594+0000] {processor.py:766} INFO - DAG(s) dict_keys(['example_xcom_args', 'example_xcom_args_with_operators']) retrieved from /home/airflow/.local/lib/python3.7/site-packages/airflow/example_dags/example_xcomargs.py
[2025-07-20T06:01:55.806+0000] {logging_mixin.py:120} INFO - [2025-07-20T06:01:55.806+0000] {dag.py:2585} INFO - Sync 2 DAGs
[2025-07-20T06:01:56.043+0000] {logging_mixin.py:120} INFO - [2025-07-20T06:01:56.043+0000] {dag.py:3340} INFO - Setting next_dagrun for example_xcom_args to None, run_after=None
[2025-07-20T06:01:56.124+0000] {logging_mixin.py:120} INFO - [2025-07-20T06:01:56.124+0000] {dag.py:3340} INFO - Setting next_dagrun for example_xcom_args_with_operators to None, run_after=None
[2025-07-20T06:01:56.331+0000] {processor.py:176} INFO - Processing /home/airflow/.local/lib/python3.7/site-packages/airflow/example_dags/example_xcomargs.py took 1.041 seconds
[2025-07-20T06:02:26.835+0000] {processor.py:154} INFO - Started process (PID=279) to work on /home/airflow/.local/lib/python3.7/site-packages/airflow/example_dags/example_xcomargs.py
[2025-07-20T06:02:26.839+0000] {processor.py:756} INFO - Processing file /home/airflow/.local/lib/python3.7/site-packages/airflow/example_dags/example_xcomargs.py for tasks to queue
[2025-07-20T06:02:26.841+0000] {logging_mixin.py:120} INFO - [2025-07-20T06:02:26.841+0000] {dagbag.py:537} INFO - Filling up the DagBag from /home/airflow/.local/lib/python3.7/site-packages/airflow/example_dags/example_xcomargs.py
[2025-07-20T06:02:26.918+0000] {processor.py:766} INFO - DAG(s) dict_keys(['example_xcom_args', 'example_xcom_args_with_operators']) retrieved from /home/airflow/.local/lib/python3.7/site-packages/airflow/example_dags/example_xcomargs.py
[2025-07-20T06:02:27.003+0000] {logging_mixin.py:120} INFO - [2025-07-20T06:02:27.003+0000] {dag.py:2585} INFO - Sync 2 DAGs
[2025-07-20T06:02:27.050+0000] {logging_mixin.py:120} INFO - [2025-07-20T06:02:27.050+0000] {dag.py:3340} INFO - Setting next_dagrun for example_xcom_args to None, run_after=None
[2025-07-20T06:02:27.058+0000] {logging_mixin.py:120} INFO - [2025-07-20T06:02:27.058+0000] {dag.py:3340} INFO - Setting next_dagrun for example_xcom_args_with_operators to None, run_after=None
[2025-07-20T06:02:27.117+0000] {processor.py:176} INFO - Processing /home/airflow/.local/lib/python3.7/site-packages/airflow/example_dags/example_xcomargs.py took 0.288 seconds
[2025-07-20T06:02:57.356+0000] {processor.py:154} INFO - Started process (PID=342) to work on /home/airflow/.local/lib/python3.7/site-packages/airflow/example_dags/example_xcomargs.py
[2025-07-20T06:02:57.360+0000] {processor.py:756} INFO - Processing file /home/airflow/.local/lib/python3.7/site-packages/airflow/example_dags/example_xcomargs.py for tasks to queue
[2025-07-20T06:02:57.363+0000] {logging_mixin.py:120} INFO - [2025-07-20T06:02:57.363+0000] {dagbag.py:537} INFO - Filling up the DagBag from /home/airflow/.local/lib/python3.7/site-packages/airflow/example_dags/example_xcomargs.py
[2025-07-20T06:02:57.445+0000] {processor.py:766} INFO - DAG(s) dict_keys(['example_xcom_args_with_operators', 'example_xcom_args']) retrieved from /home/airflow/.local/lib/python3.7/site-packages/airflow/example_dags/example_xcomargs.py
[2025-07-20T06:02:57.636+0000] {logging_mixin.py:120} INFO - [2025-07-20T06:02:57.636+0000] {dag.py:2585} INFO - Sync 2 DAGs
[2025-07-20T06:02:57.753+0000] {logging_mixin.py:120} INFO - [2025-07-20T06:02:57.753+0000] {dag.py:3340} INFO - Setting next_dagrun for example_xcom_args to None, run_after=None
[2025-07-20T06:02:57.762+0000] {logging_mixin.py:120} INFO - [2025-07-20T06:02:57.762+0000] {dag.py:3340} INFO - Setting next_dagrun for example_xcom_args_with_operators to None, run_after=None
[2025-07-20T06:02:57.819+0000] {processor.py:176} INFO - Processing /home/airflow/.local/lib/python3.7/site-packages/airflow/example_dags/example_xcomargs.py took 0.472 seconds
[2025-07-20T06:03:28.251+0000] {processor.py:154} INFO - Started process (PID=396) to work on /home/airflow/.local/lib/python3.7/site-packages/airflow/example_dags/example_xcomargs.py
[2025-07-20T06:03:28.265+0000] {processor.py:756} INFO - Processing file /home/airflow/.local/lib/python3.7/site-packages/airflow/example_dags/example_xcomargs.py for tasks to queue
[2025-07-20T06:03:28.279+0000] {logging_mixin.py:120} INFO - [2025-07-20T06:03:28.278+0000] {dagbag.py:537} INFO - Filling up the DagBag from /home/airflow/.local/lib/python3.7/site-packages/airflow/example_dags/example_xcomargs.py
[2025-07-20T06:03:28.524+0000] {processor.py:766} INFO - DAG(s) dict_keys(['example_xcom_args_with_operators', 'example_xcom_args']) retrieved from /home/airflow/.local/lib/python3.7/site-packages/airflow/example_dags/example_xcomargs.py
[2025-07-20T06:03:28.809+0000] {logging_mixin.py:120} INFO - [2025-07-20T06:03:28.809+0000] {dag.py:2585} INFO - Sync 2 DAGs
[2025-07-20T06:03:28.986+0000] {logging_mixin.py:120} INFO - [2025-07-20T06:03:28.986+0000] {dag.py:3340} INFO - Setting next_dagrun for example_xcom_args to None, run_after=None
[2025-07-20T06:03:29.010+0000] {logging_mixin.py:120} INFO - [2025-07-20T06:03:29.010+0000] {dag.py:3340} INFO - Setting next_dagrun for example_xcom_args_with_operators to None, run_after=None
[2025-07-20T06:03:29.149+0000] {processor.py:176} INFO - Processing /home/airflow/.local/lib/python3.7/site-packages/airflow/example_dags/example_xcomargs.py took 0.944 seconds
[2025-07-20T06:03:59.257+0000] {processor.py:154} INFO - Started process (PID=449) to work on /home/airflow/.local/lib/python3.7/site-packages/airflow/example_dags/example_xcomargs.py
[2025-07-20T06:03:59.264+0000] {processor.py:756} INFO - Processing file /home/airflow/.local/lib/python3.7/site-packages/airflow/example_dags/example_xcomargs.py for tasks to queue
[2025-07-20T06:03:59.266+0000] {logging_mixin.py:120} INFO - [2025-07-20T06:03:59.265+0000] {dagbag.py:537} INFO - Filling up the DagBag from /home/airflow/.local/lib/python3.7/site-packages/airflow/example_dags/example_xcomargs.py
[2025-07-20T06:03:59.448+0000] {processor.py:766} INFO - DAG(s) dict_keys(['example_xcom_args', 'example_xcom_args_with_operators']) retrieved from /home/airflow/.local/lib/python3.7/site-packages/airflow/example_dags/example_xcomargs.py
[2025-07-20T06:03:59.721+0000] {logging_mixin.py:120} INFO - [2025-07-20T06:03:59.719+0000] {dag.py:2585} INFO - Sync 2 DAGs
[2025-07-20T06:04:00.061+0000] {logging_mixin.py:120} INFO - [2025-07-20T06:04:00.060+0000] {dag.py:3340} INFO - Setting next_dagrun for example_xcom_args to None, run_after=None
[2025-07-20T06:04:00.105+0000] {logging_mixin.py:120} INFO - [2025-07-20T06:04:00.091+0000] {dag.py:3340} INFO - Setting next_dagrun for example_xcom_args_with_operators to None, run_after=None
[2025-07-20T06:04:00.350+0000] {processor.py:176} INFO - Processing /home/airflow/.local/lib/python3.7/site-packages/airflow/example_dags/example_xcomargs.py took 1.110 seconds
[2025-07-20T06:04:30.638+0000] {processor.py:154} INFO - Started process (PID=504) to work on /home/airflow/.local/lib/python3.7/site-packages/airflow/example_dags/example_xcomargs.py
[2025-07-20T06:04:30.641+0000] {processor.py:756} INFO - Processing file /home/airflow/.local/lib/python3.7/site-packages/airflow/example_dags/example_xcomargs.py for tasks to queue
[2025-07-20T06:04:30.643+0000] {logging_mixin.py:120} INFO - [2025-07-20T06:04:30.643+0000] {dagbag.py:537} INFO - Filling up the DagBag from /home/airflow/.local/lib/python3.7/site-packages/airflow/example_dags/example_xcomargs.py
[2025-07-20T06:04:30.711+0000] {processor.py:766} INFO - DAG(s) dict_keys(['example_xcom_args_with_operators', 'example_xcom_args']) retrieved from /home/airflow/.local/lib/python3.7/site-packages/airflow/example_dags/example_xcomargs.py
[2025-07-20T06:04:30.790+0000] {logging_mixin.py:120} INFO - [2025-07-20T06:04:30.790+0000] {dag.py:2585} INFO - Sync 2 DAGs
[2025-07-20T06:04:30.839+0000] {logging_mixin.py:120} INFO - [2025-07-20T06:04:30.839+0000] {dag.py:3340} INFO - Setting next_dagrun for example_xcom_args to None, run_after=None
[2025-07-20T06:04:30.844+0000] {logging_mixin.py:120} INFO - [2025-07-20T06:04:30.844+0000] {dag.py:3340} INFO - Setting next_dagrun for example_xcom_args_with_operators to None, run_after=None
[2025-07-20T06:04:30.876+0000] {processor.py:176} INFO - Processing /home/airflow/.local/lib/python3.7/site-packages/airflow/example_dags/example_xcomargs.py took 0.248 seconds
[2025-07-20T06:05:01.418+0000] {processor.py:154} INFO - Started process (PID=567) to work on /home/airflow/.local/lib/python3.7/site-packages/airflow/example_dags/example_xcomargs.py
[2025-07-20T06:05:01.420+0000] {processor.py:756} INFO - Processing file /home/airflow/.local/lib/python3.7/site-packages/airflow/example_dags/example_xcomargs.py for tasks to queue
[2025-07-20T06:05:01.422+0000] {logging_mixin.py:120} INFO - [2025-07-20T06:05:01.422+0000] {dagbag.py:537} INFO - Filling up the DagBag from /home/airflow/.local/lib/python3.7/site-packages/airflow/example_dags/example_xcomargs.py
[2025-07-20T06:05:01.466+0000] {processor.py:766} INFO - DAG(s) dict_keys(['example_xcom_args_with_operators', 'example_xcom_args']) retrieved from /home/airflow/.local/lib/python3.7/site-packages/airflow/example_dags/example_xcomargs.py
[2025-07-20T06:05:01.544+0000] {logging_mixin.py:120} INFO - [2025-07-20T06:05:01.543+0000] {dag.py:2585} INFO - Sync 2 DAGs
[2025-07-20T06:05:01.594+0000] {logging_mixin.py:120} INFO - [2025-07-20T06:05:01.594+0000] {dag.py:3340} INFO - Setting next_dagrun for example_xcom_args to None, run_after=None
[2025-07-20T06:05:01.601+0000] {logging_mixin.py:120} INFO - [2025-07-20T06:05:01.601+0000] {dag.py:3340} INFO - Setting next_dagrun for example_xcom_args_with_operators to None, run_after=None
[2025-07-20T06:05:01.633+0000] {processor.py:176} INFO - Processing /home/airflow/.local/lib/python3.7/site-packages/airflow/example_dags/example_xcomargs.py took 0.222 seconds
[2025-07-20T06:05:31.891+0000] {processor.py:154} INFO - Started process (PID=621) to work on /home/airflow/.local/lib/python3.7/site-packages/airflow/example_dags/example_xcomargs.py
[2025-07-20T06:05:31.894+0000] {processor.py:756} INFO - Processing file /home/airflow/.local/lib/python3.7/site-packages/airflow/example_dags/example_xcomargs.py for tasks to queue
[2025-07-20T06:05:31.896+0000] {logging_mixin.py:120} INFO - [2025-07-20T06:05:31.896+0000] {dagbag.py:537} INFO - Filling up the DagBag from /home/airflow/.local/lib/python3.7/site-packages/airflow/example_dags/example_xcomargs.py
[2025-07-20T06:05:31.926+0000] {processor.py:766} INFO - DAG(s) dict_keys(['example_xcom_args_with_operators', 'example_xcom_args']) retrieved from /home/airflow/.local/lib/python3.7/site-packages/airflow/example_dags/example_xcomargs.py
[2025-07-20T06:05:31.992+0000] {logging_mixin.py:120} INFO - [2025-07-20T06:05:31.992+0000] {dag.py:2585} INFO - Sync 2 DAGs
[2025-07-20T06:05:32.024+0000] {logging_mixin.py:120} INFO - [2025-07-20T06:05:32.024+0000] {dag.py:3340} INFO - Setting next_dagrun for example_xcom_args to None, run_after=None
[2025-07-20T06:05:32.030+0000] {logging_mixin.py:120} INFO - [2025-07-20T06:05:32.030+0000] {dag.py:3340} INFO - Setting next_dagrun for example_xcom_args_with_operators to None, run_after=None
[2025-07-20T06:05:32.068+0000] {processor.py:176} INFO - Processing /home/airflow/.local/lib/python3.7/site-packages/airflow/example_dags/example_xcomargs.py took 0.183 seconds
[2025-07-20T06:06:02.366+0000] {processor.py:154} INFO - Started process (PID=684) to work on /home/airflow/.local/lib/python3.7/site-packages/airflow/example_dags/example_xcomargs.py
[2025-07-20T06:06:02.367+0000] {processor.py:756} INFO - Processing file /home/airflow/.local/lib/python3.7/site-packages/airflow/example_dags/example_xcomargs.py for tasks to queue
[2025-07-20T06:06:02.368+0000] {logging_mixin.py:120} INFO - [2025-07-20T06:06:02.368+0000] {dagbag.py:537} INFO - Filling up the DagBag from /home/airflow/.local/lib/python3.7/site-packages/airflow/example_dags/example_xcomargs.py
[2025-07-20T06:06:02.396+0000] {processor.py:766} INFO - DAG(s) dict_keys(['example_xcom_args_with_operators', 'example_xcom_args']) retrieved from /home/airflow/.local/lib/python3.7/site-packages/airflow/example_dags/example_xcomargs.py
[2025-07-20T06:06:02.465+0000] {logging_mixin.py:120} INFO - [2025-07-20T06:06:02.465+0000] {dag.py:2585} INFO - Sync 2 DAGs
[2025-07-20T06:06:02.513+0000] {logging_mixin.py:120} INFO - [2025-07-20T06:06:02.513+0000] {dag.py:3340} INFO - Setting next_dagrun for example_xcom_args to None, run_after=None
[2025-07-20T06:06:02.522+0000] {logging_mixin.py:120} INFO - [2025-07-20T06:06:02.522+0000] {dag.py:3340} INFO - Setting next_dagrun for example_xcom_args_with_operators to None, run_after=None
[2025-07-20T06:06:02.562+0000] {processor.py:176} INFO - Processing /home/airflow/.local/lib/python3.7/site-packages/airflow/example_dags/example_xcomargs.py took 0.199 seconds
[2025-07-20T06:06:32.681+0000] {processor.py:154} INFO - Started process (PID=747) to work on /home/airflow/.local/lib/python3.7/site-packages/airflow/example_dags/example_xcomargs.py
[2025-07-20T06:06:32.683+0000] {processor.py:756} INFO - Processing file /home/airflow/.local/lib/python3.7/site-packages/airflow/example_dags/example_xcomargs.py for tasks to queue
[2025-07-20T06:06:32.685+0000] {logging_mixin.py:120} INFO - [2025-07-20T06:06:32.685+0000] {dagbag.py:537} INFO - Filling up the DagBag from /home/airflow/.local/lib/python3.7/site-packages/airflow/example_dags/example_xcomargs.py
[2025-07-20T06:06:32.728+0000] {processor.py:766} INFO - DAG(s) dict_keys(['example_xcom_args_with_operators', 'example_xcom_args']) retrieved from /home/airflow/.local/lib/python3.7/site-packages/airflow/example_dags/example_xcomargs.py
[2025-07-20T06:06:32.825+0000] {logging_mixin.py:120} INFO - [2025-07-20T06:06:32.825+0000] {dag.py:2585} INFO - Sync 2 DAGs
[2025-07-20T06:06:32.880+0000] {logging_mixin.py:120} INFO - [2025-07-20T06:06:32.879+0000] {dag.py:3340} INFO - Setting next_dagrun for example_xcom_args to None, run_after=None
[2025-07-20T06:06:32.887+0000] {logging_mixin.py:120} INFO - [2025-07-20T06:06:32.887+0000] {dag.py:3340} INFO - Setting next_dagrun for example_xcom_args_with_operators to None, run_after=None
[2025-07-20T06:06:32.923+0000] {processor.py:176} INFO - Processing /home/airflow/.local/lib/python3.7/site-packages/airflow/example_dags/example_xcomargs.py took 0.250 seconds
[2025-07-20T06:07:03.447+0000] {processor.py:154} INFO - Started process (PID=800) to work on /home/airflow/.local/lib/python3.7/site-packages/airflow/example_dags/example_xcomargs.py
[2025-07-20T06:07:03.449+0000] {processor.py:756} INFO - Processing file /home/airflow/.local/lib/python3.7/site-packages/airflow/example_dags/example_xcomargs.py for tasks to queue
[2025-07-20T06:07:03.451+0000] {logging_mixin.py:120} INFO - [2025-07-20T06:07:03.450+0000] {dagbag.py:537} INFO - Filling up the DagBag from /home/airflow/.local/lib/python3.7/site-packages/airflow/example_dags/example_xcomargs.py
[2025-07-20T06:07:03.483+0000] {processor.py:766} INFO - DAG(s) dict_keys(['example_xcom_args', 'example_xcom_args_with_operators']) retrieved from /home/airflow/.local/lib/python3.7/site-packages/airflow/example_dags/example_xcomargs.py
[2025-07-20T06:07:03.548+0000] {logging_mixin.py:120} INFO - [2025-07-20T06:07:03.548+0000] {dag.py:2585} INFO - Sync 2 DAGs
[2025-07-20T06:07:03.581+0000] {logging_mixin.py:120} INFO - [2025-07-20T06:07:03.581+0000] {dag.py:3340} INFO - Setting next_dagrun for example_xcom_args to None, run_after=None
[2025-07-20T06:07:03.588+0000] {logging_mixin.py:120} INFO - [2025-07-20T06:07:03.588+0000] {dag.py:3340} INFO - Setting next_dagrun for example_xcom_args_with_operators to None, run_after=None
[2025-07-20T06:07:03.626+0000] {processor.py:176} INFO - Processing /home/airflow/.local/lib/python3.7/site-packages/airflow/example_dags/example_xcomargs.py took 0.183 seconds
[2025-07-20T06:07:33.721+0000] {processor.py:154} INFO - Started process (PID=863) to work on /home/airflow/.local/lib/python3.7/site-packages/airflow/example_dags/example_xcomargs.py
[2025-07-20T06:07:33.724+0000] {processor.py:756} INFO - Processing file /home/airflow/.local/lib/python3.7/site-packages/airflow/example_dags/example_xcomargs.py for tasks to queue
[2025-07-20T06:07:33.727+0000] {logging_mixin.py:120} INFO - [2025-07-20T06:07:33.726+0000] {dagbag.py:537} INFO - Filling up the DagBag from /home/airflow/.local/lib/python3.7/site-packages/airflow/example_dags/example_xcomargs.py
[2025-07-20T06:07:33.800+0000] {processor.py:766} INFO - DAG(s) dict_keys(['example_xcom_args', 'example_xcom_args_with_operators']) retrieved from /home/airflow/.local/lib/python3.7/site-packages/airflow/example_dags/example_xcomargs.py
[2025-07-20T06:07:33.962+0000] {logging_mixin.py:120} INFO - [2025-07-20T06:07:33.961+0000] {dag.py:2585} INFO - Sync 2 DAGs
[2025-07-20T06:07:34.024+0000] {logging_mixin.py:120} INFO - [2025-07-20T06:07:34.023+0000] {dag.py:3340} INFO - Setting next_dagrun for example_xcom_args to None, run_after=None
[2025-07-20T06:07:34.030+0000] {logging_mixin.py:120} INFO - [2025-07-20T06:07:34.030+0000] {dag.py:3340} INFO - Setting next_dagrun for example_xcom_args_with_operators to None, run_after=None
[2025-07-20T06:07:34.066+0000] {processor.py:176} INFO - Processing /home/airflow/.local/lib/python3.7/site-packages/airflow/example_dags/example_xcomargs.py took 0.354 seconds
[2025-07-20T06:08:04.211+0000] {processor.py:154} INFO - Started process (PID=916) to work on /home/airflow/.local/lib/python3.7/site-packages/airflow/example_dags/example_xcomargs.py
[2025-07-20T06:08:04.213+0000] {processor.py:756} INFO - Processing file /home/airflow/.local/lib/python3.7/site-packages/airflow/example_dags/example_xcomargs.py for tasks to queue
[2025-07-20T06:08:04.215+0000] {logging_mixin.py:120} INFO - [2025-07-20T06:08:04.215+0000] {dagbag.py:537} INFO - Filling up the DagBag from /home/airflow/.local/lib/python3.7/site-packages/airflow/example_dags/example_xcomargs.py
[2025-07-20T06:08:04.277+0000] {processor.py:766} INFO - DAG(s) dict_keys(['example_xcom_args_with_operators', 'example_xcom_args']) retrieved from /home/airflow/.local/lib/python3.7/site-packages/airflow/example_dags/example_xcomargs.py
[2025-07-20T06:08:04.371+0000] {logging_mixin.py:120} INFO - [2025-07-20T06:08:04.370+0000] {dag.py:2585} INFO - Sync 2 DAGs
[2025-07-20T06:08:04.414+0000] {logging_mixin.py:120} INFO - [2025-07-20T06:08:04.414+0000] {dag.py:3340} INFO - Setting next_dagrun for example_xcom_args to None, run_after=None
[2025-07-20T06:08:04.421+0000] {logging_mixin.py:120} INFO - [2025-07-20T06:08:04.421+0000] {dag.py:3340} INFO - Setting next_dagrun for example_xcom_args_with_operators to None, run_after=None
[2025-07-20T06:08:04.454+0000] {processor.py:176} INFO - Processing /home/airflow/.local/lib/python3.7/site-packages/airflow/example_dags/example_xcomargs.py took 0.251 seconds
[2025-07-20T06:08:34.646+0000] {processor.py:154} INFO - Started process (PID=970) to work on /home/airflow/.local/lib/python3.7/site-packages/airflow/example_dags/example_xcomargs.py
[2025-07-20T06:08:34.649+0000] {processor.py:756} INFO - Processing file /home/airflow/.local/lib/python3.7/site-packages/airflow/example_dags/example_xcomargs.py for tasks to queue
[2025-07-20T06:08:34.651+0000] {logging_mixin.py:120} INFO - [2025-07-20T06:08:34.650+0000] {dagbag.py:537} INFO - Filling up the DagBag from /home/airflow/.local/lib/python3.7/site-packages/airflow/example_dags/example_xcomargs.py
[2025-07-20T06:08:34.701+0000] {processor.py:766} INFO - DAG(s) dict_keys(['example_xcom_args', 'example_xcom_args_with_operators']) retrieved from /home/airflow/.local/lib/python3.7/site-packages/airflow/example_dags/example_xcomargs.py
[2025-07-20T06:08:34.787+0000] {logging_mixin.py:120} INFO - [2025-07-20T06:08:34.787+0000] {dag.py:2585} INFO - Sync 2 DAGs
[2025-07-20T06:08:34.830+0000] {logging_mixin.py:120} INFO - [2025-07-20T06:08:34.829+0000] {dag.py:3340} INFO - Setting next_dagrun for example_xcom_args to None, run_after=None
[2025-07-20T06:08:34.838+0000] {logging_mixin.py:120} INFO - [2025-07-20T06:08:34.838+0000] {dag.py:3340} INFO - Setting next_dagrun for example_xcom_args_with_operators to None, run_after=None
[2025-07-20T06:08:34.868+0000] {processor.py:176} INFO - Processing /home/airflow/.local/lib/python3.7/site-packages/airflow/example_dags/example_xcomargs.py took 0.237 seconds
[2025-07-20T06:09:05.521+0000] {processor.py:154} INFO - Started process (PID=1024) to work on /home/airflow/.local/lib/python3.7/site-packages/airflow/example_dags/example_xcomargs.py
[2025-07-20T06:09:05.524+0000] {processor.py:756} INFO - Processing file /home/airflow/.local/lib/python3.7/site-packages/airflow/example_dags/example_xcomargs.py for tasks to queue
[2025-07-20T06:09:05.525+0000] {logging_mixin.py:120} INFO - [2025-07-20T06:09:05.525+0000] {dagbag.py:537} INFO - Filling up the DagBag from /home/airflow/.local/lib/python3.7/site-packages/airflow/example_dags/example_xcomargs.py
[2025-07-20T06:09:05.556+0000] {processor.py:766} INFO - DAG(s) dict_keys(['example_xcom_args', 'example_xcom_args_with_operators']) retrieved from /home/airflow/.local/lib/python3.7/site-packages/airflow/example_dags/example_xcomargs.py
[2025-07-20T06:09:05.627+0000] {logging_mixin.py:120} INFO - [2025-07-20T06:09:05.627+0000] {dag.py:2585} INFO - Sync 2 DAGs
[2025-07-20T06:09:05.663+0000] {logging_mixin.py:120} INFO - [2025-07-20T06:09:05.663+0000] {dag.py:3340} INFO - Setting next_dagrun for example_xcom_args to None, run_after=None
[2025-07-20T06:09:05.669+0000] {logging_mixin.py:120} INFO - [2025-07-20T06:09:05.668+0000] {dag.py:3340} INFO - Setting next_dagrun for example_xcom_args_with_operators to None, run_after=None
[2025-07-20T06:09:05.706+0000] {processor.py:176} INFO - Processing /home/airflow/.local/lib/python3.7/site-packages/airflow/example_dags/example_xcomargs.py took 0.193 seconds
[2025-07-20T06:09:36.165+0000] {processor.py:154} INFO - Started process (PID=1076) to work on /home/airflow/.local/lib/python3.7/site-packages/airflow/example_dags/example_xcomargs.py
[2025-07-20T06:09:36.170+0000] {processor.py:756} INFO - Processing file /home/airflow/.local/lib/python3.7/site-packages/airflow/example_dags/example_xcomargs.py for tasks to queue
[2025-07-20T06:09:36.176+0000] {logging_mixin.py:120} INFO - [2025-07-20T06:09:36.175+0000] {dagbag.py:537} INFO - Filling up the DagBag from /home/airflow/.local/lib/python3.7/site-packages/airflow/example_dags/example_xcomargs.py
[2025-07-20T06:09:36.241+0000] {processor.py:766} INFO - DAG(s) dict_keys(['example_xcom_args', 'example_xcom_args_with_operators']) retrieved from /home/airflow/.local/lib/python3.7/site-packages/airflow/example_dags/example_xcomargs.py
[2025-07-20T06:09:36.422+0000] {logging_mixin.py:120} INFO - [2025-07-20T06:09:36.422+0000] {dag.py:2585} INFO - Sync 2 DAGs
[2025-07-20T06:09:36.549+0000] {logging_mixin.py:120} INFO - [2025-07-20T06:09:36.547+0000] {dag.py:3340} INFO - Setting next_dagrun for example_xcom_args to None, run_after=None
[2025-07-20T06:09:36.575+0000] {logging_mixin.py:120} INFO - [2025-07-20T06:09:36.575+0000] {dag.py:3340} INFO - Setting next_dagrun for example_xcom_args_with_operators to None, run_after=None
[2025-07-20T06:09:36.638+0000] {processor.py:176} INFO - Processing /home/airflow/.local/lib/python3.7/site-packages/airflow/example_dags/example_xcomargs.py took 0.482 seconds
[2025-07-20T06:10:08.398+0000] {processor.py:154} INFO - Started process (PID=1137) to work on /home/airflow/.local/lib/python3.7/site-packages/airflow/example_dags/example_xcomargs.py
[2025-07-20T06:10:08.424+0000] {processor.py:756} INFO - Processing file /home/airflow/.local/lib/python3.7/site-packages/airflow/example_dags/example_xcomargs.py for tasks to queue
[2025-07-20T06:10:08.433+0000] {logging_mixin.py:120} INFO - [2025-07-20T06:10:08.433+0000] {dagbag.py:537} INFO - Filling up the DagBag from /home/airflow/.local/lib/python3.7/site-packages/airflow/example_dags/example_xcomargs.py
[2025-07-20T06:10:08.696+0000] {processor.py:766} INFO - DAG(s) dict_keys(['example_xcom_args_with_operators', 'example_xcom_args']) retrieved from /home/airflow/.local/lib/python3.7/site-packages/airflow/example_dags/example_xcomargs.py
[2025-07-20T06:10:09.162+0000] {logging_mixin.py:120} INFO - [2025-07-20T06:10:09.162+0000] {dag.py:2585} INFO - Sync 2 DAGs
[2025-07-20T06:10:09.562+0000] {logging_mixin.py:120} INFO - [2025-07-20T06:10:09.561+0000] {dag.py:3340} INFO - Setting next_dagrun for example_xcom_args to None, run_after=None
[2025-07-20T06:10:09.579+0000] {logging_mixin.py:120} INFO - [2025-07-20T06:10:09.579+0000] {dag.py:3340} INFO - Setting next_dagrun for example_xcom_args_with_operators to None, run_after=None
[2025-07-20T06:10:09.711+0000] {processor.py:176} INFO - Processing /home/airflow/.local/lib/python3.7/site-packages/airflow/example_dags/example_xcomargs.py took 1.340 seconds
[2025-07-20T06:10:40.348+0000] {processor.py:154} INFO - Started process (PID=1192) to work on /home/airflow/.local/lib/python3.7/site-packages/airflow/example_dags/example_xcomargs.py
[2025-07-20T06:10:40.372+0000] {processor.py:756} INFO - Processing file /home/airflow/.local/lib/python3.7/site-packages/airflow/example_dags/example_xcomargs.py for tasks to queue
[2025-07-20T06:10:40.388+0000] {logging_mixin.py:120} INFO - [2025-07-20T06:10:40.388+0000] {dagbag.py:537} INFO - Filling up the DagBag from /home/airflow/.local/lib/python3.7/site-packages/airflow/example_dags/example_xcomargs.py
[2025-07-20T06:10:40.599+0000] {processor.py:766} INFO - DAG(s) dict_keys(['example_xcom_args_with_operators', 'example_xcom_args']) retrieved from /home/airflow/.local/lib/python3.7/site-packages/airflow/example_dags/example_xcomargs.py
[2025-07-20T06:10:40.983+0000] {logging_mixin.py:120} INFO - [2025-07-20T06:10:40.983+0000] {dag.py:2585} INFO - Sync 2 DAGs
[2025-07-20T06:10:41.179+0000] {logging_mixin.py:120} INFO - [2025-07-20T06:10:41.179+0000] {dag.py:3340} INFO - Setting next_dagrun for example_xcom_args to None, run_after=None
[2025-07-20T06:10:41.209+0000] {logging_mixin.py:120} INFO - [2025-07-20T06:10:41.208+0000] {dag.py:3340} INFO - Setting next_dagrun for example_xcom_args_with_operators to None, run_after=None
[2025-07-20T06:10:41.433+0000] {processor.py:176} INFO - Processing /home/airflow/.local/lib/python3.7/site-packages/airflow/example_dags/example_xcomargs.py took 1.092 seconds
[2025-07-20T06:11:11.604+0000] {processor.py:154} INFO - Started process (PID=1245) to work on /home/airflow/.local/lib/python3.7/site-packages/airflow/example_dags/example_xcomargs.py
[2025-07-20T06:11:11.607+0000] {processor.py:756} INFO - Processing file /home/airflow/.local/lib/python3.7/site-packages/airflow/example_dags/example_xcomargs.py for tasks to queue
[2025-07-20T06:11:11.609+0000] {logging_mixin.py:120} INFO - [2025-07-20T06:11:11.608+0000] {dagbag.py:537} INFO - Filling up the DagBag from /home/airflow/.local/lib/python3.7/site-packages/airflow/example_dags/example_xcomargs.py
[2025-07-20T06:11:11.674+0000] {processor.py:766} INFO - DAG(s) dict_keys(['example_xcom_args_with_operators', 'example_xcom_args']) retrieved from /home/airflow/.local/lib/python3.7/site-packages/airflow/example_dags/example_xcomargs.py
[2025-07-20T06:11:11.789+0000] {logging_mixin.py:120} INFO - [2025-07-20T06:11:11.789+0000] {dag.py:2585} INFO - Sync 2 DAGs
[2025-07-20T06:11:11.817+0000] {logging_mixin.py:120} INFO - [2025-07-20T06:11:11.816+0000] {dag.py:3340} INFO - Setting next_dagrun for example_xcom_args to None, run_after=None
[2025-07-20T06:11:11.821+0000] {logging_mixin.py:120} INFO - [2025-07-20T06:11:11.820+0000] {dag.py:3340} INFO - Setting next_dagrun for example_xcom_args_with_operators to None, run_after=None
[2025-07-20T06:11:11.848+0000] {processor.py:176} INFO - Processing /home/airflow/.local/lib/python3.7/site-packages/airflow/example_dags/example_xcomargs.py took 0.253 seconds
[2025-07-20T06:11:42.373+0000] {processor.py:154} INFO - Started process (PID=1308) to work on /home/airflow/.local/lib/python3.7/site-packages/airflow/example_dags/example_xcomargs.py
[2025-07-20T06:11:42.376+0000] {processor.py:756} INFO - Processing file /home/airflow/.local/lib/python3.7/site-packages/airflow/example_dags/example_xcomargs.py for tasks to queue
[2025-07-20T06:11:42.380+0000] {logging_mixin.py:120} INFO - [2025-07-20T06:11:42.379+0000] {dagbag.py:537} INFO - Filling up the DagBag from /home/airflow/.local/lib/python3.7/site-packages/airflow/example_dags/example_xcomargs.py
[2025-07-20T06:11:42.433+0000] {processor.py:766} INFO - DAG(s) dict_keys(['example_xcom_args', 'example_xcom_args_with_operators']) retrieved from /home/airflow/.local/lib/python3.7/site-packages/airflow/example_dags/example_xcomargs.py
[2025-07-20T06:11:42.505+0000] {logging_mixin.py:120} INFO - [2025-07-20T06:11:42.505+0000] {dag.py:2585} INFO - Sync 2 DAGs
[2025-07-20T06:11:42.550+0000] {logging_mixin.py:120} INFO - [2025-07-20T06:11:42.549+0000] {dag.py:3340} INFO - Setting next_dagrun for example_xcom_args to None, run_after=None
[2025-07-20T06:11:42.557+0000] {logging_mixin.py:120} INFO - [2025-07-20T06:11:42.556+0000] {dag.py:3340} INFO - Setting next_dagrun for example_xcom_args_with_operators to None, run_after=None
[2025-07-20T06:11:42.596+0000] {processor.py:176} INFO - Processing /home/airflow/.local/lib/python3.7/site-packages/airflow/example_dags/example_xcomargs.py took 0.230 seconds
[2025-07-20T06:12:12.746+0000] {processor.py:154} INFO - Started process (PID=1362) to work on /home/airflow/.local/lib/python3.7/site-packages/airflow/example_dags/example_xcomargs.py
[2025-07-20T06:12:12.748+0000] {processor.py:756} INFO - Processing file /home/airflow/.local/lib/python3.7/site-packages/airflow/example_dags/example_xcomargs.py for tasks to queue
[2025-07-20T06:12:12.750+0000] {logging_mixin.py:120} INFO - [2025-07-20T06:12:12.749+0000] {dagbag.py:537} INFO - Filling up the DagBag from /home/airflow/.local/lib/python3.7/site-packages/airflow/example_dags/example_xcomargs.py
[2025-07-20T06:12:12.795+0000] {processor.py:766} INFO - DAG(s) dict_keys(['example_xcom_args', 'example_xcom_args_with_operators']) retrieved from /home/airflow/.local/lib/python3.7/site-packages/airflow/example_dags/example_xcomargs.py
[2025-07-20T06:12:12.874+0000] {logging_mixin.py:120} INFO - [2025-07-20T06:12:12.874+0000] {dag.py:2585} INFO - Sync 2 DAGs
[2025-07-20T06:12:12.918+0000] {logging_mixin.py:120} INFO - [2025-07-20T06:12:12.918+0000] {dag.py:3340} INFO - Setting next_dagrun for example_xcom_args to None, run_after=None
[2025-07-20T06:12:12.927+0000] {logging_mixin.py:120} INFO - [2025-07-20T06:12:12.927+0000] {dag.py:3340} INFO - Setting next_dagrun for example_xcom_args_with_operators to None, run_after=None
[2025-07-20T06:12:12.962+0000] {processor.py:176} INFO - Processing /home/airflow/.local/lib/python3.7/site-packages/airflow/example_dags/example_xcomargs.py took 0.221 seconds
[2025-07-20T06:12:43.251+0000] {processor.py:154} INFO - Started process (PID=1423) to work on /home/airflow/.local/lib/python3.7/site-packages/airflow/example_dags/example_xcomargs.py
[2025-07-20T06:12:43.255+0000] {processor.py:756} INFO - Processing file /home/airflow/.local/lib/python3.7/site-packages/airflow/example_dags/example_xcomargs.py for tasks to queue
[2025-07-20T06:12:43.258+0000] {logging_mixin.py:120} INFO - [2025-07-20T06:12:43.257+0000] {dagbag.py:537} INFO - Filling up the DagBag from /home/airflow/.local/lib/python3.7/site-packages/airflow/example_dags/example_xcomargs.py
[2025-07-20T06:12:43.303+0000] {processor.py:766} INFO - DAG(s) dict_keys(['example_xcom_args_with_operators', 'example_xcom_args']) retrieved from /home/airflow/.local/lib/python3.7/site-packages/airflow/example_dags/example_xcomargs.py
[2025-07-20T06:12:43.353+0000] {logging_mixin.py:120} INFO - [2025-07-20T06:12:43.352+0000] {dag.py:2585} INFO - Sync 2 DAGs
[2025-07-20T06:12:43.379+0000] {logging_mixin.py:120} INFO - [2025-07-20T06:12:43.379+0000] {dag.py:3340} INFO - Setting next_dagrun for example_xcom_args to None, run_after=None
[2025-07-20T06:12:43.383+0000] {logging_mixin.py:120} INFO - [2025-07-20T06:12:43.383+0000] {dag.py:3340} INFO - Setting next_dagrun for example_xcom_args_with_operators to None, run_after=None
[2025-07-20T06:12:43.411+0000] {processor.py:176} INFO - Processing /home/airflow/.local/lib/python3.7/site-packages/airflow/example_dags/example_xcomargs.py took 0.170 seconds
[2025-07-20T06:13:14.182+0000] {processor.py:154} INFO - Started process (PID=1476) to work on /home/airflow/.local/lib/python3.7/site-packages/airflow/example_dags/example_xcomargs.py
[2025-07-20T06:13:14.187+0000] {processor.py:756} INFO - Processing file /home/airflow/.local/lib/python3.7/site-packages/airflow/example_dags/example_xcomargs.py for tasks to queue
[2025-07-20T06:13:14.190+0000] {logging_mixin.py:120} INFO - [2025-07-20T06:13:14.189+0000] {dagbag.py:537} INFO - Filling up the DagBag from /home/airflow/.local/lib/python3.7/site-packages/airflow/example_dags/example_xcomargs.py
[2025-07-20T06:13:14.248+0000] {processor.py:766} INFO - DAG(s) dict_keys(['example_xcom_args', 'example_xcom_args_with_operators']) retrieved from /home/airflow/.local/lib/python3.7/site-packages/airflow/example_dags/example_xcomargs.py
[2025-07-20T06:13:14.386+0000] {logging_mixin.py:120} INFO - [2025-07-20T06:13:14.386+0000] {dag.py:2585} INFO - Sync 2 DAGs
[2025-07-20T06:13:14.479+0000] {logging_mixin.py:120} INFO - [2025-07-20T06:13:14.479+0000] {dag.py:3340} INFO - Setting next_dagrun for example_xcom_args to None, run_after=None
[2025-07-20T06:13:14.489+0000] {logging_mixin.py:120} INFO - [2025-07-20T06:13:14.489+0000] {dag.py:3340} INFO - Setting next_dagrun for example_xcom_args_with_operators to None, run_after=None
[2025-07-20T06:13:14.552+0000] {processor.py:176} INFO - Processing /home/airflow/.local/lib/python3.7/site-packages/airflow/example_dags/example_xcomargs.py took 0.380 seconds
[2025-07-20T06:13:44.857+0000] {processor.py:154} INFO - Started process (PID=1539) to work on /home/airflow/.local/lib/python3.7/site-packages/airflow/example_dags/example_xcomargs.py
[2025-07-20T06:13:44.861+0000] {processor.py:756} INFO - Processing file /home/airflow/.local/lib/python3.7/site-packages/airflow/example_dags/example_xcomargs.py for tasks to queue
[2025-07-20T06:13:44.866+0000] {logging_mixin.py:120} INFO - [2025-07-20T06:13:44.865+0000] {dagbag.py:537} INFO - Filling up the DagBag from /home/airflow/.local/lib/python3.7/site-packages/airflow/example_dags/example_xcomargs.py
[2025-07-20T06:13:44.954+0000] {processor.py:766} INFO - DAG(s) dict_keys(['example_xcom_args_with_operators', 'example_xcom_args']) retrieved from /home/airflow/.local/lib/python3.7/site-packages/airflow/example_dags/example_xcomargs.py
[2025-07-20T06:13:45.077+0000] {logging_mixin.py:120} INFO - [2025-07-20T06:13:45.076+0000] {dag.py:2585} INFO - Sync 2 DAGs
[2025-07-20T06:13:45.107+0000] {logging_mixin.py:120} INFO - [2025-07-20T06:13:45.107+0000] {dag.py:3340} INFO - Setting next_dagrun for example_xcom_args to None, run_after=None
[2025-07-20T06:13:45.114+0000] {logging_mixin.py:120} INFO - [2025-07-20T06:13:45.114+0000] {dag.py:3340} INFO - Setting next_dagrun for example_xcom_args_with_operators to None, run_after=None
[2025-07-20T06:13:45.152+0000] {processor.py:176} INFO - Processing /home/airflow/.local/lib/python3.7/site-packages/airflow/example_dags/example_xcomargs.py took 0.308 seconds
[2025-07-20T06:14:15.461+0000] {processor.py:154} INFO - Started process (PID=1594) to work on /home/airflow/.local/lib/python3.7/site-packages/airflow/example_dags/example_xcomargs.py
[2025-07-20T06:14:15.463+0000] {processor.py:756} INFO - Processing file /home/airflow/.local/lib/python3.7/site-packages/airflow/example_dags/example_xcomargs.py for tasks to queue
[2025-07-20T06:14:15.464+0000] {logging_mixin.py:120} INFO - [2025-07-20T06:14:15.464+0000] {dagbag.py:537} INFO - Filling up the DagBag from /home/airflow/.local/lib/python3.7/site-packages/airflow/example_dags/example_xcomargs.py
[2025-07-20T06:14:15.513+0000] {processor.py:766} INFO - DAG(s) dict_keys(['example_xcom_args', 'example_xcom_args_with_operators']) retrieved from /home/airflow/.local/lib/python3.7/site-packages/airflow/example_dags/example_xcomargs.py
[2025-07-20T06:14:15.590+0000] {logging_mixin.py:120} INFO - [2025-07-20T06:14:15.590+0000] {dag.py:2585} INFO - Sync 2 DAGs
[2025-07-20T06:14:15.629+0000] {logging_mixin.py:120} INFO - [2025-07-20T06:14:15.629+0000] {dag.py:3340} INFO - Setting next_dagrun for example_xcom_args to None, run_after=None
[2025-07-20T06:14:15.635+0000] {logging_mixin.py:120} INFO - [2025-07-20T06:14:15.635+0000] {dag.py:3340} INFO - Setting next_dagrun for example_xcom_args_with_operators to None, run_after=None
[2025-07-20T06:14:15.669+0000] {processor.py:176} INFO - Processing /home/airflow/.local/lib/python3.7/site-packages/airflow/example_dags/example_xcomargs.py took 0.222 seconds
[2025-07-20T06:14:45.881+0000] {processor.py:154} INFO - Started process (PID=1656) to work on /home/airflow/.local/lib/python3.7/site-packages/airflow/example_dags/example_xcomargs.py
[2025-07-20T06:14:45.884+0000] {processor.py:756} INFO - Processing file /home/airflow/.local/lib/python3.7/site-packages/airflow/example_dags/example_xcomargs.py for tasks to queue
[2025-07-20T06:14:45.886+0000] {logging_mixin.py:120} INFO - [2025-07-20T06:14:45.886+0000] {dagbag.py:537} INFO - Filling up the DagBag from /home/airflow/.local/lib/python3.7/site-packages/airflow/example_dags/example_xcomargs.py
[2025-07-20T06:14:46.010+0000] {processor.py:766} INFO - DAG(s) dict_keys(['example_xcom_args', 'example_xcom_args_with_operators']) retrieved from /home/airflow/.local/lib/python3.7/site-packages/airflow/example_dags/example_xcomargs.py
[2025-07-20T06:14:46.196+0000] {logging_mixin.py:120} INFO - [2025-07-20T06:14:46.195+0000] {dag.py:2585} INFO - Sync 2 DAGs
[2025-07-20T06:14:46.247+0000] {logging_mixin.py:120} INFO - [2025-07-20T06:14:46.247+0000] {dag.py:3340} INFO - Setting next_dagrun for example_xcom_args to None, run_after=None
[2025-07-20T06:14:46.252+0000] {logging_mixin.py:120} INFO - [2025-07-20T06:14:46.252+0000] {dag.py:3340} INFO - Setting next_dagrun for example_xcom_args_with_operators to None, run_after=None
[2025-07-20T06:14:46.293+0000] {processor.py:176} INFO - Processing /home/airflow/.local/lib/python3.7/site-packages/airflow/example_dags/example_xcomargs.py took 0.426 seconds
[2025-07-20T06:15:18.576+0000] {processor.py:154} INFO - Started process (PID=1709) to work on /home/airflow/.local/lib/python3.7/site-packages/airflow/example_dags/example_xcomargs.py
[2025-07-20T06:15:18.589+0000] {processor.py:756} INFO - Processing file /home/airflow/.local/lib/python3.7/site-packages/airflow/example_dags/example_xcomargs.py for tasks to queue
[2025-07-20T06:15:18.596+0000] {logging_mixin.py:120} INFO - [2025-07-20T06:15:18.596+0000] {dagbag.py:537} INFO - Filling up the DagBag from /home/airflow/.local/lib/python3.7/site-packages/airflow/example_dags/example_xcomargs.py
[2025-07-20T06:15:18.946+0000] {processor.py:766} INFO - DAG(s) dict_keys(['example_xcom_args', 'example_xcom_args_with_operators']) retrieved from /home/airflow/.local/lib/python3.7/site-packages/airflow/example_dags/example_xcomargs.py
[2025-07-20T06:15:19.387+0000] {logging_mixin.py:120} INFO - [2025-07-20T06:15:19.386+0000] {dag.py:2585} INFO - Sync 2 DAGs
[2025-07-20T06:15:19.656+0000] {logging_mixin.py:120} INFO - [2025-07-20T06:15:19.655+0000] {dag.py:3340} INFO - Setting next_dagrun for example_xcom_args to None, run_after=None
[2025-07-20T06:15:19.688+0000] {logging_mixin.py:120} INFO - [2025-07-20T06:15:19.688+0000] {dag.py:3340} INFO - Setting next_dagrun for example_xcom_args_with_operators to None, run_after=None
[2025-07-20T06:15:19.839+0000] {processor.py:176} INFO - Processing /home/airflow/.local/lib/python3.7/site-packages/airflow/example_dags/example_xcomargs.py took 1.282 seconds
