[2025-07-20T05:59:19.082+0000] {processor.py:154} INFO - Started process (PID=102) to work on /home/airflow/.local/lib/python3.7/site-packages/airflow/example_dags/example_python_operator.py
[2025-07-20T05:59:19.134+0000] {processor.py:756} INFO - Processing file /home/airflow/.local/lib/python3.7/site-packages/airflow/example_dags/example_python_operator.py for tasks to queue
[2025-07-20T05:59:19.180+0000] {logging_mixin.py:120} INFO - [2025-07-20T05:59:19.179+0000] {dagbag.py:537} INFO - Filling up the DagBag from /home/airflow/.local/lib/python3.7/site-packages/airflow/example_dags/example_python_operator.py
[2025-07-20T05:59:19.712+0000] {logging_mixin.py:120} INFO - [2025-07-20T05:59:19.711+0000] {taskmixin.py:205} WARNING - Dependency <Task(_PythonDecoratedOperator): print_the_context>, log_sql_query already registered for DAG: example_python_operator
[2025-07-20T05:59:19.757+0000] {logging_mixin.py:120} INFO - [2025-07-20T05:59:19.756+0000] {taskmixin.py:205} WARNING - Dependency <Task(_PythonDecoratedOperator): log_sql_query>, print_the_context already registered for DAG: example_python_operator
[2025-07-20T05:59:19.760+0000] {logging_mixin.py:120} INFO - [2025-07-20T05:59:19.759+0000] {taskmixin.py:205} WARNING - Dependency <Task(_PythonDecoratedOperator): print_the_context>, log_sql_query already registered for DAG: example_python_operator
[2025-07-20T05:59:19.777+0000] {logging_mixin.py:120} INFO - [2025-07-20T05:59:19.772+0000] {taskmixin.py:205} WARNING - Dependency <Task(_PythonDecoratedOperator): log_sql_query>, print_the_context already registered for DAG: example_python_operator
[2025-07-20T05:59:19.940+0000] {logging_mixin.py:120} INFO - [2025-07-20T05:59:19.939+0000] {taskmixin.py:205} WARNING - Dependency <Task(_PythonDecoratedOperator): print_the_context>, log_sql_query already registered for DAG: example_python_operator
[2025-07-20T05:59:19.959+0000] {logging_mixin.py:120} INFO - [2025-07-20T05:59:19.959+0000] {taskmixin.py:205} WARNING - Dependency <Task(_PythonDecoratedOperator): log_sql_query>, print_the_context already registered for DAG: example_python_operator
[2025-07-20T05:59:19.992+0000] {logging_mixin.py:120} INFO - [2025-07-20T05:59:19.992+0000] {taskmixin.py:205} WARNING - Dependency <Task(_PythonDecoratedOperator): print_the_context>, log_sql_query already registered for DAG: example_python_operator
[2025-07-20T05:59:20.048+0000] {logging_mixin.py:120} INFO - [2025-07-20T05:59:20.046+0000] {taskmixin.py:205} WARNING - Dependency <Task(_PythonDecoratedOperator): log_sql_query>, print_the_context already registered for DAG: example_python_operator
[2025-07-20T05:59:20.588+0000] {processor.py:766} INFO - DAG(s) dict_keys(['example_python_operator']) retrieved from /home/airflow/.local/lib/python3.7/site-packages/airflow/example_dags/example_python_operator.py
[2025-07-20T05:59:22.111+0000] {logging_mixin.py:120} INFO - [2025-07-20T05:59:22.111+0000] {dag.py:2585} INFO - Sync 1 DAGs
[2025-07-20T05:59:23.553+0000] {logging_mixin.py:120} INFO - [2025-07-20T05:59:23.552+0000] {dag.py:3340} INFO - Setting next_dagrun for example_python_operator to None, run_after=None
[2025-07-20T05:59:24.567+0000] {processor.py:176} INFO - Processing /home/airflow/.local/lib/python3.7/site-packages/airflow/example_dags/example_python_operator.py took 5.603 seconds
[2025-07-20T06:01:33.292+0000] {processor.py:154} INFO - Started process (PID=200) to work on /home/airflow/.local/lib/python3.7/site-packages/airflow/example_dags/example_python_operator.py
[2025-07-20T06:01:33.316+0000] {processor.py:756} INFO - Processing file /home/airflow/.local/lib/python3.7/site-packages/airflow/example_dags/example_python_operator.py for tasks to queue
[2025-07-20T06:01:33.358+0000] {logging_mixin.py:120} INFO - [2025-07-20T06:01:33.357+0000] {dagbag.py:537} INFO - Filling up the DagBag from /home/airflow/.local/lib/python3.7/site-packages/airflow/example_dags/example_python_operator.py
[2025-07-20T06:01:33.519+0000] {logging_mixin.py:120} INFO - [2025-07-20T06:01:33.518+0000] {taskmixin.py:205} WARNING - Dependency <Task(_PythonDecoratedOperator): print_the_context>, log_sql_query already registered for DAG: example_python_operator
[2025-07-20T06:01:33.529+0000] {logging_mixin.py:120} INFO - [2025-07-20T06:01:33.529+0000] {taskmixin.py:205} WARNING - Dependency <Task(_PythonDecoratedOperator): log_sql_query>, print_the_context already registered for DAG: example_python_operator
[2025-07-20T06:01:33.538+0000] {logging_mixin.py:120} INFO - [2025-07-20T06:01:33.538+0000] {taskmixin.py:205} WARNING - Dependency <Task(_PythonDecoratedOperator): print_the_context>, log_sql_query already registered for DAG: example_python_operator
[2025-07-20T06:01:33.539+0000] {logging_mixin.py:120} INFO - [2025-07-20T06:01:33.539+0000] {taskmixin.py:205} WARNING - Dependency <Task(_PythonDecoratedOperator): log_sql_query>, print_the_context already registered for DAG: example_python_operator
[2025-07-20T06:01:33.543+0000] {logging_mixin.py:120} INFO - [2025-07-20T06:01:33.543+0000] {taskmixin.py:205} WARNING - Dependency <Task(_PythonDecoratedOperator): print_the_context>, log_sql_query already registered for DAG: example_python_operator
[2025-07-20T06:01:33.544+0000] {logging_mixin.py:120} INFO - [2025-07-20T06:01:33.544+0000] {taskmixin.py:205} WARNING - Dependency <Task(_PythonDecoratedOperator): log_sql_query>, print_the_context already registered for DAG: example_python_operator
[2025-07-20T06:01:33.546+0000] {logging_mixin.py:120} INFO - [2025-07-20T06:01:33.546+0000] {taskmixin.py:205} WARNING - Dependency <Task(_PythonDecoratedOperator): print_the_context>, log_sql_query already registered for DAG: example_python_operator
[2025-07-20T06:01:33.549+0000] {logging_mixin.py:120} INFO - [2025-07-20T06:01:33.549+0000] {taskmixin.py:205} WARNING - Dependency <Task(_PythonDecoratedOperator): log_sql_query>, print_the_context already registered for DAG: example_python_operator
[2025-07-20T06:01:33.597+0000] {processor.py:766} INFO - DAG(s) dict_keys(['example_python_operator']) retrieved from /home/airflow/.local/lib/python3.7/site-packages/airflow/example_dags/example_python_operator.py
[2025-07-20T06:01:33.846+0000] {logging_mixin.py:120} INFO - [2025-07-20T06:01:33.845+0000] {dag.py:2585} INFO - Sync 1 DAGs
[2025-07-20T06:01:33.989+0000] {logging_mixin.py:120} INFO - [2025-07-20T06:01:33.989+0000] {dag.py:3340} INFO - Setting next_dagrun for example_python_operator to None, run_after=None
[2025-07-20T06:01:34.082+0000] {processor.py:176} INFO - Processing /home/airflow/.local/lib/python3.7/site-packages/airflow/example_dags/example_python_operator.py took 0.805 seconds
[2025-07-20T06:02:11.481+0000] {processor.py:154} INFO - Started process (PID=254) to work on /home/airflow/.local/lib/python3.7/site-packages/airflow/example_dags/example_python_operator.py
[2025-07-20T06:02:11.483+0000] {processor.py:756} INFO - Processing file /home/airflow/.local/lib/python3.7/site-packages/airflow/example_dags/example_python_operator.py for tasks to queue
[2025-07-20T06:02:11.488+0000] {logging_mixin.py:120} INFO - [2025-07-20T06:02:11.487+0000] {dagbag.py:537} INFO - Filling up the DagBag from /home/airflow/.local/lib/python3.7/site-packages/airflow/example_dags/example_python_operator.py
[2025-07-20T06:02:11.525+0000] {logging_mixin.py:120} INFO - [2025-07-20T06:02:11.525+0000] {taskmixin.py:205} WARNING - Dependency <Task(_PythonDecoratedOperator): print_the_context>, log_sql_query already registered for DAG: example_python_operator
[2025-07-20T06:02:11.527+0000] {logging_mixin.py:120} INFO - [2025-07-20T06:02:11.526+0000] {taskmixin.py:205} WARNING - Dependency <Task(_PythonDecoratedOperator): log_sql_query>, print_the_context already registered for DAG: example_python_operator
[2025-07-20T06:02:11.529+0000] {logging_mixin.py:120} INFO - [2025-07-20T06:02:11.529+0000] {taskmixin.py:205} WARNING - Dependency <Task(_PythonDecoratedOperator): print_the_context>, log_sql_query already registered for DAG: example_python_operator
[2025-07-20T06:02:11.530+0000] {logging_mixin.py:120} INFO - [2025-07-20T06:02:11.530+0000] {taskmixin.py:205} WARNING - Dependency <Task(_PythonDecoratedOperator): log_sql_query>, print_the_context already registered for DAG: example_python_operator
[2025-07-20T06:02:11.533+0000] {logging_mixin.py:120} INFO - [2025-07-20T06:02:11.532+0000] {taskmixin.py:205} WARNING - Dependency <Task(_PythonDecoratedOperator): print_the_context>, log_sql_query already registered for DAG: example_python_operator
[2025-07-20T06:02:11.534+0000] {logging_mixin.py:120} INFO - [2025-07-20T06:02:11.534+0000] {taskmixin.py:205} WARNING - Dependency <Task(_PythonDecoratedOperator): log_sql_query>, print_the_context already registered for DAG: example_python_operator
[2025-07-20T06:02:11.538+0000] {logging_mixin.py:120} INFO - [2025-07-20T06:02:11.537+0000] {taskmixin.py:205} WARNING - Dependency <Task(_PythonDecoratedOperator): print_the_context>, log_sql_query already registered for DAG: example_python_operator
[2025-07-20T06:02:11.540+0000] {logging_mixin.py:120} INFO - [2025-07-20T06:02:11.539+0000] {taskmixin.py:205} WARNING - Dependency <Task(_PythonDecoratedOperator): log_sql_query>, print_the_context already registered for DAG: example_python_operator
[2025-07-20T06:02:11.560+0000] {processor.py:766} INFO - DAG(s) dict_keys(['example_python_operator']) retrieved from /home/airflow/.local/lib/python3.7/site-packages/airflow/example_dags/example_python_operator.py
[2025-07-20T06:02:11.682+0000] {logging_mixin.py:120} INFO - [2025-07-20T06:02:11.681+0000] {dag.py:2585} INFO - Sync 1 DAGs
[2025-07-20T06:02:11.747+0000] {logging_mixin.py:120} INFO - [2025-07-20T06:02:11.747+0000] {dag.py:3340} INFO - Setting next_dagrun for example_python_operator to None, run_after=None
[2025-07-20T06:02:11.814+0000] {processor.py:176} INFO - Processing /home/airflow/.local/lib/python3.7/site-packages/airflow/example_dags/example_python_operator.py took 0.340 seconds
[2025-07-20T06:02:42.321+0000] {processor.py:154} INFO - Started process (PID=317) to work on /home/airflow/.local/lib/python3.7/site-packages/airflow/example_dags/example_python_operator.py
[2025-07-20T06:02:42.323+0000] {processor.py:756} INFO - Processing file /home/airflow/.local/lib/python3.7/site-packages/airflow/example_dags/example_python_operator.py for tasks to queue
[2025-07-20T06:02:42.324+0000] {logging_mixin.py:120} INFO - [2025-07-20T06:02:42.324+0000] {dagbag.py:537} INFO - Filling up the DagBag from /home/airflow/.local/lib/python3.7/site-packages/airflow/example_dags/example_python_operator.py
[2025-07-20T06:02:42.370+0000] {logging_mixin.py:120} INFO - [2025-07-20T06:02:42.370+0000] {taskmixin.py:205} WARNING - Dependency <Task(_PythonDecoratedOperator): print_the_context>, log_sql_query already registered for DAG: example_python_operator
[2025-07-20T06:02:42.371+0000] {logging_mixin.py:120} INFO - [2025-07-20T06:02:42.371+0000] {taskmixin.py:205} WARNING - Dependency <Task(_PythonDecoratedOperator): log_sql_query>, print_the_context already registered for DAG: example_python_operator
[2025-07-20T06:02:42.373+0000] {logging_mixin.py:120} INFO - [2025-07-20T06:02:42.373+0000] {taskmixin.py:205} WARNING - Dependency <Task(_PythonDecoratedOperator): print_the_context>, log_sql_query already registered for DAG: example_python_operator
[2025-07-20T06:02:42.376+0000] {logging_mixin.py:120} INFO - [2025-07-20T06:02:42.375+0000] {taskmixin.py:205} WARNING - Dependency <Task(_PythonDecoratedOperator): log_sql_query>, print_the_context already registered for DAG: example_python_operator
[2025-07-20T06:02:42.377+0000] {logging_mixin.py:120} INFO - [2025-07-20T06:02:42.377+0000] {taskmixin.py:205} WARNING - Dependency <Task(_PythonDecoratedOperator): print_the_context>, log_sql_query already registered for DAG: example_python_operator
[2025-07-20T06:02:42.378+0000] {logging_mixin.py:120} INFO - [2025-07-20T06:02:42.378+0000] {taskmixin.py:205} WARNING - Dependency <Task(_PythonDecoratedOperator): log_sql_query>, print_the_context already registered for DAG: example_python_operator
[2025-07-20T06:02:42.379+0000] {logging_mixin.py:120} INFO - [2025-07-20T06:02:42.379+0000] {taskmixin.py:205} WARNING - Dependency <Task(_PythonDecoratedOperator): print_the_context>, log_sql_query already registered for DAG: example_python_operator
[2025-07-20T06:02:42.380+0000] {logging_mixin.py:120} INFO - [2025-07-20T06:02:42.380+0000] {taskmixin.py:205} WARNING - Dependency <Task(_PythonDecoratedOperator): log_sql_query>, print_the_context already registered for DAG: example_python_operator
[2025-07-20T06:02:42.397+0000] {processor.py:766} INFO - DAG(s) dict_keys(['example_python_operator']) retrieved from /home/airflow/.local/lib/python3.7/site-packages/airflow/example_dags/example_python_operator.py
[2025-07-20T06:02:42.531+0000] {logging_mixin.py:120} INFO - [2025-07-20T06:02:42.530+0000] {dag.py:2585} INFO - Sync 1 DAGs
[2025-07-20T06:02:42.597+0000] {logging_mixin.py:120} INFO - [2025-07-20T06:02:42.596+0000] {dag.py:3340} INFO - Setting next_dagrun for example_python_operator to None, run_after=None
[2025-07-20T06:02:42.671+0000] {processor.py:176} INFO - Processing /home/airflow/.local/lib/python3.7/site-packages/airflow/example_dags/example_python_operator.py took 0.358 seconds
[2025-07-20T06:03:14.294+0000] {processor.py:154} INFO - Started process (PID=371) to work on /home/airflow/.local/lib/python3.7/site-packages/airflow/example_dags/example_python_operator.py
[2025-07-20T06:03:14.296+0000] {processor.py:756} INFO - Processing file /home/airflow/.local/lib/python3.7/site-packages/airflow/example_dags/example_python_operator.py for tasks to queue
[2025-07-20T06:03:14.298+0000] {logging_mixin.py:120} INFO - [2025-07-20T06:03:14.297+0000] {dagbag.py:537} INFO - Filling up the DagBag from /home/airflow/.local/lib/python3.7/site-packages/airflow/example_dags/example_python_operator.py
[2025-07-20T06:03:14.335+0000] {logging_mixin.py:120} INFO - [2025-07-20T06:03:14.335+0000] {taskmixin.py:205} WARNING - Dependency <Task(_PythonDecoratedOperator): print_the_context>, log_sql_query already registered for DAG: example_python_operator
[2025-07-20T06:03:14.336+0000] {logging_mixin.py:120} INFO - [2025-07-20T06:03:14.336+0000] {taskmixin.py:205} WARNING - Dependency <Task(_PythonDecoratedOperator): log_sql_query>, print_the_context already registered for DAG: example_python_operator
[2025-07-20T06:03:14.337+0000] {logging_mixin.py:120} INFO - [2025-07-20T06:03:14.337+0000] {taskmixin.py:205} WARNING - Dependency <Task(_PythonDecoratedOperator): print_the_context>, log_sql_query already registered for DAG: example_python_operator
[2025-07-20T06:03:14.338+0000] {logging_mixin.py:120} INFO - [2025-07-20T06:03:14.338+0000] {taskmixin.py:205} WARNING - Dependency <Task(_PythonDecoratedOperator): log_sql_query>, print_the_context already registered for DAG: example_python_operator
[2025-07-20T06:03:14.342+0000] {logging_mixin.py:120} INFO - [2025-07-20T06:03:14.342+0000] {taskmixin.py:205} WARNING - Dependency <Task(_PythonDecoratedOperator): print_the_context>, log_sql_query already registered for DAG: example_python_operator
[2025-07-20T06:03:14.344+0000] {logging_mixin.py:120} INFO - [2025-07-20T06:03:14.344+0000] {taskmixin.py:205} WARNING - Dependency <Task(_PythonDecoratedOperator): log_sql_query>, print_the_context already registered for DAG: example_python_operator
[2025-07-20T06:03:14.346+0000] {logging_mixin.py:120} INFO - [2025-07-20T06:03:14.346+0000] {taskmixin.py:205} WARNING - Dependency <Task(_PythonDecoratedOperator): print_the_context>, log_sql_query already registered for DAG: example_python_operator
[2025-07-20T06:03:14.347+0000] {logging_mixin.py:120} INFO - [2025-07-20T06:03:14.347+0000] {taskmixin.py:205} WARNING - Dependency <Task(_PythonDecoratedOperator): log_sql_query>, print_the_context already registered for DAG: example_python_operator
[2025-07-20T06:03:14.365+0000] {processor.py:766} INFO - DAG(s) dict_keys(['example_python_operator']) retrieved from /home/airflow/.local/lib/python3.7/site-packages/airflow/example_dags/example_python_operator.py
[2025-07-20T06:03:14.453+0000] {logging_mixin.py:120} INFO - [2025-07-20T06:03:14.453+0000] {dag.py:2585} INFO - Sync 1 DAGs
[2025-07-20T06:03:14.512+0000] {logging_mixin.py:120} INFO - [2025-07-20T06:03:14.511+0000] {dag.py:3340} INFO - Setting next_dagrun for example_python_operator to None, run_after=None
[2025-07-20T06:03:14.564+0000] {processor.py:176} INFO - Processing /home/airflow/.local/lib/python3.7/site-packages/airflow/example_dags/example_python_operator.py took 0.281 seconds
[2025-07-20T06:03:47.604+0000] {processor.py:154} INFO - Started process (PID=425) to work on /home/airflow/.local/lib/python3.7/site-packages/airflow/example_dags/example_python_operator.py
[2025-07-20T06:03:47.608+0000] {processor.py:756} INFO - Processing file /home/airflow/.local/lib/python3.7/site-packages/airflow/example_dags/example_python_operator.py for tasks to queue
[2025-07-20T06:03:47.610+0000] {logging_mixin.py:120} INFO - [2025-07-20T06:03:47.609+0000] {dagbag.py:537} INFO - Filling up the DagBag from /home/airflow/.local/lib/python3.7/site-packages/airflow/example_dags/example_python_operator.py
[2025-07-20T06:03:47.651+0000] {logging_mixin.py:120} INFO - [2025-07-20T06:03:47.651+0000] {taskmixin.py:205} WARNING - Dependency <Task(_PythonDecoratedOperator): print_the_context>, log_sql_query already registered for DAG: example_python_operator
[2025-07-20T06:03:47.652+0000] {logging_mixin.py:120} INFO - [2025-07-20T06:03:47.652+0000] {taskmixin.py:205} WARNING - Dependency <Task(_PythonDecoratedOperator): log_sql_query>, print_the_context already registered for DAG: example_python_operator
[2025-07-20T06:03:47.655+0000] {logging_mixin.py:120} INFO - [2025-07-20T06:03:47.655+0000] {taskmixin.py:205} WARNING - Dependency <Task(_PythonDecoratedOperator): print_the_context>, log_sql_query already registered for DAG: example_python_operator
[2025-07-20T06:03:47.657+0000] {logging_mixin.py:120} INFO - [2025-07-20T06:03:47.656+0000] {taskmixin.py:205} WARNING - Dependency <Task(_PythonDecoratedOperator): log_sql_query>, print_the_context already registered for DAG: example_python_operator
[2025-07-20T06:03:47.660+0000] {logging_mixin.py:120} INFO - [2025-07-20T06:03:47.660+0000] {taskmixin.py:205} WARNING - Dependency <Task(_PythonDecoratedOperator): print_the_context>, log_sql_query already registered for DAG: example_python_operator
[2025-07-20T06:03:47.661+0000] {logging_mixin.py:120} INFO - [2025-07-20T06:03:47.660+0000] {taskmixin.py:205} WARNING - Dependency <Task(_PythonDecoratedOperator): log_sql_query>, print_the_context already registered for DAG: example_python_operator
[2025-07-20T06:03:47.664+0000] {logging_mixin.py:120} INFO - [2025-07-20T06:03:47.664+0000] {taskmixin.py:205} WARNING - Dependency <Task(_PythonDecoratedOperator): print_the_context>, log_sql_query already registered for DAG: example_python_operator
[2025-07-20T06:03:47.666+0000] {logging_mixin.py:120} INFO - [2025-07-20T06:03:47.665+0000] {taskmixin.py:205} WARNING - Dependency <Task(_PythonDecoratedOperator): log_sql_query>, print_the_context already registered for DAG: example_python_operator
[2025-07-20T06:03:47.693+0000] {processor.py:766} INFO - DAG(s) dict_keys(['example_python_operator']) retrieved from /home/airflow/.local/lib/python3.7/site-packages/airflow/example_dags/example_python_operator.py
[2025-07-20T06:03:47.844+0000] {logging_mixin.py:120} INFO - [2025-07-20T06:03:47.843+0000] {dag.py:2585} INFO - Sync 1 DAGs
[2025-07-20T06:03:47.920+0000] {logging_mixin.py:120} INFO - [2025-07-20T06:03:47.919+0000] {dag.py:3340} INFO - Setting next_dagrun for example_python_operator to None, run_after=None
[2025-07-20T06:03:48.005+0000] {processor.py:176} INFO - Processing /home/airflow/.local/lib/python3.7/site-packages/airflow/example_dags/example_python_operator.py took 0.409 seconds
[2025-07-20T06:04:18.211+0000] {processor.py:154} INFO - Started process (PID=479) to work on /home/airflow/.local/lib/python3.7/site-packages/airflow/example_dags/example_python_operator.py
[2025-07-20T06:04:18.219+0000] {processor.py:756} INFO - Processing file /home/airflow/.local/lib/python3.7/site-packages/airflow/example_dags/example_python_operator.py for tasks to queue
[2025-07-20T06:04:18.223+0000] {logging_mixin.py:120} INFO - [2025-07-20T06:04:18.221+0000] {dagbag.py:537} INFO - Filling up the DagBag from /home/airflow/.local/lib/python3.7/site-packages/airflow/example_dags/example_python_operator.py
[2025-07-20T06:04:18.269+0000] {logging_mixin.py:120} INFO - [2025-07-20T06:04:18.269+0000] {taskmixin.py:205} WARNING - Dependency <Task(_PythonDecoratedOperator): print_the_context>, log_sql_query already registered for DAG: example_python_operator
[2025-07-20T06:04:18.270+0000] {logging_mixin.py:120} INFO - [2025-07-20T06:04:18.270+0000] {taskmixin.py:205} WARNING - Dependency <Task(_PythonDecoratedOperator): log_sql_query>, print_the_context already registered for DAG: example_python_operator
[2025-07-20T06:04:18.271+0000] {logging_mixin.py:120} INFO - [2025-07-20T06:04:18.271+0000] {taskmixin.py:205} WARNING - Dependency <Task(_PythonDecoratedOperator): print_the_context>, log_sql_query already registered for DAG: example_python_operator
[2025-07-20T06:04:18.272+0000] {logging_mixin.py:120} INFO - [2025-07-20T06:04:18.272+0000] {taskmixin.py:205} WARNING - Dependency <Task(_PythonDecoratedOperator): log_sql_query>, print_the_context already registered for DAG: example_python_operator
[2025-07-20T06:04:18.273+0000] {logging_mixin.py:120} INFO - [2025-07-20T06:04:18.273+0000] {taskmixin.py:205} WARNING - Dependency <Task(_PythonDecoratedOperator): print_the_context>, log_sql_query already registered for DAG: example_python_operator
[2025-07-20T06:04:18.274+0000] {logging_mixin.py:120} INFO - [2025-07-20T06:04:18.274+0000] {taskmixin.py:205} WARNING - Dependency <Task(_PythonDecoratedOperator): log_sql_query>, print_the_context already registered for DAG: example_python_operator
[2025-07-20T06:04:18.275+0000] {logging_mixin.py:120} INFO - [2025-07-20T06:04:18.275+0000] {taskmixin.py:205} WARNING - Dependency <Task(_PythonDecoratedOperator): print_the_context>, log_sql_query already registered for DAG: example_python_operator
[2025-07-20T06:04:18.276+0000] {logging_mixin.py:120} INFO - [2025-07-20T06:04:18.276+0000] {taskmixin.py:205} WARNING - Dependency <Task(_PythonDecoratedOperator): log_sql_query>, print_the_context already registered for DAG: example_python_operator
[2025-07-20T06:04:18.285+0000] {processor.py:766} INFO - DAG(s) dict_keys(['example_python_operator']) retrieved from /home/airflow/.local/lib/python3.7/site-packages/airflow/example_dags/example_python_operator.py
[2025-07-20T06:04:18.350+0000] {logging_mixin.py:120} INFO - [2025-07-20T06:04:18.350+0000] {dag.py:2585} INFO - Sync 1 DAGs
[2025-07-20T06:04:18.382+0000] {logging_mixin.py:120} INFO - [2025-07-20T06:04:18.381+0000] {dag.py:3340} INFO - Setting next_dagrun for example_python_operator to None, run_after=None
[2025-07-20T06:04:18.423+0000] {processor.py:176} INFO - Processing /home/airflow/.local/lib/python3.7/site-packages/airflow/example_dags/example_python_operator.py took 0.220 seconds
[2025-07-20T06:04:49.104+0000] {processor.py:154} INFO - Started process (PID=543) to work on /home/airflow/.local/lib/python3.7/site-packages/airflow/example_dags/example_python_operator.py
[2025-07-20T06:04:49.106+0000] {processor.py:756} INFO - Processing file /home/airflow/.local/lib/python3.7/site-packages/airflow/example_dags/example_python_operator.py for tasks to queue
[2025-07-20T06:04:49.109+0000] {logging_mixin.py:120} INFO - [2025-07-20T06:04:49.108+0000] {dagbag.py:537} INFO - Filling up the DagBag from /home/airflow/.local/lib/python3.7/site-packages/airflow/example_dags/example_python_operator.py
[2025-07-20T06:04:49.150+0000] {logging_mixin.py:120} INFO - [2025-07-20T06:04:49.150+0000] {taskmixin.py:205} WARNING - Dependency <Task(_PythonDecoratedOperator): print_the_context>, log_sql_query already registered for DAG: example_python_operator
[2025-07-20T06:04:49.152+0000] {logging_mixin.py:120} INFO - [2025-07-20T06:04:49.151+0000] {taskmixin.py:205} WARNING - Dependency <Task(_PythonDecoratedOperator): log_sql_query>, print_the_context already registered for DAG: example_python_operator
[2025-07-20T06:04:49.154+0000] {logging_mixin.py:120} INFO - [2025-07-20T06:04:49.154+0000] {taskmixin.py:205} WARNING - Dependency <Task(_PythonDecoratedOperator): print_the_context>, log_sql_query already registered for DAG: example_python_operator
[2025-07-20T06:04:49.155+0000] {logging_mixin.py:120} INFO - [2025-07-20T06:04:49.155+0000] {taskmixin.py:205} WARNING - Dependency <Task(_PythonDecoratedOperator): log_sql_query>, print_the_context already registered for DAG: example_python_operator
[2025-07-20T06:04:49.157+0000] {logging_mixin.py:120} INFO - [2025-07-20T06:04:49.157+0000] {taskmixin.py:205} WARNING - Dependency <Task(_PythonDecoratedOperator): print_the_context>, log_sql_query already registered for DAG: example_python_operator
[2025-07-20T06:04:49.158+0000] {logging_mixin.py:120} INFO - [2025-07-20T06:04:49.158+0000] {taskmixin.py:205} WARNING - Dependency <Task(_PythonDecoratedOperator): log_sql_query>, print_the_context already registered for DAG: example_python_operator
[2025-07-20T06:04:49.160+0000] {logging_mixin.py:120} INFO - [2025-07-20T06:04:49.160+0000] {taskmixin.py:205} WARNING - Dependency <Task(_PythonDecoratedOperator): print_the_context>, log_sql_query already registered for DAG: example_python_operator
[2025-07-20T06:04:49.161+0000] {logging_mixin.py:120} INFO - [2025-07-20T06:04:49.161+0000] {taskmixin.py:205} WARNING - Dependency <Task(_PythonDecoratedOperator): log_sql_query>, print_the_context already registered for DAG: example_python_operator
[2025-07-20T06:04:49.172+0000] {processor.py:766} INFO - DAG(s) dict_keys(['example_python_operator']) retrieved from /home/airflow/.local/lib/python3.7/site-packages/airflow/example_dags/example_python_operator.py
[2025-07-20T06:04:49.240+0000] {logging_mixin.py:120} INFO - [2025-07-20T06:04:49.239+0000] {dag.py:2585} INFO - Sync 1 DAGs
[2025-07-20T06:04:49.277+0000] {logging_mixin.py:120} INFO - [2025-07-20T06:04:49.277+0000] {dag.py:3340} INFO - Setting next_dagrun for example_python_operator to None, run_after=None
[2025-07-20T06:04:49.319+0000] {processor.py:176} INFO - Processing /home/airflow/.local/lib/python3.7/site-packages/airflow/example_dags/example_python_operator.py took 0.223 seconds
[2025-07-20T06:05:19.690+0000] {processor.py:154} INFO - Started process (PID=597) to work on /home/airflow/.local/lib/python3.7/site-packages/airflow/example_dags/example_python_operator.py
[2025-07-20T06:05:19.692+0000] {processor.py:756} INFO - Processing file /home/airflow/.local/lib/python3.7/site-packages/airflow/example_dags/example_python_operator.py for tasks to queue
[2025-07-20T06:05:19.694+0000] {logging_mixin.py:120} INFO - [2025-07-20T06:05:19.694+0000] {dagbag.py:537} INFO - Filling up the DagBag from /home/airflow/.local/lib/python3.7/site-packages/airflow/example_dags/example_python_operator.py
[2025-07-20T06:05:19.740+0000] {logging_mixin.py:120} INFO - [2025-07-20T06:05:19.740+0000] {taskmixin.py:205} WARNING - Dependency <Task(_PythonDecoratedOperator): print_the_context>, log_sql_query already registered for DAG: example_python_operator
[2025-07-20T06:05:19.747+0000] {logging_mixin.py:120} INFO - [2025-07-20T06:05:19.744+0000] {taskmixin.py:205} WARNING - Dependency <Task(_PythonDecoratedOperator): log_sql_query>, print_the_context already registered for DAG: example_python_operator
[2025-07-20T06:05:19.750+0000] {logging_mixin.py:120} INFO - [2025-07-20T06:05:19.750+0000] {taskmixin.py:205} WARNING - Dependency <Task(_PythonDecoratedOperator): print_the_context>, log_sql_query already registered for DAG: example_python_operator
[2025-07-20T06:05:19.754+0000] {logging_mixin.py:120} INFO - [2025-07-20T06:05:19.753+0000] {taskmixin.py:205} WARNING - Dependency <Task(_PythonDecoratedOperator): log_sql_query>, print_the_context already registered for DAG: example_python_operator
[2025-07-20T06:05:19.757+0000] {logging_mixin.py:120} INFO - [2025-07-20T06:05:19.757+0000] {taskmixin.py:205} WARNING - Dependency <Task(_PythonDecoratedOperator): print_the_context>, log_sql_query already registered for DAG: example_python_operator
[2025-07-20T06:05:19.760+0000] {logging_mixin.py:120} INFO - [2025-07-20T06:05:19.759+0000] {taskmixin.py:205} WARNING - Dependency <Task(_PythonDecoratedOperator): log_sql_query>, print_the_context already registered for DAG: example_python_operator
[2025-07-20T06:05:19.762+0000] {logging_mixin.py:120} INFO - [2025-07-20T06:05:19.762+0000] {taskmixin.py:205} WARNING - Dependency <Task(_PythonDecoratedOperator): print_the_context>, log_sql_query already registered for DAG: example_python_operator
[2025-07-20T06:05:19.765+0000] {logging_mixin.py:120} INFO - [2025-07-20T06:05:19.764+0000] {taskmixin.py:205} WARNING - Dependency <Task(_PythonDecoratedOperator): log_sql_query>, print_the_context already registered for DAG: example_python_operator
[2025-07-20T06:05:19.799+0000] {processor.py:766} INFO - DAG(s) dict_keys(['example_python_operator']) retrieved from /home/airflow/.local/lib/python3.7/site-packages/airflow/example_dags/example_python_operator.py
[2025-07-20T06:05:19.951+0000] {logging_mixin.py:120} INFO - [2025-07-20T06:05:19.951+0000] {dag.py:2585} INFO - Sync 1 DAGs
[2025-07-20T06:05:20.025+0000] {logging_mixin.py:120} INFO - [2025-07-20T06:05:20.025+0000] {dag.py:3340} INFO - Setting next_dagrun for example_python_operator to None, run_after=None
[2025-07-20T06:05:20.101+0000] {processor.py:176} INFO - Processing /home/airflow/.local/lib/python3.7/site-packages/airflow/example_dags/example_python_operator.py took 0.420 seconds
[2025-07-20T06:05:50.712+0000] {processor.py:154} INFO - Started process (PID=660) to work on /home/airflow/.local/lib/python3.7/site-packages/airflow/example_dags/example_python_operator.py
[2025-07-20T06:05:50.714+0000] {processor.py:756} INFO - Processing file /home/airflow/.local/lib/python3.7/site-packages/airflow/example_dags/example_python_operator.py for tasks to queue
[2025-07-20T06:05:50.716+0000] {logging_mixin.py:120} INFO - [2025-07-20T06:05:50.716+0000] {dagbag.py:537} INFO - Filling up the DagBag from /home/airflow/.local/lib/python3.7/site-packages/airflow/example_dags/example_python_operator.py
[2025-07-20T06:05:50.740+0000] {logging_mixin.py:120} INFO - [2025-07-20T06:05:50.739+0000] {taskmixin.py:205} WARNING - Dependency <Task(_PythonDecoratedOperator): print_the_context>, log_sql_query already registered for DAG: example_python_operator
[2025-07-20T06:05:50.740+0000] {logging_mixin.py:120} INFO - [2025-07-20T06:05:50.740+0000] {taskmixin.py:205} WARNING - Dependency <Task(_PythonDecoratedOperator): log_sql_query>, print_the_context already registered for DAG: example_python_operator
[2025-07-20T06:05:50.742+0000] {logging_mixin.py:120} INFO - [2025-07-20T06:05:50.742+0000] {taskmixin.py:205} WARNING - Dependency <Task(_PythonDecoratedOperator): print_the_context>, log_sql_query already registered for DAG: example_python_operator
[2025-07-20T06:05:50.743+0000] {logging_mixin.py:120} INFO - [2025-07-20T06:05:50.743+0000] {taskmixin.py:205} WARNING - Dependency <Task(_PythonDecoratedOperator): log_sql_query>, print_the_context already registered for DAG: example_python_operator
[2025-07-20T06:05:50.745+0000] {logging_mixin.py:120} INFO - [2025-07-20T06:05:50.745+0000] {taskmixin.py:205} WARNING - Dependency <Task(_PythonDecoratedOperator): print_the_context>, log_sql_query already registered for DAG: example_python_operator
[2025-07-20T06:05:50.746+0000] {logging_mixin.py:120} INFO - [2025-07-20T06:05:50.746+0000] {taskmixin.py:205} WARNING - Dependency <Task(_PythonDecoratedOperator): log_sql_query>, print_the_context already registered for DAG: example_python_operator
[2025-07-20T06:05:50.748+0000] {logging_mixin.py:120} INFO - [2025-07-20T06:05:50.748+0000] {taskmixin.py:205} WARNING - Dependency <Task(_PythonDecoratedOperator): print_the_context>, log_sql_query already registered for DAG: example_python_operator
[2025-07-20T06:05:50.749+0000] {logging_mixin.py:120} INFO - [2025-07-20T06:05:50.749+0000] {taskmixin.py:205} WARNING - Dependency <Task(_PythonDecoratedOperator): log_sql_query>, print_the_context already registered for DAG: example_python_operator
[2025-07-20T06:05:50.763+0000] {processor.py:766} INFO - DAG(s) dict_keys(['example_python_operator']) retrieved from /home/airflow/.local/lib/python3.7/site-packages/airflow/example_dags/example_python_operator.py
[2025-07-20T06:05:50.834+0000] {logging_mixin.py:120} INFO - [2025-07-20T06:05:50.833+0000] {dag.py:2585} INFO - Sync 1 DAGs
[2025-07-20T06:05:50.872+0000] {logging_mixin.py:120} INFO - [2025-07-20T06:05:50.872+0000] {dag.py:3340} INFO - Setting next_dagrun for example_python_operator to None, run_after=None
[2025-07-20T06:05:50.910+0000] {processor.py:176} INFO - Processing /home/airflow/.local/lib/python3.7/site-packages/airflow/example_dags/example_python_operator.py took 0.205 seconds
[2025-07-20T06:06:21.615+0000] {processor.py:154} INFO - Started process (PID=723) to work on /home/airflow/.local/lib/python3.7/site-packages/airflow/example_dags/example_python_operator.py
[2025-07-20T06:06:21.617+0000] {processor.py:756} INFO - Processing file /home/airflow/.local/lib/python3.7/site-packages/airflow/example_dags/example_python_operator.py for tasks to queue
[2025-07-20T06:06:21.619+0000] {logging_mixin.py:120} INFO - [2025-07-20T06:06:21.618+0000] {dagbag.py:537} INFO - Filling up the DagBag from /home/airflow/.local/lib/python3.7/site-packages/airflow/example_dags/example_python_operator.py
[2025-07-20T06:06:21.641+0000] {logging_mixin.py:120} INFO - [2025-07-20T06:06:21.640+0000] {taskmixin.py:205} WARNING - Dependency <Task(_PythonDecoratedOperator): print_the_context>, log_sql_query already registered for DAG: example_python_operator
[2025-07-20T06:06:21.642+0000] {logging_mixin.py:120} INFO - [2025-07-20T06:06:21.642+0000] {taskmixin.py:205} WARNING - Dependency <Task(_PythonDecoratedOperator): log_sql_query>, print_the_context already registered for DAG: example_python_operator
[2025-07-20T06:06:21.643+0000] {logging_mixin.py:120} INFO - [2025-07-20T06:06:21.643+0000] {taskmixin.py:205} WARNING - Dependency <Task(_PythonDecoratedOperator): print_the_context>, log_sql_query already registered for DAG: example_python_operator
[2025-07-20T06:06:21.644+0000] {logging_mixin.py:120} INFO - [2025-07-20T06:06:21.644+0000] {taskmixin.py:205} WARNING - Dependency <Task(_PythonDecoratedOperator): log_sql_query>, print_the_context already registered for DAG: example_python_operator
[2025-07-20T06:06:21.647+0000] {logging_mixin.py:120} INFO - [2025-07-20T06:06:21.647+0000] {taskmixin.py:205} WARNING - Dependency <Task(_PythonDecoratedOperator): print_the_context>, log_sql_query already registered for DAG: example_python_operator
[2025-07-20T06:06:21.648+0000] {logging_mixin.py:120} INFO - [2025-07-20T06:06:21.648+0000] {taskmixin.py:205} WARNING - Dependency <Task(_PythonDecoratedOperator): log_sql_query>, print_the_context already registered for DAG: example_python_operator
[2025-07-20T06:06:21.651+0000] {logging_mixin.py:120} INFO - [2025-07-20T06:06:21.651+0000] {taskmixin.py:205} WARNING - Dependency <Task(_PythonDecoratedOperator): print_the_context>, log_sql_query already registered for DAG: example_python_operator
[2025-07-20T06:06:21.652+0000] {logging_mixin.py:120} INFO - [2025-07-20T06:06:21.652+0000] {taskmixin.py:205} WARNING - Dependency <Task(_PythonDecoratedOperator): log_sql_query>, print_the_context already registered for DAG: example_python_operator
[2025-07-20T06:06:21.665+0000] {processor.py:766} INFO - DAG(s) dict_keys(['example_python_operator']) retrieved from /home/airflow/.local/lib/python3.7/site-packages/airflow/example_dags/example_python_operator.py
[2025-07-20T06:06:21.733+0000] {logging_mixin.py:120} INFO - [2025-07-20T06:06:21.733+0000] {dag.py:2585} INFO - Sync 1 DAGs
[2025-07-20T06:06:21.772+0000] {logging_mixin.py:120} INFO - [2025-07-20T06:06:21.771+0000] {dag.py:3340} INFO - Setting next_dagrun for example_python_operator to None, run_after=None
[2025-07-20T06:06:21.813+0000] {processor.py:176} INFO - Processing /home/airflow/.local/lib/python3.7/site-packages/airflow/example_dags/example_python_operator.py took 0.203 seconds
[2025-07-20T06:06:51.901+0000] {processor.py:154} INFO - Started process (PID=776) to work on /home/airflow/.local/lib/python3.7/site-packages/airflow/example_dags/example_python_operator.py
[2025-07-20T06:06:51.903+0000] {processor.py:756} INFO - Processing file /home/airflow/.local/lib/python3.7/site-packages/airflow/example_dags/example_python_operator.py for tasks to queue
[2025-07-20T06:06:51.905+0000] {logging_mixin.py:120} INFO - [2025-07-20T06:06:51.905+0000] {dagbag.py:537} INFO - Filling up the DagBag from /home/airflow/.local/lib/python3.7/site-packages/airflow/example_dags/example_python_operator.py
[2025-07-20T06:06:51.936+0000] {logging_mixin.py:120} INFO - [2025-07-20T06:06:51.935+0000] {taskmixin.py:205} WARNING - Dependency <Task(_PythonDecoratedOperator): print_the_context>, log_sql_query already registered for DAG: example_python_operator
[2025-07-20T06:06:51.936+0000] {logging_mixin.py:120} INFO - [2025-07-20T06:06:51.936+0000] {taskmixin.py:205} WARNING - Dependency <Task(_PythonDecoratedOperator): log_sql_query>, print_the_context already registered for DAG: example_python_operator
[2025-07-20T06:06:51.938+0000] {logging_mixin.py:120} INFO - [2025-07-20T06:06:51.938+0000] {taskmixin.py:205} WARNING - Dependency <Task(_PythonDecoratedOperator): print_the_context>, log_sql_query already registered for DAG: example_python_operator
[2025-07-20T06:06:51.939+0000] {logging_mixin.py:120} INFO - [2025-07-20T06:06:51.939+0000] {taskmixin.py:205} WARNING - Dependency <Task(_PythonDecoratedOperator): log_sql_query>, print_the_context already registered for DAG: example_python_operator
[2025-07-20T06:06:51.941+0000] {logging_mixin.py:120} INFO - [2025-07-20T06:06:51.941+0000] {taskmixin.py:205} WARNING - Dependency <Task(_PythonDecoratedOperator): print_the_context>, log_sql_query already registered for DAG: example_python_operator
[2025-07-20T06:06:51.942+0000] {logging_mixin.py:120} INFO - [2025-07-20T06:06:51.942+0000] {taskmixin.py:205} WARNING - Dependency <Task(_PythonDecoratedOperator): log_sql_query>, print_the_context already registered for DAG: example_python_operator
[2025-07-20T06:06:51.946+0000] {logging_mixin.py:120} INFO - [2025-07-20T06:06:51.946+0000] {taskmixin.py:205} WARNING - Dependency <Task(_PythonDecoratedOperator): print_the_context>, log_sql_query already registered for DAG: example_python_operator
[2025-07-20T06:06:51.947+0000] {logging_mixin.py:120} INFO - [2025-07-20T06:06:51.947+0000] {taskmixin.py:205} WARNING - Dependency <Task(_PythonDecoratedOperator): log_sql_query>, print_the_context already registered for DAG: example_python_operator
[2025-07-20T06:06:51.962+0000] {processor.py:766} INFO - DAG(s) dict_keys(['example_python_operator']) retrieved from /home/airflow/.local/lib/python3.7/site-packages/airflow/example_dags/example_python_operator.py
[2025-07-20T06:06:52.039+0000] {logging_mixin.py:120} INFO - [2025-07-20T06:06:52.039+0000] {dag.py:2585} INFO - Sync 1 DAGs
[2025-07-20T06:06:52.094+0000] {logging_mixin.py:120} INFO - [2025-07-20T06:06:52.094+0000] {dag.py:3340} INFO - Setting next_dagrun for example_python_operator to None, run_after=None
[2025-07-20T06:06:52.134+0000] {processor.py:176} INFO - Processing /home/airflow/.local/lib/python3.7/site-packages/airflow/example_dags/example_python_operator.py took 0.240 seconds
[2025-07-20T06:07:22.916+0000] {processor.py:154} INFO - Started process (PID=839) to work on /home/airflow/.local/lib/python3.7/site-packages/airflow/example_dags/example_python_operator.py
[2025-07-20T06:07:22.918+0000] {processor.py:756} INFO - Processing file /home/airflow/.local/lib/python3.7/site-packages/airflow/example_dags/example_python_operator.py for tasks to queue
[2025-07-20T06:07:22.920+0000] {logging_mixin.py:120} INFO - [2025-07-20T06:07:22.920+0000] {dagbag.py:537} INFO - Filling up the DagBag from /home/airflow/.local/lib/python3.7/site-packages/airflow/example_dags/example_python_operator.py
[2025-07-20T06:07:22.956+0000] {logging_mixin.py:120} INFO - [2025-07-20T06:07:22.956+0000] {taskmixin.py:205} WARNING - Dependency <Task(_PythonDecoratedOperator): print_the_context>, log_sql_query already registered for DAG: example_python_operator
[2025-07-20T06:07:22.957+0000] {logging_mixin.py:120} INFO - [2025-07-20T06:07:22.957+0000] {taskmixin.py:205} WARNING - Dependency <Task(_PythonDecoratedOperator): log_sql_query>, print_the_context already registered for DAG: example_python_operator
[2025-07-20T06:07:22.959+0000] {logging_mixin.py:120} INFO - [2025-07-20T06:07:22.959+0000] {taskmixin.py:205} WARNING - Dependency <Task(_PythonDecoratedOperator): print_the_context>, log_sql_query already registered for DAG: example_python_operator
[2025-07-20T06:07:22.961+0000] {logging_mixin.py:120} INFO - [2025-07-20T06:07:22.960+0000] {taskmixin.py:205} WARNING - Dependency <Task(_PythonDecoratedOperator): log_sql_query>, print_the_context already registered for DAG: example_python_operator
[2025-07-20T06:07:22.963+0000] {logging_mixin.py:120} INFO - [2025-07-20T06:07:22.963+0000] {taskmixin.py:205} WARNING - Dependency <Task(_PythonDecoratedOperator): print_the_context>, log_sql_query already registered for DAG: example_python_operator
[2025-07-20T06:07:22.965+0000] {logging_mixin.py:120} INFO - [2025-07-20T06:07:22.964+0000] {taskmixin.py:205} WARNING - Dependency <Task(_PythonDecoratedOperator): log_sql_query>, print_the_context already registered for DAG: example_python_operator
[2025-07-20T06:07:22.967+0000] {logging_mixin.py:120} INFO - [2025-07-20T06:07:22.967+0000] {taskmixin.py:205} WARNING - Dependency <Task(_PythonDecoratedOperator): print_the_context>, log_sql_query already registered for DAG: example_python_operator
[2025-07-20T06:07:22.968+0000] {logging_mixin.py:120} INFO - [2025-07-20T06:07:22.968+0000] {taskmixin.py:205} WARNING - Dependency <Task(_PythonDecoratedOperator): log_sql_query>, print_the_context already registered for DAG: example_python_operator
[2025-07-20T06:07:22.986+0000] {processor.py:766} INFO - DAG(s) dict_keys(['example_python_operator']) retrieved from /home/airflow/.local/lib/python3.7/site-packages/airflow/example_dags/example_python_operator.py
[2025-07-20T06:07:23.087+0000] {logging_mixin.py:120} INFO - [2025-07-20T06:07:23.087+0000] {dag.py:2585} INFO - Sync 1 DAGs
[2025-07-20T06:07:23.142+0000] {logging_mixin.py:120} INFO - [2025-07-20T06:07:23.142+0000] {dag.py:3340} INFO - Setting next_dagrun for example_python_operator to None, run_after=None
[2025-07-20T06:07:23.195+0000] {processor.py:176} INFO - Processing /home/airflow/.local/lib/python3.7/site-packages/airflow/example_dags/example_python_operator.py took 0.285 seconds
[2025-07-20T06:07:53.368+0000] {processor.py:154} INFO - Started process (PID=891) to work on /home/airflow/.local/lib/python3.7/site-packages/airflow/example_dags/example_python_operator.py
[2025-07-20T06:07:53.369+0000] {processor.py:756} INFO - Processing file /home/airflow/.local/lib/python3.7/site-packages/airflow/example_dags/example_python_operator.py for tasks to queue
[2025-07-20T06:07:53.370+0000] {logging_mixin.py:120} INFO - [2025-07-20T06:07:53.370+0000] {dagbag.py:537} INFO - Filling up the DagBag from /home/airflow/.local/lib/python3.7/site-packages/airflow/example_dags/example_python_operator.py
[2025-07-20T06:07:53.388+0000] {logging_mixin.py:120} INFO - [2025-07-20T06:07:53.388+0000] {taskmixin.py:205} WARNING - Dependency <Task(_PythonDecoratedOperator): print_the_context>, log_sql_query already registered for DAG: example_python_operator
[2025-07-20T06:07:53.389+0000] {logging_mixin.py:120} INFO - [2025-07-20T06:07:53.388+0000] {taskmixin.py:205} WARNING - Dependency <Task(_PythonDecoratedOperator): log_sql_query>, print_the_context already registered for DAG: example_python_operator
[2025-07-20T06:07:53.389+0000] {logging_mixin.py:120} INFO - [2025-07-20T06:07:53.389+0000] {taskmixin.py:205} WARNING - Dependency <Task(_PythonDecoratedOperator): print_the_context>, log_sql_query already registered for DAG: example_python_operator
[2025-07-20T06:07:53.390+0000] {logging_mixin.py:120} INFO - [2025-07-20T06:07:53.390+0000] {taskmixin.py:205} WARNING - Dependency <Task(_PythonDecoratedOperator): log_sql_query>, print_the_context already registered for DAG: example_python_operator
[2025-07-20T06:07:53.391+0000] {logging_mixin.py:120} INFO - [2025-07-20T06:07:53.391+0000] {taskmixin.py:205} WARNING - Dependency <Task(_PythonDecoratedOperator): print_the_context>, log_sql_query already registered for DAG: example_python_operator
[2025-07-20T06:07:53.392+0000] {logging_mixin.py:120} INFO - [2025-07-20T06:07:53.392+0000] {taskmixin.py:205} WARNING - Dependency <Task(_PythonDecoratedOperator): log_sql_query>, print_the_context already registered for DAG: example_python_operator
[2025-07-20T06:07:53.393+0000] {logging_mixin.py:120} INFO - [2025-07-20T06:07:53.393+0000] {taskmixin.py:205} WARNING - Dependency <Task(_PythonDecoratedOperator): print_the_context>, log_sql_query already registered for DAG: example_python_operator
[2025-07-20T06:07:53.393+0000] {logging_mixin.py:120} INFO - [2025-07-20T06:07:53.393+0000] {taskmixin.py:205} WARNING - Dependency <Task(_PythonDecoratedOperator): log_sql_query>, print_the_context already registered for DAG: example_python_operator
[2025-07-20T06:07:53.401+0000] {processor.py:766} INFO - DAG(s) dict_keys(['example_python_operator']) retrieved from /home/airflow/.local/lib/python3.7/site-packages/airflow/example_dags/example_python_operator.py
[2025-07-20T06:07:53.454+0000] {logging_mixin.py:120} INFO - [2025-07-20T06:07:53.453+0000] {dag.py:2585} INFO - Sync 1 DAGs
[2025-07-20T06:07:53.482+0000] {logging_mixin.py:120} INFO - [2025-07-20T06:07:53.482+0000] {dag.py:3340} INFO - Setting next_dagrun for example_python_operator to None, run_after=None
[2025-07-20T06:07:53.523+0000] {processor.py:176} INFO - Processing /home/airflow/.local/lib/python3.7/site-packages/airflow/example_dags/example_python_operator.py took 0.159 seconds
[2025-07-20T06:08:24.089+0000] {processor.py:154} INFO - Started process (PID=945) to work on /home/airflow/.local/lib/python3.7/site-packages/airflow/example_dags/example_python_operator.py
[2025-07-20T06:08:24.091+0000] {processor.py:756} INFO - Processing file /home/airflow/.local/lib/python3.7/site-packages/airflow/example_dags/example_python_operator.py for tasks to queue
[2025-07-20T06:08:24.092+0000] {logging_mixin.py:120} INFO - [2025-07-20T06:08:24.092+0000] {dagbag.py:537} INFO - Filling up the DagBag from /home/airflow/.local/lib/python3.7/site-packages/airflow/example_dags/example_python_operator.py
[2025-07-20T06:08:24.117+0000] {logging_mixin.py:120} INFO - [2025-07-20T06:08:24.117+0000] {taskmixin.py:205} WARNING - Dependency <Task(_PythonDecoratedOperator): print_the_context>, log_sql_query already registered for DAG: example_python_operator
[2025-07-20T06:08:24.118+0000] {logging_mixin.py:120} INFO - [2025-07-20T06:08:24.118+0000] {taskmixin.py:205} WARNING - Dependency <Task(_PythonDecoratedOperator): log_sql_query>, print_the_context already registered for DAG: example_python_operator
[2025-07-20T06:08:24.120+0000] {logging_mixin.py:120} INFO - [2025-07-20T06:08:24.120+0000] {taskmixin.py:205} WARNING - Dependency <Task(_PythonDecoratedOperator): print_the_context>, log_sql_query already registered for DAG: example_python_operator
[2025-07-20T06:08:24.121+0000] {logging_mixin.py:120} INFO - [2025-07-20T06:08:24.121+0000] {taskmixin.py:205} WARNING - Dependency <Task(_PythonDecoratedOperator): log_sql_query>, print_the_context already registered for DAG: example_python_operator
[2025-07-20T06:08:24.123+0000] {logging_mixin.py:120} INFO - [2025-07-20T06:08:24.123+0000] {taskmixin.py:205} WARNING - Dependency <Task(_PythonDecoratedOperator): print_the_context>, log_sql_query already registered for DAG: example_python_operator
[2025-07-20T06:08:24.124+0000] {logging_mixin.py:120} INFO - [2025-07-20T06:08:24.124+0000] {taskmixin.py:205} WARNING - Dependency <Task(_PythonDecoratedOperator): log_sql_query>, print_the_context already registered for DAG: example_python_operator
[2025-07-20T06:08:24.126+0000] {logging_mixin.py:120} INFO - [2025-07-20T06:08:24.126+0000] {taskmixin.py:205} WARNING - Dependency <Task(_PythonDecoratedOperator): print_the_context>, log_sql_query already registered for DAG: example_python_operator
[2025-07-20T06:08:24.127+0000] {logging_mixin.py:120} INFO - [2025-07-20T06:08:24.127+0000] {taskmixin.py:205} WARNING - Dependency <Task(_PythonDecoratedOperator): log_sql_query>, print_the_context already registered for DAG: example_python_operator
[2025-07-20T06:08:24.140+0000] {processor.py:766} INFO - DAG(s) dict_keys(['example_python_operator']) retrieved from /home/airflow/.local/lib/python3.7/site-packages/airflow/example_dags/example_python_operator.py
[2025-07-20T06:08:24.225+0000] {logging_mixin.py:120} INFO - [2025-07-20T06:08:24.224+0000] {dag.py:2585} INFO - Sync 1 DAGs
[2025-07-20T06:08:24.292+0000] {logging_mixin.py:120} INFO - [2025-07-20T06:08:24.291+0000] {dag.py:3340} INFO - Setting next_dagrun for example_python_operator to None, run_after=None
[2025-07-20T06:08:24.343+0000] {processor.py:176} INFO - Processing /home/airflow/.local/lib/python3.7/site-packages/airflow/example_dags/example_python_operator.py took 0.260 seconds
[2025-07-20T06:08:55.033+0000] {processor.py:154} INFO - Started process (PID=1006) to work on /home/airflow/.local/lib/python3.7/site-packages/airflow/example_dags/example_python_operator.py
[2025-07-20T06:08:55.035+0000] {processor.py:756} INFO - Processing file /home/airflow/.local/lib/python3.7/site-packages/airflow/example_dags/example_python_operator.py for tasks to queue
[2025-07-20T06:08:55.037+0000] {logging_mixin.py:120} INFO - [2025-07-20T06:08:55.037+0000] {dagbag.py:537} INFO - Filling up the DagBag from /home/airflow/.local/lib/python3.7/site-packages/airflow/example_dags/example_python_operator.py
[2025-07-20T06:08:55.099+0000] {logging_mixin.py:120} INFO - [2025-07-20T06:08:55.099+0000] {taskmixin.py:205} WARNING - Dependency <Task(_PythonDecoratedOperator): print_the_context>, log_sql_query already registered for DAG: example_python_operator
[2025-07-20T06:08:55.100+0000] {logging_mixin.py:120} INFO - [2025-07-20T06:08:55.100+0000] {taskmixin.py:205} WARNING - Dependency <Task(_PythonDecoratedOperator): log_sql_query>, print_the_context already registered for DAG: example_python_operator
[2025-07-20T06:08:55.106+0000] {logging_mixin.py:120} INFO - [2025-07-20T06:08:55.106+0000] {taskmixin.py:205} WARNING - Dependency <Task(_PythonDecoratedOperator): print_the_context>, log_sql_query already registered for DAG: example_python_operator
[2025-07-20T06:08:55.112+0000] {logging_mixin.py:120} INFO - [2025-07-20T06:08:55.111+0000] {taskmixin.py:205} WARNING - Dependency <Task(_PythonDecoratedOperator): log_sql_query>, print_the_context already registered for DAG: example_python_operator
[2025-07-20T06:08:55.116+0000] {logging_mixin.py:120} INFO - [2025-07-20T06:08:55.116+0000] {taskmixin.py:205} WARNING - Dependency <Task(_PythonDecoratedOperator): print_the_context>, log_sql_query already registered for DAG: example_python_operator
[2025-07-20T06:08:55.117+0000] {logging_mixin.py:120} INFO - [2025-07-20T06:08:55.117+0000] {taskmixin.py:205} WARNING - Dependency <Task(_PythonDecoratedOperator): log_sql_query>, print_the_context already registered for DAG: example_python_operator
[2025-07-20T06:08:55.119+0000] {logging_mixin.py:120} INFO - [2025-07-20T06:08:55.119+0000] {taskmixin.py:205} WARNING - Dependency <Task(_PythonDecoratedOperator): print_the_context>, log_sql_query already registered for DAG: example_python_operator
[2025-07-20T06:08:55.120+0000] {logging_mixin.py:120} INFO - [2025-07-20T06:08:55.120+0000] {taskmixin.py:205} WARNING - Dependency <Task(_PythonDecoratedOperator): log_sql_query>, print_the_context already registered for DAG: example_python_operator
[2025-07-20T06:08:55.142+0000] {processor.py:766} INFO - DAG(s) dict_keys(['example_python_operator']) retrieved from /home/airflow/.local/lib/python3.7/site-packages/airflow/example_dags/example_python_operator.py
[2025-07-20T06:08:55.350+0000] {logging_mixin.py:120} INFO - [2025-07-20T06:08:55.350+0000] {dag.py:2585} INFO - Sync 1 DAGs
[2025-07-20T06:08:55.436+0000] {logging_mixin.py:120} INFO - [2025-07-20T06:08:55.435+0000] {dag.py:3340} INFO - Setting next_dagrun for example_python_operator to None, run_after=None
[2025-07-20T06:08:55.497+0000] {processor.py:176} INFO - Processing /home/airflow/.local/lib/python3.7/site-packages/airflow/example_dags/example_python_operator.py took 0.471 seconds
[2025-07-20T06:09:26.021+0000] {processor.py:154} INFO - Started process (PID=1060) to work on /home/airflow/.local/lib/python3.7/site-packages/airflow/example_dags/example_python_operator.py
[2025-07-20T06:09:26.025+0000] {processor.py:756} INFO - Processing file /home/airflow/.local/lib/python3.7/site-packages/airflow/example_dags/example_python_operator.py for tasks to queue
[2025-07-20T06:09:26.027+0000] {logging_mixin.py:120} INFO - [2025-07-20T06:09:26.027+0000] {dagbag.py:537} INFO - Filling up the DagBag from /home/airflow/.local/lib/python3.7/site-packages/airflow/example_dags/example_python_operator.py
[2025-07-20T06:09:26.085+0000] {logging_mixin.py:120} INFO - [2025-07-20T06:09:26.084+0000] {taskmixin.py:205} WARNING - Dependency <Task(_PythonDecoratedOperator): print_the_context>, log_sql_query already registered for DAG: example_python_operator
[2025-07-20T06:09:26.086+0000] {logging_mixin.py:120} INFO - [2025-07-20T06:09:26.085+0000] {taskmixin.py:205} WARNING - Dependency <Task(_PythonDecoratedOperator): log_sql_query>, print_the_context already registered for DAG: example_python_operator
[2025-07-20T06:09:26.089+0000] {logging_mixin.py:120} INFO - [2025-07-20T06:09:26.089+0000] {taskmixin.py:205} WARNING - Dependency <Task(_PythonDecoratedOperator): print_the_context>, log_sql_query already registered for DAG: example_python_operator
[2025-07-20T06:09:26.090+0000] {logging_mixin.py:120} INFO - [2025-07-20T06:09:26.090+0000] {taskmixin.py:205} WARNING - Dependency <Task(_PythonDecoratedOperator): log_sql_query>, print_the_context already registered for DAG: example_python_operator
[2025-07-20T06:09:26.092+0000] {logging_mixin.py:120} INFO - [2025-07-20T06:09:26.092+0000] {taskmixin.py:205} WARNING - Dependency <Task(_PythonDecoratedOperator): print_the_context>, log_sql_query already registered for DAG: example_python_operator
[2025-07-20T06:09:26.093+0000] {logging_mixin.py:120} INFO - [2025-07-20T06:09:26.093+0000] {taskmixin.py:205} WARNING - Dependency <Task(_PythonDecoratedOperator): log_sql_query>, print_the_context already registered for DAG: example_python_operator
[2025-07-20T06:09:26.096+0000] {logging_mixin.py:120} INFO - [2025-07-20T06:09:26.095+0000] {taskmixin.py:205} WARNING - Dependency <Task(_PythonDecoratedOperator): print_the_context>, log_sql_query already registered for DAG: example_python_operator
[2025-07-20T06:09:26.097+0000] {logging_mixin.py:120} INFO - [2025-07-20T06:09:26.097+0000] {taskmixin.py:205} WARNING - Dependency <Task(_PythonDecoratedOperator): log_sql_query>, print_the_context already registered for DAG: example_python_operator
[2025-07-20T06:09:26.120+0000] {processor.py:766} INFO - DAG(s) dict_keys(['example_python_operator']) retrieved from /home/airflow/.local/lib/python3.7/site-packages/airflow/example_dags/example_python_operator.py
[2025-07-20T06:09:26.244+0000] {logging_mixin.py:120} INFO - [2025-07-20T06:09:26.244+0000] {dag.py:2585} INFO - Sync 1 DAGs
[2025-07-20T06:09:26.325+0000] {logging_mixin.py:120} INFO - [2025-07-20T06:09:26.325+0000] {dag.py:3340} INFO - Setting next_dagrun for example_python_operator to None, run_after=None
[2025-07-20T06:09:26.397+0000] {processor.py:176} INFO - Processing /home/airflow/.local/lib/python3.7/site-packages/airflow/example_dags/example_python_operator.py took 0.389 seconds
[2025-07-20T06:09:57.458+0000] {processor.py:154} INFO - Started process (PID=1113) to work on /home/airflow/.local/lib/python3.7/site-packages/airflow/example_dags/example_python_operator.py
[2025-07-20T06:09:57.464+0000] {processor.py:756} INFO - Processing file /home/airflow/.local/lib/python3.7/site-packages/airflow/example_dags/example_python_operator.py for tasks to queue
[2025-07-20T06:09:57.468+0000] {logging_mixin.py:120} INFO - [2025-07-20T06:09:57.468+0000] {dagbag.py:537} INFO - Filling up the DagBag from /home/airflow/.local/lib/python3.7/site-packages/airflow/example_dags/example_python_operator.py
[2025-07-20T06:09:57.579+0000] {logging_mixin.py:120} INFO - [2025-07-20T06:09:57.579+0000] {taskmixin.py:205} WARNING - Dependency <Task(_PythonDecoratedOperator): print_the_context>, log_sql_query already registered for DAG: example_python_operator
[2025-07-20T06:09:57.580+0000] {logging_mixin.py:120} INFO - [2025-07-20T06:09:57.580+0000] {taskmixin.py:205} WARNING - Dependency <Task(_PythonDecoratedOperator): log_sql_query>, print_the_context already registered for DAG: example_python_operator
[2025-07-20T06:09:57.582+0000] {logging_mixin.py:120} INFO - [2025-07-20T06:09:57.582+0000] {taskmixin.py:205} WARNING - Dependency <Task(_PythonDecoratedOperator): print_the_context>, log_sql_query already registered for DAG: example_python_operator
[2025-07-20T06:09:57.583+0000] {logging_mixin.py:120} INFO - [2025-07-20T06:09:57.583+0000] {taskmixin.py:205} WARNING - Dependency <Task(_PythonDecoratedOperator): log_sql_query>, print_the_context already registered for DAG: example_python_operator
[2025-07-20T06:09:57.595+0000] {logging_mixin.py:120} INFO - [2025-07-20T06:09:57.595+0000] {taskmixin.py:205} WARNING - Dependency <Task(_PythonDecoratedOperator): print_the_context>, log_sql_query already registered for DAG: example_python_operator
[2025-07-20T06:09:57.596+0000] {logging_mixin.py:120} INFO - [2025-07-20T06:09:57.596+0000] {taskmixin.py:205} WARNING - Dependency <Task(_PythonDecoratedOperator): log_sql_query>, print_the_context already registered for DAG: example_python_operator
[2025-07-20T06:09:57.598+0000] {logging_mixin.py:120} INFO - [2025-07-20T06:09:57.598+0000] {taskmixin.py:205} WARNING - Dependency <Task(_PythonDecoratedOperator): print_the_context>, log_sql_query already registered for DAG: example_python_operator
[2025-07-20T06:09:57.599+0000] {logging_mixin.py:120} INFO - [2025-07-20T06:09:57.599+0000] {taskmixin.py:205} WARNING - Dependency <Task(_PythonDecoratedOperator): log_sql_query>, print_the_context already registered for DAG: example_python_operator
[2025-07-20T06:09:57.644+0000] {processor.py:766} INFO - DAG(s) dict_keys(['example_python_operator']) retrieved from /home/airflow/.local/lib/python3.7/site-packages/airflow/example_dags/example_python_operator.py
[2025-07-20T06:09:57.915+0000] {logging_mixin.py:120} INFO - [2025-07-20T06:09:57.915+0000] {dag.py:2585} INFO - Sync 1 DAGs
[2025-07-20T06:09:58.068+0000] {logging_mixin.py:120} INFO - [2025-07-20T06:09:58.068+0000] {dag.py:3340} INFO - Setting next_dagrun for example_python_operator to None, run_after=None
[2025-07-20T06:09:58.213+0000] {processor.py:176} INFO - Processing /home/airflow/.local/lib/python3.7/site-packages/airflow/example_dags/example_python_operator.py took 0.761 seconds
[2025-07-20T06:10:28.534+0000] {processor.py:154} INFO - Started process (PID=1167) to work on /home/airflow/.local/lib/python3.7/site-packages/airflow/example_dags/example_python_operator.py
[2025-07-20T06:10:28.536+0000] {processor.py:756} INFO - Processing file /home/airflow/.local/lib/python3.7/site-packages/airflow/example_dags/example_python_operator.py for tasks to queue
[2025-07-20T06:10:28.538+0000] {logging_mixin.py:120} INFO - [2025-07-20T06:10:28.538+0000] {dagbag.py:537} INFO - Filling up the DagBag from /home/airflow/.local/lib/python3.7/site-packages/airflow/example_dags/example_python_operator.py
[2025-07-20T06:10:28.563+0000] {logging_mixin.py:120} INFO - [2025-07-20T06:10:28.562+0000] {taskmixin.py:205} WARNING - Dependency <Task(_PythonDecoratedOperator): print_the_context>, log_sql_query already registered for DAG: example_python_operator
[2025-07-20T06:10:28.563+0000] {logging_mixin.py:120} INFO - [2025-07-20T06:10:28.563+0000] {taskmixin.py:205} WARNING - Dependency <Task(_PythonDecoratedOperator): log_sql_query>, print_the_context already registered for DAG: example_python_operator
[2025-07-20T06:10:28.565+0000] {logging_mixin.py:120} INFO - [2025-07-20T06:10:28.564+0000] {taskmixin.py:205} WARNING - Dependency <Task(_PythonDecoratedOperator): print_the_context>, log_sql_query already registered for DAG: example_python_operator
[2025-07-20T06:10:28.565+0000] {logging_mixin.py:120} INFO - [2025-07-20T06:10:28.565+0000] {taskmixin.py:205} WARNING - Dependency <Task(_PythonDecoratedOperator): log_sql_query>, print_the_context already registered for DAG: example_python_operator
[2025-07-20T06:10:28.566+0000] {logging_mixin.py:120} INFO - [2025-07-20T06:10:28.566+0000] {taskmixin.py:205} WARNING - Dependency <Task(_PythonDecoratedOperator): print_the_context>, log_sql_query already registered for DAG: example_python_operator
[2025-07-20T06:10:28.567+0000] {logging_mixin.py:120} INFO - [2025-07-20T06:10:28.567+0000] {taskmixin.py:205} WARNING - Dependency <Task(_PythonDecoratedOperator): log_sql_query>, print_the_context already registered for DAG: example_python_operator
[2025-07-20T06:10:28.569+0000] {logging_mixin.py:120} INFO - [2025-07-20T06:10:28.569+0000] {taskmixin.py:205} WARNING - Dependency <Task(_PythonDecoratedOperator): print_the_context>, log_sql_query already registered for DAG: example_python_operator
[2025-07-20T06:10:28.570+0000] {logging_mixin.py:120} INFO - [2025-07-20T06:10:28.570+0000] {taskmixin.py:205} WARNING - Dependency <Task(_PythonDecoratedOperator): log_sql_query>, print_the_context already registered for DAG: example_python_operator
[2025-07-20T06:10:28.581+0000] {processor.py:766} INFO - DAG(s) dict_keys(['example_python_operator']) retrieved from /home/airflow/.local/lib/python3.7/site-packages/airflow/example_dags/example_python_operator.py
[2025-07-20T06:10:28.704+0000] {logging_mixin.py:120} INFO - [2025-07-20T06:10:28.704+0000] {dag.py:2585} INFO - Sync 1 DAGs
[2025-07-20T06:10:28.757+0000] {logging_mixin.py:120} INFO - [2025-07-20T06:10:28.756+0000] {dag.py:3340} INFO - Setting next_dagrun for example_python_operator to None, run_after=None
[2025-07-20T06:10:28.801+0000] {processor.py:176} INFO - Processing /home/airflow/.local/lib/python3.7/site-packages/airflow/example_dags/example_python_operator.py took 0.273 seconds
[2025-07-20T06:10:59.208+0000] {processor.py:154} INFO - Started process (PID=1221) to work on /home/airflow/.local/lib/python3.7/site-packages/airflow/example_dags/example_python_operator.py
[2025-07-20T06:10:59.211+0000] {processor.py:756} INFO - Processing file /home/airflow/.local/lib/python3.7/site-packages/airflow/example_dags/example_python_operator.py for tasks to queue
[2025-07-20T06:10:59.213+0000] {logging_mixin.py:120} INFO - [2025-07-20T06:10:59.212+0000] {dagbag.py:537} INFO - Filling up the DagBag from /home/airflow/.local/lib/python3.7/site-packages/airflow/example_dags/example_python_operator.py
[2025-07-20T06:10:59.277+0000] {logging_mixin.py:120} INFO - [2025-07-20T06:10:59.277+0000] {taskmixin.py:205} WARNING - Dependency <Task(_PythonDecoratedOperator): print_the_context>, log_sql_query already registered for DAG: example_python_operator
[2025-07-20T06:10:59.278+0000] {logging_mixin.py:120} INFO - [2025-07-20T06:10:59.278+0000] {taskmixin.py:205} WARNING - Dependency <Task(_PythonDecoratedOperator): log_sql_query>, print_the_context already registered for DAG: example_python_operator
[2025-07-20T06:10:59.281+0000] {logging_mixin.py:120} INFO - [2025-07-20T06:10:59.280+0000] {taskmixin.py:205} WARNING - Dependency <Task(_PythonDecoratedOperator): print_the_context>, log_sql_query already registered for DAG: example_python_operator
[2025-07-20T06:10:59.282+0000] {logging_mixin.py:120} INFO - [2025-07-20T06:10:59.281+0000] {taskmixin.py:205} WARNING - Dependency <Task(_PythonDecoratedOperator): log_sql_query>, print_the_context already registered for DAG: example_python_operator
[2025-07-20T06:10:59.284+0000] {logging_mixin.py:120} INFO - [2025-07-20T06:10:59.284+0000] {taskmixin.py:205} WARNING - Dependency <Task(_PythonDecoratedOperator): print_the_context>, log_sql_query already registered for DAG: example_python_operator
[2025-07-20T06:10:59.285+0000] {logging_mixin.py:120} INFO - [2025-07-20T06:10:59.285+0000] {taskmixin.py:205} WARNING - Dependency <Task(_PythonDecoratedOperator): log_sql_query>, print_the_context already registered for DAG: example_python_operator
[2025-07-20T06:10:59.291+0000] {logging_mixin.py:120} INFO - [2025-07-20T06:10:59.291+0000] {taskmixin.py:205} WARNING - Dependency <Task(_PythonDecoratedOperator): print_the_context>, log_sql_query already registered for DAG: example_python_operator
[2025-07-20T06:10:59.295+0000] {logging_mixin.py:120} INFO - [2025-07-20T06:10:59.295+0000] {taskmixin.py:205} WARNING - Dependency <Task(_PythonDecoratedOperator): log_sql_query>, print_the_context already registered for DAG: example_python_operator
[2025-07-20T06:10:59.330+0000] {processor.py:766} INFO - DAG(s) dict_keys(['example_python_operator']) retrieved from /home/airflow/.local/lib/python3.7/site-packages/airflow/example_dags/example_python_operator.py
[2025-07-20T06:10:59.441+0000] {logging_mixin.py:120} INFO - [2025-07-20T06:10:59.441+0000] {dag.py:2585} INFO - Sync 1 DAGs
[2025-07-20T06:10:59.514+0000] {logging_mixin.py:120} INFO - [2025-07-20T06:10:59.513+0000] {dag.py:3340} INFO - Setting next_dagrun for example_python_operator to None, run_after=None
[2025-07-20T06:10:59.573+0000] {processor.py:176} INFO - Processing /home/airflow/.local/lib/python3.7/site-packages/airflow/example_dags/example_python_operator.py took 0.381 seconds
[2025-07-20T06:11:30.274+0000] {processor.py:154} INFO - Started process (PID=1284) to work on /home/airflow/.local/lib/python3.7/site-packages/airflow/example_dags/example_python_operator.py
[2025-07-20T06:11:30.287+0000] {processor.py:756} INFO - Processing file /home/airflow/.local/lib/python3.7/site-packages/airflow/example_dags/example_python_operator.py for tasks to queue
[2025-07-20T06:11:30.289+0000] {logging_mixin.py:120} INFO - [2025-07-20T06:11:30.288+0000] {dagbag.py:537} INFO - Filling up the DagBag from /home/airflow/.local/lib/python3.7/site-packages/airflow/example_dags/example_python_operator.py
[2025-07-20T06:11:30.331+0000] {logging_mixin.py:120} INFO - [2025-07-20T06:11:30.331+0000] {taskmixin.py:205} WARNING - Dependency <Task(_PythonDecoratedOperator): print_the_context>, log_sql_query already registered for DAG: example_python_operator
[2025-07-20T06:11:30.332+0000] {logging_mixin.py:120} INFO - [2025-07-20T06:11:30.331+0000] {taskmixin.py:205} WARNING - Dependency <Task(_PythonDecoratedOperator): log_sql_query>, print_the_context already registered for DAG: example_python_operator
[2025-07-20T06:11:30.334+0000] {logging_mixin.py:120} INFO - [2025-07-20T06:11:30.334+0000] {taskmixin.py:205} WARNING - Dependency <Task(_PythonDecoratedOperator): print_the_context>, log_sql_query already registered for DAG: example_python_operator
[2025-07-20T06:11:30.335+0000] {logging_mixin.py:120} INFO - [2025-07-20T06:11:30.335+0000] {taskmixin.py:205} WARNING - Dependency <Task(_PythonDecoratedOperator): log_sql_query>, print_the_context already registered for DAG: example_python_operator
[2025-07-20T06:11:30.337+0000] {logging_mixin.py:120} INFO - [2025-07-20T06:11:30.336+0000] {taskmixin.py:205} WARNING - Dependency <Task(_PythonDecoratedOperator): print_the_context>, log_sql_query already registered for DAG: example_python_operator
[2025-07-20T06:11:30.338+0000] {logging_mixin.py:120} INFO - [2025-07-20T06:11:30.337+0000] {taskmixin.py:205} WARNING - Dependency <Task(_PythonDecoratedOperator): log_sql_query>, print_the_context already registered for DAG: example_python_operator
[2025-07-20T06:11:30.339+0000] {logging_mixin.py:120} INFO - [2025-07-20T06:11:30.339+0000] {taskmixin.py:205} WARNING - Dependency <Task(_PythonDecoratedOperator): print_the_context>, log_sql_query already registered for DAG: example_python_operator
[2025-07-20T06:11:30.340+0000] {logging_mixin.py:120} INFO - [2025-07-20T06:11:30.340+0000] {taskmixin.py:205} WARNING - Dependency <Task(_PythonDecoratedOperator): log_sql_query>, print_the_context already registered for DAG: example_python_operator
[2025-07-20T06:11:30.355+0000] {processor.py:766} INFO - DAG(s) dict_keys(['example_python_operator']) retrieved from /home/airflow/.local/lib/python3.7/site-packages/airflow/example_dags/example_python_operator.py
[2025-07-20T06:11:30.429+0000] {logging_mixin.py:120} INFO - [2025-07-20T06:11:30.429+0000] {dag.py:2585} INFO - Sync 1 DAGs
[2025-07-20T06:11:30.483+0000] {logging_mixin.py:120} INFO - [2025-07-20T06:11:30.483+0000] {dag.py:3340} INFO - Setting next_dagrun for example_python_operator to None, run_after=None
[2025-07-20T06:11:30.527+0000] {processor.py:176} INFO - Processing /home/airflow/.local/lib/python3.7/site-packages/airflow/example_dags/example_python_operator.py took 0.261 seconds
[2025-07-20T06:12:00.804+0000] {processor.py:154} INFO - Started process (PID=1338) to work on /home/airflow/.local/lib/python3.7/site-packages/airflow/example_dags/example_python_operator.py
[2025-07-20T06:12:00.806+0000] {processor.py:756} INFO - Processing file /home/airflow/.local/lib/python3.7/site-packages/airflow/example_dags/example_python_operator.py for tasks to queue
[2025-07-20T06:12:00.808+0000] {logging_mixin.py:120} INFO - [2025-07-20T06:12:00.807+0000] {dagbag.py:537} INFO - Filling up the DagBag from /home/airflow/.local/lib/python3.7/site-packages/airflow/example_dags/example_python_operator.py
[2025-07-20T06:12:00.842+0000] {logging_mixin.py:120} INFO - [2025-07-20T06:12:00.842+0000] {taskmixin.py:205} WARNING - Dependency <Task(_PythonDecoratedOperator): print_the_context>, log_sql_query already registered for DAG: example_python_operator
[2025-07-20T06:12:00.843+0000] {logging_mixin.py:120} INFO - [2025-07-20T06:12:00.843+0000] {taskmixin.py:205} WARNING - Dependency <Task(_PythonDecoratedOperator): log_sql_query>, print_the_context already registered for DAG: example_python_operator
[2025-07-20T06:12:00.845+0000] {logging_mixin.py:120} INFO - [2025-07-20T06:12:00.845+0000] {taskmixin.py:205} WARNING - Dependency <Task(_PythonDecoratedOperator): print_the_context>, log_sql_query already registered for DAG: example_python_operator
[2025-07-20T06:12:00.846+0000] {logging_mixin.py:120} INFO - [2025-07-20T06:12:00.846+0000] {taskmixin.py:205} WARNING - Dependency <Task(_PythonDecoratedOperator): log_sql_query>, print_the_context already registered for DAG: example_python_operator
[2025-07-20T06:12:00.848+0000] {logging_mixin.py:120} INFO - [2025-07-20T06:12:00.848+0000] {taskmixin.py:205} WARNING - Dependency <Task(_PythonDecoratedOperator): print_the_context>, log_sql_query already registered for DAG: example_python_operator
[2025-07-20T06:12:00.849+0000] {logging_mixin.py:120} INFO - [2025-07-20T06:12:00.849+0000] {taskmixin.py:205} WARNING - Dependency <Task(_PythonDecoratedOperator): log_sql_query>, print_the_context already registered for DAG: example_python_operator
[2025-07-20T06:12:00.851+0000] {logging_mixin.py:120} INFO - [2025-07-20T06:12:00.851+0000] {taskmixin.py:205} WARNING - Dependency <Task(_PythonDecoratedOperator): print_the_context>, log_sql_query already registered for DAG: example_python_operator
[2025-07-20T06:12:00.852+0000] {logging_mixin.py:120} INFO - [2025-07-20T06:12:00.852+0000] {taskmixin.py:205} WARNING - Dependency <Task(_PythonDecoratedOperator): log_sql_query>, print_the_context already registered for DAG: example_python_operator
[2025-07-20T06:12:00.863+0000] {processor.py:766} INFO - DAG(s) dict_keys(['example_python_operator']) retrieved from /home/airflow/.local/lib/python3.7/site-packages/airflow/example_dags/example_python_operator.py
[2025-07-20T06:12:00.922+0000] {logging_mixin.py:120} INFO - [2025-07-20T06:12:00.922+0000] {dag.py:2585} INFO - Sync 1 DAGs
[2025-07-20T06:12:00.955+0000] {logging_mixin.py:120} INFO - [2025-07-20T06:12:00.955+0000] {dag.py:3340} INFO - Setting next_dagrun for example_python_operator to None, run_after=None
[2025-07-20T06:12:00.994+0000] {processor.py:176} INFO - Processing /home/airflow/.local/lib/python3.7/site-packages/airflow/example_dags/example_python_operator.py took 0.193 seconds
[2025-07-20T06:12:31.482+0000] {processor.py:154} INFO - Started process (PID=1399) to work on /home/airflow/.local/lib/python3.7/site-packages/airflow/example_dags/example_python_operator.py
[2025-07-20T06:12:31.484+0000] {processor.py:756} INFO - Processing file /home/airflow/.local/lib/python3.7/site-packages/airflow/example_dags/example_python_operator.py for tasks to queue
[2025-07-20T06:12:31.486+0000] {logging_mixin.py:120} INFO - [2025-07-20T06:12:31.485+0000] {dagbag.py:537} INFO - Filling up the DagBag from /home/airflow/.local/lib/python3.7/site-packages/airflow/example_dags/example_python_operator.py
[2025-07-20T06:12:31.518+0000] {logging_mixin.py:120} INFO - [2025-07-20T06:12:31.518+0000] {taskmixin.py:205} WARNING - Dependency <Task(_PythonDecoratedOperator): print_the_context>, log_sql_query already registered for DAG: example_python_operator
[2025-07-20T06:12:31.519+0000] {logging_mixin.py:120} INFO - [2025-07-20T06:12:31.519+0000] {taskmixin.py:205} WARNING - Dependency <Task(_PythonDecoratedOperator): log_sql_query>, print_the_context already registered for DAG: example_python_operator
[2025-07-20T06:12:31.521+0000] {logging_mixin.py:120} INFO - [2025-07-20T06:12:31.521+0000] {taskmixin.py:205} WARNING - Dependency <Task(_PythonDecoratedOperator): print_the_context>, log_sql_query already registered for DAG: example_python_operator
[2025-07-20T06:12:31.522+0000] {logging_mixin.py:120} INFO - [2025-07-20T06:12:31.522+0000] {taskmixin.py:205} WARNING - Dependency <Task(_PythonDecoratedOperator): log_sql_query>, print_the_context already registered for DAG: example_python_operator
[2025-07-20T06:12:31.523+0000] {logging_mixin.py:120} INFO - [2025-07-20T06:12:31.523+0000] {taskmixin.py:205} WARNING - Dependency <Task(_PythonDecoratedOperator): print_the_context>, log_sql_query already registered for DAG: example_python_operator
[2025-07-20T06:12:31.524+0000] {logging_mixin.py:120} INFO - [2025-07-20T06:12:31.524+0000] {taskmixin.py:205} WARNING - Dependency <Task(_PythonDecoratedOperator): log_sql_query>, print_the_context already registered for DAG: example_python_operator
[2025-07-20T06:12:31.525+0000] {logging_mixin.py:120} INFO - [2025-07-20T06:12:31.525+0000] {taskmixin.py:205} WARNING - Dependency <Task(_PythonDecoratedOperator): print_the_context>, log_sql_query already registered for DAG: example_python_operator
[2025-07-20T06:12:31.526+0000] {logging_mixin.py:120} INFO - [2025-07-20T06:12:31.526+0000] {taskmixin.py:205} WARNING - Dependency <Task(_PythonDecoratedOperator): log_sql_query>, print_the_context already registered for DAG: example_python_operator
[2025-07-20T06:12:31.539+0000] {processor.py:766} INFO - DAG(s) dict_keys(['example_python_operator']) retrieved from /home/airflow/.local/lib/python3.7/site-packages/airflow/example_dags/example_python_operator.py
[2025-07-20T06:12:31.623+0000] {logging_mixin.py:120} INFO - [2025-07-20T06:12:31.622+0000] {dag.py:2585} INFO - Sync 1 DAGs
[2025-07-20T06:12:31.672+0000] {logging_mixin.py:120} INFO - [2025-07-20T06:12:31.672+0000] {dag.py:3340} INFO - Setting next_dagrun for example_python_operator to None, run_after=None
[2025-07-20T06:12:31.723+0000] {processor.py:176} INFO - Processing /home/airflow/.local/lib/python3.7/site-packages/airflow/example_dags/example_python_operator.py took 0.247 seconds
[2025-07-20T06:13:02.351+0000] {processor.py:154} INFO - Started process (PID=1452) to work on /home/airflow/.local/lib/python3.7/site-packages/airflow/example_dags/example_python_operator.py
[2025-07-20T06:13:02.355+0000] {processor.py:756} INFO - Processing file /home/airflow/.local/lib/python3.7/site-packages/airflow/example_dags/example_python_operator.py for tasks to queue
[2025-07-20T06:13:02.357+0000] {logging_mixin.py:120} INFO - [2025-07-20T06:13:02.356+0000] {dagbag.py:537} INFO - Filling up the DagBag from /home/airflow/.local/lib/python3.7/site-packages/airflow/example_dags/example_python_operator.py
[2025-07-20T06:13:02.384+0000] {logging_mixin.py:120} INFO - [2025-07-20T06:13:02.384+0000] {taskmixin.py:205} WARNING - Dependency <Task(_PythonDecoratedOperator): print_the_context>, log_sql_query already registered for DAG: example_python_operator
[2025-07-20T06:13:02.385+0000] {logging_mixin.py:120} INFO - [2025-07-20T06:13:02.385+0000] {taskmixin.py:205} WARNING - Dependency <Task(_PythonDecoratedOperator): log_sql_query>, print_the_context already registered for DAG: example_python_operator
[2025-07-20T06:13:02.387+0000] {logging_mixin.py:120} INFO - [2025-07-20T06:13:02.387+0000] {taskmixin.py:205} WARNING - Dependency <Task(_PythonDecoratedOperator): print_the_context>, log_sql_query already registered for DAG: example_python_operator
[2025-07-20T06:13:02.388+0000] {logging_mixin.py:120} INFO - [2025-07-20T06:13:02.388+0000] {taskmixin.py:205} WARNING - Dependency <Task(_PythonDecoratedOperator): log_sql_query>, print_the_context already registered for DAG: example_python_operator
[2025-07-20T06:13:02.390+0000] {logging_mixin.py:120} INFO - [2025-07-20T06:13:02.390+0000] {taskmixin.py:205} WARNING - Dependency <Task(_PythonDecoratedOperator): print_the_context>, log_sql_query already registered for DAG: example_python_operator
[2025-07-20T06:13:02.391+0000] {logging_mixin.py:120} INFO - [2025-07-20T06:13:02.391+0000] {taskmixin.py:205} WARNING - Dependency <Task(_PythonDecoratedOperator): log_sql_query>, print_the_context already registered for DAG: example_python_operator
[2025-07-20T06:13:02.392+0000] {logging_mixin.py:120} INFO - [2025-07-20T06:13:02.392+0000] {taskmixin.py:205} WARNING - Dependency <Task(_PythonDecoratedOperator): print_the_context>, log_sql_query already registered for DAG: example_python_operator
[2025-07-20T06:13:02.393+0000] {logging_mixin.py:120} INFO - [2025-07-20T06:13:02.393+0000] {taskmixin.py:205} WARNING - Dependency <Task(_PythonDecoratedOperator): log_sql_query>, print_the_context already registered for DAG: example_python_operator
[2025-07-20T06:13:02.406+0000] {processor.py:766} INFO - DAG(s) dict_keys(['example_python_operator']) retrieved from /home/airflow/.local/lib/python3.7/site-packages/airflow/example_dags/example_python_operator.py
[2025-07-20T06:13:02.477+0000] {logging_mixin.py:120} INFO - [2025-07-20T06:13:02.476+0000] {dag.py:2585} INFO - Sync 1 DAGs
[2025-07-20T06:13:02.527+0000] {logging_mixin.py:120} INFO - [2025-07-20T06:13:02.527+0000] {dag.py:3340} INFO - Setting next_dagrun for example_python_operator to None, run_after=None
[2025-07-20T06:13:02.566+0000] {processor.py:176} INFO - Processing /home/airflow/.local/lib/python3.7/site-packages/airflow/example_dags/example_python_operator.py took 0.221 seconds
[2025-07-20T06:13:33.609+0000] {processor.py:154} INFO - Started process (PID=1515) to work on /home/airflow/.local/lib/python3.7/site-packages/airflow/example_dags/example_python_operator.py
[2025-07-20T06:13:33.611+0000] {processor.py:756} INFO - Processing file /home/airflow/.local/lib/python3.7/site-packages/airflow/example_dags/example_python_operator.py for tasks to queue
[2025-07-20T06:13:33.613+0000] {logging_mixin.py:120} INFO - [2025-07-20T06:13:33.613+0000] {dagbag.py:537} INFO - Filling up the DagBag from /home/airflow/.local/lib/python3.7/site-packages/airflow/example_dags/example_python_operator.py
[2025-07-20T06:13:33.638+0000] {logging_mixin.py:120} INFO - [2025-07-20T06:13:33.638+0000] {taskmixin.py:205} WARNING - Dependency <Task(_PythonDecoratedOperator): print_the_context>, log_sql_query already registered for DAG: example_python_operator
[2025-07-20T06:13:33.639+0000] {logging_mixin.py:120} INFO - [2025-07-20T06:13:33.639+0000] {taskmixin.py:205} WARNING - Dependency <Task(_PythonDecoratedOperator): log_sql_query>, print_the_context already registered for DAG: example_python_operator
[2025-07-20T06:13:33.641+0000] {logging_mixin.py:120} INFO - [2025-07-20T06:13:33.641+0000] {taskmixin.py:205} WARNING - Dependency <Task(_PythonDecoratedOperator): print_the_context>, log_sql_query already registered for DAG: example_python_operator
[2025-07-20T06:13:33.642+0000] {logging_mixin.py:120} INFO - [2025-07-20T06:13:33.642+0000] {taskmixin.py:205} WARNING - Dependency <Task(_PythonDecoratedOperator): log_sql_query>, print_the_context already registered for DAG: example_python_operator
[2025-07-20T06:13:33.645+0000] {logging_mixin.py:120} INFO - [2025-07-20T06:13:33.645+0000] {taskmixin.py:205} WARNING - Dependency <Task(_PythonDecoratedOperator): print_the_context>, log_sql_query already registered for DAG: example_python_operator
[2025-07-20T06:13:33.646+0000] {logging_mixin.py:120} INFO - [2025-07-20T06:13:33.646+0000] {taskmixin.py:205} WARNING - Dependency <Task(_PythonDecoratedOperator): log_sql_query>, print_the_context already registered for DAG: example_python_operator
[2025-07-20T06:13:33.648+0000] {logging_mixin.py:120} INFO - [2025-07-20T06:13:33.648+0000] {taskmixin.py:205} WARNING - Dependency <Task(_PythonDecoratedOperator): print_the_context>, log_sql_query already registered for DAG: example_python_operator
[2025-07-20T06:13:33.649+0000] {logging_mixin.py:120} INFO - [2025-07-20T06:13:33.649+0000] {taskmixin.py:205} WARNING - Dependency <Task(_PythonDecoratedOperator): log_sql_query>, print_the_context already registered for DAG: example_python_operator
[2025-07-20T06:13:33.661+0000] {processor.py:766} INFO - DAG(s) dict_keys(['example_python_operator']) retrieved from /home/airflow/.local/lib/python3.7/site-packages/airflow/example_dags/example_python_operator.py
[2025-07-20T06:13:33.739+0000] {logging_mixin.py:120} INFO - [2025-07-20T06:13:33.739+0000] {dag.py:2585} INFO - Sync 1 DAGs
[2025-07-20T06:13:33.788+0000] {logging_mixin.py:120} INFO - [2025-07-20T06:13:33.787+0000] {dag.py:3340} INFO - Setting next_dagrun for example_python_operator to None, run_after=None
[2025-07-20T06:13:33.827+0000] {processor.py:176} INFO - Processing /home/airflow/.local/lib/python3.7/site-packages/airflow/example_dags/example_python_operator.py took 0.223 seconds
[2025-07-20T06:14:04.902+0000] {processor.py:154} INFO - Started process (PID=1579) to work on /home/airflow/.local/lib/python3.7/site-packages/airflow/example_dags/example_python_operator.py
[2025-07-20T06:14:04.906+0000] {processor.py:756} INFO - Processing file /home/airflow/.local/lib/python3.7/site-packages/airflow/example_dags/example_python_operator.py for tasks to queue
[2025-07-20T06:14:04.908+0000] {logging_mixin.py:120} INFO - [2025-07-20T06:14:04.908+0000] {dagbag.py:537} INFO - Filling up the DagBag from /home/airflow/.local/lib/python3.7/site-packages/airflow/example_dags/example_python_operator.py
[2025-07-20T06:14:04.942+0000] {logging_mixin.py:120} INFO - [2025-07-20T06:14:04.942+0000] {taskmixin.py:205} WARNING - Dependency <Task(_PythonDecoratedOperator): print_the_context>, log_sql_query already registered for DAG: example_python_operator
[2025-07-20T06:14:04.943+0000] {logging_mixin.py:120} INFO - [2025-07-20T06:14:04.943+0000] {taskmixin.py:205} WARNING - Dependency <Task(_PythonDecoratedOperator): log_sql_query>, print_the_context already registered for DAG: example_python_operator
[2025-07-20T06:14:04.945+0000] {logging_mixin.py:120} INFO - [2025-07-20T06:14:04.945+0000] {taskmixin.py:205} WARNING - Dependency <Task(_PythonDecoratedOperator): print_the_context>, log_sql_query already registered for DAG: example_python_operator
[2025-07-20T06:14:04.946+0000] {logging_mixin.py:120} INFO - [2025-07-20T06:14:04.946+0000] {taskmixin.py:205} WARNING - Dependency <Task(_PythonDecoratedOperator): log_sql_query>, print_the_context already registered for DAG: example_python_operator
[2025-07-20T06:14:04.948+0000] {logging_mixin.py:120} INFO - [2025-07-20T06:14:04.948+0000] {taskmixin.py:205} WARNING - Dependency <Task(_PythonDecoratedOperator): print_the_context>, log_sql_query already registered for DAG: example_python_operator
[2025-07-20T06:14:04.952+0000] {logging_mixin.py:120} INFO - [2025-07-20T06:14:04.952+0000] {taskmixin.py:205} WARNING - Dependency <Task(_PythonDecoratedOperator): log_sql_query>, print_the_context already registered for DAG: example_python_operator
[2025-07-20T06:14:04.954+0000] {logging_mixin.py:120} INFO - [2025-07-20T06:14:04.954+0000] {taskmixin.py:205} WARNING - Dependency <Task(_PythonDecoratedOperator): print_the_context>, log_sql_query already registered for DAG: example_python_operator
[2025-07-20T06:14:04.955+0000] {logging_mixin.py:120} INFO - [2025-07-20T06:14:04.955+0000] {taskmixin.py:205} WARNING - Dependency <Task(_PythonDecoratedOperator): log_sql_query>, print_the_context already registered for DAG: example_python_operator
[2025-07-20T06:14:04.976+0000] {processor.py:766} INFO - DAG(s) dict_keys(['example_python_operator']) retrieved from /home/airflow/.local/lib/python3.7/site-packages/airflow/example_dags/example_python_operator.py
[2025-07-20T06:14:05.065+0000] {logging_mixin.py:120} INFO - [2025-07-20T06:14:05.064+0000] {dag.py:2585} INFO - Sync 1 DAGs
[2025-07-20T06:14:05.125+0000] {logging_mixin.py:120} INFO - [2025-07-20T06:14:05.125+0000] {dag.py:3340} INFO - Setting next_dagrun for example_python_operator to None, run_after=None
[2025-07-20T06:14:05.175+0000] {processor.py:176} INFO - Processing /home/airflow/.local/lib/python3.7/site-packages/airflow/example_dags/example_python_operator.py took 0.281 seconds
[2025-07-20T06:14:36.529+0000] {processor.py:154} INFO - Started process (PID=1634) to work on /home/airflow/.local/lib/python3.7/site-packages/airflow/example_dags/example_python_operator.py
[2025-07-20T06:14:36.536+0000] {processor.py:756} INFO - Processing file /home/airflow/.local/lib/python3.7/site-packages/airflow/example_dags/example_python_operator.py for tasks to queue
[2025-07-20T06:14:36.546+0000] {logging_mixin.py:120} INFO - [2025-07-20T06:14:36.545+0000] {dagbag.py:537} INFO - Filling up the DagBag from /home/airflow/.local/lib/python3.7/site-packages/airflow/example_dags/example_python_operator.py
[2025-07-20T06:14:36.638+0000] {logging_mixin.py:120} INFO - [2025-07-20T06:14:36.637+0000] {taskmixin.py:205} WARNING - Dependency <Task(_PythonDecoratedOperator): print_the_context>, log_sql_query already registered for DAG: example_python_operator
[2025-07-20T06:14:36.647+0000] {logging_mixin.py:120} INFO - [2025-07-20T06:14:36.646+0000] {taskmixin.py:205} WARNING - Dependency <Task(_PythonDecoratedOperator): log_sql_query>, print_the_context already registered for DAG: example_python_operator
[2025-07-20T06:14:36.651+0000] {logging_mixin.py:120} INFO - [2025-07-20T06:14:36.651+0000] {taskmixin.py:205} WARNING - Dependency <Task(_PythonDecoratedOperator): print_the_context>, log_sql_query already registered for DAG: example_python_operator
[2025-07-20T06:14:36.653+0000] {logging_mixin.py:120} INFO - [2025-07-20T06:14:36.652+0000] {taskmixin.py:205} WARNING - Dependency <Task(_PythonDecoratedOperator): log_sql_query>, print_the_context already registered for DAG: example_python_operator
[2025-07-20T06:14:36.656+0000] {logging_mixin.py:120} INFO - [2025-07-20T06:14:36.655+0000] {taskmixin.py:205} WARNING - Dependency <Task(_PythonDecoratedOperator): print_the_context>, log_sql_query already registered for DAG: example_python_operator
[2025-07-20T06:14:36.658+0000] {logging_mixin.py:120} INFO - [2025-07-20T06:14:36.657+0000] {taskmixin.py:205} WARNING - Dependency <Task(_PythonDecoratedOperator): log_sql_query>, print_the_context already registered for DAG: example_python_operator
[2025-07-20T06:14:36.666+0000] {logging_mixin.py:120} INFO - [2025-07-20T06:14:36.666+0000] {taskmixin.py:205} WARNING - Dependency <Task(_PythonDecoratedOperator): print_the_context>, log_sql_query already registered for DAG: example_python_operator
[2025-07-20T06:14:36.667+0000] {logging_mixin.py:120} INFO - [2025-07-20T06:14:36.667+0000] {taskmixin.py:205} WARNING - Dependency <Task(_PythonDecoratedOperator): log_sql_query>, print_the_context already registered for DAG: example_python_operator
[2025-07-20T06:14:36.696+0000] {processor.py:766} INFO - DAG(s) dict_keys(['example_python_operator']) retrieved from /home/airflow/.local/lib/python3.7/site-packages/airflow/example_dags/example_python_operator.py
[2025-07-20T06:14:36.958+0000] {logging_mixin.py:120} INFO - [2025-07-20T06:14:36.958+0000] {dag.py:2585} INFO - Sync 1 DAGs
[2025-07-20T06:14:37.295+0000] {logging_mixin.py:120} INFO - [2025-07-20T06:14:37.294+0000] {dag.py:3340} INFO - Setting next_dagrun for example_python_operator to None, run_after=None
[2025-07-20T06:14:37.449+0000] {processor.py:176} INFO - Processing /home/airflow/.local/lib/python3.7/site-packages/airflow/example_dags/example_python_operator.py took 0.934 seconds
[2025-07-20T06:15:08.752+0000] {processor.py:154} INFO - Started process (PID=1687) to work on /home/airflow/.local/lib/python3.7/site-packages/airflow/example_dags/example_python_operator.py
[2025-07-20T06:15:08.755+0000] {processor.py:756} INFO - Processing file /home/airflow/.local/lib/python3.7/site-packages/airflow/example_dags/example_python_operator.py for tasks to queue
[2025-07-20T06:15:08.757+0000] {logging_mixin.py:120} INFO - [2025-07-20T06:15:08.756+0000] {dagbag.py:537} INFO - Filling up the DagBag from /home/airflow/.local/lib/python3.7/site-packages/airflow/example_dags/example_python_operator.py
[2025-07-20T06:15:08.795+0000] {logging_mixin.py:120} INFO - [2025-07-20T06:15:08.795+0000] {taskmixin.py:205} WARNING - Dependency <Task(_PythonDecoratedOperator): print_the_context>, log_sql_query already registered for DAG: example_python_operator
[2025-07-20T06:15:08.798+0000] {logging_mixin.py:120} INFO - [2025-07-20T06:15:08.798+0000] {taskmixin.py:205} WARNING - Dependency <Task(_PythonDecoratedOperator): log_sql_query>, print_the_context already registered for DAG: example_python_operator
[2025-07-20T06:15:08.800+0000] {logging_mixin.py:120} INFO - [2025-07-20T06:15:08.800+0000] {taskmixin.py:205} WARNING - Dependency <Task(_PythonDecoratedOperator): print_the_context>, log_sql_query already registered for DAG: example_python_operator
[2025-07-20T06:15:08.801+0000] {logging_mixin.py:120} INFO - [2025-07-20T06:15:08.801+0000] {taskmixin.py:205} WARNING - Dependency <Task(_PythonDecoratedOperator): log_sql_query>, print_the_context already registered for DAG: example_python_operator
[2025-07-20T06:15:08.802+0000] {logging_mixin.py:120} INFO - [2025-07-20T06:15:08.802+0000] {taskmixin.py:205} WARNING - Dependency <Task(_PythonDecoratedOperator): print_the_context>, log_sql_query already registered for DAG: example_python_operator
[2025-07-20T06:15:08.803+0000] {logging_mixin.py:120} INFO - [2025-07-20T06:15:08.803+0000] {taskmixin.py:205} WARNING - Dependency <Task(_PythonDecoratedOperator): log_sql_query>, print_the_context already registered for DAG: example_python_operator
[2025-07-20T06:15:08.806+0000] {logging_mixin.py:120} INFO - [2025-07-20T06:15:08.805+0000] {taskmixin.py:205} WARNING - Dependency <Task(_PythonDecoratedOperator): print_the_context>, log_sql_query already registered for DAG: example_python_operator
[2025-07-20T06:15:08.807+0000] {logging_mixin.py:120} INFO - [2025-07-20T06:15:08.806+0000] {taskmixin.py:205} WARNING - Dependency <Task(_PythonDecoratedOperator): log_sql_query>, print_the_context already registered for DAG: example_python_operator
[2025-07-20T06:15:08.823+0000] {processor.py:766} INFO - DAG(s) dict_keys(['example_python_operator']) retrieved from /home/airflow/.local/lib/python3.7/site-packages/airflow/example_dags/example_python_operator.py
[2025-07-20T06:15:08.960+0000] {logging_mixin.py:120} INFO - [2025-07-20T06:15:08.960+0000] {dag.py:2585} INFO - Sync 1 DAGs
[2025-07-20T06:15:09.085+0000] {logging_mixin.py:120} INFO - [2025-07-20T06:15:09.085+0000] {dag.py:3340} INFO - Setting next_dagrun for example_python_operator to None, run_after=None
[2025-07-20T06:15:09.136+0000] {processor.py:176} INFO - Processing /home/airflow/.local/lib/python3.7/site-packages/airflow/example_dags/example_python_operator.py took 0.391 seconds
