[2025-07-20T05:58:19.082+0000] {processor.py:154} INFO - Started process (PID=53) to work on /home/airflow/.local/lib/python3.7/site-packages/airflow/example_dags/example_sla_dag.py
[2025-07-20T05:58:19.085+0000] {processor.py:756} INFO - Processing file /home/airflow/.local/lib/python3.7/site-packages/airflow/example_dags/example_sla_dag.py for tasks to queue
[2025-07-20T05:58:19.092+0000] {logging_mixin.py:120} INFO - [2025-07-20T05:58:19.091+0000] {dagbag.py:537} INFO - Filling up the DagBag from /home/airflow/.local/lib/python3.7/site-packages/airflow/example_dags/example_sla_dag.py
[2025-07-20T05:58:19.198+0000] {processor.py:766} INFO - DAG(s) dict_keys(['example_sla_dag']) retrieved from /home/airflow/.local/lib/python3.7/site-packages/airflow/example_dags/example_sla_dag.py
[2025-07-20T05:58:19.394+0000] {logging_mixin.py:120} INFO - [2025-07-20T05:58:19.394+0000] {dag.py:2585} INFO - Sync 1 DAGs
[2025-07-20T05:58:19.524+0000] {logging_mixin.py:120} INFO - [2025-07-20T05:58:19.524+0000] {dag.py:3340} INFO - Setting next_dagrun for example_sla_dag to 2025-07-20T05:56:00+00:00, run_after=2025-07-20T05:58:00+00:00
[2025-07-20T05:58:19.593+0000] {processor.py:176} INFO - Processing /home/airflow/.local/lib/python3.7/site-packages/airflow/example_dags/example_sla_dag.py took 0.527 seconds
[2025-07-20T05:59:58.635+0000] {processor.py:154} INFO - Started process (PID=135) to work on /home/airflow/.local/lib/python3.7/site-packages/airflow/example_dags/example_sla_dag.py
[2025-07-20T05:59:58.664+0000] {processor.py:756} INFO - Processing file /home/airflow/.local/lib/python3.7/site-packages/airflow/example_dags/example_sla_dag.py for tasks to queue
[2025-07-20T05:59:58.670+0000] {logging_mixin.py:120} INFO - [2025-07-20T05:59:58.670+0000] {dagbag.py:537} INFO - Filling up the DagBag from /home/airflow/.local/lib/python3.7/site-packages/airflow/example_dags/example_sla_dag.py
[2025-07-20T05:59:59.591+0000] {processor.py:766} INFO - DAG(s) dict_keys(['example_sla_dag']) retrieved from /home/airflow/.local/lib/python3.7/site-packages/airflow/example_dags/example_sla_dag.py
[2025-07-20T06:00:01.237+0000] {logging_mixin.py:120} INFO - [2025-07-20T06:00:01.210+0000] {dag.py:2585} INFO - Sync 1 DAGs
[2025-07-20T06:00:04.432+0000] {logging_mixin.py:120} INFO - [2025-07-20T06:00:04.432+0000] {dag.py:3340} INFO - Setting next_dagrun for example_sla_dag to 2025-07-20T05:58:00+00:00, run_after=2025-07-20T06:00:00+00:00
[2025-07-20T06:00:08.093+0000] {processor.py:176} INFO - Processing /home/airflow/.local/lib/python3.7/site-packages/airflow/example_dags/example_sla_dag.py took 9.530 seconds
[2025-07-20T06:01:22.059+0000] {processor.py:154} INFO - Started process (PID=193) to work on /home/airflow/.local/lib/python3.7/site-packages/airflow/example_dags/example_sla_dag.py
[2025-07-20T06:01:22.099+0000] {processor.py:756} INFO - Processing file /home/airflow/.local/lib/python3.7/site-packages/airflow/example_dags/example_sla_dag.py for tasks to queue
[2025-07-20T06:01:22.120+0000] {logging_mixin.py:120} INFO - [2025-07-20T06:01:22.120+0000] {dagbag.py:537} INFO - Filling up the DagBag from /home/airflow/.local/lib/python3.7/site-packages/airflow/example_dags/example_sla_dag.py
[2025-07-20T06:01:22.599+0000] {processor.py:766} INFO - DAG(s) dict_keys(['example_sla_dag']) retrieved from /home/airflow/.local/lib/python3.7/site-packages/airflow/example_dags/example_sla_dag.py
[2025-07-20T06:01:24.013+0000] {logging_mixin.py:120} INFO - [2025-07-20T06:01:24.013+0000] {dag.py:2585} INFO - Sync 1 DAGs
[2025-07-20T06:01:24.388+0000] {logging_mixin.py:120} INFO - [2025-07-20T06:01:24.387+0000] {dag.py:3340} INFO - Setting next_dagrun for example_sla_dag to 2025-07-20T05:58:00+00:00, run_after=2025-07-20T06:00:00+00:00
[2025-07-20T06:01:27.200+0000] {processor.py:176} INFO - Processing /home/airflow/.local/lib/python3.7/site-packages/airflow/example_dags/example_sla_dag.py took 5.205 seconds
[2025-07-20T06:02:08.217+0000] {processor.py:154} INFO - Started process (PID=247) to work on /home/airflow/.local/lib/python3.7/site-packages/airflow/example_dags/example_sla_dag.py
[2025-07-20T06:02:08.231+0000] {processor.py:756} INFO - Processing file /home/airflow/.local/lib/python3.7/site-packages/airflow/example_dags/example_sla_dag.py for tasks to queue
[2025-07-20T06:02:08.263+0000] {logging_mixin.py:120} INFO - [2025-07-20T06:02:08.249+0000] {dagbag.py:537} INFO - Filling up the DagBag from /home/airflow/.local/lib/python3.7/site-packages/airflow/example_dags/example_sla_dag.py
[2025-07-20T06:02:08.633+0000] {processor.py:766} INFO - DAG(s) dict_keys(['example_sla_dag']) retrieved from /home/airflow/.local/lib/python3.7/site-packages/airflow/example_dags/example_sla_dag.py
[2025-07-20T06:02:09.180+0000] {logging_mixin.py:120} INFO - [2025-07-20T06:02:09.180+0000] {dag.py:2585} INFO - Sync 1 DAGs
[2025-07-20T06:02:09.433+0000] {logging_mixin.py:120} INFO - [2025-07-20T06:02:09.433+0000] {dag.py:3340} INFO - Setting next_dagrun for example_sla_dag to 2025-07-20T06:00:00+00:00, run_after=2025-07-20T06:02:00+00:00
[2025-07-20T06:02:09.584+0000] {processor.py:176} INFO - Processing /home/airflow/.local/lib/python3.7/site-packages/airflow/example_dags/example_sla_dag.py took 1.385 seconds
[2025-07-20T06:02:39.797+0000] {processor.py:154} INFO - Started process (PID=300) to work on /home/airflow/.local/lib/python3.7/site-packages/airflow/example_dags/example_sla_dag.py
[2025-07-20T06:02:39.799+0000] {processor.py:756} INFO - Processing file /home/airflow/.local/lib/python3.7/site-packages/airflow/example_dags/example_sla_dag.py for tasks to queue
[2025-07-20T06:02:39.801+0000] {logging_mixin.py:120} INFO - [2025-07-20T06:02:39.800+0000] {dagbag.py:537} INFO - Filling up the DagBag from /home/airflow/.local/lib/python3.7/site-packages/airflow/example_dags/example_sla_dag.py
[2025-07-20T06:02:39.851+0000] {processor.py:766} INFO - DAG(s) dict_keys(['example_sla_dag']) retrieved from /home/airflow/.local/lib/python3.7/site-packages/airflow/example_dags/example_sla_dag.py
[2025-07-20T06:02:39.932+0000] {logging_mixin.py:120} INFO - [2025-07-20T06:02:39.932+0000] {dag.py:2585} INFO - Sync 1 DAGs
[2025-07-20T06:02:39.985+0000] {logging_mixin.py:120} INFO - [2025-07-20T06:02:39.985+0000] {dag.py:3340} INFO - Setting next_dagrun for example_sla_dag to 2025-07-20T06:00:00+00:00, run_after=2025-07-20T06:02:00+00:00
[2025-07-20T06:02:40.027+0000] {processor.py:176} INFO - Processing /home/airflow/.local/lib/python3.7/site-packages/airflow/example_dags/example_sla_dag.py took 0.238 seconds
[2025-07-20T06:03:10.642+0000] {processor.py:154} INFO - Started process (PID=363) to work on /home/airflow/.local/lib/python3.7/site-packages/airflow/example_dags/example_sla_dag.py
[2025-07-20T06:03:10.645+0000] {processor.py:756} INFO - Processing file /home/airflow/.local/lib/python3.7/site-packages/airflow/example_dags/example_sla_dag.py for tasks to queue
[2025-07-20T06:03:10.647+0000] {logging_mixin.py:120} INFO - [2025-07-20T06:03:10.647+0000] {dagbag.py:537} INFO - Filling up the DagBag from /home/airflow/.local/lib/python3.7/site-packages/airflow/example_dags/example_sla_dag.py
[2025-07-20T06:03:10.719+0000] {processor.py:766} INFO - DAG(s) dict_keys(['example_sla_dag']) retrieved from /home/airflow/.local/lib/python3.7/site-packages/airflow/example_dags/example_sla_dag.py
[2025-07-20T06:03:10.859+0000] {logging_mixin.py:120} INFO - [2025-07-20T06:03:10.858+0000] {dag.py:2585} INFO - Sync 1 DAGs
[2025-07-20T06:03:10.957+0000] {logging_mixin.py:120} INFO - [2025-07-20T06:03:10.957+0000] {dag.py:3340} INFO - Setting next_dagrun for example_sla_dag to 2025-07-20T06:00:00+00:00, run_after=2025-07-20T06:02:00+00:00
[2025-07-20T06:03:11.021+0000] {processor.py:176} INFO - Processing /home/airflow/.local/lib/python3.7/site-packages/airflow/example_dags/example_sla_dag.py took 0.400 seconds
[2025-07-20T06:03:41.575+0000] {processor.py:154} INFO - Started process (PID=417) to work on /home/airflow/.local/lib/python3.7/site-packages/airflow/example_dags/example_sla_dag.py
[2025-07-20T06:03:41.579+0000] {processor.py:756} INFO - Processing file /home/airflow/.local/lib/python3.7/site-packages/airflow/example_dags/example_sla_dag.py for tasks to queue
[2025-07-20T06:03:41.585+0000] {logging_mixin.py:120} INFO - [2025-07-20T06:03:41.584+0000] {dagbag.py:537} INFO - Filling up the DagBag from /home/airflow/.local/lib/python3.7/site-packages/airflow/example_dags/example_sla_dag.py
[2025-07-20T06:03:41.741+0000] {processor.py:766} INFO - DAG(s) dict_keys(['example_sla_dag']) retrieved from /home/airflow/.local/lib/python3.7/site-packages/airflow/example_dags/example_sla_dag.py
[2025-07-20T06:03:42.026+0000] {logging_mixin.py:120} INFO - [2025-07-20T06:03:42.025+0000] {dag.py:2585} INFO - Sync 1 DAGs
[2025-07-20T06:03:42.734+0000] {logging_mixin.py:120} INFO - [2025-07-20T06:03:42.734+0000] {dag.py:3340} INFO - Setting next_dagrun for example_sla_dag to 2025-07-20T06:00:00+00:00, run_after=2025-07-20T06:02:00+00:00
[2025-07-20T06:03:44.601+0000] {processor.py:176} INFO - Processing /home/airflow/.local/lib/python3.7/site-packages/airflow/example_dags/example_sla_dag.py took 3.052 seconds
[2025-07-20T06:04:15.051+0000] {processor.py:154} INFO - Started process (PID=472) to work on /home/airflow/.local/lib/python3.7/site-packages/airflow/example_dags/example_sla_dag.py
[2025-07-20T06:04:15.054+0000] {processor.py:756} INFO - Processing file /home/airflow/.local/lib/python3.7/site-packages/airflow/example_dags/example_sla_dag.py for tasks to queue
[2025-07-20T06:04:15.056+0000] {logging_mixin.py:120} INFO - [2025-07-20T06:04:15.056+0000] {dagbag.py:537} INFO - Filling up the DagBag from /home/airflow/.local/lib/python3.7/site-packages/airflow/example_dags/example_sla_dag.py
[2025-07-20T06:04:15.126+0000] {processor.py:766} INFO - DAG(s) dict_keys(['example_sla_dag']) retrieved from /home/airflow/.local/lib/python3.7/site-packages/airflow/example_dags/example_sla_dag.py
[2025-07-20T06:04:15.232+0000] {logging_mixin.py:120} INFO - [2025-07-20T06:04:15.231+0000] {dag.py:2585} INFO - Sync 1 DAGs
[2025-07-20T06:04:15.310+0000] {logging_mixin.py:120} INFO - [2025-07-20T06:04:15.310+0000] {dag.py:3340} INFO - Setting next_dagrun for example_sla_dag to 2025-07-20T06:02:00+00:00, run_after=2025-07-20T06:04:00+00:00
[2025-07-20T06:04:15.354+0000] {processor.py:176} INFO - Processing /home/airflow/.local/lib/python3.7/site-packages/airflow/example_dags/example_sla_dag.py took 0.319 seconds
[2025-07-20T06:04:45.421+0000] {processor.py:154} INFO - Started process (PID=535) to work on /home/airflow/.local/lib/python3.7/site-packages/airflow/example_dags/example_sla_dag.py
[2025-07-20T06:04:45.423+0000] {processor.py:756} INFO - Processing file /home/airflow/.local/lib/python3.7/site-packages/airflow/example_dags/example_sla_dag.py for tasks to queue
[2025-07-20T06:04:45.425+0000] {logging_mixin.py:120} INFO - [2025-07-20T06:04:45.424+0000] {dagbag.py:537} INFO - Filling up the DagBag from /home/airflow/.local/lib/python3.7/site-packages/airflow/example_dags/example_sla_dag.py
[2025-07-20T06:04:45.468+0000] {processor.py:766} INFO - DAG(s) dict_keys(['example_sla_dag']) retrieved from /home/airflow/.local/lib/python3.7/site-packages/airflow/example_dags/example_sla_dag.py
[2025-07-20T06:04:45.538+0000] {logging_mixin.py:120} INFO - [2025-07-20T06:04:45.537+0000] {dag.py:2585} INFO - Sync 1 DAGs
[2025-07-20T06:04:45.585+0000] {logging_mixin.py:120} INFO - [2025-07-20T06:04:45.585+0000] {dag.py:3340} INFO - Setting next_dagrun for example_sla_dag to 2025-07-20T06:02:00+00:00, run_after=2025-07-20T06:04:00+00:00
[2025-07-20T06:04:45.618+0000] {processor.py:176} INFO - Processing /home/airflow/.local/lib/python3.7/site-packages/airflow/example_dags/example_sla_dag.py took 0.205 seconds
[2025-07-20T06:05:15.861+0000] {processor.py:154} INFO - Started process (PID=589) to work on /home/airflow/.local/lib/python3.7/site-packages/airflow/example_dags/example_sla_dag.py
[2025-07-20T06:05:15.863+0000] {processor.py:756} INFO - Processing file /home/airflow/.local/lib/python3.7/site-packages/airflow/example_dags/example_sla_dag.py for tasks to queue
[2025-07-20T06:05:15.866+0000] {logging_mixin.py:120} INFO - [2025-07-20T06:05:15.865+0000] {dagbag.py:537} INFO - Filling up the DagBag from /home/airflow/.local/lib/python3.7/site-packages/airflow/example_dags/example_sla_dag.py
[2025-07-20T06:05:15.956+0000] {processor.py:766} INFO - DAG(s) dict_keys(['example_sla_dag']) retrieved from /home/airflow/.local/lib/python3.7/site-packages/airflow/example_dags/example_sla_dag.py
[2025-07-20T06:05:16.062+0000] {logging_mixin.py:120} INFO - [2025-07-20T06:05:16.062+0000] {dag.py:2585} INFO - Sync 1 DAGs
[2025-07-20T06:05:16.191+0000] {logging_mixin.py:120} INFO - [2025-07-20T06:05:16.191+0000] {dag.py:3340} INFO - Setting next_dagrun for example_sla_dag to 2025-07-20T06:02:00+00:00, run_after=2025-07-20T06:04:00+00:00
[2025-07-20T06:05:16.237+0000] {processor.py:176} INFO - Processing /home/airflow/.local/lib/python3.7/site-packages/airflow/example_dags/example_sla_dag.py took 0.395 seconds
[2025-07-20T06:05:46.491+0000] {processor.py:154} INFO - Started process (PID=652) to work on /home/airflow/.local/lib/python3.7/site-packages/airflow/example_dags/example_sla_dag.py
[2025-07-20T06:05:46.493+0000] {processor.py:756} INFO - Processing file /home/airflow/.local/lib/python3.7/site-packages/airflow/example_dags/example_sla_dag.py for tasks to queue
[2025-07-20T06:05:46.495+0000] {logging_mixin.py:120} INFO - [2025-07-20T06:05:46.495+0000] {dagbag.py:537} INFO - Filling up the DagBag from /home/airflow/.local/lib/python3.7/site-packages/airflow/example_dags/example_sla_dag.py
[2025-07-20T06:05:46.569+0000] {processor.py:766} INFO - DAG(s) dict_keys(['example_sla_dag']) retrieved from /home/airflow/.local/lib/python3.7/site-packages/airflow/example_dags/example_sla_dag.py
[2025-07-20T06:05:46.694+0000] {logging_mixin.py:120} INFO - [2025-07-20T06:05:46.692+0000] {dag.py:2585} INFO - Sync 1 DAGs
[2025-07-20T06:05:46.769+0000] {logging_mixin.py:120} INFO - [2025-07-20T06:05:46.768+0000] {dag.py:3340} INFO - Setting next_dagrun for example_sla_dag to 2025-07-20T06:02:00+00:00, run_after=2025-07-20T06:04:00+00:00
[2025-07-20T06:05:46.815+0000] {processor.py:176} INFO - Processing /home/airflow/.local/lib/python3.7/site-packages/airflow/example_dags/example_sla_dag.py took 0.331 seconds
[2025-07-20T06:06:17.499+0000] {processor.py:154} INFO - Started process (PID=706) to work on /home/airflow/.local/lib/python3.7/site-packages/airflow/example_dags/example_sla_dag.py
[2025-07-20T06:06:17.504+0000] {processor.py:756} INFO - Processing file /home/airflow/.local/lib/python3.7/site-packages/airflow/example_dags/example_sla_dag.py for tasks to queue
[2025-07-20T06:06:17.506+0000] {logging_mixin.py:120} INFO - [2025-07-20T06:06:17.506+0000] {dagbag.py:537} INFO - Filling up the DagBag from /home/airflow/.local/lib/python3.7/site-packages/airflow/example_dags/example_sla_dag.py
[2025-07-20T06:06:17.547+0000] {processor.py:766} INFO - DAG(s) dict_keys(['example_sla_dag']) retrieved from /home/airflow/.local/lib/python3.7/site-packages/airflow/example_dags/example_sla_dag.py
[2025-07-20T06:06:17.628+0000] {logging_mixin.py:120} INFO - [2025-07-20T06:06:17.628+0000] {dag.py:2585} INFO - Sync 1 DAGs
[2025-07-20T06:06:17.687+0000] {logging_mixin.py:120} INFO - [2025-07-20T06:06:17.687+0000] {dag.py:3340} INFO - Setting next_dagrun for example_sla_dag to 2025-07-20T06:04:00+00:00, run_after=2025-07-20T06:06:00+00:00
[2025-07-20T06:06:17.731+0000] {processor.py:176} INFO - Processing /home/airflow/.local/lib/python3.7/site-packages/airflow/example_dags/example_sla_dag.py took 0.236 seconds
[2025-07-20T06:06:47.957+0000] {processor.py:154} INFO - Started process (PID=769) to work on /home/airflow/.local/lib/python3.7/site-packages/airflow/example_dags/example_sla_dag.py
[2025-07-20T06:06:47.960+0000] {processor.py:756} INFO - Processing file /home/airflow/.local/lib/python3.7/site-packages/airflow/example_dags/example_sla_dag.py for tasks to queue
[2025-07-20T06:06:47.962+0000] {logging_mixin.py:120} INFO - [2025-07-20T06:06:47.962+0000] {dagbag.py:537} INFO - Filling up the DagBag from /home/airflow/.local/lib/python3.7/site-packages/airflow/example_dags/example_sla_dag.py
[2025-07-20T06:06:48.017+0000] {processor.py:766} INFO - DAG(s) dict_keys(['example_sla_dag']) retrieved from /home/airflow/.local/lib/python3.7/site-packages/airflow/example_dags/example_sla_dag.py
[2025-07-20T06:06:48.108+0000] {logging_mixin.py:120} INFO - [2025-07-20T06:06:48.108+0000] {dag.py:2585} INFO - Sync 1 DAGs
[2025-07-20T06:06:48.183+0000] {logging_mixin.py:120} INFO - [2025-07-20T06:06:48.182+0000] {dag.py:3340} INFO - Setting next_dagrun for example_sla_dag to 2025-07-20T06:04:00+00:00, run_after=2025-07-20T06:06:00+00:00
[2025-07-20T06:06:48.235+0000] {processor.py:176} INFO - Processing /home/airflow/.local/lib/python3.7/site-packages/airflow/example_dags/example_sla_dag.py took 0.283 seconds
[2025-07-20T06:07:18.617+0000] {processor.py:154} INFO - Started process (PID=828) to work on /home/airflow/.local/lib/python3.7/site-packages/airflow/example_dags/example_sla_dag.py
[2025-07-20T06:07:18.619+0000] {processor.py:756} INFO - Processing file /home/airflow/.local/lib/python3.7/site-packages/airflow/example_dags/example_sla_dag.py for tasks to queue
[2025-07-20T06:07:18.627+0000] {logging_mixin.py:120} INFO - [2025-07-20T06:07:18.624+0000] {dagbag.py:537} INFO - Filling up the DagBag from /home/airflow/.local/lib/python3.7/site-packages/airflow/example_dags/example_sla_dag.py
[2025-07-20T06:07:18.695+0000] {processor.py:766} INFO - DAG(s) dict_keys(['example_sla_dag']) retrieved from /home/airflow/.local/lib/python3.7/site-packages/airflow/example_dags/example_sla_dag.py
[2025-07-20T06:07:18.780+0000] {logging_mixin.py:120} INFO - [2025-07-20T06:07:18.780+0000] {dag.py:2585} INFO - Sync 1 DAGs
[2025-07-20T06:07:18.862+0000] {logging_mixin.py:120} INFO - [2025-07-20T06:07:18.862+0000] {dag.py:3340} INFO - Setting next_dagrun for example_sla_dag to 2025-07-20T06:04:00+00:00, run_after=2025-07-20T06:06:00+00:00
[2025-07-20T06:07:18.966+0000] {processor.py:176} INFO - Processing /home/airflow/.local/lib/python3.7/site-packages/airflow/example_dags/example_sla_dag.py took 0.364 seconds
[2025-07-20T06:07:49.352+0000] {processor.py:154} INFO - Started process (PID=884) to work on /home/airflow/.local/lib/python3.7/site-packages/airflow/example_dags/example_sla_dag.py
[2025-07-20T06:07:49.354+0000] {processor.py:756} INFO - Processing file /home/airflow/.local/lib/python3.7/site-packages/airflow/example_dags/example_sla_dag.py for tasks to queue
[2025-07-20T06:07:49.357+0000] {logging_mixin.py:120} INFO - [2025-07-20T06:07:49.357+0000] {dagbag.py:537} INFO - Filling up the DagBag from /home/airflow/.local/lib/python3.7/site-packages/airflow/example_dags/example_sla_dag.py
[2025-07-20T06:07:49.412+0000] {processor.py:766} INFO - DAG(s) dict_keys(['example_sla_dag']) retrieved from /home/airflow/.local/lib/python3.7/site-packages/airflow/example_dags/example_sla_dag.py
[2025-07-20T06:07:49.494+0000] {logging_mixin.py:120} INFO - [2025-07-20T06:07:49.494+0000] {dag.py:2585} INFO - Sync 1 DAGs
[2025-07-20T06:07:49.553+0000] {logging_mixin.py:120} INFO - [2025-07-20T06:07:49.553+0000] {dag.py:3340} INFO - Setting next_dagrun for example_sla_dag to 2025-07-20T06:04:00+00:00, run_after=2025-07-20T06:06:00+00:00
[2025-07-20T06:07:49.598+0000] {processor.py:176} INFO - Processing /home/airflow/.local/lib/python3.7/site-packages/airflow/example_dags/example_sla_dag.py took 0.251 seconds
[2025-07-20T06:08:20.037+0000] {processor.py:154} INFO - Started process (PID=938) to work on /home/airflow/.local/lib/python3.7/site-packages/airflow/example_dags/example_sla_dag.py
[2025-07-20T06:08:20.039+0000] {processor.py:756} INFO - Processing file /home/airflow/.local/lib/python3.7/site-packages/airflow/example_dags/example_sla_dag.py for tasks to queue
[2025-07-20T06:08:20.040+0000] {logging_mixin.py:120} INFO - [2025-07-20T06:08:20.040+0000] {dagbag.py:537} INFO - Filling up the DagBag from /home/airflow/.local/lib/python3.7/site-packages/airflow/example_dags/example_sla_dag.py
[2025-07-20T06:08:20.072+0000] {processor.py:766} INFO - DAG(s) dict_keys(['example_sla_dag']) retrieved from /home/airflow/.local/lib/python3.7/site-packages/airflow/example_dags/example_sla_dag.py
[2025-07-20T06:08:20.141+0000] {logging_mixin.py:120} INFO - [2025-07-20T06:08:20.141+0000] {dag.py:2585} INFO - Sync 1 DAGs
[2025-07-20T06:08:20.195+0000] {logging_mixin.py:120} INFO - [2025-07-20T06:08:20.195+0000] {dag.py:3340} INFO - Setting next_dagrun for example_sla_dag to 2025-07-20T06:06:00+00:00, run_after=2025-07-20T06:08:00+00:00
[2025-07-20T06:08:20.248+0000] {processor.py:176} INFO - Processing /home/airflow/.local/lib/python3.7/site-packages/airflow/example_dags/example_sla_dag.py took 0.218 seconds
[2025-07-20T06:08:50.828+0000] {processor.py:154} INFO - Started process (PID=992) to work on /home/airflow/.local/lib/python3.7/site-packages/airflow/example_dags/example_sla_dag.py
[2025-07-20T06:08:50.830+0000] {processor.py:756} INFO - Processing file /home/airflow/.local/lib/python3.7/site-packages/airflow/example_dags/example_sla_dag.py for tasks to queue
[2025-07-20T06:08:50.832+0000] {logging_mixin.py:120} INFO - [2025-07-20T06:08:50.832+0000] {dagbag.py:537} INFO - Filling up the DagBag from /home/airflow/.local/lib/python3.7/site-packages/airflow/example_dags/example_sla_dag.py
[2025-07-20T06:08:50.874+0000] {processor.py:766} INFO - DAG(s) dict_keys(['example_sla_dag']) retrieved from /home/airflow/.local/lib/python3.7/site-packages/airflow/example_dags/example_sla_dag.py
[2025-07-20T06:08:50.952+0000] {logging_mixin.py:120} INFO - [2025-07-20T06:08:50.951+0000] {dag.py:2585} INFO - Sync 1 DAGs
[2025-07-20T06:08:51.009+0000] {logging_mixin.py:120} INFO - [2025-07-20T06:08:51.009+0000] {dag.py:3340} INFO - Setting next_dagrun for example_sla_dag to 2025-07-20T06:06:00+00:00, run_after=2025-07-20T06:08:00+00:00
[2025-07-20T06:08:51.054+0000] {processor.py:176} INFO - Processing /home/airflow/.local/lib/python3.7/site-packages/airflow/example_dags/example_sla_dag.py took 0.233 seconds
[2025-07-20T06:09:21.820+0000] {processor.py:154} INFO - Started process (PID=1045) to work on /home/airflow/.local/lib/python3.7/site-packages/airflow/example_dags/example_sla_dag.py
[2025-07-20T06:09:21.823+0000] {processor.py:756} INFO - Processing file /home/airflow/.local/lib/python3.7/site-packages/airflow/example_dags/example_sla_dag.py for tasks to queue
[2025-07-20T06:09:21.825+0000] {logging_mixin.py:120} INFO - [2025-07-20T06:09:21.824+0000] {dagbag.py:537} INFO - Filling up the DagBag from /home/airflow/.local/lib/python3.7/site-packages/airflow/example_dags/example_sla_dag.py
[2025-07-20T06:09:21.921+0000] {processor.py:766} INFO - DAG(s) dict_keys(['example_sla_dag']) retrieved from /home/airflow/.local/lib/python3.7/site-packages/airflow/example_dags/example_sla_dag.py
[2025-07-20T06:09:22.075+0000] {logging_mixin.py:120} INFO - [2025-07-20T06:09:22.075+0000] {dag.py:2585} INFO - Sync 1 DAGs
[2025-07-20T06:09:22.203+0000] {logging_mixin.py:120} INFO - [2025-07-20T06:09:22.203+0000] {dag.py:3340} INFO - Setting next_dagrun for example_sla_dag to 2025-07-20T06:06:00+00:00, run_after=2025-07-20T06:08:00+00:00
[2025-07-20T06:09:22.258+0000] {processor.py:176} INFO - Processing /home/airflow/.local/lib/python3.7/site-packages/airflow/example_dags/example_sla_dag.py took 0.446 seconds
[2025-07-20T06:09:52.544+0000] {processor.py:154} INFO - Started process (PID=1106) to work on /home/airflow/.local/lib/python3.7/site-packages/airflow/example_dags/example_sla_dag.py
[2025-07-20T06:09:52.547+0000] {processor.py:756} INFO - Processing file /home/airflow/.local/lib/python3.7/site-packages/airflow/example_dags/example_sla_dag.py for tasks to queue
[2025-07-20T06:09:52.549+0000] {logging_mixin.py:120} INFO - [2025-07-20T06:09:52.548+0000] {dagbag.py:537} INFO - Filling up the DagBag from /home/airflow/.local/lib/python3.7/site-packages/airflow/example_dags/example_sla_dag.py
[2025-07-20T06:09:52.653+0000] {processor.py:766} INFO - DAG(s) dict_keys(['example_sla_dag']) retrieved from /home/airflow/.local/lib/python3.7/site-packages/airflow/example_dags/example_sla_dag.py
[2025-07-20T06:09:52.917+0000] {logging_mixin.py:120} INFO - [2025-07-20T06:09:52.917+0000] {dag.py:2585} INFO - Sync 1 DAGs
[2025-07-20T06:09:53.191+0000] {logging_mixin.py:120} INFO - [2025-07-20T06:09:53.190+0000] {dag.py:3340} INFO - Setting next_dagrun for example_sla_dag to 2025-07-20T06:06:00+00:00, run_after=2025-07-20T06:08:00+00:00
[2025-07-20T06:09:53.304+0000] {processor.py:176} INFO - Processing /home/airflow/.local/lib/python3.7/site-packages/airflow/example_dags/example_sla_dag.py took 0.774 seconds
[2025-07-20T06:10:23.615+0000] {processor.py:154} INFO - Started process (PID=1160) to work on /home/airflow/.local/lib/python3.7/site-packages/airflow/example_dags/example_sla_dag.py
[2025-07-20T06:10:23.633+0000] {processor.py:756} INFO - Processing file /home/airflow/.local/lib/python3.7/site-packages/airflow/example_dags/example_sla_dag.py for tasks to queue
[2025-07-20T06:10:23.637+0000] {logging_mixin.py:120} INFO - [2025-07-20T06:10:23.636+0000] {dagbag.py:537} INFO - Filling up the DagBag from /home/airflow/.local/lib/python3.7/site-packages/airflow/example_dags/example_sla_dag.py
[2025-07-20T06:10:23.807+0000] {processor.py:766} INFO - DAG(s) dict_keys(['example_sla_dag']) retrieved from /home/airflow/.local/lib/python3.7/site-packages/airflow/example_dags/example_sla_dag.py
[2025-07-20T06:10:24.189+0000] {logging_mixin.py:120} INFO - [2025-07-20T06:10:24.188+0000] {dag.py:2585} INFO - Sync 1 DAGs
[2025-07-20T06:10:24.392+0000] {logging_mixin.py:120} INFO - [2025-07-20T06:10:24.384+0000] {dag.py:3340} INFO - Setting next_dagrun for example_sla_dag to 2025-07-20T06:08:00+00:00, run_after=2025-07-20T06:10:00+00:00
[2025-07-20T06:10:24.506+0000] {processor.py:176} INFO - Processing /home/airflow/.local/lib/python3.7/site-packages/airflow/example_dags/example_sla_dag.py took 0.912 seconds
[2025-07-20T06:10:55.131+0000] {processor.py:154} INFO - Started process (PID=1214) to work on /home/airflow/.local/lib/python3.7/site-packages/airflow/example_dags/example_sla_dag.py
[2025-07-20T06:10:55.134+0000] {processor.py:756} INFO - Processing file /home/airflow/.local/lib/python3.7/site-packages/airflow/example_dags/example_sla_dag.py for tasks to queue
[2025-07-20T06:10:55.136+0000] {logging_mixin.py:120} INFO - [2025-07-20T06:10:55.135+0000] {dagbag.py:537} INFO - Filling up the DagBag from /home/airflow/.local/lib/python3.7/site-packages/airflow/example_dags/example_sla_dag.py
[2025-07-20T06:10:55.185+0000] {processor.py:766} INFO - DAG(s) dict_keys(['example_sla_dag']) retrieved from /home/airflow/.local/lib/python3.7/site-packages/airflow/example_dags/example_sla_dag.py
[2025-07-20T06:10:55.271+0000] {logging_mixin.py:120} INFO - [2025-07-20T06:10:55.271+0000] {dag.py:2585} INFO - Sync 1 DAGs
[2025-07-20T06:10:55.346+0000] {logging_mixin.py:120} INFO - [2025-07-20T06:10:55.346+0000] {dag.py:3340} INFO - Setting next_dagrun for example_sla_dag to 2025-07-20T06:08:00+00:00, run_after=2025-07-20T06:10:00+00:00
[2025-07-20T06:10:55.407+0000] {processor.py:176} INFO - Processing /home/airflow/.local/lib/python3.7/site-packages/airflow/example_dags/example_sla_dag.py took 0.283 seconds
[2025-07-20T06:11:26.229+0000] {processor.py:154} INFO - Started process (PID=1268) to work on /home/airflow/.local/lib/python3.7/site-packages/airflow/example_dags/example_sla_dag.py
[2025-07-20T06:11:26.231+0000] {processor.py:756} INFO - Processing file /home/airflow/.local/lib/python3.7/site-packages/airflow/example_dags/example_sla_dag.py for tasks to queue
[2025-07-20T06:11:26.233+0000] {logging_mixin.py:120} INFO - [2025-07-20T06:11:26.233+0000] {dagbag.py:537} INFO - Filling up the DagBag from /home/airflow/.local/lib/python3.7/site-packages/airflow/example_dags/example_sla_dag.py
[2025-07-20T06:11:26.265+0000] {processor.py:766} INFO - DAG(s) dict_keys(['example_sla_dag']) retrieved from /home/airflow/.local/lib/python3.7/site-packages/airflow/example_dags/example_sla_dag.py
[2025-07-20T06:11:26.337+0000] {logging_mixin.py:120} INFO - [2025-07-20T06:11:26.337+0000] {dag.py:2585} INFO - Sync 1 DAGs
[2025-07-20T06:11:26.385+0000] {logging_mixin.py:120} INFO - [2025-07-20T06:11:26.385+0000] {dag.py:3340} INFO - Setting next_dagrun for example_sla_dag to 2025-07-20T06:08:00+00:00, run_after=2025-07-20T06:10:00+00:00
[2025-07-20T06:11:26.420+0000] {processor.py:176} INFO - Processing /home/airflow/.local/lib/python3.7/site-packages/airflow/example_dags/example_sla_dag.py took 0.196 seconds
[2025-07-20T06:11:56.569+0000] {processor.py:154} INFO - Started process (PID=1331) to work on /home/airflow/.local/lib/python3.7/site-packages/airflow/example_dags/example_sla_dag.py
[2025-07-20T06:11:56.571+0000] {processor.py:756} INFO - Processing file /home/airflow/.local/lib/python3.7/site-packages/airflow/example_dags/example_sla_dag.py for tasks to queue
[2025-07-20T06:11:56.573+0000] {logging_mixin.py:120} INFO - [2025-07-20T06:11:56.573+0000] {dagbag.py:537} INFO - Filling up the DagBag from /home/airflow/.local/lib/python3.7/site-packages/airflow/example_dags/example_sla_dag.py
[2025-07-20T06:11:56.612+0000] {processor.py:766} INFO - DAG(s) dict_keys(['example_sla_dag']) retrieved from /home/airflow/.local/lib/python3.7/site-packages/airflow/example_dags/example_sla_dag.py
[2025-07-20T06:11:56.702+0000] {logging_mixin.py:120} INFO - [2025-07-20T06:11:56.702+0000] {dag.py:2585} INFO - Sync 1 DAGs
[2025-07-20T06:11:56.773+0000] {logging_mixin.py:120} INFO - [2025-07-20T06:11:56.772+0000] {dag.py:3340} INFO - Setting next_dagrun for example_sla_dag to 2025-07-20T06:08:00+00:00, run_after=2025-07-20T06:10:00+00:00
[2025-07-20T06:11:56.825+0000] {processor.py:176} INFO - Processing /home/airflow/.local/lib/python3.7/site-packages/airflow/example_dags/example_sla_dag.py took 0.263 seconds
[2025-07-20T06:12:27.529+0000] {processor.py:154} INFO - Started process (PID=1384) to work on /home/airflow/.local/lib/python3.7/site-packages/airflow/example_dags/example_sla_dag.py
[2025-07-20T06:12:27.538+0000] {processor.py:756} INFO - Processing file /home/airflow/.local/lib/python3.7/site-packages/airflow/example_dags/example_sla_dag.py for tasks to queue
[2025-07-20T06:12:27.540+0000] {logging_mixin.py:120} INFO - [2025-07-20T06:12:27.540+0000] {dagbag.py:537} INFO - Filling up the DagBag from /home/airflow/.local/lib/python3.7/site-packages/airflow/example_dags/example_sla_dag.py
[2025-07-20T06:12:27.584+0000] {processor.py:766} INFO - DAG(s) dict_keys(['example_sla_dag']) retrieved from /home/airflow/.local/lib/python3.7/site-packages/airflow/example_dags/example_sla_dag.py
[2025-07-20T06:12:27.689+0000] {logging_mixin.py:120} INFO - [2025-07-20T06:12:27.689+0000] {dag.py:2585} INFO - Sync 1 DAGs
[2025-07-20T06:12:27.745+0000] {logging_mixin.py:120} INFO - [2025-07-20T06:12:27.744+0000] {dag.py:3340} INFO - Setting next_dagrun for example_sla_dag to 2025-07-20T06:10:00+00:00, run_after=2025-07-20T06:12:00+00:00
[2025-07-20T06:12:27.852+0000] {processor.py:176} INFO - Processing /home/airflow/.local/lib/python3.7/site-packages/airflow/example_dags/example_sla_dag.py took 0.327 seconds
[2025-07-20T06:12:58.142+0000] {processor.py:154} INFO - Started process (PID=1445) to work on /home/airflow/.local/lib/python3.7/site-packages/airflow/example_dags/example_sla_dag.py
[2025-07-20T06:12:58.145+0000] {processor.py:756} INFO - Processing file /home/airflow/.local/lib/python3.7/site-packages/airflow/example_dags/example_sla_dag.py for tasks to queue
[2025-07-20T06:12:58.147+0000] {logging_mixin.py:120} INFO - [2025-07-20T06:12:58.146+0000] {dagbag.py:537} INFO - Filling up the DagBag from /home/airflow/.local/lib/python3.7/site-packages/airflow/example_dags/example_sla_dag.py
[2025-07-20T06:12:58.181+0000] {processor.py:766} INFO - DAG(s) dict_keys(['example_sla_dag']) retrieved from /home/airflow/.local/lib/python3.7/site-packages/airflow/example_dags/example_sla_dag.py
[2025-07-20T06:12:58.250+0000] {logging_mixin.py:120} INFO - [2025-07-20T06:12:58.249+0000] {dag.py:2585} INFO - Sync 1 DAGs
[2025-07-20T06:12:58.292+0000] {logging_mixin.py:120} INFO - [2025-07-20T06:12:58.292+0000] {dag.py:3340} INFO - Setting next_dagrun for example_sla_dag to 2025-07-20T06:10:00+00:00, run_after=2025-07-20T06:12:00+00:00
[2025-07-20T06:12:58.329+0000] {processor.py:176} INFO - Processing /home/airflow/.local/lib/python3.7/site-packages/airflow/example_dags/example_sla_dag.py took 0.195 seconds
[2025-07-20T06:13:28.731+0000] {processor.py:154} INFO - Started process (PID=1508) to work on /home/airflow/.local/lib/python3.7/site-packages/airflow/example_dags/example_sla_dag.py
[2025-07-20T06:13:28.733+0000] {processor.py:756} INFO - Processing file /home/airflow/.local/lib/python3.7/site-packages/airflow/example_dags/example_sla_dag.py for tasks to queue
[2025-07-20T06:13:28.736+0000] {logging_mixin.py:120} INFO - [2025-07-20T06:13:28.736+0000] {dagbag.py:537} INFO - Filling up the DagBag from /home/airflow/.local/lib/python3.7/site-packages/airflow/example_dags/example_sla_dag.py
[2025-07-20T06:13:28.782+0000] {processor.py:766} INFO - DAG(s) dict_keys(['example_sla_dag']) retrieved from /home/airflow/.local/lib/python3.7/site-packages/airflow/example_dags/example_sla_dag.py
[2025-07-20T06:13:28.863+0000] {logging_mixin.py:120} INFO - [2025-07-20T06:13:28.863+0000] {dag.py:2585} INFO - Sync 1 DAGs
[2025-07-20T06:13:28.915+0000] {logging_mixin.py:120} INFO - [2025-07-20T06:13:28.914+0000] {dag.py:3340} INFO - Setting next_dagrun for example_sla_dag to 2025-07-20T06:10:00+00:00, run_after=2025-07-20T06:12:00+00:00
[2025-07-20T06:13:28.953+0000] {processor.py:176} INFO - Processing /home/airflow/.local/lib/python3.7/site-packages/airflow/example_dags/example_sla_dag.py took 0.231 seconds
[2025-07-20T06:13:59.429+0000] {processor.py:154} INFO - Started process (PID=1562) to work on /home/airflow/.local/lib/python3.7/site-packages/airflow/example_dags/example_sla_dag.py
[2025-07-20T06:13:59.432+0000] {processor.py:756} INFO - Processing file /home/airflow/.local/lib/python3.7/site-packages/airflow/example_dags/example_sla_dag.py for tasks to queue
[2025-07-20T06:13:59.435+0000] {logging_mixin.py:120} INFO - [2025-07-20T06:13:59.435+0000] {dagbag.py:537} INFO - Filling up the DagBag from /home/airflow/.local/lib/python3.7/site-packages/airflow/example_dags/example_sla_dag.py
[2025-07-20T06:13:59.495+0000] {processor.py:766} INFO - DAG(s) dict_keys(['example_sla_dag']) retrieved from /home/airflow/.local/lib/python3.7/site-packages/airflow/example_dags/example_sla_dag.py
[2025-07-20T06:13:59.582+0000] {logging_mixin.py:120} INFO - [2025-07-20T06:13:59.581+0000] {dag.py:2585} INFO - Sync 1 DAGs
[2025-07-20T06:13:59.626+0000] {logging_mixin.py:120} INFO - [2025-07-20T06:13:59.626+0000] {dag.py:3340} INFO - Setting next_dagrun for example_sla_dag to 2025-07-20T06:10:00+00:00, run_after=2025-07-20T06:12:00+00:00
[2025-07-20T06:13:59.665+0000] {processor.py:176} INFO - Processing /home/airflow/.local/lib/python3.7/site-packages/airflow/example_dags/example_sla_dag.py took 0.243 seconds
[2025-07-20T06:14:30.367+0000] {processor.py:154} INFO - Started process (PID=1626) to work on /home/airflow/.local/lib/python3.7/site-packages/airflow/example_dags/example_sla_dag.py
[2025-07-20T06:14:30.374+0000] {processor.py:756} INFO - Processing file /home/airflow/.local/lib/python3.7/site-packages/airflow/example_dags/example_sla_dag.py for tasks to queue
[2025-07-20T06:14:30.383+0000] {logging_mixin.py:120} INFO - [2025-07-20T06:14:30.383+0000] {dagbag.py:537} INFO - Filling up the DagBag from /home/airflow/.local/lib/python3.7/site-packages/airflow/example_dags/example_sla_dag.py
[2025-07-20T06:14:30.577+0000] {processor.py:766} INFO - DAG(s) dict_keys(['example_sla_dag']) retrieved from /home/airflow/.local/lib/python3.7/site-packages/airflow/example_dags/example_sla_dag.py
[2025-07-20T06:14:30.843+0000] {logging_mixin.py:120} INFO - [2025-07-20T06:14:30.843+0000] {dag.py:2585} INFO - Sync 1 DAGs
[2025-07-20T06:14:31.050+0000] {logging_mixin.py:120} INFO - [2025-07-20T06:14:31.049+0000] {dag.py:3340} INFO - Setting next_dagrun for example_sla_dag to 2025-07-20T06:12:00+00:00, run_after=2025-07-20T06:14:00+00:00
[2025-07-20T06:14:31.160+0000] {processor.py:176} INFO - Processing /home/airflow/.local/lib/python3.7/site-packages/airflow/example_dags/example_sla_dag.py took 0.813 seconds
[2025-07-20T06:15:01.405+0000] {processor.py:154} INFO - Started process (PID=1679) to work on /home/airflow/.local/lib/python3.7/site-packages/airflow/example_dags/example_sla_dag.py
[2025-07-20T06:15:01.407+0000] {processor.py:756} INFO - Processing file /home/airflow/.local/lib/python3.7/site-packages/airflow/example_dags/example_sla_dag.py for tasks to queue
[2025-07-20T06:15:01.410+0000] {logging_mixin.py:120} INFO - [2025-07-20T06:15:01.409+0000] {dagbag.py:537} INFO - Filling up the DagBag from /home/airflow/.local/lib/python3.7/site-packages/airflow/example_dags/example_sla_dag.py
[2025-07-20T06:15:01.458+0000] {processor.py:766} INFO - DAG(s) dict_keys(['example_sla_dag']) retrieved from /home/airflow/.local/lib/python3.7/site-packages/airflow/example_dags/example_sla_dag.py
[2025-07-20T06:15:01.536+0000] {logging_mixin.py:120} INFO - [2025-07-20T06:15:01.536+0000] {dag.py:2585} INFO - Sync 1 DAGs
[2025-07-20T06:15:01.594+0000] {logging_mixin.py:120} INFO - [2025-07-20T06:15:01.594+0000] {dag.py:3340} INFO - Setting next_dagrun for example_sla_dag to 2025-07-20T06:12:00+00:00, run_after=2025-07-20T06:14:00+00:00
[2025-07-20T06:15:01.630+0000] {processor.py:176} INFO - Processing /home/airflow/.local/lib/python3.7/site-packages/airflow/example_dags/example_sla_dag.py took 0.230 seconds
