[2025-07-20T05:59:26.645+0000] {processor.py:154} INFO - Started process (PID=105) to work on /home/airflow/.local/lib/python3.7/site-packages/airflow/example_dags/example_nested_branch_dag.py
[2025-07-20T05:59:26.675+0000] {processor.py:756} INFO - Processing file /home/airflow/.local/lib/python3.7/site-packages/airflow/example_dags/example_nested_branch_dag.py for tasks to queue
[2025-07-20T05:59:26.687+0000] {logging_mixin.py:120} INFO - [2025-07-20T05:59:26.686+0000] {dagbag.py:537} INFO - Filling up the DagBag from /home/airflow/.local/lib/python3.7/site-packages/airflow/example_dags/example_nested_branch_dag.py
[2025-07-20T05:59:27.323+0000] {processor.py:766} INFO - DAG(s) dict_keys(['example_nested_branch_dag']) retrieved from /home/airflow/.local/lib/python3.7/site-packages/airflow/example_dags/example_nested_branch_dag.py
[2025-07-20T05:59:28.834+0000] {logging_mixin.py:120} INFO - [2025-07-20T05:59:28.833+0000] {dag.py:2585} INFO - Sync 1 DAGs
[2025-07-20T05:59:30.361+0000] {logging_mixin.py:120} INFO - [2025-07-20T05:59:30.360+0000] {dag.py:3340} INFO - Setting next_dagrun for example_nested_branch_dag to 2025-07-19T00:00:00+00:00, run_after=2025-07-20T00:00:00+00:00
[2025-07-20T05:59:31.024+0000] {processor.py:176} INFO - Processing /home/airflow/.local/lib/python3.7/site-packages/airflow/example_dags/example_nested_branch_dag.py took 4.511 seconds
[2025-07-20T06:01:35.199+0000] {processor.py:154} INFO - Started process (PID=203) to work on /home/airflow/.local/lib/python3.7/site-packages/airflow/example_dags/example_nested_branch_dag.py
[2025-07-20T06:01:35.213+0000] {processor.py:756} INFO - Processing file /home/airflow/.local/lib/python3.7/site-packages/airflow/example_dags/example_nested_branch_dag.py for tasks to queue
[2025-07-20T06:01:35.217+0000] {logging_mixin.py:120} INFO - [2025-07-20T06:01:35.217+0000] {dagbag.py:537} INFO - Filling up the DagBag from /home/airflow/.local/lib/python3.7/site-packages/airflow/example_dags/example_nested_branch_dag.py
[2025-07-20T06:01:35.488+0000] {processor.py:766} INFO - DAG(s) dict_keys(['example_nested_branch_dag']) retrieved from /home/airflow/.local/lib/python3.7/site-packages/airflow/example_dags/example_nested_branch_dag.py
[2025-07-20T06:01:35.698+0000] {logging_mixin.py:120} INFO - [2025-07-20T06:01:35.698+0000] {dag.py:2585} INFO - Sync 1 DAGs
[2025-07-20T06:01:35.897+0000] {logging_mixin.py:120} INFO - [2025-07-20T06:01:35.897+0000] {dag.py:3340} INFO - Setting next_dagrun for example_nested_branch_dag to 2025-07-19T00:00:00+00:00, run_after=2025-07-20T00:00:00+00:00
[2025-07-20T06:01:35.995+0000] {processor.py:176} INFO - Processing /home/airflow/.local/lib/python3.7/site-packages/airflow/example_dags/example_nested_branch_dag.py took 0.843 seconds
[2025-07-20T06:02:12.290+0000] {processor.py:154} INFO - Started process (PID=257) to work on /home/airflow/.local/lib/python3.7/site-packages/airflow/example_dags/example_nested_branch_dag.py
[2025-07-20T06:02:12.292+0000] {processor.py:756} INFO - Processing file /home/airflow/.local/lib/python3.7/site-packages/airflow/example_dags/example_nested_branch_dag.py for tasks to queue
[2025-07-20T06:02:12.295+0000] {logging_mixin.py:120} INFO - [2025-07-20T06:02:12.294+0000] {dagbag.py:537} INFO - Filling up the DagBag from /home/airflow/.local/lib/python3.7/site-packages/airflow/example_dags/example_nested_branch_dag.py
[2025-07-20T06:02:12.388+0000] {processor.py:766} INFO - DAG(s) dict_keys(['example_nested_branch_dag']) retrieved from /home/airflow/.local/lib/python3.7/site-packages/airflow/example_dags/example_nested_branch_dag.py
[2025-07-20T06:02:12.511+0000] {logging_mixin.py:120} INFO - [2025-07-20T06:02:12.510+0000] {dag.py:2585} INFO - Sync 1 DAGs
[2025-07-20T06:02:12.581+0000] {logging_mixin.py:120} INFO - [2025-07-20T06:02:12.580+0000] {dag.py:3340} INFO - Setting next_dagrun for example_nested_branch_dag to 2025-07-19T00:00:00+00:00, run_after=2025-07-20T00:00:00+00:00
[2025-07-20T06:02:12.658+0000] {processor.py:176} INFO - Processing /home/airflow/.local/lib/python3.7/site-packages/airflow/example_dags/example_nested_branch_dag.py took 0.377 seconds
[2025-07-20T06:02:43.093+0000] {processor.py:154} INFO - Started process (PID=320) to work on /home/airflow/.local/lib/python3.7/site-packages/airflow/example_dags/example_nested_branch_dag.py
[2025-07-20T06:02:43.099+0000] {processor.py:756} INFO - Processing file /home/airflow/.local/lib/python3.7/site-packages/airflow/example_dags/example_nested_branch_dag.py for tasks to queue
[2025-07-20T06:02:43.102+0000] {logging_mixin.py:120} INFO - [2025-07-20T06:02:43.102+0000] {dagbag.py:537} INFO - Filling up the DagBag from /home/airflow/.local/lib/python3.7/site-packages/airflow/example_dags/example_nested_branch_dag.py
[2025-07-20T06:02:43.179+0000] {processor.py:766} INFO - DAG(s) dict_keys(['example_nested_branch_dag']) retrieved from /home/airflow/.local/lib/python3.7/site-packages/airflow/example_dags/example_nested_branch_dag.py
[2025-07-20T06:02:43.363+0000] {logging_mixin.py:120} INFO - [2025-07-20T06:02:43.362+0000] {dag.py:2585} INFO - Sync 1 DAGs
[2025-07-20T06:02:43.436+0000] {logging_mixin.py:120} INFO - [2025-07-20T06:02:43.436+0000] {dag.py:3340} INFO - Setting next_dagrun for example_nested_branch_dag to 2025-07-19T00:00:00+00:00, run_after=2025-07-20T00:00:00+00:00
[2025-07-20T06:02:43.496+0000] {processor.py:176} INFO - Processing /home/airflow/.local/lib/python3.7/site-packages/airflow/example_dags/example_nested_branch_dag.py took 0.412 seconds
[2025-07-20T06:03:14.906+0000] {processor.py:154} INFO - Started process (PID=374) to work on /home/airflow/.local/lib/python3.7/site-packages/airflow/example_dags/example_nested_branch_dag.py
[2025-07-20T06:03:14.908+0000] {processor.py:756} INFO - Processing file /home/airflow/.local/lib/python3.7/site-packages/airflow/example_dags/example_nested_branch_dag.py for tasks to queue
[2025-07-20T06:03:14.909+0000] {logging_mixin.py:120} INFO - [2025-07-20T06:03:14.909+0000] {dagbag.py:537} INFO - Filling up the DagBag from /home/airflow/.local/lib/python3.7/site-packages/airflow/example_dags/example_nested_branch_dag.py
[2025-07-20T06:03:15.033+0000] {processor.py:766} INFO - DAG(s) dict_keys(['example_nested_branch_dag']) retrieved from /home/airflow/.local/lib/python3.7/site-packages/airflow/example_dags/example_nested_branch_dag.py
[2025-07-20T06:03:15.239+0000] {logging_mixin.py:120} INFO - [2025-07-20T06:03:15.239+0000] {dag.py:2585} INFO - Sync 1 DAGs
[2025-07-20T06:03:15.327+0000] {logging_mixin.py:120} INFO - [2025-07-20T06:03:15.327+0000] {dag.py:3340} INFO - Setting next_dagrun for example_nested_branch_dag to 2025-07-19T00:00:00+00:00, run_after=2025-07-20T00:00:00+00:00
[2025-07-20T06:03:15.409+0000] {processor.py:176} INFO - Processing /home/airflow/.local/lib/python3.7/site-packages/airflow/example_dags/example_nested_branch_dag.py took 0.510 seconds
[2025-07-20T06:03:48.719+0000] {processor.py:154} INFO - Started process (PID=428) to work on /home/airflow/.local/lib/python3.7/site-packages/airflow/example_dags/example_nested_branch_dag.py
[2025-07-20T06:03:48.731+0000] {processor.py:756} INFO - Processing file /home/airflow/.local/lib/python3.7/site-packages/airflow/example_dags/example_nested_branch_dag.py for tasks to queue
[2025-07-20T06:03:48.735+0000] {logging_mixin.py:120} INFO - [2025-07-20T06:03:48.735+0000] {dagbag.py:537} INFO - Filling up the DagBag from /home/airflow/.local/lib/python3.7/site-packages/airflow/example_dags/example_nested_branch_dag.py
[2025-07-20T06:03:48.937+0000] {processor.py:766} INFO - DAG(s) dict_keys(['example_nested_branch_dag']) retrieved from /home/airflow/.local/lib/python3.7/site-packages/airflow/example_dags/example_nested_branch_dag.py
[2025-07-20T06:03:49.204+0000] {logging_mixin.py:120} INFO - [2025-07-20T06:03:49.202+0000] {dag.py:2585} INFO - Sync 1 DAGs
[2025-07-20T06:03:49.308+0000] {logging_mixin.py:120} INFO - [2025-07-20T06:03:49.306+0000] {dag.py:3340} INFO - Setting next_dagrun for example_nested_branch_dag to 2025-07-19T00:00:00+00:00, run_after=2025-07-20T00:00:00+00:00
[2025-07-20T06:03:49.383+0000] {processor.py:176} INFO - Processing /home/airflow/.local/lib/python3.7/site-packages/airflow/example_dags/example_nested_branch_dag.py took 0.677 seconds
[2025-07-20T06:04:19.557+0000] {processor.py:154} INFO - Started process (PID=482) to work on /home/airflow/.local/lib/python3.7/site-packages/airflow/example_dags/example_nested_branch_dag.py
[2025-07-20T06:04:19.558+0000] {processor.py:756} INFO - Processing file /home/airflow/.local/lib/python3.7/site-packages/airflow/example_dags/example_nested_branch_dag.py for tasks to queue
[2025-07-20T06:04:19.560+0000] {logging_mixin.py:120} INFO - [2025-07-20T06:04:19.560+0000] {dagbag.py:537} INFO - Filling up the DagBag from /home/airflow/.local/lib/python3.7/site-packages/airflow/example_dags/example_nested_branch_dag.py
[2025-07-20T06:04:19.598+0000] {processor.py:766} INFO - DAG(s) dict_keys(['example_nested_branch_dag']) retrieved from /home/airflow/.local/lib/python3.7/site-packages/airflow/example_dags/example_nested_branch_dag.py
[2025-07-20T06:04:19.659+0000] {logging_mixin.py:120} INFO - [2025-07-20T06:04:19.659+0000] {dag.py:2585} INFO - Sync 1 DAGs
[2025-07-20T06:04:19.699+0000] {logging_mixin.py:120} INFO - [2025-07-20T06:04:19.699+0000] {dag.py:3340} INFO - Setting next_dagrun for example_nested_branch_dag to 2025-07-19T00:00:00+00:00, run_after=2025-07-20T00:00:00+00:00
[2025-07-20T06:04:19.724+0000] {processor.py:176} INFO - Processing /home/airflow/.local/lib/python3.7/site-packages/airflow/example_dags/example_nested_branch_dag.py took 0.173 seconds
[2025-07-20T06:04:50.463+0000] {processor.py:154} INFO - Started process (PID=546) to work on /home/airflow/.local/lib/python3.7/site-packages/airflow/example_dags/example_nested_branch_dag.py
[2025-07-20T06:04:50.466+0000] {processor.py:756} INFO - Processing file /home/airflow/.local/lib/python3.7/site-packages/airflow/example_dags/example_nested_branch_dag.py for tasks to queue
[2025-07-20T06:04:50.468+0000] {logging_mixin.py:120} INFO - [2025-07-20T06:04:50.467+0000] {dagbag.py:537} INFO - Filling up the DagBag from /home/airflow/.local/lib/python3.7/site-packages/airflow/example_dags/example_nested_branch_dag.py
[2025-07-20T06:04:50.535+0000] {processor.py:766} INFO - DAG(s) dict_keys(['example_nested_branch_dag']) retrieved from /home/airflow/.local/lib/python3.7/site-packages/airflow/example_dags/example_nested_branch_dag.py
[2025-07-20T06:04:50.635+0000] {logging_mixin.py:120} INFO - [2025-07-20T06:04:50.635+0000] {dag.py:2585} INFO - Sync 1 DAGs
[2025-07-20T06:04:50.697+0000] {logging_mixin.py:120} INFO - [2025-07-20T06:04:50.696+0000] {dag.py:3340} INFO - Setting next_dagrun for example_nested_branch_dag to 2025-07-19T00:00:00+00:00, run_after=2025-07-20T00:00:00+00:00
[2025-07-20T06:04:50.748+0000] {processor.py:176} INFO - Processing /home/airflow/.local/lib/python3.7/site-packages/airflow/example_dags/example_nested_branch_dag.py took 0.294 seconds
[2025-07-20T06:05:21.644+0000] {processor.py:154} INFO - Started process (PID=609) to work on /home/airflow/.local/lib/python3.7/site-packages/airflow/example_dags/example_nested_branch_dag.py
[2025-07-20T06:05:21.646+0000] {processor.py:756} INFO - Processing file /home/airflow/.local/lib/python3.7/site-packages/airflow/example_dags/example_nested_branch_dag.py for tasks to queue
[2025-07-20T06:05:21.647+0000] {logging_mixin.py:120} INFO - [2025-07-20T06:05:21.647+0000] {dagbag.py:537} INFO - Filling up the DagBag from /home/airflow/.local/lib/python3.7/site-packages/airflow/example_dags/example_nested_branch_dag.py
[2025-07-20T06:05:21.688+0000] {processor.py:766} INFO - DAG(s) dict_keys(['example_nested_branch_dag']) retrieved from /home/airflow/.local/lib/python3.7/site-packages/airflow/example_dags/example_nested_branch_dag.py
[2025-07-20T06:05:21.763+0000] {logging_mixin.py:120} INFO - [2025-07-20T06:05:21.763+0000] {dag.py:2585} INFO - Sync 1 DAGs
[2025-07-20T06:05:21.811+0000] {logging_mixin.py:120} INFO - [2025-07-20T06:05:21.810+0000] {dag.py:3340} INFO - Setting next_dagrun for example_nested_branch_dag to 2025-07-19T00:00:00+00:00, run_after=2025-07-20T00:00:00+00:00
[2025-07-20T06:05:21.849+0000] {processor.py:176} INFO - Processing /home/airflow/.local/lib/python3.7/site-packages/airflow/example_dags/example_nested_branch_dag.py took 0.211 seconds
[2025-07-20T06:05:52.234+0000] {processor.py:154} INFO - Started process (PID=663) to work on /home/airflow/.local/lib/python3.7/site-packages/airflow/example_dags/example_nested_branch_dag.py
[2025-07-20T06:05:52.236+0000] {processor.py:756} INFO - Processing file /home/airflow/.local/lib/python3.7/site-packages/airflow/example_dags/example_nested_branch_dag.py for tasks to queue
[2025-07-20T06:05:52.238+0000] {logging_mixin.py:120} INFO - [2025-07-20T06:05:52.238+0000] {dagbag.py:537} INFO - Filling up the DagBag from /home/airflow/.local/lib/python3.7/site-packages/airflow/example_dags/example_nested_branch_dag.py
[2025-07-20T06:05:52.271+0000] {processor.py:766} INFO - DAG(s) dict_keys(['example_nested_branch_dag']) retrieved from /home/airflow/.local/lib/python3.7/site-packages/airflow/example_dags/example_nested_branch_dag.py
[2025-07-20T06:05:52.353+0000] {logging_mixin.py:120} INFO - [2025-07-20T06:05:52.352+0000] {dag.py:2585} INFO - Sync 1 DAGs
[2025-07-20T06:05:52.399+0000] {logging_mixin.py:120} INFO - [2025-07-20T06:05:52.398+0000] {dag.py:3340} INFO - Setting next_dagrun for example_nested_branch_dag to 2025-07-19T00:00:00+00:00, run_after=2025-07-20T00:00:00+00:00
[2025-07-20T06:05:52.445+0000] {processor.py:176} INFO - Processing /home/airflow/.local/lib/python3.7/site-packages/airflow/example_dags/example_nested_branch_dag.py took 0.217 seconds
[2025-07-20T06:06:23.131+0000] {processor.py:154} INFO - Started process (PID=726) to work on /home/airflow/.local/lib/python3.7/site-packages/airflow/example_dags/example_nested_branch_dag.py
[2025-07-20T06:06:23.133+0000] {processor.py:756} INFO - Processing file /home/airflow/.local/lib/python3.7/site-packages/airflow/example_dags/example_nested_branch_dag.py for tasks to queue
[2025-07-20T06:06:23.135+0000] {logging_mixin.py:120} INFO - [2025-07-20T06:06:23.135+0000] {dagbag.py:537} INFO - Filling up the DagBag from /home/airflow/.local/lib/python3.7/site-packages/airflow/example_dags/example_nested_branch_dag.py
[2025-07-20T06:06:23.163+0000] {processor.py:766} INFO - DAG(s) dict_keys(['example_nested_branch_dag']) retrieved from /home/airflow/.local/lib/python3.7/site-packages/airflow/example_dags/example_nested_branch_dag.py
[2025-07-20T06:06:23.214+0000] {logging_mixin.py:120} INFO - [2025-07-20T06:06:23.214+0000] {dag.py:2585} INFO - Sync 1 DAGs
[2025-07-20T06:06:23.243+0000] {logging_mixin.py:120} INFO - [2025-07-20T06:06:23.243+0000] {dag.py:3340} INFO - Setting next_dagrun for example_nested_branch_dag to 2025-07-19T00:00:00+00:00, run_after=2025-07-20T00:00:00+00:00
[2025-07-20T06:06:23.266+0000] {processor.py:176} INFO - Processing /home/airflow/.local/lib/python3.7/site-packages/airflow/example_dags/example_nested_branch_dag.py took 0.140 seconds
[2025-07-20T06:06:53.456+0000] {processor.py:154} INFO - Started process (PID=780) to work on /home/airflow/.local/lib/python3.7/site-packages/airflow/example_dags/example_nested_branch_dag.py
[2025-07-20T06:06:53.458+0000] {processor.py:756} INFO - Processing file /home/airflow/.local/lib/python3.7/site-packages/airflow/example_dags/example_nested_branch_dag.py for tasks to queue
[2025-07-20T06:06:53.459+0000] {logging_mixin.py:120} INFO - [2025-07-20T06:06:53.459+0000] {dagbag.py:537} INFO - Filling up the DagBag from /home/airflow/.local/lib/python3.7/site-packages/airflow/example_dags/example_nested_branch_dag.py
[2025-07-20T06:06:53.501+0000] {processor.py:766} INFO - DAG(s) dict_keys(['example_nested_branch_dag']) retrieved from /home/airflow/.local/lib/python3.7/site-packages/airflow/example_dags/example_nested_branch_dag.py
[2025-07-20T06:06:53.576+0000] {logging_mixin.py:120} INFO - [2025-07-20T06:06:53.576+0000] {dag.py:2585} INFO - Sync 1 DAGs
[2025-07-20T06:06:53.615+0000] {logging_mixin.py:120} INFO - [2025-07-20T06:06:53.615+0000] {dag.py:3340} INFO - Setting next_dagrun for example_nested_branch_dag to 2025-07-19T00:00:00+00:00, run_after=2025-07-20T00:00:00+00:00
[2025-07-20T06:06:53.655+0000] {processor.py:176} INFO - Processing /home/airflow/.local/lib/python3.7/site-packages/airflow/example_dags/example_nested_branch_dag.py took 0.205 seconds
[2025-07-20T06:07:23.828+0000] {processor.py:154} INFO - Started process (PID=842) to work on /home/airflow/.local/lib/python3.7/site-packages/airflow/example_dags/example_nested_branch_dag.py
[2025-07-20T06:07:23.830+0000] {processor.py:756} INFO - Processing file /home/airflow/.local/lib/python3.7/site-packages/airflow/example_dags/example_nested_branch_dag.py for tasks to queue
[2025-07-20T06:07:23.832+0000] {logging_mixin.py:120} INFO - [2025-07-20T06:07:23.832+0000] {dagbag.py:537} INFO - Filling up the DagBag from /home/airflow/.local/lib/python3.7/site-packages/airflow/example_dags/example_nested_branch_dag.py
[2025-07-20T06:07:23.883+0000] {processor.py:766} INFO - DAG(s) dict_keys(['example_nested_branch_dag']) retrieved from /home/airflow/.local/lib/python3.7/site-packages/airflow/example_dags/example_nested_branch_dag.py
[2025-07-20T06:07:23.940+0000] {logging_mixin.py:120} INFO - [2025-07-20T06:07:23.940+0000] {dag.py:2585} INFO - Sync 1 DAGs
[2025-07-20T06:07:23.978+0000] {logging_mixin.py:120} INFO - [2025-07-20T06:07:23.978+0000] {dag.py:3340} INFO - Setting next_dagrun for example_nested_branch_dag to 2025-07-19T00:00:00+00:00, run_after=2025-07-20T00:00:00+00:00
[2025-07-20T06:07:24.016+0000] {processor.py:176} INFO - Processing /home/airflow/.local/lib/python3.7/site-packages/airflow/example_dags/example_nested_branch_dag.py took 0.193 seconds
[2025-07-20T06:07:54.969+0000] {processor.py:154} INFO - Started process (PID=902) to work on /home/airflow/.local/lib/python3.7/site-packages/airflow/example_dags/example_nested_branch_dag.py
[2025-07-20T06:07:54.971+0000] {processor.py:756} INFO - Processing file /home/airflow/.local/lib/python3.7/site-packages/airflow/example_dags/example_nested_branch_dag.py for tasks to queue
[2025-07-20T06:07:54.973+0000] {logging_mixin.py:120} INFO - [2025-07-20T06:07:54.973+0000] {dagbag.py:537} INFO - Filling up the DagBag from /home/airflow/.local/lib/python3.7/site-packages/airflow/example_dags/example_nested_branch_dag.py
[2025-07-20T06:07:55.027+0000] {processor.py:766} INFO - DAG(s) dict_keys(['example_nested_branch_dag']) retrieved from /home/airflow/.local/lib/python3.7/site-packages/airflow/example_dags/example_nested_branch_dag.py
[2025-07-20T06:07:55.190+0000] {logging_mixin.py:120} INFO - [2025-07-20T06:07:55.190+0000] {dag.py:2585} INFO - Sync 1 DAGs
[2025-07-20T06:07:55.301+0000] {logging_mixin.py:120} INFO - [2025-07-20T06:07:55.301+0000] {dag.py:3340} INFO - Setting next_dagrun for example_nested_branch_dag to 2025-07-19T00:00:00+00:00, run_after=2025-07-20T00:00:00+00:00
[2025-07-20T06:07:55.348+0000] {processor.py:176} INFO - Processing /home/airflow/.local/lib/python3.7/site-packages/airflow/example_dags/example_nested_branch_dag.py took 0.386 seconds
[2025-07-20T06:08:27.637+0000] {processor.py:154} INFO - Started process (PID=959) to work on /home/airflow/.local/lib/python3.7/site-packages/airflow/example_dags/example_nested_branch_dag.py
[2025-07-20T06:08:27.644+0000] {processor.py:756} INFO - Processing file /home/airflow/.local/lib/python3.7/site-packages/airflow/example_dags/example_nested_branch_dag.py for tasks to queue
[2025-07-20T06:08:27.649+0000] {logging_mixin.py:120} INFO - [2025-07-20T06:08:27.647+0000] {dagbag.py:537} INFO - Filling up the DagBag from /home/airflow/.local/lib/python3.7/site-packages/airflow/example_dags/example_nested_branch_dag.py
[2025-07-20T06:08:27.894+0000] {processor.py:766} INFO - DAG(s) dict_keys(['example_nested_branch_dag']) retrieved from /home/airflow/.local/lib/python3.7/site-packages/airflow/example_dags/example_nested_branch_dag.py
[2025-07-20T06:08:28.247+0000] {logging_mixin.py:120} INFO - [2025-07-20T06:08:28.234+0000] {dag.py:2585} INFO - Sync 1 DAGs
[2025-07-20T06:08:28.411+0000] {logging_mixin.py:120} INFO - [2025-07-20T06:08:28.410+0000] {dag.py:3340} INFO - Setting next_dagrun for example_nested_branch_dag to 2025-07-19T00:00:00+00:00, run_after=2025-07-20T00:00:00+00:00
[2025-07-20T06:08:28.602+0000] {processor.py:176} INFO - Processing /home/airflow/.local/lib/python3.7/site-packages/airflow/example_dags/example_nested_branch_dag.py took 0.987 seconds
[2025-07-20T06:08:58.755+0000] {processor.py:154} INFO - Started process (PID=1013) to work on /home/airflow/.local/lib/python3.7/site-packages/airflow/example_dags/example_nested_branch_dag.py
[2025-07-20T06:08:58.757+0000] {processor.py:756} INFO - Processing file /home/airflow/.local/lib/python3.7/site-packages/airflow/example_dags/example_nested_branch_dag.py for tasks to queue
[2025-07-20T06:08:58.759+0000] {logging_mixin.py:120} INFO - [2025-07-20T06:08:58.759+0000] {dagbag.py:537} INFO - Filling up the DagBag from /home/airflow/.local/lib/python3.7/site-packages/airflow/example_dags/example_nested_branch_dag.py
[2025-07-20T06:08:58.829+0000] {processor.py:766} INFO - DAG(s) dict_keys(['example_nested_branch_dag']) retrieved from /home/airflow/.local/lib/python3.7/site-packages/airflow/example_dags/example_nested_branch_dag.py
[2025-07-20T06:08:58.918+0000] {logging_mixin.py:120} INFO - [2025-07-20T06:08:58.918+0000] {dag.py:2585} INFO - Sync 1 DAGs
[2025-07-20T06:08:59.004+0000] {logging_mixin.py:120} INFO - [2025-07-20T06:08:59.003+0000] {dag.py:3340} INFO - Setting next_dagrun for example_nested_branch_dag to 2025-07-19T00:00:00+00:00, run_after=2025-07-20T00:00:00+00:00
[2025-07-20T06:08:59.068+0000] {processor.py:176} INFO - Processing /home/airflow/.local/lib/python3.7/site-packages/airflow/example_dags/example_nested_branch_dag.py took 0.330 seconds
[2025-07-20T06:09:30.308+0000] {processor.py:154} INFO - Started process (PID=1065) to work on /home/airflow/.local/lib/python3.7/site-packages/airflow/example_dags/example_nested_branch_dag.py
[2025-07-20T06:09:30.310+0000] {processor.py:756} INFO - Processing file /home/airflow/.local/lib/python3.7/site-packages/airflow/example_dags/example_nested_branch_dag.py for tasks to queue
[2025-07-20T06:09:30.313+0000] {logging_mixin.py:120} INFO - [2025-07-20T06:09:30.313+0000] {dagbag.py:537} INFO - Filling up the DagBag from /home/airflow/.local/lib/python3.7/site-packages/airflow/example_dags/example_nested_branch_dag.py
[2025-07-20T06:09:30.372+0000] {processor.py:766} INFO - DAG(s) dict_keys(['example_nested_branch_dag']) retrieved from /home/airflow/.local/lib/python3.7/site-packages/airflow/example_dags/example_nested_branch_dag.py
[2025-07-20T06:09:30.480+0000] {logging_mixin.py:120} INFO - [2025-07-20T06:09:30.479+0000] {dag.py:2585} INFO - Sync 1 DAGs
[2025-07-20T06:09:30.564+0000] {logging_mixin.py:120} INFO - [2025-07-20T06:09:30.564+0000] {dag.py:3340} INFO - Setting next_dagrun for example_nested_branch_dag to 2025-07-19T00:00:00+00:00, run_after=2025-07-20T00:00:00+00:00
[2025-07-20T06:09:30.639+0000] {processor.py:176} INFO - Processing /home/airflow/.local/lib/python3.7/site-packages/airflow/example_dags/example_nested_branch_dag.py took 0.338 seconds
[2025-07-20T06:10:01.268+0000] {processor.py:154} INFO - Started process (PID=1118) to work on /home/airflow/.local/lib/python3.7/site-packages/airflow/example_dags/example_nested_branch_dag.py
[2025-07-20T06:10:01.272+0000] {processor.py:756} INFO - Processing file /home/airflow/.local/lib/python3.7/site-packages/airflow/example_dags/example_nested_branch_dag.py for tasks to queue
[2025-07-20T06:10:01.273+0000] {logging_mixin.py:120} INFO - [2025-07-20T06:10:01.273+0000] {dagbag.py:537} INFO - Filling up the DagBag from /home/airflow/.local/lib/python3.7/site-packages/airflow/example_dags/example_nested_branch_dag.py
[2025-07-20T06:10:01.330+0000] {processor.py:766} INFO - DAG(s) dict_keys(['example_nested_branch_dag']) retrieved from /home/airflow/.local/lib/python3.7/site-packages/airflow/example_dags/example_nested_branch_dag.py
[2025-07-20T06:10:01.456+0000] {logging_mixin.py:120} INFO - [2025-07-20T06:10:01.456+0000] {dag.py:2585} INFO - Sync 1 DAGs
[2025-07-20T06:10:01.522+0000] {logging_mixin.py:120} INFO - [2025-07-20T06:10:01.522+0000] {dag.py:3340} INFO - Setting next_dagrun for example_nested_branch_dag to 2025-07-19T00:00:00+00:00, run_after=2025-07-20T00:00:00+00:00
[2025-07-20T06:10:01.570+0000] {processor.py:176} INFO - Processing /home/airflow/.local/lib/python3.7/site-packages/airflow/example_dags/example_nested_branch_dag.py took 0.310 seconds
[2025-07-20T06:10:32.105+0000] {processor.py:154} INFO - Started process (PID=1172) to work on /home/airflow/.local/lib/python3.7/site-packages/airflow/example_dags/example_nested_branch_dag.py
[2025-07-20T06:10:32.108+0000] {processor.py:756} INFO - Processing file /home/airflow/.local/lib/python3.7/site-packages/airflow/example_dags/example_nested_branch_dag.py for tasks to queue
[2025-07-20T06:10:32.110+0000] {logging_mixin.py:120} INFO - [2025-07-20T06:10:32.110+0000] {dagbag.py:537} INFO - Filling up the DagBag from /home/airflow/.local/lib/python3.7/site-packages/airflow/example_dags/example_nested_branch_dag.py
[2025-07-20T06:10:32.204+0000] {processor.py:766} INFO - DAG(s) dict_keys(['example_nested_branch_dag']) retrieved from /home/airflow/.local/lib/python3.7/site-packages/airflow/example_dags/example_nested_branch_dag.py
[2025-07-20T06:10:32.345+0000] {logging_mixin.py:120} INFO - [2025-07-20T06:10:32.345+0000] {dag.py:2585} INFO - Sync 1 DAGs
[2025-07-20T06:10:32.431+0000] {logging_mixin.py:120} INFO - [2025-07-20T06:10:32.430+0000] {dag.py:3340} INFO - Setting next_dagrun for example_nested_branch_dag to 2025-07-19T00:00:00+00:00, run_after=2025-07-20T00:00:00+00:00
[2025-07-20T06:10:32.531+0000] {processor.py:176} INFO - Processing /home/airflow/.local/lib/python3.7/site-packages/airflow/example_dags/example_nested_branch_dag.py took 0.438 seconds
[2025-07-20T06:11:03.167+0000] {processor.py:154} INFO - Started process (PID=1226) to work on /home/airflow/.local/lib/python3.7/site-packages/airflow/example_dags/example_nested_branch_dag.py
[2025-07-20T06:11:03.169+0000] {processor.py:756} INFO - Processing file /home/airflow/.local/lib/python3.7/site-packages/airflow/example_dags/example_nested_branch_dag.py for tasks to queue
[2025-07-20T06:11:03.171+0000] {logging_mixin.py:120} INFO - [2025-07-20T06:11:03.170+0000] {dagbag.py:537} INFO - Filling up the DagBag from /home/airflow/.local/lib/python3.7/site-packages/airflow/example_dags/example_nested_branch_dag.py
[2025-07-20T06:11:03.211+0000] {processor.py:766} INFO - DAG(s) dict_keys(['example_nested_branch_dag']) retrieved from /home/airflow/.local/lib/python3.7/site-packages/airflow/example_dags/example_nested_branch_dag.py
[2025-07-20T06:11:03.284+0000] {logging_mixin.py:120} INFO - [2025-07-20T06:11:03.284+0000] {dag.py:2585} INFO - Sync 1 DAGs
[2025-07-20T06:11:03.324+0000] {logging_mixin.py:120} INFO - [2025-07-20T06:11:03.323+0000] {dag.py:3340} INFO - Setting next_dagrun for example_nested_branch_dag to 2025-07-19T00:00:00+00:00, run_after=2025-07-20T00:00:00+00:00
[2025-07-20T06:11:03.361+0000] {processor.py:176} INFO - Processing /home/airflow/.local/lib/python3.7/site-packages/airflow/example_dags/example_nested_branch_dag.py took 0.198 seconds
[2025-07-20T06:11:33.641+0000] {processor.py:154} INFO - Started process (PID=1288) to work on /home/airflow/.local/lib/python3.7/site-packages/airflow/example_dags/example_nested_branch_dag.py
[2025-07-20T06:11:33.643+0000] {processor.py:756} INFO - Processing file /home/airflow/.local/lib/python3.7/site-packages/airflow/example_dags/example_nested_branch_dag.py for tasks to queue
[2025-07-20T06:11:33.644+0000] {logging_mixin.py:120} INFO - [2025-07-20T06:11:33.644+0000] {dagbag.py:537} INFO - Filling up the DagBag from /home/airflow/.local/lib/python3.7/site-packages/airflow/example_dags/example_nested_branch_dag.py
[2025-07-20T06:11:33.698+0000] {processor.py:766} INFO - DAG(s) dict_keys(['example_nested_branch_dag']) retrieved from /home/airflow/.local/lib/python3.7/site-packages/airflow/example_dags/example_nested_branch_dag.py
[2025-07-20T06:11:33.799+0000] {logging_mixin.py:120} INFO - [2025-07-20T06:11:33.799+0000] {dag.py:2585} INFO - Sync 1 DAGs
[2025-07-20T06:11:33.846+0000] {logging_mixin.py:120} INFO - [2025-07-20T06:11:33.846+0000] {dag.py:3340} INFO - Setting next_dagrun for example_nested_branch_dag to 2025-07-19T00:00:00+00:00, run_after=2025-07-20T00:00:00+00:00
[2025-07-20T06:11:33.882+0000] {processor.py:176} INFO - Processing /home/airflow/.local/lib/python3.7/site-packages/airflow/example_dags/example_nested_branch_dag.py took 0.248 seconds
[2025-07-20T06:12:04.179+0000] {processor.py:154} INFO - Started process (PID=1349) to work on /home/airflow/.local/lib/python3.7/site-packages/airflow/example_dags/example_nested_branch_dag.py
[2025-07-20T06:12:04.182+0000] {processor.py:756} INFO - Processing file /home/airflow/.local/lib/python3.7/site-packages/airflow/example_dags/example_nested_branch_dag.py for tasks to queue
[2025-07-20T06:12:04.183+0000] {logging_mixin.py:120} INFO - [2025-07-20T06:12:04.183+0000] {dagbag.py:537} INFO - Filling up the DagBag from /home/airflow/.local/lib/python3.7/site-packages/airflow/example_dags/example_nested_branch_dag.py
[2025-07-20T06:12:04.230+0000] {processor.py:766} INFO - DAG(s) dict_keys(['example_nested_branch_dag']) retrieved from /home/airflow/.local/lib/python3.7/site-packages/airflow/example_dags/example_nested_branch_dag.py
[2025-07-20T06:12:04.316+0000] {logging_mixin.py:120} INFO - [2025-07-20T06:12:04.316+0000] {dag.py:2585} INFO - Sync 1 DAGs
[2025-07-20T06:12:04.377+0000] {logging_mixin.py:120} INFO - [2025-07-20T06:12:04.376+0000] {dag.py:3340} INFO - Setting next_dagrun for example_nested_branch_dag to 2025-07-19T00:00:00+00:00, run_after=2025-07-20T00:00:00+00:00
[2025-07-20T06:12:04.423+0000] {processor.py:176} INFO - Processing /home/airflow/.local/lib/python3.7/site-packages/airflow/example_dags/example_nested_branch_dag.py took 0.252 seconds
[2025-07-20T06:12:35.166+0000] {processor.py:154} INFO - Started process (PID=1404) to work on /home/airflow/.local/lib/python3.7/site-packages/airflow/example_dags/example_nested_branch_dag.py
[2025-07-20T06:12:35.167+0000] {processor.py:756} INFO - Processing file /home/airflow/.local/lib/python3.7/site-packages/airflow/example_dags/example_nested_branch_dag.py for tasks to queue
[2025-07-20T06:12:35.169+0000] {logging_mixin.py:120} INFO - [2025-07-20T06:12:35.169+0000] {dagbag.py:537} INFO - Filling up the DagBag from /home/airflow/.local/lib/python3.7/site-packages/airflow/example_dags/example_nested_branch_dag.py
[2025-07-20T06:12:35.222+0000] {processor.py:766} INFO - DAG(s) dict_keys(['example_nested_branch_dag']) retrieved from /home/airflow/.local/lib/python3.7/site-packages/airflow/example_dags/example_nested_branch_dag.py
[2025-07-20T06:12:35.517+0000] {logging_mixin.py:120} INFO - [2025-07-20T06:12:35.516+0000] {dag.py:2585} INFO - Sync 1 DAGs
[2025-07-20T06:12:35.617+0000] {logging_mixin.py:120} INFO - [2025-07-20T06:12:35.617+0000] {dag.py:3340} INFO - Setting next_dagrun for example_nested_branch_dag to 2025-07-19T00:00:00+00:00, run_after=2025-07-20T00:00:00+00:00
[2025-07-20T06:12:35.671+0000] {processor.py:176} INFO - Processing /home/airflow/.local/lib/python3.7/site-packages/airflow/example_dags/example_nested_branch_dag.py took 0.512 seconds
[2025-07-20T06:13:06.058+0000] {processor.py:154} INFO - Started process (PID=1465) to work on /home/airflow/.local/lib/python3.7/site-packages/airflow/example_dags/example_nested_branch_dag.py
[2025-07-20T06:13:06.059+0000] {processor.py:756} INFO - Processing file /home/airflow/.local/lib/python3.7/site-packages/airflow/example_dags/example_nested_branch_dag.py for tasks to queue
[2025-07-20T06:13:06.061+0000] {logging_mixin.py:120} INFO - [2025-07-20T06:13:06.060+0000] {dagbag.py:537} INFO - Filling up the DagBag from /home/airflow/.local/lib/python3.7/site-packages/airflow/example_dags/example_nested_branch_dag.py
[2025-07-20T06:13:06.097+0000] {processor.py:766} INFO - DAG(s) dict_keys(['example_nested_branch_dag']) retrieved from /home/airflow/.local/lib/python3.7/site-packages/airflow/example_dags/example_nested_branch_dag.py
[2025-07-20T06:13:06.156+0000] {logging_mixin.py:120} INFO - [2025-07-20T06:13:06.156+0000] {dag.py:2585} INFO - Sync 1 DAGs
[2025-07-20T06:13:06.194+0000] {logging_mixin.py:120} INFO - [2025-07-20T06:13:06.193+0000] {dag.py:3340} INFO - Setting next_dagrun for example_nested_branch_dag to 2025-07-19T00:00:00+00:00, run_after=2025-07-20T00:00:00+00:00
[2025-07-20T06:13:06.233+0000] {processor.py:176} INFO - Processing /home/airflow/.local/lib/python3.7/site-packages/airflow/example_dags/example_nested_branch_dag.py took 0.181 seconds
[2025-07-20T06:13:36.516+0000] {processor.py:154} INFO - Started process (PID=1519) to work on /home/airflow/.local/lib/python3.7/site-packages/airflow/example_dags/example_nested_branch_dag.py
[2025-07-20T06:13:36.518+0000] {processor.py:756} INFO - Processing file /home/airflow/.local/lib/python3.7/site-packages/airflow/example_dags/example_nested_branch_dag.py for tasks to queue
[2025-07-20T06:13:36.520+0000] {logging_mixin.py:120} INFO - [2025-07-20T06:13:36.519+0000] {dagbag.py:537} INFO - Filling up the DagBag from /home/airflow/.local/lib/python3.7/site-packages/airflow/example_dags/example_nested_branch_dag.py
[2025-07-20T06:13:36.563+0000] {processor.py:766} INFO - DAG(s) dict_keys(['example_nested_branch_dag']) retrieved from /home/airflow/.local/lib/python3.7/site-packages/airflow/example_dags/example_nested_branch_dag.py
[2025-07-20T06:13:36.646+0000] {logging_mixin.py:120} INFO - [2025-07-20T06:13:36.645+0000] {dag.py:2585} INFO - Sync 1 DAGs
[2025-07-20T06:13:36.692+0000] {logging_mixin.py:120} INFO - [2025-07-20T06:13:36.692+0000] {dag.py:3340} INFO - Setting next_dagrun for example_nested_branch_dag to 2025-07-19T00:00:00+00:00, run_after=2025-07-20T00:00:00+00:00
[2025-07-20T06:13:36.730+0000] {processor.py:176} INFO - Processing /home/airflow/.local/lib/python3.7/site-packages/airflow/example_dags/example_nested_branch_dag.py took 0.225 seconds
[2025-07-20T06:14:06.983+0000] {processor.py:154} INFO - Started process (PID=1583) to work on /home/airflow/.local/lib/python3.7/site-packages/airflow/example_dags/example_nested_branch_dag.py
[2025-07-20T06:14:06.987+0000] {processor.py:756} INFO - Processing file /home/airflow/.local/lib/python3.7/site-packages/airflow/example_dags/example_nested_branch_dag.py for tasks to queue
[2025-07-20T06:14:06.990+0000] {logging_mixin.py:120} INFO - [2025-07-20T06:14:06.990+0000] {dagbag.py:537} INFO - Filling up the DagBag from /home/airflow/.local/lib/python3.7/site-packages/airflow/example_dags/example_nested_branch_dag.py
[2025-07-20T06:14:07.138+0000] {processor.py:766} INFO - DAG(s) dict_keys(['example_nested_branch_dag']) retrieved from /home/airflow/.local/lib/python3.7/site-packages/airflow/example_dags/example_nested_branch_dag.py
[2025-07-20T06:14:07.456+0000] {logging_mixin.py:120} INFO - [2025-07-20T06:14:07.456+0000] {dag.py:2585} INFO - Sync 1 DAGs
[2025-07-20T06:14:07.747+0000] {logging_mixin.py:120} INFO - [2025-07-20T06:14:07.747+0000] {dag.py:3340} INFO - Setting next_dagrun for example_nested_branch_dag to 2025-07-19T00:00:00+00:00, run_after=2025-07-20T00:00:00+00:00
[2025-07-20T06:14:07.896+0000] {processor.py:176} INFO - Processing /home/airflow/.local/lib/python3.7/site-packages/airflow/example_dags/example_nested_branch_dag.py took 0.933 seconds
[2025-07-20T06:14:38.603+0000] {processor.py:154} INFO - Started process (PID=1637) to work on /home/airflow/.local/lib/python3.7/site-packages/airflow/example_dags/example_nested_branch_dag.py
[2025-07-20T06:14:38.628+0000] {processor.py:756} INFO - Processing file /home/airflow/.local/lib/python3.7/site-packages/airflow/example_dags/example_nested_branch_dag.py for tasks to queue
[2025-07-20T06:14:38.638+0000] {logging_mixin.py:120} INFO - [2025-07-20T06:14:38.637+0000] {dagbag.py:537} INFO - Filling up the DagBag from /home/airflow/.local/lib/python3.7/site-packages/airflow/example_dags/example_nested_branch_dag.py
[2025-07-20T06:14:38.830+0000] {processor.py:766} INFO - DAG(s) dict_keys(['example_nested_branch_dag']) retrieved from /home/airflow/.local/lib/python3.7/site-packages/airflow/example_dags/example_nested_branch_dag.py
[2025-07-20T06:14:39.084+0000] {logging_mixin.py:120} INFO - [2025-07-20T06:14:39.084+0000] {dag.py:2585} INFO - Sync 1 DAGs
[2025-07-20T06:14:39.142+0000] {logging_mixin.py:120} INFO - [2025-07-20T06:14:39.142+0000] {dag.py:3340} INFO - Setting next_dagrun for example_nested_branch_dag to 2025-07-19T00:00:00+00:00, run_after=2025-07-20T00:00:00+00:00
[2025-07-20T06:14:39.677+0000] {processor.py:176} INFO - Processing /home/airflow/.local/lib/python3.7/site-packages/airflow/example_dags/example_nested_branch_dag.py took 1.092 seconds
[2025-07-20T06:15:10.247+0000] {processor.py:154} INFO - Started process (PID=1690) to work on /home/airflow/.local/lib/python3.7/site-packages/airflow/example_dags/example_nested_branch_dag.py
[2025-07-20T06:15:10.250+0000] {processor.py:756} INFO - Processing file /home/airflow/.local/lib/python3.7/site-packages/airflow/example_dags/example_nested_branch_dag.py for tasks to queue
[2025-07-20T06:15:10.253+0000] {logging_mixin.py:120} INFO - [2025-07-20T06:15:10.252+0000] {dagbag.py:537} INFO - Filling up the DagBag from /home/airflow/.local/lib/python3.7/site-packages/airflow/example_dags/example_nested_branch_dag.py
[2025-07-20T06:15:10.343+0000] {processor.py:766} INFO - DAG(s) dict_keys(['example_nested_branch_dag']) retrieved from /home/airflow/.local/lib/python3.7/site-packages/airflow/example_dags/example_nested_branch_dag.py
[2025-07-20T06:15:10.530+0000] {logging_mixin.py:120} INFO - [2025-07-20T06:15:10.530+0000] {dag.py:2585} INFO - Sync 1 DAGs
[2025-07-20T06:15:10.677+0000] {logging_mixin.py:120} INFO - [2025-07-20T06:15:10.677+0000] {dag.py:3340} INFO - Setting next_dagrun for example_nested_branch_dag to 2025-07-19T00:00:00+00:00, run_after=2025-07-20T00:00:00+00:00
[2025-07-20T06:15:10.769+0000] {processor.py:176} INFO - Processing /home/airflow/.local/lib/python3.7/site-packages/airflow/example_dags/example_nested_branch_dag.py took 0.530 seconds
