[2025-07-20T05:58:26.649+0000] {processor.py:154} INFO - Started process (PID=69) to work on /home/airflow/.local/lib/python3.7/site-packages/airflow/example_dags/example_datasets.py
[2025-07-20T05:58:26.659+0000] {processor.py:756} INFO - Processing file /home/airflow/.local/lib/python3.7/site-packages/airflow/example_dags/example_datasets.py for tasks to queue
[2025-07-20T05:58:26.684+0000] {logging_mixin.py:120} INFO - [2025-07-20T05:58:26.682+0000] {dagbag.py:537} INFO - Filling up the DagBag from /home/airflow/.local/lib/python3.7/site-packages/airflow/example_dags/example_datasets.py
[2025-07-20T05:58:27.759+0000] {processor.py:766} INFO - DAG(s) dict_keys(['dataset_consumes_unknown_never_scheduled', 'dataset_consumes_1', 'dataset_consumes_1_never_scheduled', 'dataset_consumes_1_and_2', 'dataset_produces_1', 'dataset_produces_2']) retrieved from /home/airflow/.local/lib/python3.7/site-packages/airflow/example_dags/example_datasets.py
[2025-07-20T05:58:31.630+0000] {logging_mixin.py:120} INFO - [2025-07-20T05:58:31.628+0000] {dag.py:2585} INFO - Sync 6 DAGs
[2025-07-20T05:58:31.916+0000] {logging_mixin.py:120} INFO - [2025-07-20T05:58:31.916+0000] {dag.py:3340} INFO - Setting next_dagrun for dataset_consumes_1 to None, run_after=None
[2025-07-20T05:58:31.931+0000] {logging_mixin.py:120} INFO - [2025-07-20T05:58:31.931+0000] {dag.py:3340} INFO - Setting next_dagrun for dataset_consumes_1_and_2 to None, run_after=None
[2025-07-20T05:58:31.941+0000] {logging_mixin.py:120} INFO - [2025-07-20T05:58:31.941+0000] {dag.py:3340} INFO - Setting next_dagrun for dataset_consumes_1_never_scheduled to None, run_after=None
[2025-07-20T05:58:31.956+0000] {logging_mixin.py:120} INFO - [2025-07-20T05:58:31.956+0000] {dag.py:3340} INFO - Setting next_dagrun for dataset_consumes_unknown_never_scheduled to None, run_after=None
[2025-07-20T05:58:31.986+0000] {logging_mixin.py:120} INFO - [2025-07-20T05:58:31.986+0000] {dag.py:3340} INFO - Setting next_dagrun for dataset_produces_1 to 2025-07-19T00:00:00+00:00, run_after=2025-07-20T00:00:00+00:00
[2025-07-20T05:58:32.003+0000] {logging_mixin.py:120} INFO - [2025-07-20T05:58:32.003+0000] {dag.py:3340} INFO - Setting next_dagrun for dataset_produces_2 to None, run_after=None
[2025-07-20T05:58:32.430+0000] {processor.py:176} INFO - Processing /home/airflow/.local/lib/python3.7/site-packages/airflow/example_dags/example_datasets.py took 5.934 seconds
[2025-07-20T06:00:57.529+0000] {processor.py:154} INFO - Started process (PID=167) to work on /home/airflow/.local/lib/python3.7/site-packages/airflow/example_dags/example_datasets.py
[2025-07-20T06:00:57.562+0000] {processor.py:756} INFO - Processing file /home/airflow/.local/lib/python3.7/site-packages/airflow/example_dags/example_datasets.py for tasks to queue
[2025-07-20T06:00:57.571+0000] {logging_mixin.py:120} INFO - [2025-07-20T06:00:57.571+0000] {dagbag.py:537} INFO - Filling up the DagBag from /home/airflow/.local/lib/python3.7/site-packages/airflow/example_dags/example_datasets.py
[2025-07-20T06:00:57.745+0000] {processor.py:766} INFO - DAG(s) dict_keys(['dataset_consumes_1_never_scheduled', 'dataset_consumes_1', 'dataset_produces_2', 'dataset_produces_1', 'dataset_consumes_1_and_2', 'dataset_consumes_unknown_never_scheduled']) retrieved from /home/airflow/.local/lib/python3.7/site-packages/airflow/example_dags/example_datasets.py
[2025-07-20T06:01:02.134+0000] {logging_mixin.py:120} INFO - [2025-07-20T06:01:02.133+0000] {dag.py:2585} INFO - Sync 6 DAGs
[2025-07-20T06:01:03.147+0000] {logging_mixin.py:120} INFO - [2025-07-20T06:01:03.127+0000] {dag.py:3340} INFO - Setting next_dagrun for dataset_consumes_1 to None, run_after=None
[2025-07-20T06:01:03.213+0000] {logging_mixin.py:120} INFO - [2025-07-20T06:01:03.212+0000] {dag.py:3340} INFO - Setting next_dagrun for dataset_consumes_1_and_2 to None, run_after=None
[2025-07-20T06:01:03.292+0000] {logging_mixin.py:120} INFO - [2025-07-20T06:01:03.291+0000] {dag.py:3340} INFO - Setting next_dagrun for dataset_consumes_1_never_scheduled to None, run_after=None
[2025-07-20T06:01:03.465+0000] {logging_mixin.py:120} INFO - [2025-07-20T06:01:03.464+0000] {dag.py:3340} INFO - Setting next_dagrun for dataset_consumes_unknown_never_scheduled to None, run_after=None
[2025-07-20T06:01:03.549+0000] {logging_mixin.py:120} INFO - [2025-07-20T06:01:03.549+0000] {dag.py:3340} INFO - Setting next_dagrun for dataset_produces_1 to 2025-07-19T00:00:00+00:00, run_after=2025-07-20T00:00:00+00:00
[2025-07-20T06:01:03.600+0000] {logging_mixin.py:120} INFO - [2025-07-20T06:01:03.600+0000] {dag.py:3340} INFO - Setting next_dagrun for dataset_produces_2 to None, run_after=None
[2025-07-20T06:01:04.260+0000] {processor.py:176} INFO - Processing /home/airflow/.local/lib/python3.7/site-packages/airflow/example_dags/example_datasets.py took 7.463 seconds
[2025-07-20T06:01:51.623+0000] {processor.py:154} INFO - Started process (PID=223) to work on /home/airflow/.local/lib/python3.7/site-packages/airflow/example_dags/example_datasets.py
[2025-07-20T06:01:51.640+0000] {processor.py:756} INFO - Processing file /home/airflow/.local/lib/python3.7/site-packages/airflow/example_dags/example_datasets.py for tasks to queue
[2025-07-20T06:01:51.655+0000] {logging_mixin.py:120} INFO - [2025-07-20T06:01:51.655+0000] {dagbag.py:537} INFO - Filling up the DagBag from /home/airflow/.local/lib/python3.7/site-packages/airflow/example_dags/example_datasets.py
[2025-07-20T06:01:52.060+0000] {processor.py:766} INFO - DAG(s) dict_keys(['dataset_consumes_1_and_2', 'dataset_consumes_1', 'dataset_consumes_unknown_never_scheduled', 'dataset_produces_1', 'dataset_produces_2', 'dataset_consumes_1_never_scheduled']) retrieved from /home/airflow/.local/lib/python3.7/site-packages/airflow/example_dags/example_datasets.py
[2025-07-20T06:01:53.180+0000] {logging_mixin.py:120} INFO - [2025-07-20T06:01:53.179+0000] {dag.py:2585} INFO - Sync 6 DAGs
[2025-07-20T06:01:53.487+0000] {logging_mixin.py:120} INFO - [2025-07-20T06:01:53.487+0000] {dag.py:3340} INFO - Setting next_dagrun for dataset_consumes_1 to None, run_after=None
[2025-07-20T06:01:53.514+0000] {logging_mixin.py:120} INFO - [2025-07-20T06:01:53.514+0000] {dag.py:3340} INFO - Setting next_dagrun for dataset_consumes_1_and_2 to None, run_after=None
[2025-07-20T06:01:53.527+0000] {logging_mixin.py:120} INFO - [2025-07-20T06:01:53.527+0000] {dag.py:3340} INFO - Setting next_dagrun for dataset_consumes_1_never_scheduled to None, run_after=None
[2025-07-20T06:01:53.536+0000] {logging_mixin.py:120} INFO - [2025-07-20T06:01:53.536+0000] {dag.py:3340} INFO - Setting next_dagrun for dataset_consumes_unknown_never_scheduled to None, run_after=None
[2025-07-20T06:01:53.560+0000] {logging_mixin.py:120} INFO - [2025-07-20T06:01:53.559+0000] {dag.py:3340} INFO - Setting next_dagrun for dataset_produces_1 to 2025-07-19T00:00:00+00:00, run_after=2025-07-20T00:00:00+00:00
[2025-07-20T06:01:53.568+0000] {logging_mixin.py:120} INFO - [2025-07-20T06:01:53.568+0000] {dag.py:3340} INFO - Setting next_dagrun for dataset_produces_2 to None, run_after=None
[2025-07-20T06:01:54.040+0000] {processor.py:176} INFO - Processing /home/airflow/.local/lib/python3.7/site-packages/airflow/example_dags/example_datasets.py took 2.435 seconds
[2025-07-20T06:02:24.475+0000] {processor.py:154} INFO - Started process (PID=276) to work on /home/airflow/.local/lib/python3.7/site-packages/airflow/example_dags/example_datasets.py
[2025-07-20T06:02:24.479+0000] {processor.py:756} INFO - Processing file /home/airflow/.local/lib/python3.7/site-packages/airflow/example_dags/example_datasets.py for tasks to queue
[2025-07-20T06:02:24.481+0000] {logging_mixin.py:120} INFO - [2025-07-20T06:02:24.481+0000] {dagbag.py:537} INFO - Filling up the DagBag from /home/airflow/.local/lib/python3.7/site-packages/airflow/example_dags/example_datasets.py
[2025-07-20T06:02:24.518+0000] {processor.py:766} INFO - DAG(s) dict_keys(['dataset_produces_1', 'dataset_consumes_1_and_2', 'dataset_consumes_1', 'dataset_produces_2', 'dataset_consumes_1_never_scheduled', 'dataset_consumes_unknown_never_scheduled']) retrieved from /home/airflow/.local/lib/python3.7/site-packages/airflow/example_dags/example_datasets.py
[2025-07-20T06:02:24.607+0000] {logging_mixin.py:120} INFO - [2025-07-20T06:02:24.607+0000] {dag.py:2585} INFO - Sync 6 DAGs
[2025-07-20T06:02:24.649+0000] {logging_mixin.py:120} INFO - [2025-07-20T06:02:24.649+0000] {dag.py:3340} INFO - Setting next_dagrun for dataset_consumes_1 to None, run_after=None
[2025-07-20T06:02:24.654+0000] {logging_mixin.py:120} INFO - [2025-07-20T06:02:24.654+0000] {dag.py:3340} INFO - Setting next_dagrun for dataset_consumes_1_and_2 to None, run_after=None
[2025-07-20T06:02:24.656+0000] {logging_mixin.py:120} INFO - [2025-07-20T06:02:24.656+0000] {dag.py:3340} INFO - Setting next_dagrun for dataset_consumes_1_never_scheduled to None, run_after=None
[2025-07-20T06:02:24.660+0000] {logging_mixin.py:120} INFO - [2025-07-20T06:02:24.660+0000] {dag.py:3340} INFO - Setting next_dagrun for dataset_consumes_unknown_never_scheduled to None, run_after=None
[2025-07-20T06:02:24.665+0000] {logging_mixin.py:120} INFO - [2025-07-20T06:02:24.665+0000] {dag.py:3340} INFO - Setting next_dagrun for dataset_produces_1 to 2025-07-19T00:00:00+00:00, run_after=2025-07-20T00:00:00+00:00
[2025-07-20T06:02:24.667+0000] {logging_mixin.py:120} INFO - [2025-07-20T06:02:24.667+0000] {dag.py:3340} INFO - Setting next_dagrun for dataset_produces_2 to None, run_after=None
[2025-07-20T06:02:24.724+0000] {processor.py:176} INFO - Processing /home/airflow/.local/lib/python3.7/site-packages/airflow/example_dags/example_datasets.py took 0.269 seconds
[2025-07-20T06:02:55.312+0000] {processor.py:154} INFO - Started process (PID=339) to work on /home/airflow/.local/lib/python3.7/site-packages/airflow/example_dags/example_datasets.py
[2025-07-20T06:02:55.324+0000] {processor.py:756} INFO - Processing file /home/airflow/.local/lib/python3.7/site-packages/airflow/example_dags/example_datasets.py for tasks to queue
[2025-07-20T06:02:55.332+0000] {logging_mixin.py:120} INFO - [2025-07-20T06:02:55.331+0000] {dagbag.py:537} INFO - Filling up the DagBag from /home/airflow/.local/lib/python3.7/site-packages/airflow/example_dags/example_datasets.py
[2025-07-20T06:02:55.442+0000] {processor.py:766} INFO - DAG(s) dict_keys(['dataset_consumes_1', 'dataset_produces_2', 'dataset_consumes_unknown_never_scheduled', 'dataset_produces_1', 'dataset_consumes_1_never_scheduled', 'dataset_consumes_1_and_2']) retrieved from /home/airflow/.local/lib/python3.7/site-packages/airflow/example_dags/example_datasets.py
[2025-07-20T06:02:55.651+0000] {logging_mixin.py:120} INFO - [2025-07-20T06:02:55.651+0000] {dag.py:2585} INFO - Sync 6 DAGs
[2025-07-20T06:02:55.718+0000] {logging_mixin.py:120} INFO - [2025-07-20T06:02:55.718+0000] {dag.py:3340} INFO - Setting next_dagrun for dataset_consumes_1 to None, run_after=None
[2025-07-20T06:02:55.729+0000] {logging_mixin.py:120} INFO - [2025-07-20T06:02:55.728+0000] {dag.py:3340} INFO - Setting next_dagrun for dataset_consumes_1_and_2 to None, run_after=None
[2025-07-20T06:02:55.743+0000] {logging_mixin.py:120} INFO - [2025-07-20T06:02:55.741+0000] {dag.py:3340} INFO - Setting next_dagrun for dataset_consumes_1_never_scheduled to None, run_after=None
[2025-07-20T06:02:55.752+0000] {logging_mixin.py:120} INFO - [2025-07-20T06:02:55.752+0000] {dag.py:3340} INFO - Setting next_dagrun for dataset_consumes_unknown_never_scheduled to None, run_after=None
[2025-07-20T06:02:55.778+0000] {logging_mixin.py:120} INFO - [2025-07-20T06:02:55.768+0000] {dag.py:3340} INFO - Setting next_dagrun for dataset_produces_1 to 2025-07-19T00:00:00+00:00, run_after=2025-07-20T00:00:00+00:00
[2025-07-20T06:02:55.783+0000] {logging_mixin.py:120} INFO - [2025-07-20T06:02:55.783+0000] {dag.py:3340} INFO - Setting next_dagrun for dataset_produces_2 to None, run_after=None
[2025-07-20T06:02:55.991+0000] {processor.py:176} INFO - Processing /home/airflow/.local/lib/python3.7/site-packages/airflow/example_dags/example_datasets.py took 0.687 seconds
[2025-07-20T06:03:26.134+0000] {processor.py:154} INFO - Started process (PID=393) to work on /home/airflow/.local/lib/python3.7/site-packages/airflow/example_dags/example_datasets.py
[2025-07-20T06:03:26.141+0000] {processor.py:756} INFO - Processing file /home/airflow/.local/lib/python3.7/site-packages/airflow/example_dags/example_datasets.py for tasks to queue
[2025-07-20T06:03:26.144+0000] {logging_mixin.py:120} INFO - [2025-07-20T06:03:26.143+0000] {dagbag.py:537} INFO - Filling up the DagBag from /home/airflow/.local/lib/python3.7/site-packages/airflow/example_dags/example_datasets.py
[2025-07-20T06:03:26.204+0000] {processor.py:766} INFO - DAG(s) dict_keys(['dataset_produces_2', 'dataset_consumes_1_never_scheduled', 'dataset_consumes_unknown_never_scheduled', 'dataset_produces_1', 'dataset_consumes_1', 'dataset_consumes_1_and_2']) retrieved from /home/airflow/.local/lib/python3.7/site-packages/airflow/example_dags/example_datasets.py
[2025-07-20T06:03:26.392+0000] {logging_mixin.py:120} INFO - [2025-07-20T06:03:26.391+0000] {dag.py:2585} INFO - Sync 6 DAGs
[2025-07-20T06:03:26.504+0000] {logging_mixin.py:120} INFO - [2025-07-20T06:03:26.504+0000] {dag.py:3340} INFO - Setting next_dagrun for dataset_consumes_1 to None, run_after=None
[2025-07-20T06:03:26.515+0000] {logging_mixin.py:120} INFO - [2025-07-20T06:03:26.515+0000] {dag.py:3340} INFO - Setting next_dagrun for dataset_consumes_1_and_2 to None, run_after=None
[2025-07-20T06:03:26.533+0000] {logging_mixin.py:120} INFO - [2025-07-20T06:03:26.532+0000] {dag.py:3340} INFO - Setting next_dagrun for dataset_consumes_1_never_scheduled to None, run_after=None
[2025-07-20T06:03:26.538+0000] {logging_mixin.py:120} INFO - [2025-07-20T06:03:26.537+0000] {dag.py:3340} INFO - Setting next_dagrun for dataset_consumes_unknown_never_scheduled to None, run_after=None
[2025-07-20T06:03:26.554+0000] {logging_mixin.py:120} INFO - [2025-07-20T06:03:26.554+0000] {dag.py:3340} INFO - Setting next_dagrun for dataset_produces_1 to 2025-07-19T00:00:00+00:00, run_after=2025-07-20T00:00:00+00:00
[2025-07-20T06:03:26.558+0000] {logging_mixin.py:120} INFO - [2025-07-20T06:03:26.558+0000] {dag.py:3340} INFO - Setting next_dagrun for dataset_produces_2 to None, run_after=None
[2025-07-20T06:03:26.754+0000] {processor.py:176} INFO - Processing /home/airflow/.local/lib/python3.7/site-packages/airflow/example_dags/example_datasets.py took 0.628 seconds
[2025-07-20T06:03:57.153+0000] {processor.py:154} INFO - Started process (PID=447) to work on /home/airflow/.local/lib/python3.7/site-packages/airflow/example_dags/example_datasets.py
[2025-07-20T06:03:57.155+0000] {processor.py:756} INFO - Processing file /home/airflow/.local/lib/python3.7/site-packages/airflow/example_dags/example_datasets.py for tasks to queue
[2025-07-20T06:03:57.156+0000] {logging_mixin.py:120} INFO - [2025-07-20T06:03:57.156+0000] {dagbag.py:537} INFO - Filling up the DagBag from /home/airflow/.local/lib/python3.7/site-packages/airflow/example_dags/example_datasets.py
[2025-07-20T06:03:57.195+0000] {processor.py:766} INFO - DAG(s) dict_keys(['dataset_consumes_1', 'dataset_consumes_1_never_scheduled', 'dataset_produces_2', 'dataset_consumes_unknown_never_scheduled', 'dataset_produces_1', 'dataset_consumes_1_and_2']) retrieved from /home/airflow/.local/lib/python3.7/site-packages/airflow/example_dags/example_datasets.py
[2025-07-20T06:03:57.506+0000] {logging_mixin.py:120} INFO - [2025-07-20T06:03:57.505+0000] {dag.py:2585} INFO - Sync 6 DAGs
[2025-07-20T06:03:57.754+0000] {logging_mixin.py:120} INFO - [2025-07-20T06:03:57.753+0000] {dag.py:3340} INFO - Setting next_dagrun for dataset_consumes_1 to None, run_after=None
[2025-07-20T06:03:57.765+0000] {logging_mixin.py:120} INFO - [2025-07-20T06:03:57.765+0000] {dag.py:3340} INFO - Setting next_dagrun for dataset_consumes_1_and_2 to None, run_after=None
[2025-07-20T06:03:57.771+0000] {logging_mixin.py:120} INFO - [2025-07-20T06:03:57.771+0000] {dag.py:3340} INFO - Setting next_dagrun for dataset_consumes_1_never_scheduled to None, run_after=None
[2025-07-20T06:03:57.776+0000] {logging_mixin.py:120} INFO - [2025-07-20T06:03:57.775+0000] {dag.py:3340} INFO - Setting next_dagrun for dataset_consumes_unknown_never_scheduled to None, run_after=None
[2025-07-20T06:03:57.785+0000] {logging_mixin.py:120} INFO - [2025-07-20T06:03:57.785+0000] {dag.py:3340} INFO - Setting next_dagrun for dataset_produces_1 to 2025-07-19T00:00:00+00:00, run_after=2025-07-20T00:00:00+00:00
[2025-07-20T06:03:57.790+0000] {logging_mixin.py:120} INFO - [2025-07-20T06:03:57.790+0000] {dag.py:3340} INFO - Setting next_dagrun for dataset_produces_2 to None, run_after=None
[2025-07-20T06:03:58.105+0000] {processor.py:176} INFO - Processing /home/airflow/.local/lib/python3.7/site-packages/airflow/example_dags/example_datasets.py took 0.962 seconds
[2025-07-20T06:04:28.361+0000] {processor.py:154} INFO - Started process (PID=502) to work on /home/airflow/.local/lib/python3.7/site-packages/airflow/example_dags/example_datasets.py
[2025-07-20T06:04:28.363+0000] {processor.py:756} INFO - Processing file /home/airflow/.local/lib/python3.7/site-packages/airflow/example_dags/example_datasets.py for tasks to queue
[2025-07-20T06:04:28.365+0000] {logging_mixin.py:120} INFO - [2025-07-20T06:04:28.365+0000] {dagbag.py:537} INFO - Filling up the DagBag from /home/airflow/.local/lib/python3.7/site-packages/airflow/example_dags/example_datasets.py
[2025-07-20T06:04:28.396+0000] {processor.py:766} INFO - DAG(s) dict_keys(['dataset_consumes_1_and_2', 'dataset_consumes_1', 'dataset_produces_2', 'dataset_consumes_unknown_never_scheduled', 'dataset_produces_1', 'dataset_consumes_1_never_scheduled']) retrieved from /home/airflow/.local/lib/python3.7/site-packages/airflow/example_dags/example_datasets.py
[2025-07-20T06:04:28.482+0000] {logging_mixin.py:120} INFO - [2025-07-20T06:04:28.481+0000] {dag.py:2585} INFO - Sync 6 DAGs
[2025-07-20T06:04:28.522+0000] {logging_mixin.py:120} INFO - [2025-07-20T06:04:28.522+0000] {dag.py:3340} INFO - Setting next_dagrun for dataset_consumes_1 to None, run_after=None
[2025-07-20T06:04:28.530+0000] {logging_mixin.py:120} INFO - [2025-07-20T06:04:28.530+0000] {dag.py:3340} INFO - Setting next_dagrun for dataset_consumes_1_and_2 to None, run_after=None
[2025-07-20T06:04:28.534+0000] {logging_mixin.py:120} INFO - [2025-07-20T06:04:28.534+0000] {dag.py:3340} INFO - Setting next_dagrun for dataset_consumes_1_never_scheduled to None, run_after=None
[2025-07-20T06:04:28.538+0000] {logging_mixin.py:120} INFO - [2025-07-20T06:04:28.537+0000] {dag.py:3340} INFO - Setting next_dagrun for dataset_consumes_unknown_never_scheduled to None, run_after=None
[2025-07-20T06:04:28.542+0000] {logging_mixin.py:120} INFO - [2025-07-20T06:04:28.542+0000] {dag.py:3340} INFO - Setting next_dagrun for dataset_produces_1 to 2025-07-19T00:00:00+00:00, run_after=2025-07-20T00:00:00+00:00
[2025-07-20T06:04:28.546+0000] {logging_mixin.py:120} INFO - [2025-07-20T06:04:28.546+0000] {dag.py:3340} INFO - Setting next_dagrun for dataset_produces_2 to None, run_after=None
[2025-07-20T06:04:28.596+0000] {processor.py:176} INFO - Processing /home/airflow/.local/lib/python3.7/site-packages/airflow/example_dags/example_datasets.py took 0.241 seconds
[2025-07-20T06:04:58.878+0000] {processor.py:154} INFO - Started process (PID=565) to work on /home/airflow/.local/lib/python3.7/site-packages/airflow/example_dags/example_datasets.py
[2025-07-20T06:04:58.881+0000] {processor.py:756} INFO - Processing file /home/airflow/.local/lib/python3.7/site-packages/airflow/example_dags/example_datasets.py for tasks to queue
[2025-07-20T06:04:58.883+0000] {logging_mixin.py:120} INFO - [2025-07-20T06:04:58.883+0000] {dagbag.py:537} INFO - Filling up the DagBag from /home/airflow/.local/lib/python3.7/site-packages/airflow/example_dags/example_datasets.py
[2025-07-20T06:04:58.918+0000] {processor.py:766} INFO - DAG(s) dict_keys(['dataset_produces_1', 'dataset_consumes_unknown_never_scheduled', 'dataset_consumes_1_never_scheduled', 'dataset_consumes_1', 'dataset_consumes_1_and_2', 'dataset_produces_2']) retrieved from /home/airflow/.local/lib/python3.7/site-packages/airflow/example_dags/example_datasets.py
[2025-07-20T06:04:59.029+0000] {logging_mixin.py:120} INFO - [2025-07-20T06:04:59.029+0000] {dag.py:2585} INFO - Sync 6 DAGs
[2025-07-20T06:04:59.088+0000] {logging_mixin.py:120} INFO - [2025-07-20T06:04:59.088+0000] {dag.py:3340} INFO - Setting next_dagrun for dataset_consumes_1 to None, run_after=None
[2025-07-20T06:04:59.096+0000] {logging_mixin.py:120} INFO - [2025-07-20T06:04:59.096+0000] {dag.py:3340} INFO - Setting next_dagrun for dataset_consumes_1_and_2 to None, run_after=None
[2025-07-20T06:04:59.099+0000] {logging_mixin.py:120} INFO - [2025-07-20T06:04:59.099+0000] {dag.py:3340} INFO - Setting next_dagrun for dataset_consumes_1_never_scheduled to None, run_after=None
[2025-07-20T06:04:59.102+0000] {logging_mixin.py:120} INFO - [2025-07-20T06:04:59.102+0000] {dag.py:3340} INFO - Setting next_dagrun for dataset_consumes_unknown_never_scheduled to None, run_after=None
[2025-07-20T06:04:59.108+0000] {logging_mixin.py:120} INFO - [2025-07-20T06:04:59.107+0000] {dag.py:3340} INFO - Setting next_dagrun for dataset_produces_1 to 2025-07-19T00:00:00+00:00, run_after=2025-07-20T00:00:00+00:00
[2025-07-20T06:04:59.111+0000] {logging_mixin.py:120} INFO - [2025-07-20T06:04:59.111+0000] {dag.py:3340} INFO - Setting next_dagrun for dataset_produces_2 to None, run_after=None
[2025-07-20T06:04:59.175+0000] {processor.py:176} INFO - Processing /home/airflow/.local/lib/python3.7/site-packages/airflow/example_dags/example_datasets.py took 0.304 seconds
[2025-07-20T06:05:29.260+0000] {processor.py:154} INFO - Started process (PID=618) to work on /home/airflow/.local/lib/python3.7/site-packages/airflow/example_dags/example_datasets.py
[2025-07-20T06:05:29.262+0000] {processor.py:756} INFO - Processing file /home/airflow/.local/lib/python3.7/site-packages/airflow/example_dags/example_datasets.py for tasks to queue
[2025-07-20T06:05:29.264+0000] {logging_mixin.py:120} INFO - [2025-07-20T06:05:29.264+0000] {dagbag.py:537} INFO - Filling up the DagBag from /home/airflow/.local/lib/python3.7/site-packages/airflow/example_dags/example_datasets.py
[2025-07-20T06:05:29.291+0000] {processor.py:766} INFO - DAG(s) dict_keys(['dataset_consumes_1', 'dataset_produces_1', 'dataset_consumes_unknown_never_scheduled', 'dataset_consumes_1_and_2', 'dataset_consumes_1_never_scheduled', 'dataset_produces_2']) retrieved from /home/airflow/.local/lib/python3.7/site-packages/airflow/example_dags/example_datasets.py
[2025-07-20T06:05:29.392+0000] {logging_mixin.py:120} INFO - [2025-07-20T06:05:29.392+0000] {dag.py:2585} INFO - Sync 6 DAGs
[2025-07-20T06:05:29.431+0000] {logging_mixin.py:120} INFO - [2025-07-20T06:05:29.431+0000] {dag.py:3340} INFO - Setting next_dagrun for dataset_consumes_1 to None, run_after=None
[2025-07-20T06:05:29.437+0000] {logging_mixin.py:120} INFO - [2025-07-20T06:05:29.436+0000] {dag.py:3340} INFO - Setting next_dagrun for dataset_consumes_1_and_2 to None, run_after=None
[2025-07-20T06:05:29.439+0000] {logging_mixin.py:120} INFO - [2025-07-20T06:05:29.439+0000] {dag.py:3340} INFO - Setting next_dagrun for dataset_consumes_1_never_scheduled to None, run_after=None
[2025-07-20T06:05:29.442+0000] {logging_mixin.py:120} INFO - [2025-07-20T06:05:29.442+0000] {dag.py:3340} INFO - Setting next_dagrun for dataset_consumes_unknown_never_scheduled to None, run_after=None
[2025-07-20T06:05:29.446+0000] {logging_mixin.py:120} INFO - [2025-07-20T06:05:29.446+0000] {dag.py:3340} INFO - Setting next_dagrun for dataset_produces_1 to 2025-07-19T00:00:00+00:00, run_after=2025-07-20T00:00:00+00:00
[2025-07-20T06:05:29.449+0000] {logging_mixin.py:120} INFO - [2025-07-20T06:05:29.449+0000] {dag.py:3340} INFO - Setting next_dagrun for dataset_produces_2 to None, run_after=None
[2025-07-20T06:05:29.506+0000] {processor.py:176} INFO - Processing /home/airflow/.local/lib/python3.7/site-packages/airflow/example_dags/example_datasets.py took 0.251 seconds
[2025-07-20T06:05:59.725+0000] {processor.py:154} INFO - Started process (PID=681) to work on /home/airflow/.local/lib/python3.7/site-packages/airflow/example_dags/example_datasets.py
[2025-07-20T06:05:59.728+0000] {processor.py:756} INFO - Processing file /home/airflow/.local/lib/python3.7/site-packages/airflow/example_dags/example_datasets.py for tasks to queue
[2025-07-20T06:05:59.732+0000] {logging_mixin.py:120} INFO - [2025-07-20T06:05:59.731+0000] {dagbag.py:537} INFO - Filling up the DagBag from /home/airflow/.local/lib/python3.7/site-packages/airflow/example_dags/example_datasets.py
[2025-07-20T06:05:59.775+0000] {processor.py:766} INFO - DAG(s) dict_keys(['dataset_consumes_unknown_never_scheduled', 'dataset_consumes_1_never_scheduled', 'dataset_produces_1', 'dataset_consumes_1_and_2', 'dataset_produces_2', 'dataset_consumes_1']) retrieved from /home/airflow/.local/lib/python3.7/site-packages/airflow/example_dags/example_datasets.py
[2025-07-20T06:05:59.872+0000] {logging_mixin.py:120} INFO - [2025-07-20T06:05:59.872+0000] {dag.py:2585} INFO - Sync 6 DAGs
[2025-07-20T06:05:59.916+0000] {logging_mixin.py:120} INFO - [2025-07-20T06:05:59.916+0000] {dag.py:3340} INFO - Setting next_dagrun for dataset_consumes_1 to None, run_after=None
[2025-07-20T06:05:59.923+0000] {logging_mixin.py:120} INFO - [2025-07-20T06:05:59.922+0000] {dag.py:3340} INFO - Setting next_dagrun for dataset_consumes_1_and_2 to None, run_after=None
[2025-07-20T06:05:59.926+0000] {logging_mixin.py:120} INFO - [2025-07-20T06:05:59.925+0000] {dag.py:3340} INFO - Setting next_dagrun for dataset_consumes_1_never_scheduled to None, run_after=None
[2025-07-20T06:05:59.929+0000] {logging_mixin.py:120} INFO - [2025-07-20T06:05:59.928+0000] {dag.py:3340} INFO - Setting next_dagrun for dataset_consumes_unknown_never_scheduled to None, run_after=None
[2025-07-20T06:05:59.934+0000] {logging_mixin.py:120} INFO - [2025-07-20T06:05:59.934+0000] {dag.py:3340} INFO - Setting next_dagrun for dataset_produces_1 to 2025-07-19T00:00:00+00:00, run_after=2025-07-20T00:00:00+00:00
[2025-07-20T06:05:59.937+0000] {logging_mixin.py:120} INFO - [2025-07-20T06:05:59.937+0000] {dag.py:3340} INFO - Setting next_dagrun for dataset_produces_2 to None, run_after=None
[2025-07-20T06:05:59.998+0000] {processor.py:176} INFO - Processing /home/airflow/.local/lib/python3.7/site-packages/airflow/example_dags/example_datasets.py took 0.286 seconds
[2025-07-20T06:06:30.398+0000] {processor.py:154} INFO - Started process (PID=735) to work on /home/airflow/.local/lib/python3.7/site-packages/airflow/example_dags/example_datasets.py
[2025-07-20T06:06:30.400+0000] {processor.py:756} INFO - Processing file /home/airflow/.local/lib/python3.7/site-packages/airflow/example_dags/example_datasets.py for tasks to queue
[2025-07-20T06:06:30.401+0000] {logging_mixin.py:120} INFO - [2025-07-20T06:06:30.400+0000] {dagbag.py:537} INFO - Filling up the DagBag from /home/airflow/.local/lib/python3.7/site-packages/airflow/example_dags/example_datasets.py
[2025-07-20T06:06:30.420+0000] {processor.py:766} INFO - DAG(s) dict_keys(['dataset_produces_2', 'dataset_consumes_1_never_scheduled', 'dataset_consumes_1_and_2', 'dataset_produces_1', 'dataset_consumes_1', 'dataset_consumes_unknown_never_scheduled']) retrieved from /home/airflow/.local/lib/python3.7/site-packages/airflow/example_dags/example_datasets.py
[2025-07-20T06:06:30.486+0000] {logging_mixin.py:120} INFO - [2025-07-20T06:06:30.486+0000] {dag.py:2585} INFO - Sync 6 DAGs
[2025-07-20T06:06:30.515+0000] {logging_mixin.py:120} INFO - [2025-07-20T06:06:30.515+0000] {dag.py:3340} INFO - Setting next_dagrun for dataset_consumes_1 to None, run_after=None
[2025-07-20T06:06:30.521+0000] {logging_mixin.py:120} INFO - [2025-07-20T06:06:30.521+0000] {dag.py:3340} INFO - Setting next_dagrun for dataset_consumes_1_and_2 to None, run_after=None
[2025-07-20T06:06:30.523+0000] {logging_mixin.py:120} INFO - [2025-07-20T06:06:30.523+0000] {dag.py:3340} INFO - Setting next_dagrun for dataset_consumes_1_never_scheduled to None, run_after=None
[2025-07-20T06:06:30.527+0000] {logging_mixin.py:120} INFO - [2025-07-20T06:06:30.526+0000] {dag.py:3340} INFO - Setting next_dagrun for dataset_consumes_unknown_never_scheduled to None, run_after=None
[2025-07-20T06:06:30.540+0000] {logging_mixin.py:120} INFO - [2025-07-20T06:06:30.539+0000] {dag.py:3340} INFO - Setting next_dagrun for dataset_produces_1 to 2025-07-19T00:00:00+00:00, run_after=2025-07-20T00:00:00+00:00
[2025-07-20T06:06:30.543+0000] {logging_mixin.py:120} INFO - [2025-07-20T06:06:30.543+0000] {dag.py:3340} INFO - Setting next_dagrun for dataset_produces_2 to None, run_after=None
[2025-07-20T06:06:30.601+0000] {processor.py:176} INFO - Processing /home/airflow/.local/lib/python3.7/site-packages/airflow/example_dags/example_datasets.py took 0.207 seconds
[2025-07-20T06:07:00.883+0000] {processor.py:154} INFO - Started process (PID=797) to work on /home/airflow/.local/lib/python3.7/site-packages/airflow/example_dags/example_datasets.py
[2025-07-20T06:07:00.885+0000] {processor.py:756} INFO - Processing file /home/airflow/.local/lib/python3.7/site-packages/airflow/example_dags/example_datasets.py for tasks to queue
[2025-07-20T06:07:00.887+0000] {logging_mixin.py:120} INFO - [2025-07-20T06:07:00.887+0000] {dagbag.py:537} INFO - Filling up the DagBag from /home/airflow/.local/lib/python3.7/site-packages/airflow/example_dags/example_datasets.py
[2025-07-20T06:07:00.921+0000] {processor.py:766} INFO - DAG(s) dict_keys(['dataset_produces_1', 'dataset_consumes_1_and_2', 'dataset_consumes_1_never_scheduled', 'dataset_consumes_1', 'dataset_produces_2', 'dataset_consumes_unknown_never_scheduled']) retrieved from /home/airflow/.local/lib/python3.7/site-packages/airflow/example_dags/example_datasets.py
[2025-07-20T06:07:01.037+0000] {logging_mixin.py:120} INFO - [2025-07-20T06:07:01.036+0000] {dag.py:2585} INFO - Sync 6 DAGs
[2025-07-20T06:07:01.082+0000] {logging_mixin.py:120} INFO - [2025-07-20T06:07:01.082+0000] {dag.py:3340} INFO - Setting next_dagrun for dataset_consumes_1 to None, run_after=None
[2025-07-20T06:07:01.088+0000] {logging_mixin.py:120} INFO - [2025-07-20T06:07:01.088+0000] {dag.py:3340} INFO - Setting next_dagrun for dataset_consumes_1_and_2 to None, run_after=None
[2025-07-20T06:07:01.091+0000] {logging_mixin.py:120} INFO - [2025-07-20T06:07:01.091+0000] {dag.py:3340} INFO - Setting next_dagrun for dataset_consumes_1_never_scheduled to None, run_after=None
[2025-07-20T06:07:01.093+0000] {logging_mixin.py:120} INFO - [2025-07-20T06:07:01.093+0000] {dag.py:3340} INFO - Setting next_dagrun for dataset_consumes_unknown_never_scheduled to None, run_after=None
[2025-07-20T06:07:01.098+0000] {logging_mixin.py:120} INFO - [2025-07-20T06:07:01.098+0000] {dag.py:3340} INFO - Setting next_dagrun for dataset_produces_1 to 2025-07-19T00:00:00+00:00, run_after=2025-07-20T00:00:00+00:00
[2025-07-20T06:07:01.101+0000] {logging_mixin.py:120} INFO - [2025-07-20T06:07:01.101+0000] {dag.py:3340} INFO - Setting next_dagrun for dataset_produces_2 to None, run_after=None
[2025-07-20T06:07:01.158+0000] {processor.py:176} INFO - Processing /home/airflow/.local/lib/python3.7/site-packages/airflow/example_dags/example_datasets.py took 0.284 seconds
[2025-07-20T06:07:31.263+0000] {processor.py:154} INFO - Started process (PID=860) to work on /home/airflow/.local/lib/python3.7/site-packages/airflow/example_dags/example_datasets.py
[2025-07-20T06:07:31.265+0000] {processor.py:756} INFO - Processing file /home/airflow/.local/lib/python3.7/site-packages/airflow/example_dags/example_datasets.py for tasks to queue
[2025-07-20T06:07:31.266+0000] {logging_mixin.py:120} INFO - [2025-07-20T06:07:31.266+0000] {dagbag.py:537} INFO - Filling up the DagBag from /home/airflow/.local/lib/python3.7/site-packages/airflow/example_dags/example_datasets.py
[2025-07-20T06:07:31.300+0000] {processor.py:766} INFO - DAG(s) dict_keys(['dataset_consumes_unknown_never_scheduled', 'dataset_consumes_1_and_2', 'dataset_consumes_1', 'dataset_produces_2', 'dataset_consumes_1_never_scheduled', 'dataset_produces_1']) retrieved from /home/airflow/.local/lib/python3.7/site-packages/airflow/example_dags/example_datasets.py
[2025-07-20T06:07:31.418+0000] {logging_mixin.py:120} INFO - [2025-07-20T06:07:31.418+0000] {dag.py:2585} INFO - Sync 6 DAGs
[2025-07-20T06:07:31.479+0000] {logging_mixin.py:120} INFO - [2025-07-20T06:07:31.479+0000] {dag.py:3340} INFO - Setting next_dagrun for dataset_consumes_1 to None, run_after=None
[2025-07-20T06:07:31.487+0000] {logging_mixin.py:120} INFO - [2025-07-20T06:07:31.487+0000] {dag.py:3340} INFO - Setting next_dagrun for dataset_consumes_1_and_2 to None, run_after=None
[2025-07-20T06:07:31.490+0000] {logging_mixin.py:120} INFO - [2025-07-20T06:07:31.490+0000] {dag.py:3340} INFO - Setting next_dagrun for dataset_consumes_1_never_scheduled to None, run_after=None
[2025-07-20T06:07:31.497+0000] {logging_mixin.py:120} INFO - [2025-07-20T06:07:31.497+0000] {dag.py:3340} INFO - Setting next_dagrun for dataset_consumes_unknown_never_scheduled to None, run_after=None
[2025-07-20T06:07:31.503+0000] {logging_mixin.py:120} INFO - [2025-07-20T06:07:31.503+0000] {dag.py:3340} INFO - Setting next_dagrun for dataset_produces_1 to 2025-07-19T00:00:00+00:00, run_after=2025-07-20T00:00:00+00:00
[2025-07-20T06:07:31.506+0000] {logging_mixin.py:120} INFO - [2025-07-20T06:07:31.506+0000] {dag.py:3340} INFO - Setting next_dagrun for dataset_produces_2 to None, run_after=None
[2025-07-20T06:07:31.587+0000] {processor.py:176} INFO - Processing /home/airflow/.local/lib/python3.7/site-packages/airflow/example_dags/example_datasets.py took 0.329 seconds
[2025-07-20T06:08:02.464+0000] {processor.py:154} INFO - Started process (PID=914) to work on /home/airflow/.local/lib/python3.7/site-packages/airflow/example_dags/example_datasets.py
[2025-07-20T06:08:02.466+0000] {processor.py:756} INFO - Processing file /home/airflow/.local/lib/python3.7/site-packages/airflow/example_dags/example_datasets.py for tasks to queue
[2025-07-20T06:08:02.468+0000] {logging_mixin.py:120} INFO - [2025-07-20T06:08:02.468+0000] {dagbag.py:537} INFO - Filling up the DagBag from /home/airflow/.local/lib/python3.7/site-packages/airflow/example_dags/example_datasets.py
[2025-07-20T06:08:02.502+0000] {processor.py:766} INFO - DAG(s) dict_keys(['dataset_consumes_1', 'dataset_produces_1', 'dataset_produces_2', 'dataset_consumes_unknown_never_scheduled', 'dataset_consumes_1_never_scheduled', 'dataset_consumes_1_and_2']) retrieved from /home/airflow/.local/lib/python3.7/site-packages/airflow/example_dags/example_datasets.py
[2025-07-20T06:08:02.603+0000] {logging_mixin.py:120} INFO - [2025-07-20T06:08:02.603+0000] {dag.py:2585} INFO - Sync 6 DAGs
[2025-07-20T06:08:02.641+0000] {logging_mixin.py:120} INFO - [2025-07-20T06:08:02.641+0000] {dag.py:3340} INFO - Setting next_dagrun for dataset_consumes_1 to None, run_after=None
[2025-07-20T06:08:02.647+0000] {logging_mixin.py:120} INFO - [2025-07-20T06:08:02.646+0000] {dag.py:3340} INFO - Setting next_dagrun for dataset_consumes_1_and_2 to None, run_after=None
[2025-07-20T06:08:02.649+0000] {logging_mixin.py:120} INFO - [2025-07-20T06:08:02.649+0000] {dag.py:3340} INFO - Setting next_dagrun for dataset_consumes_1_never_scheduled to None, run_after=None
[2025-07-20T06:08:02.652+0000] {logging_mixin.py:120} INFO - [2025-07-20T06:08:02.652+0000] {dag.py:3340} INFO - Setting next_dagrun for dataset_consumes_unknown_never_scheduled to None, run_after=None
[2025-07-20T06:08:02.656+0000] {logging_mixin.py:120} INFO - [2025-07-20T06:08:02.656+0000] {dag.py:3340} INFO - Setting next_dagrun for dataset_produces_1 to 2025-07-19T00:00:00+00:00, run_after=2025-07-20T00:00:00+00:00
[2025-07-20T06:08:02.659+0000] {logging_mixin.py:120} INFO - [2025-07-20T06:08:02.659+0000] {dag.py:3340} INFO - Setting next_dagrun for dataset_produces_2 to None, run_after=None
[2025-07-20T06:08:02.718+0000] {processor.py:176} INFO - Processing /home/airflow/.local/lib/python3.7/site-packages/airflow/example_dags/example_datasets.py took 0.260 seconds
[2025-07-20T06:08:32.764+0000] {processor.py:154} INFO - Started process (PID=967) to work on /home/airflow/.local/lib/python3.7/site-packages/airflow/example_dags/example_datasets.py
[2025-07-20T06:08:32.766+0000] {processor.py:756} INFO - Processing file /home/airflow/.local/lib/python3.7/site-packages/airflow/example_dags/example_datasets.py for tasks to queue
[2025-07-20T06:08:32.768+0000] {logging_mixin.py:120} INFO - [2025-07-20T06:08:32.768+0000] {dagbag.py:537} INFO - Filling up the DagBag from /home/airflow/.local/lib/python3.7/site-packages/airflow/example_dags/example_datasets.py
[2025-07-20T06:08:32.796+0000] {processor.py:766} INFO - DAG(s) dict_keys(['dataset_produces_1', 'dataset_consumes_1', 'dataset_consumes_1_never_scheduled', 'dataset_produces_2', 'dataset_consumes_unknown_never_scheduled', 'dataset_consumes_1_and_2']) retrieved from /home/airflow/.local/lib/python3.7/site-packages/airflow/example_dags/example_datasets.py
[2025-07-20T06:08:32.921+0000] {logging_mixin.py:120} INFO - [2025-07-20T06:08:32.921+0000] {dag.py:2585} INFO - Sync 6 DAGs
[2025-07-20T06:08:32.991+0000] {logging_mixin.py:120} INFO - [2025-07-20T06:08:32.991+0000] {dag.py:3340} INFO - Setting next_dagrun for dataset_consumes_1 to None, run_after=None
[2025-07-20T06:08:33.002+0000] {logging_mixin.py:120} INFO - [2025-07-20T06:08:33.002+0000] {dag.py:3340} INFO - Setting next_dagrun for dataset_consumes_1_and_2 to None, run_after=None
[2025-07-20T06:08:33.005+0000] {logging_mixin.py:120} INFO - [2025-07-20T06:08:33.005+0000] {dag.py:3340} INFO - Setting next_dagrun for dataset_consumes_1_never_scheduled to None, run_after=None
[2025-07-20T06:08:33.008+0000] {logging_mixin.py:120} INFO - [2025-07-20T06:08:33.008+0000] {dag.py:3340} INFO - Setting next_dagrun for dataset_consumes_unknown_never_scheduled to None, run_after=None
[2025-07-20T06:08:33.016+0000] {logging_mixin.py:120} INFO - [2025-07-20T06:08:33.015+0000] {dag.py:3340} INFO - Setting next_dagrun for dataset_produces_1 to 2025-07-19T00:00:00+00:00, run_after=2025-07-20T00:00:00+00:00
[2025-07-20T06:08:33.019+0000] {logging_mixin.py:120} INFO - [2025-07-20T06:08:33.019+0000] {dag.py:3340} INFO - Setting next_dagrun for dataset_produces_2 to None, run_after=None
[2025-07-20T06:08:33.098+0000] {processor.py:176} INFO - Processing /home/airflow/.local/lib/python3.7/site-packages/airflow/example_dags/example_datasets.py took 0.338 seconds
[2025-07-20T06:09:03.917+0000] {processor.py:154} INFO - Started process (PID=1022) to work on /home/airflow/.local/lib/python3.7/site-packages/airflow/example_dags/example_datasets.py
[2025-07-20T06:09:03.919+0000] {processor.py:756} INFO - Processing file /home/airflow/.local/lib/python3.7/site-packages/airflow/example_dags/example_datasets.py for tasks to queue
[2025-07-20T06:09:03.921+0000] {logging_mixin.py:120} INFO - [2025-07-20T06:09:03.921+0000] {dagbag.py:537} INFO - Filling up the DagBag from /home/airflow/.local/lib/python3.7/site-packages/airflow/example_dags/example_datasets.py
[2025-07-20T06:09:03.958+0000] {processor.py:766} INFO - DAG(s) dict_keys(['dataset_consumes_1_never_scheduled', 'dataset_consumes_unknown_never_scheduled', 'dataset_produces_2', 'dataset_produces_1', 'dataset_consumes_1_and_2', 'dataset_consumes_1']) retrieved from /home/airflow/.local/lib/python3.7/site-packages/airflow/example_dags/example_datasets.py
[2025-07-20T06:09:04.088+0000] {logging_mixin.py:120} INFO - [2025-07-20T06:09:04.088+0000] {dag.py:2585} INFO - Sync 6 DAGs
[2025-07-20T06:09:04.146+0000] {logging_mixin.py:120} INFO - [2025-07-20T06:09:04.146+0000] {dag.py:3340} INFO - Setting next_dagrun for dataset_consumes_1 to None, run_after=None
[2025-07-20T06:09:04.155+0000] {logging_mixin.py:120} INFO - [2025-07-20T06:09:04.154+0000] {dag.py:3340} INFO - Setting next_dagrun for dataset_consumes_1_and_2 to None, run_after=None
[2025-07-20T06:09:04.158+0000] {logging_mixin.py:120} INFO - [2025-07-20T06:09:04.158+0000] {dag.py:3340} INFO - Setting next_dagrun for dataset_consumes_1_never_scheduled to None, run_after=None
[2025-07-20T06:09:04.162+0000] {logging_mixin.py:120} INFO - [2025-07-20T06:09:04.161+0000] {dag.py:3340} INFO - Setting next_dagrun for dataset_consumes_unknown_never_scheduled to None, run_after=None
[2025-07-20T06:09:04.167+0000] {logging_mixin.py:120} INFO - [2025-07-20T06:09:04.167+0000] {dag.py:3340} INFO - Setting next_dagrun for dataset_produces_1 to 2025-07-19T00:00:00+00:00, run_after=2025-07-20T00:00:00+00:00
[2025-07-20T06:09:04.171+0000] {logging_mixin.py:120} INFO - [2025-07-20T06:09:04.171+0000] {dag.py:3340} INFO - Setting next_dagrun for dataset_produces_2 to None, run_after=None
[2025-07-20T06:09:04.248+0000] {processor.py:176} INFO - Processing /home/airflow/.local/lib/python3.7/site-packages/airflow/example_dags/example_datasets.py took 0.338 seconds
[2025-07-20T06:09:35.078+0000] {processor.py:154} INFO - Started process (PID=1074) to work on /home/airflow/.local/lib/python3.7/site-packages/airflow/example_dags/example_datasets.py
[2025-07-20T06:09:35.080+0000] {processor.py:756} INFO - Processing file /home/airflow/.local/lib/python3.7/site-packages/airflow/example_dags/example_datasets.py for tasks to queue
[2025-07-20T06:09:35.082+0000] {logging_mixin.py:120} INFO - [2025-07-20T06:09:35.082+0000] {dagbag.py:537} INFO - Filling up the DagBag from /home/airflow/.local/lib/python3.7/site-packages/airflow/example_dags/example_datasets.py
[2025-07-20T06:09:35.123+0000] {processor.py:766} INFO - DAG(s) dict_keys(['dataset_produces_1', 'dataset_produces_2', 'dataset_consumes_unknown_never_scheduled', 'dataset_consumes_1_and_2', 'dataset_consumes_1', 'dataset_consumes_1_never_scheduled']) retrieved from /home/airflow/.local/lib/python3.7/site-packages/airflow/example_dags/example_datasets.py
[2025-07-20T06:09:35.331+0000] {logging_mixin.py:120} INFO - [2025-07-20T06:09:35.330+0000] {dag.py:2585} INFO - Sync 6 DAGs
[2025-07-20T06:09:35.446+0000] {logging_mixin.py:120} INFO - [2025-07-20T06:09:35.445+0000] {dag.py:3340} INFO - Setting next_dagrun for dataset_consumes_1 to None, run_after=None
[2025-07-20T06:09:35.456+0000] {logging_mixin.py:120} INFO - [2025-07-20T06:09:35.455+0000] {dag.py:3340} INFO - Setting next_dagrun for dataset_consumes_1_and_2 to None, run_after=None
[2025-07-20T06:09:35.459+0000] {logging_mixin.py:120} INFO - [2025-07-20T06:09:35.459+0000] {dag.py:3340} INFO - Setting next_dagrun for dataset_consumes_1_never_scheduled to None, run_after=None
[2025-07-20T06:09:35.464+0000] {logging_mixin.py:120} INFO - [2025-07-20T06:09:35.463+0000] {dag.py:3340} INFO - Setting next_dagrun for dataset_consumes_unknown_never_scheduled to None, run_after=None
[2025-07-20T06:09:35.471+0000] {logging_mixin.py:120} INFO - [2025-07-20T06:09:35.471+0000] {dag.py:3340} INFO - Setting next_dagrun for dataset_produces_1 to 2025-07-19T00:00:00+00:00, run_after=2025-07-20T00:00:00+00:00
[2025-07-20T06:09:35.475+0000] {logging_mixin.py:120} INFO - [2025-07-20T06:09:35.475+0000] {dag.py:3340} INFO - Setting next_dagrun for dataset_produces_2 to None, run_after=None
[2025-07-20T06:09:35.571+0000] {processor.py:176} INFO - Processing /home/airflow/.local/lib/python3.7/site-packages/airflow/example_dags/example_datasets.py took 0.501 seconds
[2025-07-20T06:10:05.857+0000] {processor.py:154} INFO - Started process (PID=1134) to work on /home/airflow/.local/lib/python3.7/site-packages/airflow/example_dags/example_datasets.py
[2025-07-20T06:10:05.876+0000] {processor.py:756} INFO - Processing file /home/airflow/.local/lib/python3.7/site-packages/airflow/example_dags/example_datasets.py for tasks to queue
[2025-07-20T06:10:05.879+0000] {logging_mixin.py:120} INFO - [2025-07-20T06:10:05.878+0000] {dagbag.py:537} INFO - Filling up the DagBag from /home/airflow/.local/lib/python3.7/site-packages/airflow/example_dags/example_datasets.py
[2025-07-20T06:10:05.984+0000] {processor.py:766} INFO - DAG(s) dict_keys(['dataset_produces_1', 'dataset_consumes_1_and_2', 'dataset_produces_2', 'dataset_consumes_1_never_scheduled', 'dataset_consumes_1', 'dataset_consumes_unknown_never_scheduled']) retrieved from /home/airflow/.local/lib/python3.7/site-packages/airflow/example_dags/example_datasets.py
[2025-07-20T06:10:06.327+0000] {logging_mixin.py:120} INFO - [2025-07-20T06:10:06.327+0000] {dag.py:2585} INFO - Sync 6 DAGs
[2025-07-20T06:10:06.549+0000] {logging_mixin.py:120} INFO - [2025-07-20T06:10:06.549+0000] {dag.py:3340} INFO - Setting next_dagrun for dataset_consumes_1 to None, run_after=None
[2025-07-20T06:10:06.622+0000] {logging_mixin.py:120} INFO - [2025-07-20T06:10:06.622+0000] {dag.py:3340} INFO - Setting next_dagrun for dataset_consumes_1_and_2 to None, run_after=None
[2025-07-20T06:10:06.637+0000] {logging_mixin.py:120} INFO - [2025-07-20T06:10:06.637+0000] {dag.py:3340} INFO - Setting next_dagrun for dataset_consumes_1_never_scheduled to None, run_after=None
[2025-07-20T06:10:06.654+0000] {logging_mixin.py:120} INFO - [2025-07-20T06:10:06.654+0000] {dag.py:3340} INFO - Setting next_dagrun for dataset_consumes_unknown_never_scheduled to None, run_after=None
[2025-07-20T06:10:06.688+0000] {logging_mixin.py:120} INFO - [2025-07-20T06:10:06.688+0000] {dag.py:3340} INFO - Setting next_dagrun for dataset_produces_1 to 2025-07-19T00:00:00+00:00, run_after=2025-07-20T00:00:00+00:00
[2025-07-20T06:10:06.737+0000] {logging_mixin.py:120} INFO - [2025-07-20T06:10:06.736+0000] {dag.py:3340} INFO - Setting next_dagrun for dataset_produces_2 to None, run_after=None
[2025-07-20T06:10:07.018+0000] {processor.py:176} INFO - Processing /home/airflow/.local/lib/python3.7/site-packages/airflow/example_dags/example_datasets.py took 1.183 seconds
[2025-07-20T06:10:37.657+0000] {processor.py:154} INFO - Started process (PID=1189) to work on /home/airflow/.local/lib/python3.7/site-packages/airflow/example_dags/example_datasets.py
[2025-07-20T06:10:37.677+0000] {processor.py:756} INFO - Processing file /home/airflow/.local/lib/python3.7/site-packages/airflow/example_dags/example_datasets.py for tasks to queue
[2025-07-20T06:10:37.686+0000] {logging_mixin.py:120} INFO - [2025-07-20T06:10:37.680+0000] {dagbag.py:537} INFO - Filling up the DagBag from /home/airflow/.local/lib/python3.7/site-packages/airflow/example_dags/example_datasets.py
[2025-07-20T06:10:37.818+0000] {processor.py:766} INFO - DAG(s) dict_keys(['dataset_consumes_1_never_scheduled', 'dataset_produces_1', 'dataset_produces_2', 'dataset_consumes_1', 'dataset_consumes_unknown_never_scheduled', 'dataset_consumes_1_and_2']) retrieved from /home/airflow/.local/lib/python3.7/site-packages/airflow/example_dags/example_datasets.py
[2025-07-20T06:10:38.327+0000] {logging_mixin.py:120} INFO - [2025-07-20T06:10:38.326+0000] {dag.py:2585} INFO - Sync 6 DAGs
[2025-07-20T06:10:38.491+0000] {logging_mixin.py:120} INFO - [2025-07-20T06:10:38.490+0000] {dag.py:3340} INFO - Setting next_dagrun for dataset_consumes_1 to None, run_after=None
[2025-07-20T06:10:38.520+0000] {logging_mixin.py:120} INFO - [2025-07-20T06:10:38.519+0000] {dag.py:3340} INFO - Setting next_dagrun for dataset_consumes_1_and_2 to None, run_after=None
[2025-07-20T06:10:38.529+0000] {logging_mixin.py:120} INFO - [2025-07-20T06:10:38.528+0000] {dag.py:3340} INFO - Setting next_dagrun for dataset_consumes_1_never_scheduled to None, run_after=None
[2025-07-20T06:10:38.567+0000] {logging_mixin.py:120} INFO - [2025-07-20T06:10:38.567+0000] {dag.py:3340} INFO - Setting next_dagrun for dataset_consumes_unknown_never_scheduled to None, run_after=None
[2025-07-20T06:10:38.627+0000] {logging_mixin.py:120} INFO - [2025-07-20T06:10:38.627+0000] {dag.py:3340} INFO - Setting next_dagrun for dataset_produces_1 to 2025-07-19T00:00:00+00:00, run_after=2025-07-20T00:00:00+00:00
[2025-07-20T06:10:38.664+0000] {logging_mixin.py:120} INFO - [2025-07-20T06:10:38.663+0000] {dag.py:3340} INFO - Setting next_dagrun for dataset_produces_2 to None, run_after=None
[2025-07-20T06:10:38.879+0000] {processor.py:176} INFO - Processing /home/airflow/.local/lib/python3.7/site-packages/airflow/example_dags/example_datasets.py took 1.238 seconds
[2025-07-20T06:11:09.240+0000] {processor.py:154} INFO - Started process (PID=1243) to work on /home/airflow/.local/lib/python3.7/site-packages/airflow/example_dags/example_datasets.py
[2025-07-20T06:11:09.242+0000] {processor.py:756} INFO - Processing file /home/airflow/.local/lib/python3.7/site-packages/airflow/example_dags/example_datasets.py for tasks to queue
[2025-07-20T06:11:09.243+0000] {logging_mixin.py:120} INFO - [2025-07-20T06:11:09.243+0000] {dagbag.py:537} INFO - Filling up the DagBag from /home/airflow/.local/lib/python3.7/site-packages/airflow/example_dags/example_datasets.py
[2025-07-20T06:11:09.273+0000] {processor.py:766} INFO - DAG(s) dict_keys(['dataset_consumes_1_and_2', 'dataset_consumes_1_never_scheduled', 'dataset_consumes_1', 'dataset_produces_1', 'dataset_consumes_unknown_never_scheduled', 'dataset_produces_2']) retrieved from /home/airflow/.local/lib/python3.7/site-packages/airflow/example_dags/example_datasets.py
[2025-07-20T06:11:09.362+0000] {logging_mixin.py:120} INFO - [2025-07-20T06:11:09.362+0000] {dag.py:2585} INFO - Sync 6 DAGs
[2025-07-20T06:11:09.401+0000] {logging_mixin.py:120} INFO - [2025-07-20T06:11:09.401+0000] {dag.py:3340} INFO - Setting next_dagrun for dataset_consumes_1 to None, run_after=None
[2025-07-20T06:11:09.407+0000] {logging_mixin.py:120} INFO - [2025-07-20T06:11:09.406+0000] {dag.py:3340} INFO - Setting next_dagrun for dataset_consumes_1_and_2 to None, run_after=None
[2025-07-20T06:11:09.410+0000] {logging_mixin.py:120} INFO - [2025-07-20T06:11:09.410+0000] {dag.py:3340} INFO - Setting next_dagrun for dataset_consumes_1_never_scheduled to None, run_after=None
[2025-07-20T06:11:09.413+0000] {logging_mixin.py:120} INFO - [2025-07-20T06:11:09.413+0000] {dag.py:3340} INFO - Setting next_dagrun for dataset_consumes_unknown_never_scheduled to None, run_after=None
[2025-07-20T06:11:09.418+0000] {logging_mixin.py:120} INFO - [2025-07-20T06:11:09.418+0000] {dag.py:3340} INFO - Setting next_dagrun for dataset_produces_1 to 2025-07-19T00:00:00+00:00, run_after=2025-07-20T00:00:00+00:00
[2025-07-20T06:11:09.421+0000] {logging_mixin.py:120} INFO - [2025-07-20T06:11:09.421+0000] {dag.py:3340} INFO - Setting next_dagrun for dataset_produces_2 to None, run_after=None
[2025-07-20T06:11:09.471+0000] {processor.py:176} INFO - Processing /home/airflow/.local/lib/python3.7/site-packages/airflow/example_dags/example_datasets.py took 0.238 seconds
[2025-07-20T06:11:40.105+0000] {processor.py:154} INFO - Started process (PID=1297) to work on /home/airflow/.local/lib/python3.7/site-packages/airflow/example_dags/example_datasets.py
[2025-07-20T06:11:40.106+0000] {processor.py:756} INFO - Processing file /home/airflow/.local/lib/python3.7/site-packages/airflow/example_dags/example_datasets.py for tasks to queue
[2025-07-20T06:11:40.107+0000] {logging_mixin.py:120} INFO - [2025-07-20T06:11:40.107+0000] {dagbag.py:537} INFO - Filling up the DagBag from /home/airflow/.local/lib/python3.7/site-packages/airflow/example_dags/example_datasets.py
[2025-07-20T06:11:40.130+0000] {processor.py:766} INFO - DAG(s) dict_keys(['dataset_consumes_1_and_2', 'dataset_consumes_1_never_scheduled', 'dataset_consumes_1', 'dataset_produces_2', 'dataset_consumes_unknown_never_scheduled', 'dataset_produces_1']) retrieved from /home/airflow/.local/lib/python3.7/site-packages/airflow/example_dags/example_datasets.py
[2025-07-20T06:11:40.194+0000] {logging_mixin.py:120} INFO - [2025-07-20T06:11:40.193+0000] {dag.py:2585} INFO - Sync 6 DAGs
[2025-07-20T06:11:40.238+0000] {logging_mixin.py:120} INFO - [2025-07-20T06:11:40.237+0000] {dag.py:3340} INFO - Setting next_dagrun for dataset_consumes_1 to None, run_after=None
[2025-07-20T06:11:40.242+0000] {logging_mixin.py:120} INFO - [2025-07-20T06:11:40.241+0000] {dag.py:3340} INFO - Setting next_dagrun for dataset_consumes_1_and_2 to None, run_after=None
[2025-07-20T06:11:40.244+0000] {logging_mixin.py:120} INFO - [2025-07-20T06:11:40.244+0000] {dag.py:3340} INFO - Setting next_dagrun for dataset_consumes_1_never_scheduled to None, run_after=None
[2025-07-20T06:11:40.247+0000] {logging_mixin.py:120} INFO - [2025-07-20T06:11:40.247+0000] {dag.py:3340} INFO - Setting next_dagrun for dataset_consumes_unknown_never_scheduled to None, run_after=None
[2025-07-20T06:11:40.253+0000] {logging_mixin.py:120} INFO - [2025-07-20T06:11:40.253+0000] {dag.py:3340} INFO - Setting next_dagrun for dataset_produces_1 to 2025-07-19T00:00:00+00:00, run_after=2025-07-20T00:00:00+00:00
[2025-07-20T06:11:40.256+0000] {logging_mixin.py:120} INFO - [2025-07-20T06:11:40.256+0000] {dag.py:3340} INFO - Setting next_dagrun for dataset_produces_2 to None, run_after=None
[2025-07-20T06:11:40.298+0000] {processor.py:176} INFO - Processing /home/airflow/.local/lib/python3.7/site-packages/airflow/example_dags/example_datasets.py took 0.196 seconds
[2025-07-20T06:12:10.654+0000] {processor.py:154} INFO - Started process (PID=1360) to work on /home/airflow/.local/lib/python3.7/site-packages/airflow/example_dags/example_datasets.py
[2025-07-20T06:12:10.657+0000] {processor.py:756} INFO - Processing file /home/airflow/.local/lib/python3.7/site-packages/airflow/example_dags/example_datasets.py for tasks to queue
[2025-07-20T06:12:10.660+0000] {logging_mixin.py:120} INFO - [2025-07-20T06:12:10.659+0000] {dagbag.py:537} INFO - Filling up the DagBag from /home/airflow/.local/lib/python3.7/site-packages/airflow/example_dags/example_datasets.py
[2025-07-20T06:12:10.720+0000] {processor.py:766} INFO - DAG(s) dict_keys(['dataset_consumes_1', 'dataset_produces_2', 'dataset_consumes_unknown_never_scheduled', 'dataset_produces_1', 'dataset_consumes_1_and_2', 'dataset_consumes_1_never_scheduled']) retrieved from /home/airflow/.local/lib/python3.7/site-packages/airflow/example_dags/example_datasets.py
[2025-07-20T06:12:10.954+0000] {logging_mixin.py:120} INFO - [2025-07-20T06:12:10.954+0000] {dag.py:2585} INFO - Sync 6 DAGs
[2025-07-20T06:12:11.025+0000] {logging_mixin.py:120} INFO - [2025-07-20T06:12:11.025+0000] {dag.py:3340} INFO - Setting next_dagrun for dataset_consumes_1 to None, run_after=None
[2025-07-20T06:12:11.040+0000] {logging_mixin.py:120} INFO - [2025-07-20T06:12:11.040+0000] {dag.py:3340} INFO - Setting next_dagrun for dataset_consumes_1_and_2 to None, run_after=None
[2025-07-20T06:12:11.061+0000] {logging_mixin.py:120} INFO - [2025-07-20T06:12:11.061+0000] {dag.py:3340} INFO - Setting next_dagrun for dataset_consumes_1_never_scheduled to None, run_after=None
[2025-07-20T06:12:11.069+0000] {logging_mixin.py:120} INFO - [2025-07-20T06:12:11.069+0000] {dag.py:3340} INFO - Setting next_dagrun for dataset_consumes_unknown_never_scheduled to None, run_after=None
[2025-07-20T06:12:11.087+0000] {logging_mixin.py:120} INFO - [2025-07-20T06:12:11.087+0000] {dag.py:3340} INFO - Setting next_dagrun for dataset_produces_1 to 2025-07-19T00:00:00+00:00, run_after=2025-07-20T00:00:00+00:00
[2025-07-20T06:12:11.102+0000] {logging_mixin.py:120} INFO - [2025-07-20T06:12:11.101+0000] {dag.py:3340} INFO - Setting next_dagrun for dataset_produces_2 to None, run_after=None
[2025-07-20T06:12:11.397+0000] {processor.py:176} INFO - Processing /home/airflow/.local/lib/python3.7/site-packages/airflow/example_dags/example_datasets.py took 0.755 seconds
[2025-07-20T06:12:42.008+0000] {processor.py:154} INFO - Started process (PID=1421) to work on /home/airflow/.local/lib/python3.7/site-packages/airflow/example_dags/example_datasets.py
[2025-07-20T06:12:42.010+0000] {processor.py:756} INFO - Processing file /home/airflow/.local/lib/python3.7/site-packages/airflow/example_dags/example_datasets.py for tasks to queue
[2025-07-20T06:12:42.012+0000] {logging_mixin.py:120} INFO - [2025-07-20T06:12:42.012+0000] {dagbag.py:537} INFO - Filling up the DagBag from /home/airflow/.local/lib/python3.7/site-packages/airflow/example_dags/example_datasets.py
[2025-07-20T06:12:42.038+0000] {processor.py:766} INFO - DAG(s) dict_keys(['dataset_consumes_1_and_2', 'dataset_consumes_1', 'dataset_consumes_1_never_scheduled', 'dataset_consumes_unknown_never_scheduled', 'dataset_produces_1', 'dataset_produces_2']) retrieved from /home/airflow/.local/lib/python3.7/site-packages/airflow/example_dags/example_datasets.py
[2025-07-20T06:12:42.119+0000] {logging_mixin.py:120} INFO - [2025-07-20T06:12:42.119+0000] {dag.py:2585} INFO - Sync 6 DAGs
[2025-07-20T06:12:42.157+0000] {logging_mixin.py:120} INFO - [2025-07-20T06:12:42.157+0000] {dag.py:3340} INFO - Setting next_dagrun for dataset_consumes_1 to None, run_after=None
[2025-07-20T06:12:42.164+0000] {logging_mixin.py:120} INFO - [2025-07-20T06:12:42.163+0000] {dag.py:3340} INFO - Setting next_dagrun for dataset_consumes_1_and_2 to None, run_after=None
[2025-07-20T06:12:42.166+0000] {logging_mixin.py:120} INFO - [2025-07-20T06:12:42.166+0000] {dag.py:3340} INFO - Setting next_dagrun for dataset_consumes_1_never_scheduled to None, run_after=None
[2025-07-20T06:12:42.173+0000] {logging_mixin.py:120} INFO - [2025-07-20T06:12:42.173+0000] {dag.py:3340} INFO - Setting next_dagrun for dataset_consumes_unknown_never_scheduled to None, run_after=None
[2025-07-20T06:12:42.179+0000] {logging_mixin.py:120} INFO - [2025-07-20T06:12:42.178+0000] {dag.py:3340} INFO - Setting next_dagrun for dataset_produces_1 to 2025-07-19T00:00:00+00:00, run_after=2025-07-20T00:00:00+00:00
[2025-07-20T06:12:42.181+0000] {logging_mixin.py:120} INFO - [2025-07-20T06:12:42.181+0000] {dag.py:3340} INFO - Setting next_dagrun for dataset_produces_2 to None, run_after=None
[2025-07-20T06:12:42.236+0000] {processor.py:176} INFO - Processing /home/airflow/.local/lib/python3.7/site-packages/airflow/example_dags/example_datasets.py took 0.236 seconds
[2025-07-20T06:13:12.626+0000] {processor.py:154} INFO - Started process (PID=1474) to work on /home/airflow/.local/lib/python3.7/site-packages/airflow/example_dags/example_datasets.py
[2025-07-20T06:13:12.634+0000] {processor.py:756} INFO - Processing file /home/airflow/.local/lib/python3.7/site-packages/airflow/example_dags/example_datasets.py for tasks to queue
[2025-07-20T06:13:12.636+0000] {logging_mixin.py:120} INFO - [2025-07-20T06:13:12.636+0000] {dagbag.py:537} INFO - Filling up the DagBag from /home/airflow/.local/lib/python3.7/site-packages/airflow/example_dags/example_datasets.py
[2025-07-20T06:13:12.702+0000] {processor.py:766} INFO - DAG(s) dict_keys(['dataset_consumes_1_and_2', 'dataset_consumes_unknown_never_scheduled', 'dataset_produces_1', 'dataset_consumes_1_never_scheduled', 'dataset_produces_2', 'dataset_consumes_1']) retrieved from /home/airflow/.local/lib/python3.7/site-packages/airflow/example_dags/example_datasets.py
[2025-07-20T06:13:12.930+0000] {logging_mixin.py:120} INFO - [2025-07-20T06:13:12.930+0000] {dag.py:2585} INFO - Sync 6 DAGs
[2025-07-20T06:13:13.033+0000] {logging_mixin.py:120} INFO - [2025-07-20T06:13:13.032+0000] {dag.py:3340} INFO - Setting next_dagrun for dataset_consumes_1 to None, run_after=None
[2025-07-20T06:13:13.050+0000] {logging_mixin.py:120} INFO - [2025-07-20T06:13:13.049+0000] {dag.py:3340} INFO - Setting next_dagrun for dataset_consumes_1_and_2 to None, run_after=None
[2025-07-20T06:13:13.064+0000] {logging_mixin.py:120} INFO - [2025-07-20T06:13:13.063+0000] {dag.py:3340} INFO - Setting next_dagrun for dataset_consumes_1_never_scheduled to None, run_after=None
[2025-07-20T06:13:13.076+0000] {logging_mixin.py:120} INFO - [2025-07-20T06:13:13.076+0000] {dag.py:3340} INFO - Setting next_dagrun for dataset_consumes_unknown_never_scheduled to None, run_after=None
[2025-07-20T06:13:13.097+0000] {logging_mixin.py:120} INFO - [2025-07-20T06:13:13.096+0000] {dag.py:3340} INFO - Setting next_dagrun for dataset_produces_1 to 2025-07-19T00:00:00+00:00, run_after=2025-07-20T00:00:00+00:00
[2025-07-20T06:13:13.100+0000] {logging_mixin.py:120} INFO - [2025-07-20T06:13:13.100+0000] {dag.py:3340} INFO - Setting next_dagrun for dataset_produces_2 to None, run_after=None
[2025-07-20T06:13:13.196+0000] {processor.py:176} INFO - Processing /home/airflow/.local/lib/python3.7/site-packages/airflow/example_dags/example_datasets.py took 0.580 seconds
[2025-07-20T06:13:43.577+0000] {processor.py:154} INFO - Started process (PID=1537) to work on /home/airflow/.local/lib/python3.7/site-packages/airflow/example_dags/example_datasets.py
[2025-07-20T06:13:43.579+0000] {processor.py:756} INFO - Processing file /home/airflow/.local/lib/python3.7/site-packages/airflow/example_dags/example_datasets.py for tasks to queue
[2025-07-20T06:13:43.581+0000] {logging_mixin.py:120} INFO - [2025-07-20T06:13:43.580+0000] {dagbag.py:537} INFO - Filling up the DagBag from /home/airflow/.local/lib/python3.7/site-packages/airflow/example_dags/example_datasets.py
[2025-07-20T06:13:43.607+0000] {processor.py:766} INFO - DAG(s) dict_keys(['dataset_consumes_1', 'dataset_consumes_unknown_never_scheduled', 'dataset_consumes_1_never_scheduled', 'dataset_consumes_1_and_2', 'dataset_produces_1', 'dataset_produces_2']) retrieved from /home/airflow/.local/lib/python3.7/site-packages/airflow/example_dags/example_datasets.py
[2025-07-20T06:13:43.704+0000] {logging_mixin.py:120} INFO - [2025-07-20T06:13:43.704+0000] {dag.py:2585} INFO - Sync 6 DAGs
[2025-07-20T06:13:43.751+0000] {logging_mixin.py:120} INFO - [2025-07-20T06:13:43.750+0000] {dag.py:3340} INFO - Setting next_dagrun for dataset_consumes_1 to None, run_after=None
[2025-07-20T06:13:43.757+0000] {logging_mixin.py:120} INFO - [2025-07-20T06:13:43.756+0000] {dag.py:3340} INFO - Setting next_dagrun for dataset_consumes_1_and_2 to None, run_after=None
[2025-07-20T06:13:43.759+0000] {logging_mixin.py:120} INFO - [2025-07-20T06:13:43.759+0000] {dag.py:3340} INFO - Setting next_dagrun for dataset_consumes_1_never_scheduled to None, run_after=None
[2025-07-20T06:13:43.762+0000] {logging_mixin.py:120} INFO - [2025-07-20T06:13:43.761+0000] {dag.py:3340} INFO - Setting next_dagrun for dataset_consumes_unknown_never_scheduled to None, run_after=None
[2025-07-20T06:13:43.767+0000] {logging_mixin.py:120} INFO - [2025-07-20T06:13:43.767+0000] {dag.py:3340} INFO - Setting next_dagrun for dataset_produces_1 to 2025-07-19T00:00:00+00:00, run_after=2025-07-20T00:00:00+00:00
[2025-07-20T06:13:43.770+0000] {logging_mixin.py:120} INFO - [2025-07-20T06:13:43.770+0000] {dag.py:3340} INFO - Setting next_dagrun for dataset_produces_2 to None, run_after=None
[2025-07-20T06:13:43.824+0000] {processor.py:176} INFO - Processing /home/airflow/.local/lib/python3.7/site-packages/airflow/example_dags/example_datasets.py took 0.252 seconds
[2025-07-20T06:14:14.130+0000] {processor.py:154} INFO - Started process (PID=1593) to work on /home/airflow/.local/lib/python3.7/site-packages/airflow/example_dags/example_datasets.py
[2025-07-20T06:14:14.132+0000] {processor.py:756} INFO - Processing file /home/airflow/.local/lib/python3.7/site-packages/airflow/example_dags/example_datasets.py for tasks to queue
[2025-07-20T06:14:14.134+0000] {logging_mixin.py:120} INFO - [2025-07-20T06:14:14.134+0000] {dagbag.py:537} INFO - Filling up the DagBag from /home/airflow/.local/lib/python3.7/site-packages/airflow/example_dags/example_datasets.py
[2025-07-20T06:14:14.159+0000] {processor.py:766} INFO - DAG(s) dict_keys(['dataset_consumes_1_and_2', 'dataset_produces_2', 'dataset_consumes_unknown_never_scheduled', 'dataset_consumes_1_never_scheduled', 'dataset_produces_1', 'dataset_consumes_1']) retrieved from /home/airflow/.local/lib/python3.7/site-packages/airflow/example_dags/example_datasets.py
[2025-07-20T06:14:14.248+0000] {logging_mixin.py:120} INFO - [2025-07-20T06:14:14.248+0000] {dag.py:2585} INFO - Sync 6 DAGs
[2025-07-20T06:14:14.286+0000] {logging_mixin.py:120} INFO - [2025-07-20T06:14:14.286+0000] {dag.py:3340} INFO - Setting next_dagrun for dataset_consumes_1 to None, run_after=None
[2025-07-20T06:14:14.293+0000] {logging_mixin.py:120} INFO - [2025-07-20T06:14:14.293+0000] {dag.py:3340} INFO - Setting next_dagrun for dataset_consumes_1_and_2 to None, run_after=None
[2025-07-20T06:14:14.296+0000] {logging_mixin.py:120} INFO - [2025-07-20T06:14:14.295+0000] {dag.py:3340} INFO - Setting next_dagrun for dataset_consumes_1_never_scheduled to None, run_after=None
[2025-07-20T06:14:14.298+0000] {logging_mixin.py:120} INFO - [2025-07-20T06:14:14.298+0000] {dag.py:3340} INFO - Setting next_dagrun for dataset_consumes_unknown_never_scheduled to None, run_after=None
[2025-07-20T06:14:14.304+0000] {logging_mixin.py:120} INFO - [2025-07-20T06:14:14.304+0000] {dag.py:3340} INFO - Setting next_dagrun for dataset_produces_1 to 2025-07-19T00:00:00+00:00, run_after=2025-07-20T00:00:00+00:00
[2025-07-20T06:14:14.307+0000] {logging_mixin.py:120} INFO - [2025-07-20T06:14:14.307+0000] {dag.py:3340} INFO - Setting next_dagrun for dataset_produces_2 to None, run_after=None
[2025-07-20T06:14:14.359+0000] {processor.py:176} INFO - Processing /home/airflow/.local/lib/python3.7/site-packages/airflow/example_dags/example_datasets.py took 0.235 seconds
[2025-07-20T06:14:44.897+0000] {processor.py:154} INFO - Started process (PID=1654) to work on /home/airflow/.local/lib/python3.7/site-packages/airflow/example_dags/example_datasets.py
[2025-07-20T06:14:44.899+0000] {processor.py:756} INFO - Processing file /home/airflow/.local/lib/python3.7/site-packages/airflow/example_dags/example_datasets.py for tasks to queue
[2025-07-20T06:14:44.912+0000] {logging_mixin.py:120} INFO - [2025-07-20T06:14:44.911+0000] {dagbag.py:537} INFO - Filling up the DagBag from /home/airflow/.local/lib/python3.7/site-packages/airflow/example_dags/example_datasets.py
[2025-07-20T06:14:45.019+0000] {processor.py:766} INFO - DAG(s) dict_keys(['dataset_consumes_unknown_never_scheduled', 'dataset_consumes_1_never_scheduled', 'dataset_consumes_1', 'dataset_produces_2', 'dataset_produces_1', 'dataset_consumes_1_and_2']) retrieved from /home/airflow/.local/lib/python3.7/site-packages/airflow/example_dags/example_datasets.py
[2025-07-20T06:14:45.318+0000] {logging_mixin.py:120} INFO - [2025-07-20T06:14:45.317+0000] {dag.py:2585} INFO - Sync 6 DAGs
[2025-07-20T06:14:45.495+0000] {logging_mixin.py:120} INFO - [2025-07-20T06:14:45.494+0000] {dag.py:3340} INFO - Setting next_dagrun for dataset_consumes_1 to None, run_after=None
[2025-07-20T06:14:45.532+0000] {logging_mixin.py:120} INFO - [2025-07-20T06:14:45.531+0000] {dag.py:3340} INFO - Setting next_dagrun for dataset_consumes_1_and_2 to None, run_after=None
[2025-07-20T06:14:45.541+0000] {logging_mixin.py:120} INFO - [2025-07-20T06:14:45.541+0000] {dag.py:3340} INFO - Setting next_dagrun for dataset_consumes_1_never_scheduled to None, run_after=None
[2025-07-20T06:14:45.560+0000] {logging_mixin.py:120} INFO - [2025-07-20T06:14:45.560+0000] {dag.py:3340} INFO - Setting next_dagrun for dataset_consumes_unknown_never_scheduled to None, run_after=None
[2025-07-20T06:14:45.590+0000] {logging_mixin.py:120} INFO - [2025-07-20T06:14:45.590+0000] {dag.py:3340} INFO - Setting next_dagrun for dataset_produces_1 to 2025-07-19T00:00:00+00:00, run_after=2025-07-20T00:00:00+00:00
[2025-07-20T06:14:45.624+0000] {logging_mixin.py:120} INFO - [2025-07-20T06:14:45.624+0000] {dag.py:3340} INFO - Setting next_dagrun for dataset_produces_2 to None, run_after=None
[2025-07-20T06:14:45.780+0000] {processor.py:176} INFO - Processing /home/airflow/.local/lib/python3.7/site-packages/airflow/example_dags/example_datasets.py took 0.897 seconds
[2025-07-20T06:15:16.309+0000] {processor.py:154} INFO - Started process (PID=1707) to work on /home/airflow/.local/lib/python3.7/site-packages/airflow/example_dags/example_datasets.py
[2025-07-20T06:15:16.318+0000] {processor.py:756} INFO - Processing file /home/airflow/.local/lib/python3.7/site-packages/airflow/example_dags/example_datasets.py for tasks to queue
[2025-07-20T06:15:16.323+0000] {logging_mixin.py:120} INFO - [2025-07-20T06:15:16.320+0000] {dagbag.py:537} INFO - Filling up the DagBag from /home/airflow/.local/lib/python3.7/site-packages/airflow/example_dags/example_datasets.py
[2025-07-20T06:15:16.469+0000] {processor.py:766} INFO - DAG(s) dict_keys(['dataset_produces_1', 'dataset_consumes_1', 'dataset_consumes_1_and_2', 'dataset_consumes_unknown_never_scheduled', 'dataset_produces_2', 'dataset_consumes_1_never_scheduled']) retrieved from /home/airflow/.local/lib/python3.7/site-packages/airflow/example_dags/example_datasets.py
[2025-07-20T06:15:17.027+0000] {logging_mixin.py:120} INFO - [2025-07-20T06:15:17.015+0000] {dag.py:2585} INFO - Sync 6 DAGs
[2025-07-20T06:15:17.716+0000] {logging_mixin.py:120} INFO - [2025-07-20T06:15:17.715+0000] {dag.py:3340} INFO - Setting next_dagrun for dataset_consumes_1 to None, run_after=None
[2025-07-20T06:15:17.797+0000] {logging_mixin.py:120} INFO - [2025-07-20T06:15:17.797+0000] {dag.py:3340} INFO - Setting next_dagrun for dataset_consumes_1_and_2 to None, run_after=None
[2025-07-20T06:15:17.842+0000] {logging_mixin.py:120} INFO - [2025-07-20T06:15:17.841+0000] {dag.py:3340} INFO - Setting next_dagrun for dataset_consumes_1_never_scheduled to None, run_after=None
[2025-07-20T06:15:17.939+0000] {logging_mixin.py:120} INFO - [2025-07-20T06:15:17.939+0000] {dag.py:3340} INFO - Setting next_dagrun for dataset_consumes_unknown_never_scheduled to None, run_after=None
[2025-07-20T06:15:18.038+0000] {logging_mixin.py:120} INFO - [2025-07-20T06:15:18.038+0000] {dag.py:3340} INFO - Setting next_dagrun for dataset_produces_1 to 2025-07-19T00:00:00+00:00, run_after=2025-07-20T00:00:00+00:00
[2025-07-20T06:15:18.088+0000] {logging_mixin.py:120} INFO - [2025-07-20T06:15:18.087+0000] {dag.py:3340} INFO - Setting next_dagrun for dataset_produces_2 to None, run_after=None
[2025-07-20T06:15:18.487+0000] {processor.py:176} INFO - Processing /home/airflow/.local/lib/python3.7/site-packages/airflow/example_dags/example_datasets.py took 2.201 seconds
