[2025-07-20T05:59:26.368+0000] {processor.py:154} INFO - Started process (PID=104) to work on /home/airflow/.local/lib/python3.7/site-packages/airflow/example_dags/example_branch_labels.py
[2025-07-20T05:59:26.483+0000] {processor.py:756} INFO - Processing file /home/airflow/.local/lib/python3.7/site-packages/airflow/example_dags/example_branch_labels.py for tasks to queue
[2025-07-20T05:59:26.519+0000] {logging_mixin.py:120} INFO - [2025-07-20T05:59:26.518+0000] {dagbag.py:537} INFO - Filling up the DagBag from /home/airflow/.local/lib/python3.7/site-packages/airflow/example_dags/example_branch_labels.py
[2025-07-20T05:59:26.939+0000] {processor.py:766} INFO - DAG(s) dict_keys(['example_branch_labels']) retrieved from /home/airflow/.local/lib/python3.7/site-packages/airflow/example_dags/example_branch_labels.py
[2025-07-20T05:59:28.800+0000] {logging_mixin.py:120} INFO - [2025-07-20T05:59:28.800+0000] {dag.py:2585} INFO - Sync 1 DAGs
[2025-07-20T05:59:29.017+0000] {logging_mixin.py:120} INFO - [2025-07-20T05:59:29.016+0000] {dag.py:3340} INFO - Setting next_dagrun for example_branch_labels to 2025-07-19T00:00:00+00:00, run_after=2025-07-20T00:00:00+00:00
[2025-07-20T05:59:30.192+0000] {processor.py:176} INFO - Processing /home/airflow/.local/lib/python3.7/site-packages/airflow/example_dags/example_branch_labels.py took 3.912 seconds
[2025-07-20T06:01:34.212+0000] {processor.py:154} INFO - Started process (PID=202) to work on /home/airflow/.local/lib/python3.7/site-packages/airflow/example_dags/example_branch_labels.py
[2025-07-20T06:01:34.223+0000] {processor.py:756} INFO - Processing file /home/airflow/.local/lib/python3.7/site-packages/airflow/example_dags/example_branch_labels.py for tasks to queue
[2025-07-20T06:01:34.226+0000] {logging_mixin.py:120} INFO - [2025-07-20T06:01:34.226+0000] {dagbag.py:537} INFO - Filling up the DagBag from /home/airflow/.local/lib/python3.7/site-packages/airflow/example_dags/example_branch_labels.py
[2025-07-20T06:01:34.327+0000] {processor.py:766} INFO - DAG(s) dict_keys(['example_branch_labels']) retrieved from /home/airflow/.local/lib/python3.7/site-packages/airflow/example_dags/example_branch_labels.py
[2025-07-20T06:01:34.675+0000] {logging_mixin.py:120} INFO - [2025-07-20T06:01:34.675+0000] {dag.py:2585} INFO - Sync 1 DAGs
[2025-07-20T06:01:34.824+0000] {logging_mixin.py:120} INFO - [2025-07-20T06:01:34.824+0000] {dag.py:3340} INFO - Setting next_dagrun for example_branch_labels to 2025-07-19T00:00:00+00:00, run_after=2025-07-20T00:00:00+00:00
[2025-07-20T06:01:35.136+0000] {processor.py:176} INFO - Processing /home/airflow/.local/lib/python3.7/site-packages/airflow/example_dags/example_branch_labels.py took 0.936 seconds
[2025-07-20T06:02:11.914+0000] {processor.py:154} INFO - Started process (PID=256) to work on /home/airflow/.local/lib/python3.7/site-packages/airflow/example_dags/example_branch_labels.py
[2025-07-20T06:02:11.931+0000] {processor.py:756} INFO - Processing file /home/airflow/.local/lib/python3.7/site-packages/airflow/example_dags/example_branch_labels.py for tasks to queue
[2025-07-20T06:02:11.938+0000] {logging_mixin.py:120} INFO - [2025-07-20T06:02:11.938+0000] {dagbag.py:537} INFO - Filling up the DagBag from /home/airflow/.local/lib/python3.7/site-packages/airflow/example_dags/example_branch_labels.py
[2025-07-20T06:02:12.065+0000] {processor.py:766} INFO - DAG(s) dict_keys(['example_branch_labels']) retrieved from /home/airflow/.local/lib/python3.7/site-packages/airflow/example_dags/example_branch_labels.py
[2025-07-20T06:02:12.266+0000] {logging_mixin.py:120} INFO - [2025-07-20T06:02:12.266+0000] {dag.py:2585} INFO - Sync 1 DAGs
[2025-07-20T06:02:12.358+0000] {logging_mixin.py:120} INFO - [2025-07-20T06:02:12.358+0000] {dag.py:3340} INFO - Setting next_dagrun for example_branch_labels to 2025-07-19T00:00:00+00:00, run_after=2025-07-20T00:00:00+00:00
[2025-07-20T06:02:12.436+0000] {processor.py:176} INFO - Processing /home/airflow/.local/lib/python3.7/site-packages/airflow/example_dags/example_branch_labels.py took 0.538 seconds
[2025-07-20T06:02:42.773+0000] {processor.py:154} INFO - Started process (PID=319) to work on /home/airflow/.local/lib/python3.7/site-packages/airflow/example_dags/example_branch_labels.py
[2025-07-20T06:02:42.775+0000] {processor.py:756} INFO - Processing file /home/airflow/.local/lib/python3.7/site-packages/airflow/example_dags/example_branch_labels.py for tasks to queue
[2025-07-20T06:02:42.777+0000] {logging_mixin.py:120} INFO - [2025-07-20T06:02:42.777+0000] {dagbag.py:537} INFO - Filling up the DagBag from /home/airflow/.local/lib/python3.7/site-packages/airflow/example_dags/example_branch_labels.py
[2025-07-20T06:02:42.812+0000] {processor.py:766} INFO - DAG(s) dict_keys(['example_branch_labels']) retrieved from /home/airflow/.local/lib/python3.7/site-packages/airflow/example_dags/example_branch_labels.py
[2025-07-20T06:02:42.948+0000] {logging_mixin.py:120} INFO - [2025-07-20T06:02:42.948+0000] {dag.py:2585} INFO - Sync 1 DAGs
[2025-07-20T06:02:43.041+0000] {logging_mixin.py:120} INFO - [2025-07-20T06:02:43.041+0000] {dag.py:3340} INFO - Setting next_dagrun for example_branch_labels to 2025-07-19T00:00:00+00:00, run_after=2025-07-20T00:00:00+00:00
[2025-07-20T06:02:43.092+0000] {processor.py:176} INFO - Processing /home/airflow/.local/lib/python3.7/site-packages/airflow/example_dags/example_branch_labels.py took 0.331 seconds
[2025-07-20T06:03:14.642+0000] {processor.py:154} INFO - Started process (PID=373) to work on /home/airflow/.local/lib/python3.7/site-packages/airflow/example_dags/example_branch_labels.py
[2025-07-20T06:03:14.644+0000] {processor.py:756} INFO - Processing file /home/airflow/.local/lib/python3.7/site-packages/airflow/example_dags/example_branch_labels.py for tasks to queue
[2025-07-20T06:03:14.645+0000] {logging_mixin.py:120} INFO - [2025-07-20T06:03:14.645+0000] {dagbag.py:537} INFO - Filling up the DagBag from /home/airflow/.local/lib/python3.7/site-packages/airflow/example_dags/example_branch_labels.py
[2025-07-20T06:03:14.673+0000] {processor.py:766} INFO - DAG(s) dict_keys(['example_branch_labels']) retrieved from /home/airflow/.local/lib/python3.7/site-packages/airflow/example_dags/example_branch_labels.py
[2025-07-20T06:03:14.753+0000] {logging_mixin.py:120} INFO - [2025-07-20T06:03:14.753+0000] {dag.py:2585} INFO - Sync 1 DAGs
[2025-07-20T06:03:14.799+0000] {logging_mixin.py:120} INFO - [2025-07-20T06:03:14.799+0000] {dag.py:3340} INFO - Setting next_dagrun for example_branch_labels to 2025-07-19T00:00:00+00:00, run_after=2025-07-20T00:00:00+00:00
[2025-07-20T06:03:14.844+0000] {processor.py:176} INFO - Processing /home/airflow/.local/lib/python3.7/site-packages/airflow/example_dags/example_branch_labels.py took 0.207 seconds
[2025-07-20T06:03:48.100+0000] {processor.py:154} INFO - Started process (PID=427) to work on /home/airflow/.local/lib/python3.7/site-packages/airflow/example_dags/example_branch_labels.py
[2025-07-20T06:03:48.104+0000] {processor.py:756} INFO - Processing file /home/airflow/.local/lib/python3.7/site-packages/airflow/example_dags/example_branch_labels.py for tasks to queue
[2025-07-20T06:03:48.108+0000] {logging_mixin.py:120} INFO - [2025-07-20T06:03:48.108+0000] {dagbag.py:537} INFO - Filling up the DagBag from /home/airflow/.local/lib/python3.7/site-packages/airflow/example_dags/example_branch_labels.py
[2025-07-20T06:03:48.164+0000] {processor.py:766} INFO - DAG(s) dict_keys(['example_branch_labels']) retrieved from /home/airflow/.local/lib/python3.7/site-packages/airflow/example_dags/example_branch_labels.py
[2025-07-20T06:03:48.442+0000] {logging_mixin.py:120} INFO - [2025-07-20T06:03:48.442+0000] {dag.py:2585} INFO - Sync 1 DAGs
[2025-07-20T06:03:48.585+0000] {logging_mixin.py:120} INFO - [2025-07-20T06:03:48.582+0000] {dag.py:3340} INFO - Setting next_dagrun for example_branch_labels to 2025-07-19T00:00:00+00:00, run_after=2025-07-20T00:00:00+00:00
[2025-07-20T06:03:48.696+0000] {processor.py:176} INFO - Processing /home/airflow/.local/lib/python3.7/site-packages/airflow/example_dags/example_branch_labels.py took 0.607 seconds
[2025-07-20T06:04:19.275+0000] {processor.py:154} INFO - Started process (PID=481) to work on /home/airflow/.local/lib/python3.7/site-packages/airflow/example_dags/example_branch_labels.py
[2025-07-20T06:04:19.277+0000] {processor.py:756} INFO - Processing file /home/airflow/.local/lib/python3.7/site-packages/airflow/example_dags/example_branch_labels.py for tasks to queue
[2025-07-20T06:04:19.278+0000] {logging_mixin.py:120} INFO - [2025-07-20T06:04:19.278+0000] {dagbag.py:537} INFO - Filling up the DagBag from /home/airflow/.local/lib/python3.7/site-packages/airflow/example_dags/example_branch_labels.py
[2025-07-20T06:04:19.304+0000] {processor.py:766} INFO - DAG(s) dict_keys(['example_branch_labels']) retrieved from /home/airflow/.local/lib/python3.7/site-packages/airflow/example_dags/example_branch_labels.py
[2025-07-20T06:04:19.392+0000] {logging_mixin.py:120} INFO - [2025-07-20T06:04:19.392+0000] {dag.py:2585} INFO - Sync 1 DAGs
[2025-07-20T06:04:19.441+0000] {logging_mixin.py:120} INFO - [2025-07-20T06:04:19.441+0000] {dag.py:3340} INFO - Setting next_dagrun for example_branch_labels to 2025-07-19T00:00:00+00:00, run_after=2025-07-20T00:00:00+00:00
[2025-07-20T06:04:19.482+0000] {processor.py:176} INFO - Processing /home/airflow/.local/lib/python3.7/site-packages/airflow/example_dags/example_branch_labels.py took 0.211 seconds
[2025-07-20T06:04:50.129+0000] {processor.py:154} INFO - Started process (PID=545) to work on /home/airflow/.local/lib/python3.7/site-packages/airflow/example_dags/example_branch_labels.py
[2025-07-20T06:04:50.131+0000] {processor.py:756} INFO - Processing file /home/airflow/.local/lib/python3.7/site-packages/airflow/example_dags/example_branch_labels.py for tasks to queue
[2025-07-20T06:04:50.133+0000] {logging_mixin.py:120} INFO - [2025-07-20T06:04:50.132+0000] {dagbag.py:537} INFO - Filling up the DagBag from /home/airflow/.local/lib/python3.7/site-packages/airflow/example_dags/example_branch_labels.py
[2025-07-20T06:04:50.189+0000] {processor.py:766} INFO - DAG(s) dict_keys(['example_branch_labels']) retrieved from /home/airflow/.local/lib/python3.7/site-packages/airflow/example_dags/example_branch_labels.py
[2025-07-20T06:04:50.285+0000] {logging_mixin.py:120} INFO - [2025-07-20T06:04:50.285+0000] {dag.py:2585} INFO - Sync 1 DAGs
[2025-07-20T06:04:50.346+0000] {logging_mixin.py:120} INFO - [2025-07-20T06:04:50.346+0000] {dag.py:3340} INFO - Setting next_dagrun for example_branch_labels to 2025-07-19T00:00:00+00:00, run_after=2025-07-20T00:00:00+00:00
[2025-07-20T06:04:50.391+0000] {processor.py:176} INFO - Processing /home/airflow/.local/lib/python3.7/site-packages/airflow/example_dags/example_branch_labels.py took 0.272 seconds
[2025-07-20T06:05:21.190+0000] {processor.py:154} INFO - Started process (PID=608) to work on /home/airflow/.local/lib/python3.7/site-packages/airflow/example_dags/example_branch_labels.py
[2025-07-20T06:05:21.192+0000] {processor.py:756} INFO - Processing file /home/airflow/.local/lib/python3.7/site-packages/airflow/example_dags/example_branch_labels.py for tasks to queue
[2025-07-20T06:05:21.194+0000] {logging_mixin.py:120} INFO - [2025-07-20T06:05:21.194+0000] {dagbag.py:537} INFO - Filling up the DagBag from /home/airflow/.local/lib/python3.7/site-packages/airflow/example_dags/example_branch_labels.py
[2025-07-20T06:05:21.258+0000] {processor.py:766} INFO - DAG(s) dict_keys(['example_branch_labels']) retrieved from /home/airflow/.local/lib/python3.7/site-packages/airflow/example_dags/example_branch_labels.py
[2025-07-20T06:05:21.383+0000] {logging_mixin.py:120} INFO - [2025-07-20T06:05:21.382+0000] {dag.py:2585} INFO - Sync 1 DAGs
[2025-07-20T06:05:21.478+0000] {logging_mixin.py:120} INFO - [2025-07-20T06:05:21.478+0000] {dag.py:3340} INFO - Setting next_dagrun for example_branch_labels to 2025-07-19T00:00:00+00:00, run_after=2025-07-20T00:00:00+00:00
[2025-07-20T06:05:21.554+0000] {processor.py:176} INFO - Processing /home/airflow/.local/lib/python3.7/site-packages/airflow/example_dags/example_branch_labels.py took 0.369 seconds
[2025-07-20T06:05:52.006+0000] {processor.py:154} INFO - Started process (PID=662) to work on /home/airflow/.local/lib/python3.7/site-packages/airflow/example_dags/example_branch_labels.py
[2025-07-20T06:05:52.009+0000] {processor.py:756} INFO - Processing file /home/airflow/.local/lib/python3.7/site-packages/airflow/example_dags/example_branch_labels.py for tasks to queue
[2025-07-20T06:05:52.010+0000] {logging_mixin.py:120} INFO - [2025-07-20T06:05:52.010+0000] {dagbag.py:537} INFO - Filling up the DagBag from /home/airflow/.local/lib/python3.7/site-packages/airflow/example_dags/example_branch_labels.py
[2025-07-20T06:05:52.033+0000] {processor.py:766} INFO - DAG(s) dict_keys(['example_branch_labels']) retrieved from /home/airflow/.local/lib/python3.7/site-packages/airflow/example_dags/example_branch_labels.py
[2025-07-20T06:05:52.095+0000] {logging_mixin.py:120} INFO - [2025-07-20T06:05:52.095+0000] {dag.py:2585} INFO - Sync 1 DAGs
[2025-07-20T06:05:52.137+0000] {logging_mixin.py:120} INFO - [2025-07-20T06:05:52.136+0000] {dag.py:3340} INFO - Setting next_dagrun for example_branch_labels to 2025-07-19T00:00:00+00:00, run_after=2025-07-20T00:00:00+00:00
[2025-07-20T06:05:52.175+0000] {processor.py:176} INFO - Processing /home/airflow/.local/lib/python3.7/site-packages/airflow/example_dags/example_branch_labels.py took 0.175 seconds
[2025-07-20T06:06:22.898+0000] {processor.py:154} INFO - Started process (PID=725) to work on /home/airflow/.local/lib/python3.7/site-packages/airflow/example_dags/example_branch_labels.py
[2025-07-20T06:06:22.900+0000] {processor.py:756} INFO - Processing file /home/airflow/.local/lib/python3.7/site-packages/airflow/example_dags/example_branch_labels.py for tasks to queue
[2025-07-20T06:06:22.903+0000] {logging_mixin.py:120} INFO - [2025-07-20T06:06:22.902+0000] {dagbag.py:537} INFO - Filling up the DagBag from /home/airflow/.local/lib/python3.7/site-packages/airflow/example_dags/example_branch_labels.py
[2025-07-20T06:06:22.923+0000] {processor.py:766} INFO - DAG(s) dict_keys(['example_branch_labels']) retrieved from /home/airflow/.local/lib/python3.7/site-packages/airflow/example_dags/example_branch_labels.py
[2025-07-20T06:06:22.992+0000] {logging_mixin.py:120} INFO - [2025-07-20T06:06:22.992+0000] {dag.py:2585} INFO - Sync 1 DAGs
[2025-07-20T06:06:23.030+0000] {logging_mixin.py:120} INFO - [2025-07-20T06:06:23.030+0000] {dag.py:3340} INFO - Setting next_dagrun for example_branch_labels to 2025-07-19T00:00:00+00:00, run_after=2025-07-20T00:00:00+00:00
[2025-07-20T06:06:23.068+0000] {processor.py:176} INFO - Processing /home/airflow/.local/lib/python3.7/site-packages/airflow/example_dags/example_branch_labels.py took 0.175 seconds
[2025-07-20T06:06:53.198+0000] {processor.py:154} INFO - Started process (PID=779) to work on /home/airflow/.local/lib/python3.7/site-packages/airflow/example_dags/example_branch_labels.py
[2025-07-20T06:06:53.199+0000] {processor.py:756} INFO - Processing file /home/airflow/.local/lib/python3.7/site-packages/airflow/example_dags/example_branch_labels.py for tasks to queue
[2025-07-20T06:06:53.201+0000] {logging_mixin.py:120} INFO - [2025-07-20T06:06:53.200+0000] {dagbag.py:537} INFO - Filling up the DagBag from /home/airflow/.local/lib/python3.7/site-packages/airflow/example_dags/example_branch_labels.py
[2025-07-20T06:06:53.228+0000] {processor.py:766} INFO - DAG(s) dict_keys(['example_branch_labels']) retrieved from /home/airflow/.local/lib/python3.7/site-packages/airflow/example_dags/example_branch_labels.py
[2025-07-20T06:06:53.307+0000] {logging_mixin.py:120} INFO - [2025-07-20T06:06:53.307+0000] {dag.py:2585} INFO - Sync 1 DAGs
[2025-07-20T06:06:53.350+0000] {logging_mixin.py:120} INFO - [2025-07-20T06:06:53.350+0000] {dag.py:3340} INFO - Setting next_dagrun for example_branch_labels to 2025-07-19T00:00:00+00:00, run_after=2025-07-20T00:00:00+00:00
[2025-07-20T06:06:53.390+0000] {processor.py:176} INFO - Processing /home/airflow/.local/lib/python3.7/site-packages/airflow/example_dags/example_branch_labels.py took 0.198 seconds
[2025-07-20T06:07:23.592+0000] {processor.py:154} INFO - Started process (PID=841) to work on /home/airflow/.local/lib/python3.7/site-packages/airflow/example_dags/example_branch_labels.py
[2025-07-20T06:07:23.594+0000] {processor.py:756} INFO - Processing file /home/airflow/.local/lib/python3.7/site-packages/airflow/example_dags/example_branch_labels.py for tasks to queue
[2025-07-20T06:07:23.596+0000] {logging_mixin.py:120} INFO - [2025-07-20T06:07:23.596+0000] {dagbag.py:537} INFO - Filling up the DagBag from /home/airflow/.local/lib/python3.7/site-packages/airflow/example_dags/example_branch_labels.py
[2025-07-20T06:07:23.627+0000] {processor.py:766} INFO - DAG(s) dict_keys(['example_branch_labels']) retrieved from /home/airflow/.local/lib/python3.7/site-packages/airflow/example_dags/example_branch_labels.py
[2025-07-20T06:07:23.708+0000] {logging_mixin.py:120} INFO - [2025-07-20T06:07:23.708+0000] {dag.py:2585} INFO - Sync 1 DAGs
[2025-07-20T06:07:23.756+0000] {logging_mixin.py:120} INFO - [2025-07-20T06:07:23.756+0000] {dag.py:3340} INFO - Setting next_dagrun for example_branch_labels to 2025-07-19T00:00:00+00:00, run_after=2025-07-20T00:00:00+00:00
[2025-07-20T06:07:23.790+0000] {processor.py:176} INFO - Processing /home/airflow/.local/lib/python3.7/site-packages/airflow/example_dags/example_branch_labels.py took 0.204 seconds
[2025-07-20T06:07:54.674+0000] {processor.py:154} INFO - Started process (PID=901) to work on /home/airflow/.local/lib/python3.7/site-packages/airflow/example_dags/example_branch_labels.py
[2025-07-20T06:07:54.676+0000] {processor.py:756} INFO - Processing file /home/airflow/.local/lib/python3.7/site-packages/airflow/example_dags/example_branch_labels.py for tasks to queue
[2025-07-20T06:07:54.678+0000] {logging_mixin.py:120} INFO - [2025-07-20T06:07:54.677+0000] {dagbag.py:537} INFO - Filling up the DagBag from /home/airflow/.local/lib/python3.7/site-packages/airflow/example_dags/example_branch_labels.py
[2025-07-20T06:07:54.712+0000] {processor.py:766} INFO - DAG(s) dict_keys(['example_branch_labels']) retrieved from /home/airflow/.local/lib/python3.7/site-packages/airflow/example_dags/example_branch_labels.py
[2025-07-20T06:07:54.799+0000] {logging_mixin.py:120} INFO - [2025-07-20T06:07:54.799+0000] {dag.py:2585} INFO - Sync 1 DAGs
[2025-07-20T06:07:54.861+0000] {logging_mixin.py:120} INFO - [2025-07-20T06:07:54.861+0000] {dag.py:3340} INFO - Setting next_dagrun for example_branch_labels to 2025-07-19T00:00:00+00:00, run_after=2025-07-20T00:00:00+00:00
[2025-07-20T06:07:54.900+0000] {processor.py:176} INFO - Processing /home/airflow/.local/lib/python3.7/site-packages/airflow/example_dags/example_branch_labels.py took 0.232 seconds
[2025-07-20T06:08:26.399+0000] {processor.py:154} INFO - Started process (PID=955) to work on /home/airflow/.local/lib/python3.7/site-packages/airflow/example_dags/example_branch_labels.py
[2025-07-20T06:08:26.406+0000] {processor.py:756} INFO - Processing file /home/airflow/.local/lib/python3.7/site-packages/airflow/example_dags/example_branch_labels.py for tasks to queue
[2025-07-20T06:08:26.415+0000] {logging_mixin.py:120} INFO - [2025-07-20T06:08:26.414+0000] {dagbag.py:537} INFO - Filling up the DagBag from /home/airflow/.local/lib/python3.7/site-packages/airflow/example_dags/example_branch_labels.py
[2025-07-20T06:08:26.598+0000] {processor.py:766} INFO - DAG(s) dict_keys(['example_branch_labels']) retrieved from /home/airflow/.local/lib/python3.7/site-packages/airflow/example_dags/example_branch_labels.py
[2025-07-20T06:08:27.069+0000] {logging_mixin.py:120} INFO - [2025-07-20T06:08:27.068+0000] {dag.py:2585} INFO - Sync 1 DAGs
[2025-07-20T06:08:27.427+0000] {logging_mixin.py:120} INFO - [2025-07-20T06:08:27.427+0000] {dag.py:3340} INFO - Setting next_dagrun for example_branch_labels to 2025-07-19T00:00:00+00:00, run_after=2025-07-20T00:00:00+00:00
[2025-07-20T06:08:27.515+0000] {processor.py:176} INFO - Processing /home/airflow/.local/lib/python3.7/site-packages/airflow/example_dags/example_branch_labels.py took 1.125 seconds
[2025-07-20T06:08:57.802+0000] {processor.py:154} INFO - Started process (PID=1011) to work on /home/airflow/.local/lib/python3.7/site-packages/airflow/example_dags/example_branch_labels.py
[2025-07-20T06:08:57.863+0000] {processor.py:756} INFO - Processing file /home/airflow/.local/lib/python3.7/site-packages/airflow/example_dags/example_branch_labels.py for tasks to queue
[2025-07-20T06:08:57.866+0000] {logging_mixin.py:120} INFO - [2025-07-20T06:08:57.866+0000] {dagbag.py:537} INFO - Filling up the DagBag from /home/airflow/.local/lib/python3.7/site-packages/airflow/example_dags/example_branch_labels.py
[2025-07-20T06:08:58.086+0000] {processor.py:766} INFO - DAG(s) dict_keys(['example_branch_labels']) retrieved from /home/airflow/.local/lib/python3.7/site-packages/airflow/example_dags/example_branch_labels.py
[2025-07-20T06:08:58.308+0000] {logging_mixin.py:120} INFO - [2025-07-20T06:08:58.307+0000] {dag.py:2585} INFO - Sync 1 DAGs
[2025-07-20T06:08:58.413+0000] {logging_mixin.py:120} INFO - [2025-07-20T06:08:58.412+0000] {dag.py:3340} INFO - Setting next_dagrun for example_branch_labels to 2025-07-19T00:00:00+00:00, run_after=2025-07-20T00:00:00+00:00
[2025-07-20T06:08:58.507+0000] {processor.py:176} INFO - Processing /home/airflow/.local/lib/python3.7/site-packages/airflow/example_dags/example_branch_labels.py took 0.729 seconds
[2025-07-20T06:09:29.797+0000] {processor.py:154} INFO - Started process (PID=1064) to work on /home/airflow/.local/lib/python3.7/site-packages/airflow/example_dags/example_branch_labels.py
[2025-07-20T06:09:29.799+0000] {processor.py:756} INFO - Processing file /home/airflow/.local/lib/python3.7/site-packages/airflow/example_dags/example_branch_labels.py for tasks to queue
[2025-07-20T06:09:29.812+0000] {logging_mixin.py:120} INFO - [2025-07-20T06:09:29.811+0000] {dagbag.py:537} INFO - Filling up the DagBag from /home/airflow/.local/lib/python3.7/site-packages/airflow/example_dags/example_branch_labels.py
[2025-07-20T06:09:29.894+0000] {processor.py:766} INFO - DAG(s) dict_keys(['example_branch_labels']) retrieved from /home/airflow/.local/lib/python3.7/site-packages/airflow/example_dags/example_branch_labels.py
[2025-07-20T06:09:30.045+0000] {logging_mixin.py:120} INFO - [2025-07-20T06:09:30.044+0000] {dag.py:2585} INFO - Sync 1 DAGs
[2025-07-20T06:09:30.127+0000] {logging_mixin.py:120} INFO - [2025-07-20T06:09:30.126+0000] {dag.py:3340} INFO - Setting next_dagrun for example_branch_labels to 2025-07-19T00:00:00+00:00, run_after=2025-07-20T00:00:00+00:00
[2025-07-20T06:09:30.234+0000] {processor.py:176} INFO - Processing /home/airflow/.local/lib/python3.7/site-packages/airflow/example_dags/example_branch_labels.py took 0.463 seconds
[2025-07-20T06:10:00.943+0000] {processor.py:154} INFO - Started process (PID=1117) to work on /home/airflow/.local/lib/python3.7/site-packages/airflow/example_dags/example_branch_labels.py
[2025-07-20T06:10:00.945+0000] {processor.py:756} INFO - Processing file /home/airflow/.local/lib/python3.7/site-packages/airflow/example_dags/example_branch_labels.py for tasks to queue
[2025-07-20T06:10:00.947+0000] {logging_mixin.py:120} INFO - [2025-07-20T06:10:00.946+0000] {dagbag.py:537} INFO - Filling up the DagBag from /home/airflow/.local/lib/python3.7/site-packages/airflow/example_dags/example_branch_labels.py
[2025-07-20T06:10:00.979+0000] {processor.py:766} INFO - DAG(s) dict_keys(['example_branch_labels']) retrieved from /home/airflow/.local/lib/python3.7/site-packages/airflow/example_dags/example_branch_labels.py
[2025-07-20T06:10:01.085+0000] {logging_mixin.py:120} INFO - [2025-07-20T06:10:01.084+0000] {dag.py:2585} INFO - Sync 1 DAGs
[2025-07-20T06:10:01.136+0000] {logging_mixin.py:120} INFO - [2025-07-20T06:10:01.136+0000] {dag.py:3340} INFO - Setting next_dagrun for example_branch_labels to 2025-07-19T00:00:00+00:00, run_after=2025-07-20T00:00:00+00:00
[2025-07-20T06:10:01.188+0000] {processor.py:176} INFO - Processing /home/airflow/.local/lib/python3.7/site-packages/airflow/example_dags/example_branch_labels.py took 0.256 seconds
[2025-07-20T06:10:31.624+0000] {processor.py:154} INFO - Started process (PID=1170) to work on /home/airflow/.local/lib/python3.7/site-packages/airflow/example_dags/example_branch_labels.py
[2025-07-20T06:10:31.627+0000] {processor.py:756} INFO - Processing file /home/airflow/.local/lib/python3.7/site-packages/airflow/example_dags/example_branch_labels.py for tasks to queue
[2025-07-20T06:10:31.629+0000] {logging_mixin.py:120} INFO - [2025-07-20T06:10:31.629+0000] {dagbag.py:537} INFO - Filling up the DagBag from /home/airflow/.local/lib/python3.7/site-packages/airflow/example_dags/example_branch_labels.py
[2025-07-20T06:10:31.667+0000] {processor.py:766} INFO - DAG(s) dict_keys(['example_branch_labels']) retrieved from /home/airflow/.local/lib/python3.7/site-packages/airflow/example_dags/example_branch_labels.py
[2025-07-20T06:10:31.825+0000] {logging_mixin.py:120} INFO - [2025-07-20T06:10:31.824+0000] {dag.py:2585} INFO - Sync 1 DAGs
[2025-07-20T06:10:31.919+0000] {logging_mixin.py:120} INFO - [2025-07-20T06:10:31.919+0000] {dag.py:3340} INFO - Setting next_dagrun for example_branch_labels to 2025-07-19T00:00:00+00:00, run_after=2025-07-20T00:00:00+00:00
[2025-07-20T06:10:32.001+0000] {processor.py:176} INFO - Processing /home/airflow/.local/lib/python3.7/site-packages/airflow/example_dags/example_branch_labels.py took 0.385 seconds
[2025-07-20T06:11:02.185+0000] {processor.py:154} INFO - Started process (PID=1224) to work on /home/airflow/.local/lib/python3.7/site-packages/airflow/example_dags/example_branch_labels.py
[2025-07-20T06:11:02.188+0000] {processor.py:756} INFO - Processing file /home/airflow/.local/lib/python3.7/site-packages/airflow/example_dags/example_branch_labels.py for tasks to queue
[2025-07-20T06:11:02.191+0000] {logging_mixin.py:120} INFO - [2025-07-20T06:11:02.191+0000] {dagbag.py:537} INFO - Filling up the DagBag from /home/airflow/.local/lib/python3.7/site-packages/airflow/example_dags/example_branch_labels.py
[2025-07-20T06:11:02.241+0000] {processor.py:766} INFO - DAG(s) dict_keys(['example_branch_labels']) retrieved from /home/airflow/.local/lib/python3.7/site-packages/airflow/example_dags/example_branch_labels.py
[2025-07-20T06:11:02.301+0000] {logging_mixin.py:120} INFO - [2025-07-20T06:11:02.301+0000] {dag.py:2585} INFO - Sync 1 DAGs
[2025-07-20T06:11:02.337+0000] {logging_mixin.py:120} INFO - [2025-07-20T06:11:02.336+0000] {dag.py:3340} INFO - Setting next_dagrun for example_branch_labels to 2025-07-19T00:00:00+00:00, run_after=2025-07-20T00:00:00+00:00
[2025-07-20T06:11:02.381+0000] {processor.py:176} INFO - Processing /home/airflow/.local/lib/python3.7/site-packages/airflow/example_dags/example_branch_labels.py took 0.209 seconds
[2025-07-20T06:11:32.611+0000] {processor.py:154} INFO - Started process (PID=1287) to work on /home/airflow/.local/lib/python3.7/site-packages/airflow/example_dags/example_branch_labels.py
[2025-07-20T06:11:32.614+0000] {processor.py:756} INFO - Processing file /home/airflow/.local/lib/python3.7/site-packages/airflow/example_dags/example_branch_labels.py for tasks to queue
[2025-07-20T06:11:32.616+0000] {logging_mixin.py:120} INFO - [2025-07-20T06:11:32.616+0000] {dagbag.py:537} INFO - Filling up the DagBag from /home/airflow/.local/lib/python3.7/site-packages/airflow/example_dags/example_branch_labels.py
[2025-07-20T06:11:32.647+0000] {processor.py:766} INFO - DAG(s) dict_keys(['example_branch_labels']) retrieved from /home/airflow/.local/lib/python3.7/site-packages/airflow/example_dags/example_branch_labels.py
[2025-07-20T06:11:32.716+0000] {logging_mixin.py:120} INFO - [2025-07-20T06:11:32.716+0000] {dag.py:2585} INFO - Sync 1 DAGs
[2025-07-20T06:11:32.774+0000] {logging_mixin.py:120} INFO - [2025-07-20T06:11:32.774+0000] {dag.py:3340} INFO - Setting next_dagrun for example_branch_labels to 2025-07-19T00:00:00+00:00, run_after=2025-07-20T00:00:00+00:00
[2025-07-20T06:11:32.806+0000] {processor.py:176} INFO - Processing /home/airflow/.local/lib/python3.7/site-packages/airflow/example_dags/example_branch_labels.py took 0.201 seconds
[2025-07-20T06:12:03.147+0000] {processor.py:154} INFO - Started process (PID=1341) to work on /home/airflow/.local/lib/python3.7/site-packages/airflow/example_dags/example_branch_labels.py
[2025-07-20T06:12:03.148+0000] {processor.py:756} INFO - Processing file /home/airflow/.local/lib/python3.7/site-packages/airflow/example_dags/example_branch_labels.py for tasks to queue
[2025-07-20T06:12:03.150+0000] {logging_mixin.py:120} INFO - [2025-07-20T06:12:03.150+0000] {dagbag.py:537} INFO - Filling up the DagBag from /home/airflow/.local/lib/python3.7/site-packages/airflow/example_dags/example_branch_labels.py
[2025-07-20T06:12:03.173+0000] {processor.py:766} INFO - DAG(s) dict_keys(['example_branch_labels']) retrieved from /home/airflow/.local/lib/python3.7/site-packages/airflow/example_dags/example_branch_labels.py
[2025-07-20T06:12:03.230+0000] {logging_mixin.py:120} INFO - [2025-07-20T06:12:03.230+0000] {dag.py:2585} INFO - Sync 1 DAGs
[2025-07-20T06:12:03.265+0000] {logging_mixin.py:120} INFO - [2025-07-20T06:12:03.265+0000] {dag.py:3340} INFO - Setting next_dagrun for example_branch_labels to 2025-07-19T00:00:00+00:00, run_after=2025-07-20T00:00:00+00:00
[2025-07-20T06:12:03.308+0000] {processor.py:176} INFO - Processing /home/airflow/.local/lib/python3.7/site-packages/airflow/example_dags/example_branch_labels.py took 0.165 seconds
[2025-07-20T06:12:34.128+0000] {processor.py:154} INFO - Started process (PID=1402) to work on /home/airflow/.local/lib/python3.7/site-packages/airflow/example_dags/example_branch_labels.py
[2025-07-20T06:12:34.130+0000] {processor.py:756} INFO - Processing file /home/airflow/.local/lib/python3.7/site-packages/airflow/example_dags/example_branch_labels.py for tasks to queue
[2025-07-20T06:12:34.132+0000] {logging_mixin.py:120} INFO - [2025-07-20T06:12:34.131+0000] {dagbag.py:537} INFO - Filling up the DagBag from /home/airflow/.local/lib/python3.7/site-packages/airflow/example_dags/example_branch_labels.py
[2025-07-20T06:12:34.159+0000] {processor.py:766} INFO - DAG(s) dict_keys(['example_branch_labels']) retrieved from /home/airflow/.local/lib/python3.7/site-packages/airflow/example_dags/example_branch_labels.py
[2025-07-20T06:12:34.240+0000] {logging_mixin.py:120} INFO - [2025-07-20T06:12:34.240+0000] {dag.py:2585} INFO - Sync 1 DAGs
[2025-07-20T06:12:34.288+0000] {logging_mixin.py:120} INFO - [2025-07-20T06:12:34.288+0000] {dag.py:3340} INFO - Setting next_dagrun for example_branch_labels to 2025-07-19T00:00:00+00:00, run_after=2025-07-20T00:00:00+00:00
[2025-07-20T06:12:34.324+0000] {processor.py:176} INFO - Processing /home/airflow/.local/lib/python3.7/site-packages/airflow/example_dags/example_branch_labels.py took 0.202 seconds
[2025-07-20T06:13:04.693+0000] {processor.py:154} INFO - Started process (PID=1464) to work on /home/airflow/.local/lib/python3.7/site-packages/airflow/example_dags/example_branch_labels.py
[2025-07-20T06:13:04.695+0000] {processor.py:756} INFO - Processing file /home/airflow/.local/lib/python3.7/site-packages/airflow/example_dags/example_branch_labels.py for tasks to queue
[2025-07-20T06:13:04.697+0000] {logging_mixin.py:120} INFO - [2025-07-20T06:13:04.697+0000] {dagbag.py:537} INFO - Filling up the DagBag from /home/airflow/.local/lib/python3.7/site-packages/airflow/example_dags/example_branch_labels.py
[2025-07-20T06:13:04.732+0000] {processor.py:766} INFO - DAG(s) dict_keys(['example_branch_labels']) retrieved from /home/airflow/.local/lib/python3.7/site-packages/airflow/example_dags/example_branch_labels.py
[2025-07-20T06:13:04.826+0000] {logging_mixin.py:120} INFO - [2025-07-20T06:13:04.826+0000] {dag.py:2585} INFO - Sync 1 DAGs
[2025-07-20T06:13:04.907+0000] {logging_mixin.py:120} INFO - [2025-07-20T06:13:04.907+0000] {dag.py:3340} INFO - Setting next_dagrun for example_branch_labels to 2025-07-19T00:00:00+00:00, run_after=2025-07-20T00:00:00+00:00
[2025-07-20T06:13:04.975+0000] {processor.py:176} INFO - Processing /home/airflow/.local/lib/python3.7/site-packages/airflow/example_dags/example_branch_labels.py took 0.287 seconds
[2025-07-20T06:13:35.238+0000] {processor.py:154} INFO - Started process (PID=1518) to work on /home/airflow/.local/lib/python3.7/site-packages/airflow/example_dags/example_branch_labels.py
[2025-07-20T06:13:35.239+0000] {processor.py:756} INFO - Processing file /home/airflow/.local/lib/python3.7/site-packages/airflow/example_dags/example_branch_labels.py for tasks to queue
[2025-07-20T06:13:35.240+0000] {logging_mixin.py:120} INFO - [2025-07-20T06:13:35.240+0000] {dagbag.py:537} INFO - Filling up the DagBag from /home/airflow/.local/lib/python3.7/site-packages/airflow/example_dags/example_branch_labels.py
[2025-07-20T06:13:35.258+0000] {processor.py:766} INFO - DAG(s) dict_keys(['example_branch_labels']) retrieved from /home/airflow/.local/lib/python3.7/site-packages/airflow/example_dags/example_branch_labels.py
[2025-07-20T06:13:35.332+0000] {logging_mixin.py:120} INFO - [2025-07-20T06:13:35.331+0000] {dag.py:2585} INFO - Sync 1 DAGs
[2025-07-20T06:13:35.406+0000] {logging_mixin.py:120} INFO - [2025-07-20T06:13:35.406+0000] {dag.py:3340} INFO - Setting next_dagrun for example_branch_labels to 2025-07-19T00:00:00+00:00, run_after=2025-07-20T00:00:00+00:00
[2025-07-20T06:13:35.441+0000] {processor.py:176} INFO - Processing /home/airflow/.local/lib/python3.7/site-packages/airflow/example_dags/example_branch_labels.py took 0.206 seconds
[2025-07-20T06:14:05.625+0000] {processor.py:154} INFO - Started process (PID=1582) to work on /home/airflow/.local/lib/python3.7/site-packages/airflow/example_dags/example_branch_labels.py
[2025-07-20T06:14:05.629+0000] {processor.py:756} INFO - Processing file /home/airflow/.local/lib/python3.7/site-packages/airflow/example_dags/example_branch_labels.py for tasks to queue
[2025-07-20T06:14:05.631+0000] {logging_mixin.py:120} INFO - [2025-07-20T06:14:05.631+0000] {dagbag.py:537} INFO - Filling up the DagBag from /home/airflow/.local/lib/python3.7/site-packages/airflow/example_dags/example_branch_labels.py
[2025-07-20T06:14:05.657+0000] {processor.py:766} INFO - DAG(s) dict_keys(['example_branch_labels']) retrieved from /home/airflow/.local/lib/python3.7/site-packages/airflow/example_dags/example_branch_labels.py
[2025-07-20T06:14:05.732+0000] {logging_mixin.py:120} INFO - [2025-07-20T06:14:05.732+0000] {dag.py:2585} INFO - Sync 1 DAGs
[2025-07-20T06:14:05.778+0000] {logging_mixin.py:120} INFO - [2025-07-20T06:14:05.778+0000] {dag.py:3340} INFO - Setting next_dagrun for example_branch_labels to 2025-07-19T00:00:00+00:00, run_after=2025-07-20T00:00:00+00:00
[2025-07-20T06:14:05.816+0000] {processor.py:176} INFO - Processing /home/airflow/.local/lib/python3.7/site-packages/airflow/example_dags/example_branch_labels.py took 0.198 seconds
[2025-07-20T06:14:37.744+0000] {processor.py:154} INFO - Started process (PID=1636) to work on /home/airflow/.local/lib/python3.7/site-packages/airflow/example_dags/example_branch_labels.py
[2025-07-20T06:14:37.756+0000] {processor.py:756} INFO - Processing file /home/airflow/.local/lib/python3.7/site-packages/airflow/example_dags/example_branch_labels.py for tasks to queue
[2025-07-20T06:14:37.768+0000] {logging_mixin.py:120} INFO - [2025-07-20T06:14:37.768+0000] {dagbag.py:537} INFO - Filling up the DagBag from /home/airflow/.local/lib/python3.7/site-packages/airflow/example_dags/example_branch_labels.py
[2025-07-20T06:14:37.934+0000] {processor.py:766} INFO - DAG(s) dict_keys(['example_branch_labels']) retrieved from /home/airflow/.local/lib/python3.7/site-packages/airflow/example_dags/example_branch_labels.py
[2025-07-20T06:14:38.269+0000] {logging_mixin.py:120} INFO - [2025-07-20T06:14:38.269+0000] {dag.py:2585} INFO - Sync 1 DAGs
[2025-07-20T06:14:38.409+0000] {logging_mixin.py:120} INFO - [2025-07-20T06:14:38.409+0000] {dag.py:3340} INFO - Setting next_dagrun for example_branch_labels to 2025-07-19T00:00:00+00:00, run_after=2025-07-20T00:00:00+00:00
[2025-07-20T06:14:38.532+0000] {processor.py:176} INFO - Processing /home/airflow/.local/lib/python3.7/site-packages/airflow/example_dags/example_branch_labels.py took 0.795 seconds
[2025-07-20T06:15:09.217+0000] {processor.py:154} INFO - Started process (PID=1689) to work on /home/airflow/.local/lib/python3.7/site-packages/airflow/example_dags/example_branch_labels.py
[2025-07-20T06:15:09.219+0000] {processor.py:756} INFO - Processing file /home/airflow/.local/lib/python3.7/site-packages/airflow/example_dags/example_branch_labels.py for tasks to queue
[2025-07-20T06:15:09.221+0000] {logging_mixin.py:120} INFO - [2025-07-20T06:15:09.221+0000] {dagbag.py:537} INFO - Filling up the DagBag from /home/airflow/.local/lib/python3.7/site-packages/airflow/example_dags/example_branch_labels.py
[2025-07-20T06:15:09.260+0000] {processor.py:766} INFO - DAG(s) dict_keys(['example_branch_labels']) retrieved from /home/airflow/.local/lib/python3.7/site-packages/airflow/example_dags/example_branch_labels.py
[2025-07-20T06:15:09.431+0000] {logging_mixin.py:120} INFO - [2025-07-20T06:15:09.431+0000] {dag.py:2585} INFO - Sync 1 DAGs
[2025-07-20T06:15:09.525+0000] {logging_mixin.py:120} INFO - [2025-07-20T06:15:09.524+0000] {dag.py:3340} INFO - Setting next_dagrun for example_branch_labels to 2025-07-19T00:00:00+00:00, run_after=2025-07-20T00:00:00+00:00
[2025-07-20T06:15:09.596+0000] {processor.py:176} INFO - Processing /home/airflow/.local/lib/python3.7/site-packages/airflow/example_dags/example_branch_labels.py took 0.388 seconds
