[2025-07-20T05:58:19.803+0000] {processor.py:154} INFO - Started process (PID=55) to work on /home/airflow/.local/lib/python3.7/site-packages/airflow/example_dags/example_trigger_controller_dag.py
[2025-07-20T05:58:19.806+0000] {processor.py:756} INFO - Processing file /home/airflow/.local/lib/python3.7/site-packages/airflow/example_dags/example_trigger_controller_dag.py for tasks to queue
[2025-07-20T05:58:19.808+0000] {logging_mixin.py:120} INFO - [2025-07-20T05:58:19.808+0000] {dagbag.py:537} INFO - Filling up the DagBag from /home/airflow/.local/lib/python3.7/site-packages/airflow/example_dags/example_trigger_controller_dag.py
[2025-07-20T05:58:19.860+0000] {processor.py:766} INFO - DAG(s) dict_keys(['example_trigger_controller_dag']) retrieved from /home/airflow/.local/lib/python3.7/site-packages/airflow/example_dags/example_trigger_controller_dag.py
[2025-07-20T05:58:20.360+0000] {logging_mixin.py:120} INFO - [2025-07-20T05:58:20.359+0000] {dag.py:2585} INFO - Sync 1 DAGs
[2025-07-20T05:58:20.502+0000] {logging_mixin.py:120} INFO - [2025-07-20T05:58:20.502+0000] {dag.py:3340} INFO - Setting next_dagrun for example_trigger_controller_dag to 2021-01-01T00:00:00+00:00, run_after=2021-01-01T00:00:00+00:00
[2025-07-20T05:58:20.600+0000] {processor.py:176} INFO - Processing /home/airflow/.local/lib/python3.7/site-packages/airflow/example_dags/example_trigger_controller_dag.py took 0.817 seconds
[2025-07-20T06:00:21.402+0000] {processor.py:154} INFO - Started process (PID=143) to work on /home/airflow/.local/lib/python3.7/site-packages/airflow/example_dags/example_trigger_controller_dag.py
[2025-07-20T06:00:21.531+0000] {processor.py:756} INFO - Processing file /home/airflow/.local/lib/python3.7/site-packages/airflow/example_dags/example_trigger_controller_dag.py for tasks to queue
[2025-07-20T06:00:21.551+0000] {logging_mixin.py:120} INFO - [2025-07-20T06:00:21.550+0000] {dagbag.py:537} INFO - Filling up the DagBag from /home/airflow/.local/lib/python3.7/site-packages/airflow/example_dags/example_trigger_controller_dag.py
[2025-07-20T06:00:23.197+0000] {processor.py:766} INFO - DAG(s) dict_keys(['example_trigger_controller_dag']) retrieved from /home/airflow/.local/lib/python3.7/site-packages/airflow/example_dags/example_trigger_controller_dag.py
[2025-07-20T06:00:25.095+0000] {logging_mixin.py:120} INFO - [2025-07-20T06:00:25.095+0000] {dag.py:2585} INFO - Sync 1 DAGs
[2025-07-20T06:00:28.007+0000] {logging_mixin.py:120} INFO - [2025-07-20T06:00:28.006+0000] {dag.py:3340} INFO - Setting next_dagrun for example_trigger_controller_dag to 2021-01-01T00:00:00+00:00, run_after=2021-01-01T00:00:00+00:00
[2025-07-20T06:00:30.994+0000] {processor.py:176} INFO - Processing /home/airflow/.local/lib/python3.7/site-packages/airflow/example_dags/example_trigger_controller_dag.py took 9.707 seconds
[2025-07-20T06:01:28.165+0000] {processor.py:154} INFO - Started process (PID=195) to work on /home/airflow/.local/lib/python3.7/site-packages/airflow/example_dags/example_trigger_controller_dag.py
[2025-07-20T06:01:28.180+0000] {processor.py:756} INFO - Processing file /home/airflow/.local/lib/python3.7/site-packages/airflow/example_dags/example_trigger_controller_dag.py for tasks to queue
[2025-07-20T06:01:28.182+0000] {logging_mixin.py:120} INFO - [2025-07-20T06:01:28.182+0000] {dagbag.py:537} INFO - Filling up the DagBag from /home/airflow/.local/lib/python3.7/site-packages/airflow/example_dags/example_trigger_controller_dag.py
[2025-07-20T06:01:28.896+0000] {processor.py:766} INFO - DAG(s) dict_keys(['example_trigger_controller_dag']) retrieved from /home/airflow/.local/lib/python3.7/site-packages/airflow/example_dags/example_trigger_controller_dag.py
[2025-07-20T06:01:29.657+0000] {logging_mixin.py:120} INFO - [2025-07-20T06:01:29.656+0000] {dag.py:2585} INFO - Sync 1 DAGs
[2025-07-20T06:01:30.006+0000] {logging_mixin.py:120} INFO - [2025-07-20T06:01:30.006+0000] {dag.py:3340} INFO - Setting next_dagrun for example_trigger_controller_dag to 2021-01-01T00:00:00+00:00, run_after=2021-01-01T00:00:00+00:00
[2025-07-20T06:01:30.385+0000] {processor.py:176} INFO - Processing /home/airflow/.local/lib/python3.7/site-packages/airflow/example_dags/example_trigger_controller_dag.py took 2.362 seconds
[2025-07-20T06:02:09.831+0000] {processor.py:154} INFO - Started process (PID=249) to work on /home/airflow/.local/lib/python3.7/site-packages/airflow/example_dags/example_trigger_controller_dag.py
[2025-07-20T06:02:09.834+0000] {processor.py:756} INFO - Processing file /home/airflow/.local/lib/python3.7/site-packages/airflow/example_dags/example_trigger_controller_dag.py for tasks to queue
[2025-07-20T06:02:09.845+0000] {logging_mixin.py:120} INFO - [2025-07-20T06:02:09.845+0000] {dagbag.py:537} INFO - Filling up the DagBag from /home/airflow/.local/lib/python3.7/site-packages/airflow/example_dags/example_trigger_controller_dag.py
[2025-07-20T06:02:09.948+0000] {processor.py:766} INFO - DAG(s) dict_keys(['example_trigger_controller_dag']) retrieved from /home/airflow/.local/lib/python3.7/site-packages/airflow/example_dags/example_trigger_controller_dag.py
[2025-07-20T06:02:10.252+0000] {logging_mixin.py:120} INFO - [2025-07-20T06:02:10.251+0000] {dag.py:2585} INFO - Sync 1 DAGs
[2025-07-20T06:02:10.346+0000] {logging_mixin.py:120} INFO - [2025-07-20T06:02:10.345+0000] {dag.py:3340} INFO - Setting next_dagrun for example_trigger_controller_dag to 2021-01-01T00:00:00+00:00, run_after=2021-01-01T00:00:00+00:00
[2025-07-20T06:02:10.417+0000] {processor.py:176} INFO - Processing /home/airflow/.local/lib/python3.7/site-packages/airflow/example_dags/example_trigger_controller_dag.py took 0.615 seconds
[2025-07-20T06:02:41.092+0000] {processor.py:154} INFO - Started process (PID=310) to work on /home/airflow/.local/lib/python3.7/site-packages/airflow/example_dags/example_trigger_controller_dag.py
[2025-07-20T06:02:41.094+0000] {processor.py:756} INFO - Processing file /home/airflow/.local/lib/python3.7/site-packages/airflow/example_dags/example_trigger_controller_dag.py for tasks to queue
[2025-07-20T06:02:41.096+0000] {logging_mixin.py:120} INFO - [2025-07-20T06:02:41.095+0000] {dagbag.py:537} INFO - Filling up the DagBag from /home/airflow/.local/lib/python3.7/site-packages/airflow/example_dags/example_trigger_controller_dag.py
[2025-07-20T06:02:41.123+0000] {processor.py:766} INFO - DAG(s) dict_keys(['example_trigger_controller_dag']) retrieved from /home/airflow/.local/lib/python3.7/site-packages/airflow/example_dags/example_trigger_controller_dag.py
[2025-07-20T06:02:41.217+0000] {logging_mixin.py:120} INFO - [2025-07-20T06:02:41.217+0000] {dag.py:2585} INFO - Sync 1 DAGs
[2025-07-20T06:02:41.283+0000] {logging_mixin.py:120} INFO - [2025-07-20T06:02:41.283+0000] {dag.py:3340} INFO - Setting next_dagrun for example_trigger_controller_dag to 2021-01-01T00:00:00+00:00, run_after=2021-01-01T00:00:00+00:00
[2025-07-20T06:02:41.331+0000] {processor.py:176} INFO - Processing /home/airflow/.local/lib/python3.7/site-packages/airflow/example_dags/example_trigger_controller_dag.py took 0.247 seconds
[2025-07-20T06:03:12.049+0000] {processor.py:154} INFO - Started process (PID=365) to work on /home/airflow/.local/lib/python3.7/site-packages/airflow/example_dags/example_trigger_controller_dag.py
[2025-07-20T06:03:12.051+0000] {processor.py:756} INFO - Processing file /home/airflow/.local/lib/python3.7/site-packages/airflow/example_dags/example_trigger_controller_dag.py for tasks to queue
[2025-07-20T06:03:12.053+0000] {logging_mixin.py:120} INFO - [2025-07-20T06:03:12.052+0000] {dagbag.py:537} INFO - Filling up the DagBag from /home/airflow/.local/lib/python3.7/site-packages/airflow/example_dags/example_trigger_controller_dag.py
[2025-07-20T06:03:12.114+0000] {processor.py:766} INFO - DAG(s) dict_keys(['example_trigger_controller_dag']) retrieved from /home/airflow/.local/lib/python3.7/site-packages/airflow/example_dags/example_trigger_controller_dag.py
[2025-07-20T06:03:12.236+0000] {logging_mixin.py:120} INFO - [2025-07-20T06:03:12.236+0000] {dag.py:2585} INFO - Sync 1 DAGs
[2025-07-20T06:03:12.306+0000] {logging_mixin.py:120} INFO - [2025-07-20T06:03:12.306+0000] {dag.py:3340} INFO - Setting next_dagrun for example_trigger_controller_dag to 2021-01-01T00:00:00+00:00, run_after=2021-01-01T00:00:00+00:00
[2025-07-20T06:03:12.378+0000] {processor.py:176} INFO - Processing /home/airflow/.local/lib/python3.7/site-packages/airflow/example_dags/example_trigger_controller_dag.py took 0.345 seconds
[2025-07-20T06:03:45.049+0000] {processor.py:154} INFO - Started process (PID=419) to work on /home/airflow/.local/lib/python3.7/site-packages/airflow/example_dags/example_trigger_controller_dag.py
[2025-07-20T06:03:45.057+0000] {processor.py:756} INFO - Processing file /home/airflow/.local/lib/python3.7/site-packages/airflow/example_dags/example_trigger_controller_dag.py for tasks to queue
[2025-07-20T06:03:45.076+0000] {logging_mixin.py:120} INFO - [2025-07-20T06:03:45.076+0000] {dagbag.py:537} INFO - Filling up the DagBag from /home/airflow/.local/lib/python3.7/site-packages/airflow/example_dags/example_trigger_controller_dag.py
[2025-07-20T06:03:45.148+0000] {processor.py:766} INFO - DAG(s) dict_keys(['example_trigger_controller_dag']) retrieved from /home/airflow/.local/lib/python3.7/site-packages/airflow/example_dags/example_trigger_controller_dag.py
[2025-07-20T06:03:45.383+0000] {logging_mixin.py:120} INFO - [2025-07-20T06:03:45.383+0000] {dag.py:2585} INFO - Sync 1 DAGs
[2025-07-20T06:03:45.468+0000] {logging_mixin.py:120} INFO - [2025-07-20T06:03:45.467+0000] {dag.py:3340} INFO - Setting next_dagrun for example_trigger_controller_dag to 2021-01-01T00:00:00+00:00, run_after=2021-01-01T00:00:00+00:00
[2025-07-20T06:03:45.531+0000] {processor.py:176} INFO - Processing /home/airflow/.local/lib/python3.7/site-packages/airflow/example_dags/example_trigger_controller_dag.py took 0.509 seconds
[2025-07-20T06:04:16.370+0000] {processor.py:154} INFO - Started process (PID=473) to work on /home/airflow/.local/lib/python3.7/site-packages/airflow/example_dags/example_trigger_controller_dag.py
[2025-07-20T06:04:16.372+0000] {processor.py:756} INFO - Processing file /home/airflow/.local/lib/python3.7/site-packages/airflow/example_dags/example_trigger_controller_dag.py for tasks to queue
[2025-07-20T06:04:16.373+0000] {logging_mixin.py:120} INFO - [2025-07-20T06:04:16.373+0000] {dagbag.py:537} INFO - Filling up the DagBag from /home/airflow/.local/lib/python3.7/site-packages/airflow/example_dags/example_trigger_controller_dag.py
[2025-07-20T06:04:16.400+0000] {processor.py:766} INFO - DAG(s) dict_keys(['example_trigger_controller_dag']) retrieved from /home/airflow/.local/lib/python3.7/site-packages/airflow/example_dags/example_trigger_controller_dag.py
[2025-07-20T06:04:16.479+0000] {logging_mixin.py:120} INFO - [2025-07-20T06:04:16.478+0000] {dag.py:2585} INFO - Sync 1 DAGs
[2025-07-20T06:04:16.599+0000] {logging_mixin.py:120} INFO - [2025-07-20T06:04:16.599+0000] {dag.py:3340} INFO - Setting next_dagrun for example_trigger_controller_dag to 2021-01-01T00:00:00+00:00, run_after=2021-01-01T00:00:00+00:00
[2025-07-20T06:04:16.662+0000] {processor.py:176} INFO - Processing /home/airflow/.local/lib/python3.7/site-packages/airflow/example_dags/example_trigger_controller_dag.py took 0.298 seconds
[2025-07-20T06:04:47.722+0000] {processor.py:154} INFO - Started process (PID=537) to work on /home/airflow/.local/lib/python3.7/site-packages/airflow/example_dags/example_trigger_controller_dag.py
[2025-07-20T06:04:47.724+0000] {processor.py:756} INFO - Processing file /home/airflow/.local/lib/python3.7/site-packages/airflow/example_dags/example_trigger_controller_dag.py for tasks to queue
[2025-07-20T06:04:47.726+0000] {logging_mixin.py:120} INFO - [2025-07-20T06:04:47.726+0000] {dagbag.py:537} INFO - Filling up the DagBag from /home/airflow/.local/lib/python3.7/site-packages/airflow/example_dags/example_trigger_controller_dag.py
[2025-07-20T06:04:47.745+0000] {processor.py:766} INFO - DAG(s) dict_keys(['example_trigger_controller_dag']) retrieved from /home/airflow/.local/lib/python3.7/site-packages/airflow/example_dags/example_trigger_controller_dag.py
[2025-07-20T06:04:47.812+0000] {logging_mixin.py:120} INFO - [2025-07-20T06:04:47.811+0000] {dag.py:2585} INFO - Sync 1 DAGs
[2025-07-20T06:04:47.859+0000] {logging_mixin.py:120} INFO - [2025-07-20T06:04:47.858+0000] {dag.py:3340} INFO - Setting next_dagrun for example_trigger_controller_dag to 2021-01-01T00:00:00+00:00, run_after=2021-01-01T00:00:00+00:00
[2025-07-20T06:04:47.972+0000] {processor.py:176} INFO - Processing /home/airflow/.local/lib/python3.7/site-packages/airflow/example_dags/example_trigger_controller_dag.py took 0.254 seconds
[2025-07-20T06:05:18.362+0000] {processor.py:154} INFO - Started process (PID=591) to work on /home/airflow/.local/lib/python3.7/site-packages/airflow/example_dags/example_trigger_controller_dag.py
[2025-07-20T06:05:18.364+0000] {processor.py:756} INFO - Processing file /home/airflow/.local/lib/python3.7/site-packages/airflow/example_dags/example_trigger_controller_dag.py for tasks to queue
[2025-07-20T06:05:18.371+0000] {logging_mixin.py:120} INFO - [2025-07-20T06:05:18.371+0000] {dagbag.py:537} INFO - Filling up the DagBag from /home/airflow/.local/lib/python3.7/site-packages/airflow/example_dags/example_trigger_controller_dag.py
[2025-07-20T06:05:18.401+0000] {processor.py:766} INFO - DAG(s) dict_keys(['example_trigger_controller_dag']) retrieved from /home/airflow/.local/lib/python3.7/site-packages/airflow/example_dags/example_trigger_controller_dag.py
[2025-07-20T06:05:18.517+0000] {logging_mixin.py:120} INFO - [2025-07-20T06:05:18.517+0000] {dag.py:2585} INFO - Sync 1 DAGs
[2025-07-20T06:05:18.577+0000] {logging_mixin.py:120} INFO - [2025-07-20T06:05:18.577+0000] {dag.py:3340} INFO - Setting next_dagrun for example_trigger_controller_dag to 2021-01-01T00:00:00+00:00, run_after=2021-01-01T00:00:00+00:00
[2025-07-20T06:05:18.620+0000] {processor.py:176} INFO - Processing /home/airflow/.local/lib/python3.7/site-packages/airflow/example_dags/example_trigger_controller_dag.py took 0.275 seconds
[2025-07-20T06:05:48.868+0000] {processor.py:154} INFO - Started process (PID=654) to work on /home/airflow/.local/lib/python3.7/site-packages/airflow/example_dags/example_trigger_controller_dag.py
[2025-07-20T06:05:48.870+0000] {processor.py:756} INFO - Processing file /home/airflow/.local/lib/python3.7/site-packages/airflow/example_dags/example_trigger_controller_dag.py for tasks to queue
[2025-07-20T06:05:48.872+0000] {logging_mixin.py:120} INFO - [2025-07-20T06:05:48.872+0000] {dagbag.py:537} INFO - Filling up the DagBag from /home/airflow/.local/lib/python3.7/site-packages/airflow/example_dags/example_trigger_controller_dag.py
[2025-07-20T06:05:48.904+0000] {processor.py:766} INFO - DAG(s) dict_keys(['example_trigger_controller_dag']) retrieved from /home/airflow/.local/lib/python3.7/site-packages/airflow/example_dags/example_trigger_controller_dag.py
[2025-07-20T06:05:49.000+0000] {logging_mixin.py:120} INFO - [2025-07-20T06:05:49.000+0000] {dag.py:2585} INFO - Sync 1 DAGs
[2025-07-20T06:05:49.067+0000] {logging_mixin.py:120} INFO - [2025-07-20T06:05:49.066+0000] {dag.py:3340} INFO - Setting next_dagrun for example_trigger_controller_dag to 2021-01-01T00:00:00+00:00, run_after=2021-01-01T00:00:00+00:00
[2025-07-20T06:05:49.116+0000] {processor.py:176} INFO - Processing /home/airflow/.local/lib/python3.7/site-packages/airflow/example_dags/example_trigger_controller_dag.py took 0.257 seconds
[2025-07-20T06:06:19.788+0000] {processor.py:154} INFO - Started process (PID=714) to work on /home/airflow/.local/lib/python3.7/site-packages/airflow/example_dags/example_trigger_controller_dag.py
[2025-07-20T06:06:19.790+0000] {processor.py:756} INFO - Processing file /home/airflow/.local/lib/python3.7/site-packages/airflow/example_dags/example_trigger_controller_dag.py for tasks to queue
[2025-07-20T06:06:19.792+0000] {logging_mixin.py:120} INFO - [2025-07-20T06:06:19.791+0000] {dagbag.py:537} INFO - Filling up the DagBag from /home/airflow/.local/lib/python3.7/site-packages/airflow/example_dags/example_trigger_controller_dag.py
[2025-07-20T06:06:19.815+0000] {processor.py:766} INFO - DAG(s) dict_keys(['example_trigger_controller_dag']) retrieved from /home/airflow/.local/lib/python3.7/site-packages/airflow/example_dags/example_trigger_controller_dag.py
[2025-07-20T06:06:19.896+0000] {logging_mixin.py:120} INFO - [2025-07-20T06:06:19.895+0000] {dag.py:2585} INFO - Sync 1 DAGs
[2025-07-20T06:06:19.933+0000] {logging_mixin.py:120} INFO - [2025-07-20T06:06:19.932+0000] {dag.py:3340} INFO - Setting next_dagrun for example_trigger_controller_dag to 2021-01-01T00:00:00+00:00, run_after=2021-01-01T00:00:00+00:00
[2025-07-20T06:06:19.973+0000] {processor.py:176} INFO - Processing /home/airflow/.local/lib/python3.7/site-packages/airflow/example_dags/example_trigger_controller_dag.py took 0.192 seconds
[2025-07-20T06:06:50.369+0000] {processor.py:154} INFO - Started process (PID=771) to work on /home/airflow/.local/lib/python3.7/site-packages/airflow/example_dags/example_trigger_controller_dag.py
[2025-07-20T06:06:50.371+0000] {processor.py:756} INFO - Processing file /home/airflow/.local/lib/python3.7/site-packages/airflow/example_dags/example_trigger_controller_dag.py for tasks to queue
[2025-07-20T06:06:50.372+0000] {logging_mixin.py:120} INFO - [2025-07-20T06:06:50.372+0000] {dagbag.py:537} INFO - Filling up the DagBag from /home/airflow/.local/lib/python3.7/site-packages/airflow/example_dags/example_trigger_controller_dag.py
[2025-07-20T06:06:50.389+0000] {processor.py:766} INFO - DAG(s) dict_keys(['example_trigger_controller_dag']) retrieved from /home/airflow/.local/lib/python3.7/site-packages/airflow/example_dags/example_trigger_controller_dag.py
[2025-07-20T06:06:50.460+0000] {logging_mixin.py:120} INFO - [2025-07-20T06:06:50.460+0000] {dag.py:2585} INFO - Sync 1 DAGs
[2025-07-20T06:06:50.501+0000] {logging_mixin.py:120} INFO - [2025-07-20T06:06:50.501+0000] {dag.py:3340} INFO - Setting next_dagrun for example_trigger_controller_dag to 2021-01-01T00:00:00+00:00, run_after=2021-01-01T00:00:00+00:00
[2025-07-20T06:06:50.537+0000] {processor.py:176} INFO - Processing /home/airflow/.local/lib/python3.7/site-packages/airflow/example_dags/example_trigger_controller_dag.py took 0.174 seconds
[2025-07-20T06:07:21.110+0000] {processor.py:154} INFO - Started process (PID=833) to work on /home/airflow/.local/lib/python3.7/site-packages/airflow/example_dags/example_trigger_controller_dag.py
[2025-07-20T06:07:21.115+0000] {processor.py:756} INFO - Processing file /home/airflow/.local/lib/python3.7/site-packages/airflow/example_dags/example_trigger_controller_dag.py for tasks to queue
[2025-07-20T06:07:21.118+0000] {logging_mixin.py:120} INFO - [2025-07-20T06:07:21.118+0000] {dagbag.py:537} INFO - Filling up the DagBag from /home/airflow/.local/lib/python3.7/site-packages/airflow/example_dags/example_trigger_controller_dag.py
[2025-07-20T06:07:21.162+0000] {processor.py:766} INFO - DAG(s) dict_keys(['example_trigger_controller_dag']) retrieved from /home/airflow/.local/lib/python3.7/site-packages/airflow/example_dags/example_trigger_controller_dag.py
[2025-07-20T06:07:21.253+0000] {logging_mixin.py:120} INFO - [2025-07-20T06:07:21.252+0000] {dag.py:2585} INFO - Sync 1 DAGs
[2025-07-20T06:07:21.295+0000] {logging_mixin.py:120} INFO - [2025-07-20T06:07:21.295+0000] {dag.py:3340} INFO - Setting next_dagrun for example_trigger_controller_dag to 2021-01-01T00:00:00+00:00, run_after=2021-01-01T00:00:00+00:00
[2025-07-20T06:07:21.330+0000] {processor.py:176} INFO - Processing /home/airflow/.local/lib/python3.7/site-packages/airflow/example_dags/example_trigger_controller_dag.py took 0.230 seconds
[2025-07-20T06:07:51.631+0000] {processor.py:154} INFO - Started process (PID=886) to work on /home/airflow/.local/lib/python3.7/site-packages/airflow/example_dags/example_trigger_controller_dag.py
[2025-07-20T06:07:51.633+0000] {processor.py:756} INFO - Processing file /home/airflow/.local/lib/python3.7/site-packages/airflow/example_dags/example_trigger_controller_dag.py for tasks to queue
[2025-07-20T06:07:51.636+0000] {logging_mixin.py:120} INFO - [2025-07-20T06:07:51.635+0000] {dagbag.py:537} INFO - Filling up the DagBag from /home/airflow/.local/lib/python3.7/site-packages/airflow/example_dags/example_trigger_controller_dag.py
[2025-07-20T06:07:51.657+0000] {processor.py:766} INFO - DAG(s) dict_keys(['example_trigger_controller_dag']) retrieved from /home/airflow/.local/lib/python3.7/site-packages/airflow/example_dags/example_trigger_controller_dag.py
[2025-07-20T06:07:51.726+0000] {logging_mixin.py:120} INFO - [2025-07-20T06:07:51.725+0000] {dag.py:2585} INFO - Sync 1 DAGs
[2025-07-20T06:07:51.773+0000] {logging_mixin.py:120} INFO - [2025-07-20T06:07:51.772+0000] {dag.py:3340} INFO - Setting next_dagrun for example_trigger_controller_dag to 2021-01-01T00:00:00+00:00, run_after=2021-01-01T00:00:00+00:00
[2025-07-20T06:07:51.808+0000] {processor.py:176} INFO - Processing /home/airflow/.local/lib/python3.7/site-packages/airflow/example_dags/example_trigger_controller_dag.py took 0.183 seconds
[2025-07-20T06:08:22.313+0000] {processor.py:154} INFO - Started process (PID=940) to work on /home/airflow/.local/lib/python3.7/site-packages/airflow/example_dags/example_trigger_controller_dag.py
[2025-07-20T06:08:22.315+0000] {processor.py:756} INFO - Processing file /home/airflow/.local/lib/python3.7/site-packages/airflow/example_dags/example_trigger_controller_dag.py for tasks to queue
[2025-07-20T06:08:22.317+0000] {logging_mixin.py:120} INFO - [2025-07-20T06:08:22.316+0000] {dagbag.py:537} INFO - Filling up the DagBag from /home/airflow/.local/lib/python3.7/site-packages/airflow/example_dags/example_trigger_controller_dag.py
[2025-07-20T06:08:22.341+0000] {processor.py:766} INFO - DAG(s) dict_keys(['example_trigger_controller_dag']) retrieved from /home/airflow/.local/lib/python3.7/site-packages/airflow/example_dags/example_trigger_controller_dag.py
[2025-07-20T06:08:22.428+0000] {logging_mixin.py:120} INFO - [2025-07-20T06:08:22.428+0000] {dag.py:2585} INFO - Sync 1 DAGs
[2025-07-20T06:08:22.479+0000] {logging_mixin.py:120} INFO - [2025-07-20T06:08:22.478+0000] {dag.py:3340} INFO - Setting next_dagrun for example_trigger_controller_dag to 2021-01-01T00:00:00+00:00, run_after=2021-01-01T00:00:00+00:00
[2025-07-20T06:08:22.519+0000] {processor.py:176} INFO - Processing /home/airflow/.local/lib/python3.7/site-packages/airflow/example_dags/example_trigger_controller_dag.py took 0.213 seconds
[2025-07-20T06:08:53.107+0000] {processor.py:154} INFO - Started process (PID=994) to work on /home/airflow/.local/lib/python3.7/site-packages/airflow/example_dags/example_trigger_controller_dag.py
[2025-07-20T06:08:53.109+0000] {processor.py:756} INFO - Processing file /home/airflow/.local/lib/python3.7/site-packages/airflow/example_dags/example_trigger_controller_dag.py for tasks to queue
[2025-07-20T06:08:53.111+0000] {logging_mixin.py:120} INFO - [2025-07-20T06:08:53.111+0000] {dagbag.py:537} INFO - Filling up the DagBag from /home/airflow/.local/lib/python3.7/site-packages/airflow/example_dags/example_trigger_controller_dag.py
[2025-07-20T06:08:53.146+0000] {processor.py:766} INFO - DAG(s) dict_keys(['example_trigger_controller_dag']) retrieved from /home/airflow/.local/lib/python3.7/site-packages/airflow/example_dags/example_trigger_controller_dag.py
[2025-07-20T06:08:53.247+0000] {logging_mixin.py:120} INFO - [2025-07-20T06:08:53.246+0000] {dag.py:2585} INFO - Sync 1 DAGs
[2025-07-20T06:08:53.315+0000] {logging_mixin.py:120} INFO - [2025-07-20T06:08:53.315+0000] {dag.py:3340} INFO - Setting next_dagrun for example_trigger_controller_dag to 2021-01-01T00:00:00+00:00, run_after=2021-01-01T00:00:00+00:00
[2025-07-20T06:08:53.379+0000] {processor.py:176} INFO - Processing /home/airflow/.local/lib/python3.7/site-packages/airflow/example_dags/example_trigger_controller_dag.py took 0.280 seconds
[2025-07-20T06:09:24.373+0000] {processor.py:154} INFO - Started process (PID=1055) to work on /home/airflow/.local/lib/python3.7/site-packages/airflow/example_dags/example_trigger_controller_dag.py
[2025-07-20T06:09:24.384+0000] {processor.py:756} INFO - Processing file /home/airflow/.local/lib/python3.7/site-packages/airflow/example_dags/example_trigger_controller_dag.py for tasks to queue
[2025-07-20T06:09:24.387+0000] {logging_mixin.py:120} INFO - [2025-07-20T06:09:24.386+0000] {dagbag.py:537} INFO - Filling up the DagBag from /home/airflow/.local/lib/python3.7/site-packages/airflow/example_dags/example_trigger_controller_dag.py
[2025-07-20T06:09:24.461+0000] {processor.py:766} INFO - DAG(s) dict_keys(['example_trigger_controller_dag']) retrieved from /home/airflow/.local/lib/python3.7/site-packages/airflow/example_dags/example_trigger_controller_dag.py
[2025-07-20T06:09:24.724+0000] {logging_mixin.py:120} INFO - [2025-07-20T06:09:24.724+0000] {dag.py:2585} INFO - Sync 1 DAGs
[2025-07-20T06:09:24.903+0000] {logging_mixin.py:120} INFO - [2025-07-20T06:09:24.903+0000] {dag.py:3340} INFO - Setting next_dagrun for example_trigger_controller_dag to 2021-01-01T00:00:00+00:00, run_after=2021-01-01T00:00:00+00:00
[2025-07-20T06:09:24.978+0000] {processor.py:176} INFO - Processing /home/airflow/.local/lib/python3.7/site-packages/airflow/example_dags/example_trigger_controller_dag.py took 0.625 seconds
[2025-07-20T06:09:55.491+0000] {processor.py:154} INFO - Started process (PID=1108) to work on /home/airflow/.local/lib/python3.7/site-packages/airflow/example_dags/example_trigger_controller_dag.py
[2025-07-20T06:09:55.497+0000] {processor.py:756} INFO - Processing file /home/airflow/.local/lib/python3.7/site-packages/airflow/example_dags/example_trigger_controller_dag.py for tasks to queue
[2025-07-20T06:09:55.511+0000] {logging_mixin.py:120} INFO - [2025-07-20T06:09:55.511+0000] {dagbag.py:537} INFO - Filling up the DagBag from /home/airflow/.local/lib/python3.7/site-packages/airflow/example_dags/example_trigger_controller_dag.py
[2025-07-20T06:09:55.593+0000] {processor.py:766} INFO - DAG(s) dict_keys(['example_trigger_controller_dag']) retrieved from /home/airflow/.local/lib/python3.7/site-packages/airflow/example_dags/example_trigger_controller_dag.py
[2025-07-20T06:09:55.877+0000] {logging_mixin.py:120} INFO - [2025-07-20T06:09:55.876+0000] {dag.py:2585} INFO - Sync 1 DAGs
[2025-07-20T06:09:56.066+0000] {logging_mixin.py:120} INFO - [2025-07-20T06:09:56.065+0000] {dag.py:3340} INFO - Setting next_dagrun for example_trigger_controller_dag to 2021-01-01T00:00:00+00:00, run_after=2021-01-01T00:00:00+00:00
[2025-07-20T06:09:56.198+0000] {processor.py:176} INFO - Processing /home/airflow/.local/lib/python3.7/site-packages/airflow/example_dags/example_trigger_controller_dag.py took 0.714 seconds
[2025-07-20T06:10:26.634+0000] {processor.py:154} INFO - Started process (PID=1162) to work on /home/airflow/.local/lib/python3.7/site-packages/airflow/example_dags/example_trigger_controller_dag.py
[2025-07-20T06:10:26.636+0000] {processor.py:756} INFO - Processing file /home/airflow/.local/lib/python3.7/site-packages/airflow/example_dags/example_trigger_controller_dag.py for tasks to queue
[2025-07-20T06:10:26.638+0000] {logging_mixin.py:120} INFO - [2025-07-20T06:10:26.638+0000] {dagbag.py:537} INFO - Filling up the DagBag from /home/airflow/.local/lib/python3.7/site-packages/airflow/example_dags/example_trigger_controller_dag.py
[2025-07-20T06:10:26.685+0000] {processor.py:766} INFO - DAG(s) dict_keys(['example_trigger_controller_dag']) retrieved from /home/airflow/.local/lib/python3.7/site-packages/airflow/example_dags/example_trigger_controller_dag.py
[2025-07-20T06:10:26.914+0000] {logging_mixin.py:120} INFO - [2025-07-20T06:10:26.913+0000] {dag.py:2585} INFO - Sync 1 DAGs
[2025-07-20T06:10:27.043+0000] {logging_mixin.py:120} INFO - [2025-07-20T06:10:27.043+0000] {dag.py:3340} INFO - Setting next_dagrun for example_trigger_controller_dag to 2021-01-01T00:00:00+00:00, run_after=2021-01-01T00:00:00+00:00
[2025-07-20T06:10:27.141+0000] {processor.py:176} INFO - Processing /home/airflow/.local/lib/python3.7/site-packages/airflow/example_dags/example_trigger_controller_dag.py took 0.526 seconds
[2025-07-20T06:10:57.474+0000] {processor.py:154} INFO - Started process (PID=1216) to work on /home/airflow/.local/lib/python3.7/site-packages/airflow/example_dags/example_trigger_controller_dag.py
[2025-07-20T06:10:57.476+0000] {processor.py:756} INFO - Processing file /home/airflow/.local/lib/python3.7/site-packages/airflow/example_dags/example_trigger_controller_dag.py for tasks to queue
[2025-07-20T06:10:57.477+0000] {logging_mixin.py:120} INFO - [2025-07-20T06:10:57.477+0000] {dagbag.py:537} INFO - Filling up the DagBag from /home/airflow/.local/lib/python3.7/site-packages/airflow/example_dags/example_trigger_controller_dag.py
[2025-07-20T06:10:57.495+0000] {processor.py:766} INFO - DAG(s) dict_keys(['example_trigger_controller_dag']) retrieved from /home/airflow/.local/lib/python3.7/site-packages/airflow/example_dags/example_trigger_controller_dag.py
[2025-07-20T06:10:57.574+0000] {logging_mixin.py:120} INFO - [2025-07-20T06:10:57.574+0000] {dag.py:2585} INFO - Sync 1 DAGs
[2025-07-20T06:10:57.630+0000] {logging_mixin.py:120} INFO - [2025-07-20T06:10:57.629+0000] {dag.py:3340} INFO - Setting next_dagrun for example_trigger_controller_dag to 2021-01-01T00:00:00+00:00, run_after=2021-01-01T00:00:00+00:00
[2025-07-20T06:10:57.690+0000] {processor.py:176} INFO - Processing /home/airflow/.local/lib/python3.7/site-packages/airflow/example_dags/example_trigger_controller_dag.py took 0.222 seconds
[2025-07-20T06:11:28.552+0000] {processor.py:154} INFO - Started process (PID=1270) to work on /home/airflow/.local/lib/python3.7/site-packages/airflow/example_dags/example_trigger_controller_dag.py
[2025-07-20T06:11:28.553+0000] {processor.py:756} INFO - Processing file /home/airflow/.local/lib/python3.7/site-packages/airflow/example_dags/example_trigger_controller_dag.py for tasks to queue
[2025-07-20T06:11:28.555+0000] {logging_mixin.py:120} INFO - [2025-07-20T06:11:28.554+0000] {dagbag.py:537} INFO - Filling up the DagBag from /home/airflow/.local/lib/python3.7/site-packages/airflow/example_dags/example_trigger_controller_dag.py
[2025-07-20T06:11:28.578+0000] {processor.py:766} INFO - DAG(s) dict_keys(['example_trigger_controller_dag']) retrieved from /home/airflow/.local/lib/python3.7/site-packages/airflow/example_dags/example_trigger_controller_dag.py
[2025-07-20T06:11:28.657+0000] {logging_mixin.py:120} INFO - [2025-07-20T06:11:28.657+0000] {dag.py:2585} INFO - Sync 1 DAGs
[2025-07-20T06:11:28.719+0000] {logging_mixin.py:120} INFO - [2025-07-20T06:11:28.718+0000] {dag.py:3340} INFO - Setting next_dagrun for example_trigger_controller_dag to 2021-01-01T00:00:00+00:00, run_after=2021-01-01T00:00:00+00:00
[2025-07-20T06:11:28.765+0000] {processor.py:176} INFO - Processing /home/airflow/.local/lib/python3.7/site-packages/airflow/example_dags/example_trigger_controller_dag.py took 0.219 seconds
[2025-07-20T06:11:58.934+0000] {processor.py:154} INFO - Started process (PID=1333) to work on /home/airflow/.local/lib/python3.7/site-packages/airflow/example_dags/example_trigger_controller_dag.py
[2025-07-20T06:11:58.936+0000] {processor.py:756} INFO - Processing file /home/airflow/.local/lib/python3.7/site-packages/airflow/example_dags/example_trigger_controller_dag.py for tasks to queue
[2025-07-20T06:11:58.939+0000] {logging_mixin.py:120} INFO - [2025-07-20T06:11:58.939+0000] {dagbag.py:537} INFO - Filling up the DagBag from /home/airflow/.local/lib/python3.7/site-packages/airflow/example_dags/example_trigger_controller_dag.py
[2025-07-20T06:11:58.965+0000] {processor.py:766} INFO - DAG(s) dict_keys(['example_trigger_controller_dag']) retrieved from /home/airflow/.local/lib/python3.7/site-packages/airflow/example_dags/example_trigger_controller_dag.py
[2025-07-20T06:11:59.102+0000] {logging_mixin.py:120} INFO - [2025-07-20T06:11:59.102+0000] {dag.py:2585} INFO - Sync 1 DAGs
[2025-07-20T06:11:59.242+0000] {logging_mixin.py:120} INFO - [2025-07-20T06:11:59.241+0000] {dag.py:3340} INFO - Setting next_dagrun for example_trigger_controller_dag to 2021-01-01T00:00:00+00:00, run_after=2021-01-01T00:00:00+00:00
[2025-07-20T06:11:59.300+0000] {processor.py:176} INFO - Processing /home/airflow/.local/lib/python3.7/site-packages/airflow/example_dags/example_trigger_controller_dag.py took 0.371 seconds
[2025-07-20T06:12:29.918+0000] {processor.py:154} INFO - Started process (PID=1394) to work on /home/airflow/.local/lib/python3.7/site-packages/airflow/example_dags/example_trigger_controller_dag.py
[2025-07-20T06:12:29.919+0000] {processor.py:756} INFO - Processing file /home/airflow/.local/lib/python3.7/site-packages/airflow/example_dags/example_trigger_controller_dag.py for tasks to queue
[2025-07-20T06:12:29.921+0000] {logging_mixin.py:120} INFO - [2025-07-20T06:12:29.921+0000] {dagbag.py:537} INFO - Filling up the DagBag from /home/airflow/.local/lib/python3.7/site-packages/airflow/example_dags/example_trigger_controller_dag.py
[2025-07-20T06:12:29.944+0000] {processor.py:766} INFO - DAG(s) dict_keys(['example_trigger_controller_dag']) retrieved from /home/airflow/.local/lib/python3.7/site-packages/airflow/example_dags/example_trigger_controller_dag.py
[2025-07-20T06:12:30.022+0000] {logging_mixin.py:120} INFO - [2025-07-20T06:12:30.022+0000] {dag.py:2585} INFO - Sync 1 DAGs
[2025-07-20T06:12:30.071+0000] {logging_mixin.py:120} INFO - [2025-07-20T06:12:30.070+0000] {dag.py:3340} INFO - Setting next_dagrun for example_trigger_controller_dag to 2021-01-01T00:00:00+00:00, run_after=2021-01-01T00:00:00+00:00
[2025-07-20T06:12:30.115+0000] {processor.py:176} INFO - Processing /home/airflow/.local/lib/python3.7/site-packages/airflow/example_dags/example_trigger_controller_dag.py took 0.207 seconds
[2025-07-20T06:13:00.389+0000] {processor.py:154} INFO - Started process (PID=1447) to work on /home/airflow/.local/lib/python3.7/site-packages/airflow/example_dags/example_trigger_controller_dag.py
[2025-07-20T06:13:00.392+0000] {processor.py:756} INFO - Processing file /home/airflow/.local/lib/python3.7/site-packages/airflow/example_dags/example_trigger_controller_dag.py for tasks to queue
[2025-07-20T06:13:00.394+0000] {logging_mixin.py:120} INFO - [2025-07-20T06:13:00.394+0000] {dagbag.py:537} INFO - Filling up the DagBag from /home/airflow/.local/lib/python3.7/site-packages/airflow/example_dags/example_trigger_controller_dag.py
[2025-07-20T06:13:00.427+0000] {processor.py:766} INFO - DAG(s) dict_keys(['example_trigger_controller_dag']) retrieved from /home/airflow/.local/lib/python3.7/site-packages/airflow/example_dags/example_trigger_controller_dag.py
[2025-07-20T06:13:00.540+0000] {logging_mixin.py:120} INFO - [2025-07-20T06:13:00.539+0000] {dag.py:2585} INFO - Sync 1 DAGs
[2025-07-20T06:13:00.600+0000] {logging_mixin.py:120} INFO - [2025-07-20T06:13:00.600+0000] {dag.py:3340} INFO - Setting next_dagrun for example_trigger_controller_dag to 2021-01-01T00:00:00+00:00, run_after=2021-01-01T00:00:00+00:00
[2025-07-20T06:13:00.646+0000] {processor.py:176} INFO - Processing /home/airflow/.local/lib/python3.7/site-packages/airflow/example_dags/example_trigger_controller_dag.py took 0.267 seconds
[2025-07-20T06:13:30.759+0000] {processor.py:154} INFO - Started process (PID=1510) to work on /home/airflow/.local/lib/python3.7/site-packages/airflow/example_dags/example_trigger_controller_dag.py
[2025-07-20T06:13:30.761+0000] {processor.py:756} INFO - Processing file /home/airflow/.local/lib/python3.7/site-packages/airflow/example_dags/example_trigger_controller_dag.py for tasks to queue
[2025-07-20T06:13:30.762+0000] {logging_mixin.py:120} INFO - [2025-07-20T06:13:30.762+0000] {dagbag.py:537} INFO - Filling up the DagBag from /home/airflow/.local/lib/python3.7/site-packages/airflow/example_dags/example_trigger_controller_dag.py
[2025-07-20T06:13:30.786+0000] {processor.py:766} INFO - DAG(s) dict_keys(['example_trigger_controller_dag']) retrieved from /home/airflow/.local/lib/python3.7/site-packages/airflow/example_dags/example_trigger_controller_dag.py
[2025-07-20T06:13:30.873+0000] {logging_mixin.py:120} INFO - [2025-07-20T06:13:30.873+0000] {dag.py:2585} INFO - Sync 1 DAGs
[2025-07-20T06:13:30.921+0000] {logging_mixin.py:120} INFO - [2025-07-20T06:13:30.920+0000] {dag.py:3340} INFO - Setting next_dagrun for example_trigger_controller_dag to 2021-01-01T00:00:00+00:00, run_after=2021-01-01T00:00:00+00:00
[2025-07-20T06:13:30.964+0000] {processor.py:176} INFO - Processing /home/airflow/.local/lib/python3.7/site-packages/airflow/example_dags/example_trigger_controller_dag.py took 0.212 seconds
[2025-07-20T06:14:01.763+0000] {processor.py:154} INFO - Started process (PID=1564) to work on /home/airflow/.local/lib/python3.7/site-packages/airflow/example_dags/example_trigger_controller_dag.py
[2025-07-20T06:14:01.765+0000] {processor.py:756} INFO - Processing file /home/airflow/.local/lib/python3.7/site-packages/airflow/example_dags/example_trigger_controller_dag.py for tasks to queue
[2025-07-20T06:14:01.767+0000] {logging_mixin.py:120} INFO - [2025-07-20T06:14:01.767+0000] {dagbag.py:537} INFO - Filling up the DagBag from /home/airflow/.local/lib/python3.7/site-packages/airflow/example_dags/example_trigger_controller_dag.py
[2025-07-20T06:14:01.812+0000] {processor.py:766} INFO - DAG(s) dict_keys(['example_trigger_controller_dag']) retrieved from /home/airflow/.local/lib/python3.7/site-packages/airflow/example_dags/example_trigger_controller_dag.py
[2025-07-20T06:14:01.943+0000] {logging_mixin.py:120} INFO - [2025-07-20T06:14:01.940+0000] {dag.py:2585} INFO - Sync 1 DAGs
[2025-07-20T06:14:02.016+0000] {logging_mixin.py:120} INFO - [2025-07-20T06:14:02.016+0000] {dag.py:3340} INFO - Setting next_dagrun for example_trigger_controller_dag to 2021-01-01T00:00:00+00:00, run_after=2021-01-01T00:00:00+00:00
[2025-07-20T06:14:02.073+0000] {processor.py:176} INFO - Processing /home/airflow/.local/lib/python3.7/site-packages/airflow/example_dags/example_trigger_controller_dag.py took 0.322 seconds
[2025-07-20T06:14:32.206+0000] {processor.py:154} INFO - Started process (PID=1628) to work on /home/airflow/.local/lib/python3.7/site-packages/airflow/example_dags/example_trigger_controller_dag.py
[2025-07-20T06:14:32.208+0000] {processor.py:756} INFO - Processing file /home/airflow/.local/lib/python3.7/site-packages/airflow/example_dags/example_trigger_controller_dag.py for tasks to queue
[2025-07-20T06:14:32.210+0000] {logging_mixin.py:120} INFO - [2025-07-20T06:14:32.210+0000] {dagbag.py:537} INFO - Filling up the DagBag from /home/airflow/.local/lib/python3.7/site-packages/airflow/example_dags/example_trigger_controller_dag.py
[2025-07-20T06:14:32.240+0000] {processor.py:766} INFO - DAG(s) dict_keys(['example_trigger_controller_dag']) retrieved from /home/airflow/.local/lib/python3.7/site-packages/airflow/example_dags/example_trigger_controller_dag.py
[2025-07-20T06:14:32.371+0000] {logging_mixin.py:120} INFO - [2025-07-20T06:14:32.371+0000] {dag.py:2585} INFO - Sync 1 DAGs
[2025-07-20T06:14:32.461+0000] {logging_mixin.py:120} INFO - [2025-07-20T06:14:32.461+0000] {dag.py:3340} INFO - Setting next_dagrun for example_trigger_controller_dag to 2021-01-01T00:00:00+00:00, run_after=2021-01-01T00:00:00+00:00
[2025-07-20T06:14:32.531+0000] {processor.py:176} INFO - Processing /home/airflow/.local/lib/python3.7/site-packages/airflow/example_dags/example_trigger_controller_dag.py took 0.334 seconds
[2025-07-20T06:15:02.697+0000] {processor.py:154} INFO - Started process (PID=1681) to work on /home/airflow/.local/lib/python3.7/site-packages/airflow/example_dags/example_trigger_controller_dag.py
[2025-07-20T06:15:02.699+0000] {processor.py:756} INFO - Processing file /home/airflow/.local/lib/python3.7/site-packages/airflow/example_dags/example_trigger_controller_dag.py for tasks to queue
[2025-07-20T06:15:02.703+0000] {logging_mixin.py:120} INFO - [2025-07-20T06:15:02.702+0000] {dagbag.py:537} INFO - Filling up the DagBag from /home/airflow/.local/lib/python3.7/site-packages/airflow/example_dags/example_trigger_controller_dag.py
[2025-07-20T06:15:02.757+0000] {processor.py:766} INFO - DAG(s) dict_keys(['example_trigger_controller_dag']) retrieved from /home/airflow/.local/lib/python3.7/site-packages/airflow/example_dags/example_trigger_controller_dag.py
[2025-07-20T06:15:02.846+0000] {logging_mixin.py:120} INFO - [2025-07-20T06:15:02.846+0000] {dag.py:2585} INFO - Sync 1 DAGs
[2025-07-20T06:15:02.898+0000] {logging_mixin.py:120} INFO - [2025-07-20T06:15:02.897+0000] {dag.py:3340} INFO - Setting next_dagrun for example_trigger_controller_dag to 2021-01-01T00:00:00+00:00, run_after=2021-01-01T00:00:00+00:00
[2025-07-20T06:15:02.942+0000] {processor.py:176} INFO - Processing /home/airflow/.local/lib/python3.7/site-packages/airflow/example_dags/example_trigger_controller_dag.py took 0.259 seconds
