[2025-07-20T05:58:23.122+0000] {processor.py:154} INFO - Started process (PID=58) to work on /home/airflow/.local/lib/python3.7/site-packages/airflow/example_dags/example_xcom.py
[2025-07-20T05:58:23.130+0000] {processor.py:756} INFO - Processing file /home/airflow/.local/lib/python3.7/site-packages/airflow/example_dags/example_xcom.py for tasks to queue
[2025-07-20T05:58:23.155+0000] {logging_mixin.py:120} INFO - [2025-07-20T05:58:23.147+0000] {dagbag.py:537} INFO - Filling up the DagBag from /home/airflow/.local/lib/python3.7/site-packages/airflow/example_dags/example_xcom.py
[2025-07-20T05:58:23.247+0000] {processor.py:766} INFO - DAG(s) dict_keys(['example_xcom']) retrieved from /home/airflow/.local/lib/python3.7/site-packages/airflow/example_dags/example_xcom.py
[2025-07-20T05:58:23.811+0000] {logging_mixin.py:120} INFO - [2025-07-20T05:58:23.810+0000] {dag.py:2585} INFO - Sync 1 DAGs
[2025-07-20T05:58:24.001+0000] {logging_mixin.py:120} INFO - [2025-07-20T05:58:24.001+0000] {dag.py:3340} INFO - Setting next_dagrun for example_xcom to 2021-01-01T00:00:00+00:00, run_after=2021-01-01T00:00:00+00:00
[2025-07-20T05:58:24.340+0000] {processor.py:176} INFO - Processing /home/airflow/.local/lib/python3.7/site-packages/airflow/example_dags/example_xcom.py took 1.256 seconds
[2025-07-20T06:00:42.573+0000] {processor.py:154} INFO - Started process (PID=155) to work on /home/airflow/.local/lib/python3.7/site-packages/airflow/example_dags/example_xcom.py
[2025-07-20T06:00:42.576+0000] {processor.py:756} INFO - Processing file /home/airflow/.local/lib/python3.7/site-packages/airflow/example_dags/example_xcom.py for tasks to queue
[2025-07-20T06:00:42.594+0000] {logging_mixin.py:120} INFO - [2025-07-20T06:00:42.593+0000] {dagbag.py:537} INFO - Filling up the DagBag from /home/airflow/.local/lib/python3.7/site-packages/airflow/example_dags/example_xcom.py
[2025-07-20T06:00:43.750+0000] {processor.py:766} INFO - DAG(s) dict_keys(['example_xcom']) retrieved from /home/airflow/.local/lib/python3.7/site-packages/airflow/example_dags/example_xcom.py
[2025-07-20T06:00:44.601+0000] {logging_mixin.py:120} INFO - [2025-07-20T06:00:44.600+0000] {dag.py:2585} INFO - Sync 1 DAGs
[2025-07-20T06:00:45.945+0000] {logging_mixin.py:120} INFO - [2025-07-20T06:00:45.935+0000] {dag.py:3340} INFO - Setting next_dagrun for example_xcom to 2021-01-01T00:00:00+00:00, run_after=2021-01-01T00:00:00+00:00
[2025-07-20T06:00:46.569+0000] {processor.py:176} INFO - Processing /home/airflow/.local/lib/python3.7/site-packages/airflow/example_dags/example_xcom.py took 4.046 seconds
[2025-07-20T06:01:31.083+0000] {processor.py:154} INFO - Started process (PID=197) to work on /home/airflow/.local/lib/python3.7/site-packages/airflow/example_dags/example_xcom.py
[2025-07-20T06:01:31.139+0000] {processor.py:756} INFO - Processing file /home/airflow/.local/lib/python3.7/site-packages/airflow/example_dags/example_xcom.py for tasks to queue
[2025-07-20T06:01:31.166+0000] {logging_mixin.py:120} INFO - [2025-07-20T06:01:31.148+0000] {dagbag.py:537} INFO - Filling up the DagBag from /home/airflow/.local/lib/python3.7/site-packages/airflow/example_dags/example_xcom.py
[2025-07-20T06:01:31.606+0000] {processor.py:766} INFO - DAG(s) dict_keys(['example_xcom']) retrieved from /home/airflow/.local/lib/python3.7/site-packages/airflow/example_dags/example_xcom.py
[2025-07-20T06:01:31.991+0000] {logging_mixin.py:120} INFO - [2025-07-20T06:01:31.991+0000] {dag.py:2585} INFO - Sync 1 DAGs
[2025-07-20T06:01:32.167+0000] {logging_mixin.py:120} INFO - [2025-07-20T06:01:32.166+0000] {dag.py:3340} INFO - Setting next_dagrun for example_xcom to 2021-01-01T00:00:00+00:00, run_after=2021-01-01T00:00:00+00:00
[2025-07-20T06:01:32.498+0000] {processor.py:176} INFO - Processing /home/airflow/.local/lib/python3.7/site-packages/airflow/example_dags/example_xcom.py took 1.482 seconds
[2025-07-20T06:02:10.912+0000] {processor.py:154} INFO - Started process (PID=251) to work on /home/airflow/.local/lib/python3.7/site-packages/airflow/example_dags/example_xcom.py
[2025-07-20T06:02:10.917+0000] {processor.py:756} INFO - Processing file /home/airflow/.local/lib/python3.7/site-packages/airflow/example_dags/example_xcom.py for tasks to queue
[2025-07-20T06:02:10.925+0000] {logging_mixin.py:120} INFO - [2025-07-20T06:02:10.925+0000] {dagbag.py:537} INFO - Filling up the DagBag from /home/airflow/.local/lib/python3.7/site-packages/airflow/example_dags/example_xcom.py
[2025-07-20T06:02:10.998+0000] {processor.py:766} INFO - DAG(s) dict_keys(['example_xcom']) retrieved from /home/airflow/.local/lib/python3.7/site-packages/airflow/example_dags/example_xcom.py
[2025-07-20T06:02:11.105+0000] {logging_mixin.py:120} INFO - [2025-07-20T06:02:11.105+0000] {dag.py:2585} INFO - Sync 1 DAGs
[2025-07-20T06:02:11.178+0000] {logging_mixin.py:120} INFO - [2025-07-20T06:02:11.178+0000] {dag.py:3340} INFO - Setting next_dagrun for example_xcom to 2021-01-01T00:00:00+00:00, run_after=2021-01-01T00:00:00+00:00
[2025-07-20T06:02:11.245+0000] {processor.py:176} INFO - Processing /home/airflow/.local/lib/python3.7/site-packages/airflow/example_dags/example_xcom.py took 0.344 seconds
[2025-07-20T06:02:41.885+0000] {processor.py:154} INFO - Started process (PID=314) to work on /home/airflow/.local/lib/python3.7/site-packages/airflow/example_dags/example_xcom.py
[2025-07-20T06:02:41.888+0000] {processor.py:756} INFO - Processing file /home/airflow/.local/lib/python3.7/site-packages/airflow/example_dags/example_xcom.py for tasks to queue
[2025-07-20T06:02:41.890+0000] {logging_mixin.py:120} INFO - [2025-07-20T06:02:41.890+0000] {dagbag.py:537} INFO - Filling up the DagBag from /home/airflow/.local/lib/python3.7/site-packages/airflow/example_dags/example_xcom.py
[2025-07-20T06:02:41.953+0000] {processor.py:766} INFO - DAG(s) dict_keys(['example_xcom']) retrieved from /home/airflow/.local/lib/python3.7/site-packages/airflow/example_dags/example_xcom.py
[2025-07-20T06:02:42.059+0000] {logging_mixin.py:120} INFO - [2025-07-20T06:02:42.059+0000] {dag.py:2585} INFO - Sync 1 DAGs
[2025-07-20T06:02:42.125+0000] {logging_mixin.py:120} INFO - [2025-07-20T06:02:42.124+0000] {dag.py:3340} INFO - Setting next_dagrun for example_xcom to 2021-01-01T00:00:00+00:00, run_after=2021-01-01T00:00:00+00:00
[2025-07-20T06:02:42.170+0000] {processor.py:176} INFO - Processing /home/airflow/.local/lib/python3.7/site-packages/airflow/example_dags/example_xcom.py took 0.293 seconds
[2025-07-20T06:03:13.211+0000] {processor.py:154} INFO - Started process (PID=368) to work on /home/airflow/.local/lib/python3.7/site-packages/airflow/example_dags/example_xcom.py
[2025-07-20T06:03:13.214+0000] {processor.py:756} INFO - Processing file /home/airflow/.local/lib/python3.7/site-packages/airflow/example_dags/example_xcom.py for tasks to queue
[2025-07-20T06:03:13.217+0000] {logging_mixin.py:120} INFO - [2025-07-20T06:03:13.216+0000] {dagbag.py:537} INFO - Filling up the DagBag from /home/airflow/.local/lib/python3.7/site-packages/airflow/example_dags/example_xcom.py
[2025-07-20T06:03:13.357+0000] {processor.py:766} INFO - DAG(s) dict_keys(['example_xcom']) retrieved from /home/airflow/.local/lib/python3.7/site-packages/airflow/example_dags/example_xcom.py
[2025-07-20T06:03:13.481+0000] {logging_mixin.py:120} INFO - [2025-07-20T06:03:13.481+0000] {dag.py:2585} INFO - Sync 1 DAGs
[2025-07-20T06:03:13.576+0000] {logging_mixin.py:120} INFO - [2025-07-20T06:03:13.576+0000] {dag.py:3340} INFO - Setting next_dagrun for example_xcom to 2021-01-01T00:00:00+00:00, run_after=2021-01-01T00:00:00+00:00
[2025-07-20T06:03:13.682+0000] {processor.py:176} INFO - Processing /home/airflow/.local/lib/python3.7/site-packages/airflow/example_dags/example_xcom.py took 0.484 seconds
[2025-07-20T06:03:46.100+0000] {processor.py:154} INFO - Started process (PID=422) to work on /home/airflow/.local/lib/python3.7/site-packages/airflow/example_dags/example_xcom.py
[2025-07-20T06:03:46.103+0000] {processor.py:756} INFO - Processing file /home/airflow/.local/lib/python3.7/site-packages/airflow/example_dags/example_xcom.py for tasks to queue
[2025-07-20T06:03:46.105+0000] {logging_mixin.py:120} INFO - [2025-07-20T06:03:46.105+0000] {dagbag.py:537} INFO - Filling up the DagBag from /home/airflow/.local/lib/python3.7/site-packages/airflow/example_dags/example_xcom.py
[2025-07-20T06:03:46.197+0000] {processor.py:766} INFO - DAG(s) dict_keys(['example_xcom']) retrieved from /home/airflow/.local/lib/python3.7/site-packages/airflow/example_dags/example_xcom.py
[2025-07-20T06:03:46.395+0000] {logging_mixin.py:120} INFO - [2025-07-20T06:03:46.395+0000] {dag.py:2585} INFO - Sync 1 DAGs
[2025-07-20T06:03:46.495+0000] {logging_mixin.py:120} INFO - [2025-07-20T06:03:46.495+0000] {dag.py:3340} INFO - Setting next_dagrun for example_xcom to 2021-01-01T00:00:00+00:00, run_after=2021-01-01T00:00:00+00:00
[2025-07-20T06:03:46.735+0000] {processor.py:176} INFO - Processing /home/airflow/.local/lib/python3.7/site-packages/airflow/example_dags/example_xcom.py took 0.642 seconds
[2025-07-20T06:04:17.468+0000] {processor.py:154} INFO - Started process (PID=475) to work on /home/airflow/.local/lib/python3.7/site-packages/airflow/example_dags/example_xcom.py
[2025-07-20T06:04:17.476+0000] {processor.py:756} INFO - Processing file /home/airflow/.local/lib/python3.7/site-packages/airflow/example_dags/example_xcom.py for tasks to queue
[2025-07-20T06:04:17.480+0000] {logging_mixin.py:120} INFO - [2025-07-20T06:04:17.479+0000] {dagbag.py:537} INFO - Filling up the DagBag from /home/airflow/.local/lib/python3.7/site-packages/airflow/example_dags/example_xcom.py
[2025-07-20T06:04:17.529+0000] {processor.py:766} INFO - DAG(s) dict_keys(['example_xcom']) retrieved from /home/airflow/.local/lib/python3.7/site-packages/airflow/example_dags/example_xcom.py
[2025-07-20T06:04:17.590+0000] {logging_mixin.py:120} INFO - [2025-07-20T06:04:17.589+0000] {dag.py:2585} INFO - Sync 1 DAGs
[2025-07-20T06:04:17.629+0000] {logging_mixin.py:120} INFO - [2025-07-20T06:04:17.629+0000] {dag.py:3340} INFO - Setting next_dagrun for example_xcom to 2021-01-01T00:00:00+00:00, run_after=2021-01-01T00:00:00+00:00
[2025-07-20T06:04:17.670+0000] {processor.py:176} INFO - Processing /home/airflow/.local/lib/python3.7/site-packages/airflow/example_dags/example_xcom.py took 0.218 seconds
[2025-07-20T06:04:48.046+0000] {processor.py:154} INFO - Started process (PID=539) to work on /home/airflow/.local/lib/python3.7/site-packages/airflow/example_dags/example_xcom.py
[2025-07-20T06:04:48.048+0000] {processor.py:756} INFO - Processing file /home/airflow/.local/lib/python3.7/site-packages/airflow/example_dags/example_xcom.py for tasks to queue
[2025-07-20T06:04:48.050+0000] {logging_mixin.py:120} INFO - [2025-07-20T06:04:48.050+0000] {dagbag.py:537} INFO - Filling up the DagBag from /home/airflow/.local/lib/python3.7/site-packages/airflow/example_dags/example_xcom.py
[2025-07-20T06:04:48.089+0000] {processor.py:766} INFO - DAG(s) dict_keys(['example_xcom']) retrieved from /home/airflow/.local/lib/python3.7/site-packages/airflow/example_dags/example_xcom.py
[2025-07-20T06:04:48.145+0000] {logging_mixin.py:120} INFO - [2025-07-20T06:04:48.145+0000] {dag.py:2585} INFO - Sync 1 DAGs
[2025-07-20T06:04:48.188+0000] {logging_mixin.py:120} INFO - [2025-07-20T06:04:48.188+0000] {dag.py:3340} INFO - Setting next_dagrun for example_xcom to 2021-01-01T00:00:00+00:00, run_after=2021-01-01T00:00:00+00:00
[2025-07-20T06:04:48.244+0000] {processor.py:176} INFO - Processing /home/airflow/.local/lib/python3.7/site-packages/airflow/example_dags/example_xcom.py took 0.204 seconds
[2025-07-20T06:05:18.687+0000] {processor.py:154} INFO - Started process (PID=593) to work on /home/airflow/.local/lib/python3.7/site-packages/airflow/example_dags/example_xcom.py
[2025-07-20T06:05:18.691+0000] {processor.py:756} INFO - Processing file /home/airflow/.local/lib/python3.7/site-packages/airflow/example_dags/example_xcom.py for tasks to queue
[2025-07-20T06:05:18.696+0000] {logging_mixin.py:120} INFO - [2025-07-20T06:05:18.695+0000] {dagbag.py:537} INFO - Filling up the DagBag from /home/airflow/.local/lib/python3.7/site-packages/airflow/example_dags/example_xcom.py
[2025-07-20T06:05:18.745+0000] {processor.py:766} INFO - DAG(s) dict_keys(['example_xcom']) retrieved from /home/airflow/.local/lib/python3.7/site-packages/airflow/example_dags/example_xcom.py
[2025-07-20T06:05:18.888+0000] {logging_mixin.py:120} INFO - [2025-07-20T06:05:18.887+0000] {dag.py:2585} INFO - Sync 1 DAGs
[2025-07-20T06:05:18.985+0000] {logging_mixin.py:120} INFO - [2025-07-20T06:05:18.985+0000] {dag.py:3340} INFO - Setting next_dagrun for example_xcom to 2021-01-01T00:00:00+00:00, run_after=2021-01-01T00:00:00+00:00
[2025-07-20T06:05:19.066+0000] {processor.py:176} INFO - Processing /home/airflow/.local/lib/python3.7/site-packages/airflow/example_dags/example_xcom.py took 0.392 seconds
[2025-07-20T06:05:49.166+0000] {processor.py:154} INFO - Started process (PID=656) to work on /home/airflow/.local/lib/python3.7/site-packages/airflow/example_dags/example_xcom.py
[2025-07-20T06:05:49.168+0000] {processor.py:756} INFO - Processing file /home/airflow/.local/lib/python3.7/site-packages/airflow/example_dags/example_xcom.py for tasks to queue
[2025-07-20T06:05:49.170+0000] {logging_mixin.py:120} INFO - [2025-07-20T06:05:49.170+0000] {dagbag.py:537} INFO - Filling up the DagBag from /home/airflow/.local/lib/python3.7/site-packages/airflow/example_dags/example_xcom.py
[2025-07-20T06:05:49.208+0000] {processor.py:766} INFO - DAG(s) dict_keys(['example_xcom']) retrieved from /home/airflow/.local/lib/python3.7/site-packages/airflow/example_dags/example_xcom.py
[2025-07-20T06:05:49.278+0000] {logging_mixin.py:120} INFO - [2025-07-20T06:05:49.278+0000] {dag.py:2585} INFO - Sync 1 DAGs
[2025-07-20T06:05:49.314+0000] {logging_mixin.py:120} INFO - [2025-07-20T06:05:49.314+0000] {dag.py:3340} INFO - Setting next_dagrun for example_xcom to 2021-01-01T00:00:00+00:00, run_after=2021-01-01T00:00:00+00:00
[2025-07-20T06:05:49.351+0000] {processor.py:176} INFO - Processing /home/airflow/.local/lib/python3.7/site-packages/airflow/example_dags/example_xcom.py took 0.192 seconds
[2025-07-20T06:06:20.036+0000] {processor.py:154} INFO - Started process (PID=717) to work on /home/airflow/.local/lib/python3.7/site-packages/airflow/example_dags/example_xcom.py
[2025-07-20T06:06:20.038+0000] {processor.py:756} INFO - Processing file /home/airflow/.local/lib/python3.7/site-packages/airflow/example_dags/example_xcom.py for tasks to queue
[2025-07-20T06:06:20.039+0000] {logging_mixin.py:120} INFO - [2025-07-20T06:06:20.039+0000] {dagbag.py:537} INFO - Filling up the DagBag from /home/airflow/.local/lib/python3.7/site-packages/airflow/example_dags/example_xcom.py
[2025-07-20T06:06:20.078+0000] {processor.py:766} INFO - DAG(s) dict_keys(['example_xcom']) retrieved from /home/airflow/.local/lib/python3.7/site-packages/airflow/example_dags/example_xcom.py
[2025-07-20T06:06:20.145+0000] {logging_mixin.py:120} INFO - [2025-07-20T06:06:20.145+0000] {dag.py:2585} INFO - Sync 1 DAGs
[2025-07-20T06:06:20.191+0000] {logging_mixin.py:120} INFO - [2025-07-20T06:06:20.191+0000] {dag.py:3340} INFO - Setting next_dagrun for example_xcom to 2021-01-01T00:00:00+00:00, run_after=2021-01-01T00:00:00+00:00
[2025-07-20T06:06:20.226+0000] {processor.py:176} INFO - Processing /home/airflow/.local/lib/python3.7/site-packages/airflow/example_dags/example_xcom.py took 0.195 seconds
[2025-07-20T06:06:50.579+0000] {processor.py:154} INFO - Started process (PID=773) to work on /home/airflow/.local/lib/python3.7/site-packages/airflow/example_dags/example_xcom.py
[2025-07-20T06:06:50.581+0000] {processor.py:756} INFO - Processing file /home/airflow/.local/lib/python3.7/site-packages/airflow/example_dags/example_xcom.py for tasks to queue
[2025-07-20T06:06:50.583+0000] {logging_mixin.py:120} INFO - [2025-07-20T06:06:50.583+0000] {dagbag.py:537} INFO - Filling up the DagBag from /home/airflow/.local/lib/python3.7/site-packages/airflow/example_dags/example_xcom.py
[2025-07-20T06:06:50.641+0000] {processor.py:766} INFO - DAG(s) dict_keys(['example_xcom']) retrieved from /home/airflow/.local/lib/python3.7/site-packages/airflow/example_dags/example_xcom.py
[2025-07-20T06:06:50.717+0000] {logging_mixin.py:120} INFO - [2025-07-20T06:06:50.717+0000] {dag.py:2585} INFO - Sync 1 DAGs
[2025-07-20T06:06:50.755+0000] {logging_mixin.py:120} INFO - [2025-07-20T06:06:50.755+0000] {dag.py:3340} INFO - Setting next_dagrun for example_xcom to 2021-01-01T00:00:00+00:00, run_after=2021-01-01T00:00:00+00:00
[2025-07-20T06:06:50.788+0000] {processor.py:176} INFO - Processing /home/airflow/.local/lib/python3.7/site-packages/airflow/example_dags/example_xcom.py took 0.216 seconds
[2025-07-20T06:07:21.394+0000] {processor.py:154} INFO - Started process (PID=835) to work on /home/airflow/.local/lib/python3.7/site-packages/airflow/example_dags/example_xcom.py
[2025-07-20T06:07:21.396+0000] {processor.py:756} INFO - Processing file /home/airflow/.local/lib/python3.7/site-packages/airflow/example_dags/example_xcom.py for tasks to queue
[2025-07-20T06:07:21.397+0000] {logging_mixin.py:120} INFO - [2025-07-20T06:07:21.397+0000] {dagbag.py:537} INFO - Filling up the DagBag from /home/airflow/.local/lib/python3.7/site-packages/airflow/example_dags/example_xcom.py
[2025-07-20T06:07:21.425+0000] {processor.py:766} INFO - DAG(s) dict_keys(['example_xcom']) retrieved from /home/airflow/.local/lib/python3.7/site-packages/airflow/example_dags/example_xcom.py
[2025-07-20T06:07:21.491+0000] {logging_mixin.py:120} INFO - [2025-07-20T06:07:21.490+0000] {dag.py:2585} INFO - Sync 1 DAGs
[2025-07-20T06:07:21.525+0000] {logging_mixin.py:120} INFO - [2025-07-20T06:07:21.525+0000] {dag.py:3340} INFO - Setting next_dagrun for example_xcom to 2021-01-01T00:00:00+00:00, run_after=2021-01-01T00:00:00+00:00
[2025-07-20T06:07:21.563+0000] {processor.py:176} INFO - Processing /home/airflow/.local/lib/python3.7/site-packages/airflow/example_dags/example_xcom.py took 0.174 seconds
[2025-07-20T06:07:51.848+0000] {processor.py:154} INFO - Started process (PID=888) to work on /home/airflow/.local/lib/python3.7/site-packages/airflow/example_dags/example_xcom.py
[2025-07-20T06:07:51.850+0000] {processor.py:756} INFO - Processing file /home/airflow/.local/lib/python3.7/site-packages/airflow/example_dags/example_xcom.py for tasks to queue
[2025-07-20T06:07:51.852+0000] {logging_mixin.py:120} INFO - [2025-07-20T06:07:51.851+0000] {dagbag.py:537} INFO - Filling up the DagBag from /home/airflow/.local/lib/python3.7/site-packages/airflow/example_dags/example_xcom.py
[2025-07-20T06:07:51.888+0000] {processor.py:766} INFO - DAG(s) dict_keys(['example_xcom']) retrieved from /home/airflow/.local/lib/python3.7/site-packages/airflow/example_dags/example_xcom.py
[2025-07-20T06:07:51.967+0000] {logging_mixin.py:120} INFO - [2025-07-20T06:07:51.967+0000] {dag.py:2585} INFO - Sync 1 DAGs
[2025-07-20T06:07:52.005+0000] {logging_mixin.py:120} INFO - [2025-07-20T06:07:52.005+0000] {dag.py:3340} INFO - Setting next_dagrun for example_xcom to 2021-01-01T00:00:00+00:00, run_after=2021-01-01T00:00:00+00:00
[2025-07-20T06:07:52.049+0000] {processor.py:176} INFO - Processing /home/airflow/.local/lib/python3.7/site-packages/airflow/example_dags/example_xcom.py took 0.205 seconds
[2025-07-20T06:08:22.569+0000] {processor.py:154} INFO - Started process (PID=942) to work on /home/airflow/.local/lib/python3.7/site-packages/airflow/example_dags/example_xcom.py
[2025-07-20T06:08:22.571+0000] {processor.py:756} INFO - Processing file /home/airflow/.local/lib/python3.7/site-packages/airflow/example_dags/example_xcom.py for tasks to queue
[2025-07-20T06:08:22.573+0000] {logging_mixin.py:120} INFO - [2025-07-20T06:08:22.573+0000] {dagbag.py:537} INFO - Filling up the DagBag from /home/airflow/.local/lib/python3.7/site-packages/airflow/example_dags/example_xcom.py
[2025-07-20T06:08:22.609+0000] {processor.py:766} INFO - DAG(s) dict_keys(['example_xcom']) retrieved from /home/airflow/.local/lib/python3.7/site-packages/airflow/example_dags/example_xcom.py
[2025-07-20T06:08:22.676+0000] {logging_mixin.py:120} INFO - [2025-07-20T06:08:22.676+0000] {dag.py:2585} INFO - Sync 1 DAGs
[2025-07-20T06:08:22.720+0000] {logging_mixin.py:120} INFO - [2025-07-20T06:08:22.720+0000] {dag.py:3340} INFO - Setting next_dagrun for example_xcom to 2021-01-01T00:00:00+00:00, run_after=2021-01-01T00:00:00+00:00
[2025-07-20T06:08:22.760+0000] {processor.py:176} INFO - Processing /home/airflow/.local/lib/python3.7/site-packages/airflow/example_dags/example_xcom.py took 0.198 seconds
[2025-07-20T06:08:53.459+0000] {processor.py:154} INFO - Started process (PID=996) to work on /home/airflow/.local/lib/python3.7/site-packages/airflow/example_dags/example_xcom.py
[2025-07-20T06:08:53.461+0000] {processor.py:756} INFO - Processing file /home/airflow/.local/lib/python3.7/site-packages/airflow/example_dags/example_xcom.py for tasks to queue
[2025-07-20T06:08:53.463+0000] {logging_mixin.py:120} INFO - [2025-07-20T06:08:53.463+0000] {dagbag.py:537} INFO - Filling up the DagBag from /home/airflow/.local/lib/python3.7/site-packages/airflow/example_dags/example_xcom.py
[2025-07-20T06:08:53.531+0000] {processor.py:766} INFO - DAG(s) dict_keys(['example_xcom']) retrieved from /home/airflow/.local/lib/python3.7/site-packages/airflow/example_dags/example_xcom.py
[2025-07-20T06:08:53.649+0000] {logging_mixin.py:120} INFO - [2025-07-20T06:08:53.648+0000] {dag.py:2585} INFO - Sync 1 DAGs
[2025-07-20T06:08:53.732+0000] {logging_mixin.py:120} INFO - [2025-07-20T06:08:53.732+0000] {dag.py:3340} INFO - Setting next_dagrun for example_xcom to 2021-01-01T00:00:00+00:00, run_after=2021-01-01T00:00:00+00:00
[2025-07-20T06:08:53.784+0000] {processor.py:176} INFO - Processing /home/airflow/.local/lib/python3.7/site-packages/airflow/example_dags/example_xcom.py took 0.332 seconds
[2025-07-20T06:09:25.067+0000] {processor.py:154} INFO - Started process (PID=1057) to work on /home/airflow/.local/lib/python3.7/site-packages/airflow/example_dags/example_xcom.py
[2025-07-20T06:09:25.069+0000] {processor.py:756} INFO - Processing file /home/airflow/.local/lib/python3.7/site-packages/airflow/example_dags/example_xcom.py for tasks to queue
[2025-07-20T06:09:25.071+0000] {logging_mixin.py:120} INFO - [2025-07-20T06:09:25.071+0000] {dagbag.py:537} INFO - Filling up the DagBag from /home/airflow/.local/lib/python3.7/site-packages/airflow/example_dags/example_xcom.py
[2025-07-20T06:09:25.130+0000] {processor.py:766} INFO - DAG(s) dict_keys(['example_xcom']) retrieved from /home/airflow/.local/lib/python3.7/site-packages/airflow/example_dags/example_xcom.py
[2025-07-20T06:09:25.314+0000] {logging_mixin.py:120} INFO - [2025-07-20T06:09:25.314+0000] {dag.py:2585} INFO - Sync 1 DAGs
[2025-07-20T06:09:25.448+0000] {logging_mixin.py:120} INFO - [2025-07-20T06:09:25.447+0000] {dag.py:3340} INFO - Setting next_dagrun for example_xcom to 2021-01-01T00:00:00+00:00, run_after=2021-01-01T00:00:00+00:00
[2025-07-20T06:09:25.540+0000] {processor.py:176} INFO - Processing /home/airflow/.local/lib/python3.7/site-packages/airflow/example_dags/example_xcom.py took 0.483 seconds
[2025-07-20T06:09:56.451+0000] {processor.py:154} INFO - Started process (PID=1110) to work on /home/airflow/.local/lib/python3.7/site-packages/airflow/example_dags/example_xcom.py
[2025-07-20T06:09:56.455+0000] {processor.py:756} INFO - Processing file /home/airflow/.local/lib/python3.7/site-packages/airflow/example_dags/example_xcom.py for tasks to queue
[2025-07-20T06:09:56.457+0000] {logging_mixin.py:120} INFO - [2025-07-20T06:09:56.457+0000] {dagbag.py:537} INFO - Filling up the DagBag from /home/airflow/.local/lib/python3.7/site-packages/airflow/example_dags/example_xcom.py
[2025-07-20T06:09:56.600+0000] {processor.py:766} INFO - DAG(s) dict_keys(['example_xcom']) retrieved from /home/airflow/.local/lib/python3.7/site-packages/airflow/example_dags/example_xcom.py
[2025-07-20T06:09:56.808+0000] {logging_mixin.py:120} INFO - [2025-07-20T06:09:56.808+0000] {dag.py:2585} INFO - Sync 1 DAGs
[2025-07-20T06:09:56.974+0000] {logging_mixin.py:120} INFO - [2025-07-20T06:09:56.974+0000] {dag.py:3340} INFO - Setting next_dagrun for example_xcom to 2021-01-01T00:00:00+00:00, run_after=2021-01-01T00:00:00+00:00
[2025-07-20T06:09:57.104+0000] {processor.py:176} INFO - Processing /home/airflow/.local/lib/python3.7/site-packages/airflow/example_dags/example_xcom.py took 0.660 seconds
[2025-07-20T06:10:27.442+0000] {processor.py:154} INFO - Started process (PID=1164) to work on /home/airflow/.local/lib/python3.7/site-packages/airflow/example_dags/example_xcom.py
[2025-07-20T06:10:27.444+0000] {processor.py:756} INFO - Processing file /home/airflow/.local/lib/python3.7/site-packages/airflow/example_dags/example_xcom.py for tasks to queue
[2025-07-20T06:10:27.447+0000] {logging_mixin.py:120} INFO - [2025-07-20T06:10:27.446+0000] {dagbag.py:537} INFO - Filling up the DagBag from /home/airflow/.local/lib/python3.7/site-packages/airflow/example_dags/example_xcom.py
[2025-07-20T06:10:27.664+0000] {processor.py:766} INFO - DAG(s) dict_keys(['example_xcom']) retrieved from /home/airflow/.local/lib/python3.7/site-packages/airflow/example_dags/example_xcom.py
[2025-07-20T06:10:27.817+0000] {logging_mixin.py:120} INFO - [2025-07-20T06:10:27.816+0000] {dag.py:2585} INFO - Sync 1 DAGs
[2025-07-20T06:10:27.918+0000] {logging_mixin.py:120} INFO - [2025-07-20T06:10:27.917+0000] {dag.py:3340} INFO - Setting next_dagrun for example_xcom to 2021-01-01T00:00:00+00:00, run_after=2021-01-01T00:00:00+00:00
[2025-07-20T06:10:28.017+0000] {processor.py:176} INFO - Processing /home/airflow/.local/lib/python3.7/site-packages/airflow/example_dags/example_xcom.py took 0.625 seconds
[2025-07-20T06:10:58.755+0000] {processor.py:154} INFO - Started process (PID=1218) to work on /home/airflow/.local/lib/python3.7/site-packages/airflow/example_dags/example_xcom.py
[2025-07-20T06:10:58.758+0000] {processor.py:756} INFO - Processing file /home/airflow/.local/lib/python3.7/site-packages/airflow/example_dags/example_xcom.py for tasks to queue
[2025-07-20T06:10:58.760+0000] {logging_mixin.py:120} INFO - [2025-07-20T06:10:58.760+0000] {dagbag.py:537} INFO - Filling up the DagBag from /home/airflow/.local/lib/python3.7/site-packages/airflow/example_dags/example_xcom.py
[2025-07-20T06:10:58.804+0000] {processor.py:766} INFO - DAG(s) dict_keys(['example_xcom']) retrieved from /home/airflow/.local/lib/python3.7/site-packages/airflow/example_dags/example_xcom.py
[2025-07-20T06:10:58.889+0000] {logging_mixin.py:120} INFO - [2025-07-20T06:10:58.889+0000] {dag.py:2585} INFO - Sync 1 DAGs
[2025-07-20T06:10:58.946+0000] {logging_mixin.py:120} INFO - [2025-07-20T06:10:58.945+0000] {dag.py:3340} INFO - Setting next_dagrun for example_xcom to 2021-01-01T00:00:00+00:00, run_after=2021-01-01T00:00:00+00:00
[2025-07-20T06:10:59.019+0000] {processor.py:176} INFO - Processing /home/airflow/.local/lib/python3.7/site-packages/airflow/example_dags/example_xcom.py took 0.277 seconds
[2025-07-20T06:11:29.584+0000] {processor.py:154} INFO - Started process (PID=1281) to work on /home/airflow/.local/lib/python3.7/site-packages/airflow/example_dags/example_xcom.py
[2025-07-20T06:11:29.586+0000] {processor.py:756} INFO - Processing file /home/airflow/.local/lib/python3.7/site-packages/airflow/example_dags/example_xcom.py for tasks to queue
[2025-07-20T06:11:29.588+0000] {logging_mixin.py:120} INFO - [2025-07-20T06:11:29.587+0000] {dagbag.py:537} INFO - Filling up the DagBag from /home/airflow/.local/lib/python3.7/site-packages/airflow/example_dags/example_xcom.py
[2025-07-20T06:11:29.636+0000] {processor.py:766} INFO - DAG(s) dict_keys(['example_xcom']) retrieved from /home/airflow/.local/lib/python3.7/site-packages/airflow/example_dags/example_xcom.py
[2025-07-20T06:11:29.726+0000] {logging_mixin.py:120} INFO - [2025-07-20T06:11:29.726+0000] {dag.py:2585} INFO - Sync 1 DAGs
[2025-07-20T06:11:29.783+0000] {logging_mixin.py:120} INFO - [2025-07-20T06:11:29.783+0000] {dag.py:3340} INFO - Setting next_dagrun for example_xcom to 2021-01-01T00:00:00+00:00, run_after=2021-01-01T00:00:00+00:00
[2025-07-20T06:11:29.832+0000] {processor.py:176} INFO - Processing /home/airflow/.local/lib/python3.7/site-packages/airflow/example_dags/example_xcom.py took 0.257 seconds
[2025-07-20T06:12:00.380+0000] {processor.py:154} INFO - Started process (PID=1335) to work on /home/airflow/.local/lib/python3.7/site-packages/airflow/example_dags/example_xcom.py
[2025-07-20T06:12:00.382+0000] {processor.py:756} INFO - Processing file /home/airflow/.local/lib/python3.7/site-packages/airflow/example_dags/example_xcom.py for tasks to queue
[2025-07-20T06:12:00.384+0000] {logging_mixin.py:120} INFO - [2025-07-20T06:12:00.384+0000] {dagbag.py:537} INFO - Filling up the DagBag from /home/airflow/.local/lib/python3.7/site-packages/airflow/example_dags/example_xcom.py
[2025-07-20T06:12:00.420+0000] {processor.py:766} INFO - DAG(s) dict_keys(['example_xcom']) retrieved from /home/airflow/.local/lib/python3.7/site-packages/airflow/example_dags/example_xcom.py
[2025-07-20T06:12:00.492+0000] {logging_mixin.py:120} INFO - [2025-07-20T06:12:00.491+0000] {dag.py:2585} INFO - Sync 1 DAGs
[2025-07-20T06:12:00.529+0000] {logging_mixin.py:120} INFO - [2025-07-20T06:12:00.528+0000] {dag.py:3340} INFO - Setting next_dagrun for example_xcom to 2021-01-01T00:00:00+00:00, run_after=2021-01-01T00:00:00+00:00
[2025-07-20T06:12:00.568+0000] {processor.py:176} INFO - Processing /home/airflow/.local/lib/python3.7/site-packages/airflow/example_dags/example_xcom.py took 0.193 seconds
[2025-07-20T06:12:31.176+0000] {processor.py:154} INFO - Started process (PID=1396) to work on /home/airflow/.local/lib/python3.7/site-packages/airflow/example_dags/example_xcom.py
[2025-07-20T06:12:31.178+0000] {processor.py:756} INFO - Processing file /home/airflow/.local/lib/python3.7/site-packages/airflow/example_dags/example_xcom.py for tasks to queue
[2025-07-20T06:12:31.180+0000] {logging_mixin.py:120} INFO - [2025-07-20T06:12:31.180+0000] {dagbag.py:537} INFO - Filling up the DagBag from /home/airflow/.local/lib/python3.7/site-packages/airflow/example_dags/example_xcom.py
[2025-07-20T06:12:31.221+0000] {processor.py:766} INFO - DAG(s) dict_keys(['example_xcom']) retrieved from /home/airflow/.local/lib/python3.7/site-packages/airflow/example_dags/example_xcom.py
[2025-07-20T06:12:31.315+0000] {logging_mixin.py:120} INFO - [2025-07-20T06:12:31.315+0000] {dag.py:2585} INFO - Sync 1 DAGs
[2025-07-20T06:12:31.360+0000] {logging_mixin.py:120} INFO - [2025-07-20T06:12:31.359+0000] {dag.py:3340} INFO - Setting next_dagrun for example_xcom to 2021-01-01T00:00:00+00:00, run_after=2021-01-01T00:00:00+00:00
[2025-07-20T06:12:31.399+0000] {processor.py:176} INFO - Processing /home/airflow/.local/lib/python3.7/site-packages/airflow/example_dags/example_xcom.py took 0.229 seconds
[2025-07-20T06:13:01.737+0000] {processor.py:154} INFO - Started process (PID=1449) to work on /home/airflow/.local/lib/python3.7/site-packages/airflow/example_dags/example_xcom.py
[2025-07-20T06:13:01.740+0000] {processor.py:756} INFO - Processing file /home/airflow/.local/lib/python3.7/site-packages/airflow/example_dags/example_xcom.py for tasks to queue
[2025-07-20T06:13:01.742+0000] {logging_mixin.py:120} INFO - [2025-07-20T06:13:01.742+0000] {dagbag.py:537} INFO - Filling up the DagBag from /home/airflow/.local/lib/python3.7/site-packages/airflow/example_dags/example_xcom.py
[2025-07-20T06:13:01.799+0000] {processor.py:766} INFO - DAG(s) dict_keys(['example_xcom']) retrieved from /home/airflow/.local/lib/python3.7/site-packages/airflow/example_dags/example_xcom.py
[2025-07-20T06:13:01.905+0000] {logging_mixin.py:120} INFO - [2025-07-20T06:13:01.904+0000] {dag.py:2585} INFO - Sync 1 DAGs
[2025-07-20T06:13:01.979+0000] {logging_mixin.py:120} INFO - [2025-07-20T06:13:01.978+0000] {dag.py:3340} INFO - Setting next_dagrun for example_xcom to 2021-01-01T00:00:00+00:00, run_after=2021-01-01T00:00:00+00:00
[2025-07-20T06:13:02.035+0000] {processor.py:176} INFO - Processing /home/airflow/.local/lib/python3.7/site-packages/airflow/example_dags/example_xcom.py took 0.304 seconds
[2025-07-20T06:13:33.039+0000] {processor.py:154} INFO - Started process (PID=1512) to work on /home/airflow/.local/lib/python3.7/site-packages/airflow/example_dags/example_xcom.py
[2025-07-20T06:13:33.041+0000] {processor.py:756} INFO - Processing file /home/airflow/.local/lib/python3.7/site-packages/airflow/example_dags/example_xcom.py for tasks to queue
[2025-07-20T06:13:33.042+0000] {logging_mixin.py:120} INFO - [2025-07-20T06:13:33.042+0000] {dagbag.py:537} INFO - Filling up the DagBag from /home/airflow/.local/lib/python3.7/site-packages/airflow/example_dags/example_xcom.py
[2025-07-20T06:13:33.080+0000] {processor.py:766} INFO - DAG(s) dict_keys(['example_xcom']) retrieved from /home/airflow/.local/lib/python3.7/site-packages/airflow/example_dags/example_xcom.py
[2025-07-20T06:13:33.151+0000] {logging_mixin.py:120} INFO - [2025-07-20T06:13:33.151+0000] {dag.py:2585} INFO - Sync 1 DAGs
[2025-07-20T06:13:33.191+0000] {logging_mixin.py:120} INFO - [2025-07-20T06:13:33.191+0000] {dag.py:3340} INFO - Setting next_dagrun for example_xcom to 2021-01-01T00:00:00+00:00, run_after=2021-01-01T00:00:00+00:00
[2025-07-20T06:13:33.255+0000] {processor.py:176} INFO - Processing /home/airflow/.local/lib/python3.7/site-packages/airflow/example_dags/example_xcom.py took 0.221 seconds
[2025-07-20T06:14:04.176+0000] {processor.py:154} INFO - Started process (PID=1573) to work on /home/airflow/.local/lib/python3.7/site-packages/airflow/example_dags/example_xcom.py
[2025-07-20T06:14:04.180+0000] {processor.py:756} INFO - Processing file /home/airflow/.local/lib/python3.7/site-packages/airflow/example_dags/example_xcom.py for tasks to queue
[2025-07-20T06:14:04.184+0000] {logging_mixin.py:120} INFO - [2025-07-20T06:14:04.184+0000] {dagbag.py:537} INFO - Filling up the DagBag from /home/airflow/.local/lib/python3.7/site-packages/airflow/example_dags/example_xcom.py
[2025-07-20T06:14:04.299+0000] {processor.py:766} INFO - DAG(s) dict_keys(['example_xcom']) retrieved from /home/airflow/.local/lib/python3.7/site-packages/airflow/example_dags/example_xcom.py
[2025-07-20T06:14:04.398+0000] {logging_mixin.py:120} INFO - [2025-07-20T06:14:04.397+0000] {dag.py:2585} INFO - Sync 1 DAGs
[2025-07-20T06:14:04.450+0000] {logging_mixin.py:120} INFO - [2025-07-20T06:14:04.450+0000] {dag.py:3340} INFO - Setting next_dagrun for example_xcom to 2021-01-01T00:00:00+00:00, run_after=2021-01-01T00:00:00+00:00
[2025-07-20T06:14:04.501+0000] {processor.py:176} INFO - Processing /home/airflow/.local/lib/python3.7/site-packages/airflow/example_dags/example_xcom.py took 0.336 seconds
[2025-07-20T06:14:34.855+0000] {processor.py:154} INFO - Started process (PID=1630) to work on /home/airflow/.local/lib/python3.7/site-packages/airflow/example_dags/example_xcom.py
[2025-07-20T06:14:34.871+0000] {processor.py:756} INFO - Processing file /home/airflow/.local/lib/python3.7/site-packages/airflow/example_dags/example_xcom.py for tasks to queue
[2025-07-20T06:14:34.884+0000] {logging_mixin.py:120} INFO - [2025-07-20T06:14:34.884+0000] {dagbag.py:537} INFO - Filling up the DagBag from /home/airflow/.local/lib/python3.7/site-packages/airflow/example_dags/example_xcom.py
[2025-07-20T06:14:35.072+0000] {processor.py:766} INFO - DAG(s) dict_keys(['example_xcom']) retrieved from /home/airflow/.local/lib/python3.7/site-packages/airflow/example_dags/example_xcom.py
[2025-07-20T06:14:35.399+0000] {logging_mixin.py:120} INFO - [2025-07-20T06:14:35.388+0000] {dag.py:2585} INFO - Sync 1 DAGs
[2025-07-20T06:14:35.560+0000] {logging_mixin.py:120} INFO - [2025-07-20T06:14:35.560+0000] {dag.py:3340} INFO - Setting next_dagrun for example_xcom to 2021-01-01T00:00:00+00:00, run_after=2021-01-01T00:00:00+00:00
[2025-07-20T06:14:35.759+0000] {processor.py:176} INFO - Processing /home/airflow/.local/lib/python3.7/site-packages/airflow/example_dags/example_xcom.py took 0.921 seconds
[2025-07-20T06:15:06.138+0000] {processor.py:154} INFO - Started process (PID=1683) to work on /home/airflow/.local/lib/python3.7/site-packages/airflow/example_dags/example_xcom.py
[2025-07-20T06:15:06.140+0000] {processor.py:756} INFO - Processing file /home/airflow/.local/lib/python3.7/site-packages/airflow/example_dags/example_xcom.py for tasks to queue
[2025-07-20T06:15:06.147+0000] {logging_mixin.py:120} INFO - [2025-07-20T06:15:06.147+0000] {dagbag.py:537} INFO - Filling up the DagBag from /home/airflow/.local/lib/python3.7/site-packages/airflow/example_dags/example_xcom.py
[2025-07-20T06:15:06.322+0000] {processor.py:766} INFO - DAG(s) dict_keys(['example_xcom']) retrieved from /home/airflow/.local/lib/python3.7/site-packages/airflow/example_dags/example_xcom.py
[2025-07-20T06:15:06.638+0000] {logging_mixin.py:120} INFO - [2025-07-20T06:15:06.637+0000] {dag.py:2585} INFO - Sync 1 DAGs
[2025-07-20T06:15:06.905+0000] {logging_mixin.py:120} INFO - [2025-07-20T06:15:06.904+0000] {dag.py:3340} INFO - Setting next_dagrun for example_xcom to 2021-01-01T00:00:00+00:00, run_after=2021-01-01T00:00:00+00:00
[2025-07-20T06:15:07.111+0000] {processor.py:176} INFO - Processing /home/airflow/.local/lib/python3.7/site-packages/airflow/example_dags/example_xcom.py took 0.986 seconds
