[2025-07-20T05:58:17.858+0000] {processor.py:154} INFO - Started process (PID=51) to work on /home/airflow/.local/lib/python3.7/site-packages/airflow/example_dags/example_kubernetes_executor.py
[2025-07-20T05:58:17.860+0000] {processor.py:756} INFO - Processing file /home/airflow/.local/lib/python3.7/site-packages/airflow/example_dags/example_kubernetes_executor.py for tasks to queue
[2025-07-20T05:58:17.862+0000] {logging_mixin.py:120} INFO - [2025-07-20T05:58:17.862+0000] {dagbag.py:537} INFO - Filling up the DagBag from /home/airflow/.local/lib/python3.7/site-packages/airflow/example_dags/example_kubernetes_executor.py
[2025-07-20T05:58:17.970+0000] {processor.py:766} INFO - DAG(s) dict_keys(['example_kubernetes_executor']) retrieved from /home/airflow/.local/lib/python3.7/site-packages/airflow/example_dags/example_kubernetes_executor.py
[2025-07-20T05:58:18.074+0000] {logging_mixin.py:120} INFO - [2025-07-20T05:58:18.073+0000] {dag.py:2585} INFO - Sync 1 DAGs
[2025-07-20T05:58:18.133+0000] {logging_mixin.py:120} INFO - [2025-07-20T05:58:18.132+0000] {dag.py:3340} INFO - Setting next_dagrun for example_kubernetes_executor to None, run_after=None
[2025-07-20T05:58:18.493+0000] {processor.py:176} INFO - Processing /home/airflow/.local/lib/python3.7/site-packages/airflow/example_dags/example_kubernetes_executor.py took 0.654 seconds
[2025-07-20T05:59:48.499+0000] {processor.py:154} INFO - Started process (PID=123) to work on /home/airflow/.local/lib/python3.7/site-packages/airflow/example_dags/example_kubernetes_executor.py
[2025-07-20T05:59:48.505+0000] {processor.py:756} INFO - Processing file /home/airflow/.local/lib/python3.7/site-packages/airflow/example_dags/example_kubernetes_executor.py for tasks to queue
[2025-07-20T05:59:48.512+0000] {logging_mixin.py:120} INFO - [2025-07-20T05:59:48.512+0000] {dagbag.py:537} INFO - Filling up the DagBag from /home/airflow/.local/lib/python3.7/site-packages/airflow/example_dags/example_kubernetes_executor.py
[2025-07-20T05:59:49.197+0000] {processor.py:766} INFO - DAG(s) dict_keys(['example_kubernetes_executor']) retrieved from /home/airflow/.local/lib/python3.7/site-packages/airflow/example_dags/example_kubernetes_executor.py
[2025-07-20T05:59:50.604+0000] {logging_mixin.py:120} INFO - [2025-07-20T05:59:50.601+0000] {dag.py:2585} INFO - Sync 1 DAGs
[2025-07-20T05:59:51.587+0000] {logging_mixin.py:120} INFO - [2025-07-20T05:59:51.587+0000] {dag.py:3340} INFO - Setting next_dagrun for example_kubernetes_executor to None, run_after=None
[2025-07-20T05:59:56.709+0000] {processor.py:176} INFO - Processing /home/airflow/.local/lib/python3.7/site-packages/airflow/example_dags/example_kubernetes_executor.py took 8.226 seconds
[2025-07-20T06:01:19.407+0000] {processor.py:154} INFO - Started process (PID=191) to work on /home/airflow/.local/lib/python3.7/site-packages/airflow/example_dags/example_kubernetes_executor.py
[2025-07-20T06:01:19.420+0000] {processor.py:756} INFO - Processing file /home/airflow/.local/lib/python3.7/site-packages/airflow/example_dags/example_kubernetes_executor.py for tasks to queue
[2025-07-20T06:01:19.484+0000] {logging_mixin.py:120} INFO - [2025-07-20T06:01:19.473+0000] {dagbag.py:537} INFO - Filling up the DagBag from /home/airflow/.local/lib/python3.7/site-packages/airflow/example_dags/example_kubernetes_executor.py
[2025-07-20T06:01:20.152+0000] {processor.py:766} INFO - DAG(s) dict_keys(['example_kubernetes_executor']) retrieved from /home/airflow/.local/lib/python3.7/site-packages/airflow/example_dags/example_kubernetes_executor.py
[2025-07-20T06:01:20.993+0000] {logging_mixin.py:120} INFO - [2025-07-20T06:01:20.992+0000] {dag.py:2585} INFO - Sync 1 DAGs
[2025-07-20T06:01:21.536+0000] {logging_mixin.py:120} INFO - [2025-07-20T06:01:21.536+0000] {dag.py:3340} INFO - Setting next_dagrun for example_kubernetes_executor to None, run_after=None
[2025-07-20T06:01:21.976+0000] {processor.py:176} INFO - Processing /home/airflow/.local/lib/python3.7/site-packages/airflow/example_dags/example_kubernetes_executor.py took 2.670 seconds
[2025-07-20T06:01:57.258+0000] {processor.py:154} INFO - Started process (PID=235) to work on /home/airflow/.local/lib/python3.7/site-packages/airflow/example_dags/example_kubernetes_executor.py
[2025-07-20T06:01:57.260+0000] {processor.py:756} INFO - Processing file /home/airflow/.local/lib/python3.7/site-packages/airflow/example_dags/example_kubernetes_executor.py for tasks to queue
[2025-07-20T06:01:57.264+0000] {logging_mixin.py:120} INFO - [2025-07-20T06:01:57.262+0000] {dagbag.py:537} INFO - Filling up the DagBag from /home/airflow/.local/lib/python3.7/site-packages/airflow/example_dags/example_kubernetes_executor.py
[2025-07-20T06:01:57.384+0000] {processor.py:766} INFO - DAG(s) dict_keys(['example_kubernetes_executor']) retrieved from /home/airflow/.local/lib/python3.7/site-packages/airflow/example_dags/example_kubernetes_executor.py
[2025-07-20T06:01:57.525+0000] {logging_mixin.py:120} INFO - [2025-07-20T06:01:57.525+0000] {dag.py:2585} INFO - Sync 1 DAGs
[2025-07-20T06:01:57.610+0000] {logging_mixin.py:120} INFO - [2025-07-20T06:01:57.605+0000] {dag.py:3340} INFO - Setting next_dagrun for example_kubernetes_executor to None, run_after=None
[2025-07-20T06:01:57.909+0000] {processor.py:176} INFO - Processing /home/airflow/.local/lib/python3.7/site-packages/airflow/example_dags/example_kubernetes_executor.py took 0.664 seconds
[2025-07-20T06:02:28.285+0000] {processor.py:154} INFO - Started process (PID=289) to work on /home/airflow/.local/lib/python3.7/site-packages/airflow/example_dags/example_kubernetes_executor.py
[2025-07-20T06:02:28.289+0000] {processor.py:756} INFO - Processing file /home/airflow/.local/lib/python3.7/site-packages/airflow/example_dags/example_kubernetes_executor.py for tasks to queue
[2025-07-20T06:02:28.291+0000] {logging_mixin.py:120} INFO - [2025-07-20T06:02:28.291+0000] {dagbag.py:537} INFO - Filling up the DagBag from /home/airflow/.local/lib/python3.7/site-packages/airflow/example_dags/example_kubernetes_executor.py
[2025-07-20T06:02:28.378+0000] {processor.py:766} INFO - DAG(s) dict_keys(['example_kubernetes_executor']) retrieved from /home/airflow/.local/lib/python3.7/site-packages/airflow/example_dags/example_kubernetes_executor.py
[2025-07-20T06:02:28.474+0000] {logging_mixin.py:120} INFO - [2025-07-20T06:02:28.473+0000] {dag.py:2585} INFO - Sync 1 DAGs
[2025-07-20T06:02:28.555+0000] {logging_mixin.py:120} INFO - [2025-07-20T06:02:28.555+0000] {dag.py:3340} INFO - Setting next_dagrun for example_kubernetes_executor to None, run_after=None
[2025-07-20T06:02:28.619+0000] {processor.py:176} INFO - Processing /home/airflow/.local/lib/python3.7/site-packages/airflow/example_dags/example_kubernetes_executor.py took 0.342 seconds
[2025-07-20T06:02:59.225+0000] {processor.py:154} INFO - Started process (PID=345) to work on /home/airflow/.local/lib/python3.7/site-packages/airflow/example_dags/example_kubernetes_executor.py
[2025-07-20T06:02:59.229+0000] {processor.py:756} INFO - Processing file /home/airflow/.local/lib/python3.7/site-packages/airflow/example_dags/example_kubernetes_executor.py for tasks to queue
[2025-07-20T06:02:59.232+0000] {logging_mixin.py:120} INFO - [2025-07-20T06:02:59.231+0000] {dagbag.py:537} INFO - Filling up the DagBag from /home/airflow/.local/lib/python3.7/site-packages/airflow/example_dags/example_kubernetes_executor.py
[2025-07-20T06:02:59.383+0000] {processor.py:766} INFO - DAG(s) dict_keys(['example_kubernetes_executor']) retrieved from /home/airflow/.local/lib/python3.7/site-packages/airflow/example_dags/example_kubernetes_executor.py
[2025-07-20T06:02:59.569+0000] {logging_mixin.py:120} INFO - [2025-07-20T06:02:59.569+0000] {dag.py:2585} INFO - Sync 1 DAGs
[2025-07-20T06:02:59.653+0000] {logging_mixin.py:120} INFO - [2025-07-20T06:02:59.653+0000] {dag.py:3340} INFO - Setting next_dagrun for example_kubernetes_executor to None, run_after=None
[2025-07-20T06:02:59.704+0000] {processor.py:176} INFO - Processing /home/airflow/.local/lib/python3.7/site-packages/airflow/example_dags/example_kubernetes_executor.py took 0.497 seconds
[2025-07-20T06:03:29.805+0000] {processor.py:154} INFO - Started process (PID=399) to work on /home/airflow/.local/lib/python3.7/site-packages/airflow/example_dags/example_kubernetes_executor.py
[2025-07-20T06:03:29.807+0000] {processor.py:756} INFO - Processing file /home/airflow/.local/lib/python3.7/site-packages/airflow/example_dags/example_kubernetes_executor.py for tasks to queue
[2025-07-20T06:03:29.810+0000] {logging_mixin.py:120} INFO - [2025-07-20T06:03:29.809+0000] {dagbag.py:537} INFO - Filling up the DagBag from /home/airflow/.local/lib/python3.7/site-packages/airflow/example_dags/example_kubernetes_executor.py
[2025-07-20T06:03:29.898+0000] {processor.py:766} INFO - DAG(s) dict_keys(['example_kubernetes_executor']) retrieved from /home/airflow/.local/lib/python3.7/site-packages/airflow/example_dags/example_kubernetes_executor.py
[2025-07-20T06:03:30.120+0000] {logging_mixin.py:120} INFO - [2025-07-20T06:03:30.119+0000] {dag.py:2585} INFO - Sync 1 DAGs
[2025-07-20T06:03:30.206+0000] {logging_mixin.py:120} INFO - [2025-07-20T06:03:30.205+0000] {dag.py:3340} INFO - Setting next_dagrun for example_kubernetes_executor to None, run_after=None
[2025-07-20T06:03:30.275+0000] {processor.py:176} INFO - Processing /home/airflow/.local/lib/python3.7/site-packages/airflow/example_dags/example_kubernetes_executor.py took 0.479 seconds
[2025-07-20T06:04:01.536+0000] {processor.py:154} INFO - Started process (PID=453) to work on /home/airflow/.local/lib/python3.7/site-packages/airflow/example_dags/example_kubernetes_executor.py
[2025-07-20T06:04:01.542+0000] {processor.py:756} INFO - Processing file /home/airflow/.local/lib/python3.7/site-packages/airflow/example_dags/example_kubernetes_executor.py for tasks to queue
[2025-07-20T06:04:01.544+0000] {logging_mixin.py:120} INFO - [2025-07-20T06:04:01.544+0000] {dagbag.py:537} INFO - Filling up the DagBag from /home/airflow/.local/lib/python3.7/site-packages/airflow/example_dags/example_kubernetes_executor.py
[2025-07-20T06:04:01.657+0000] {processor.py:766} INFO - DAG(s) dict_keys(['example_kubernetes_executor']) retrieved from /home/airflow/.local/lib/python3.7/site-packages/airflow/example_dags/example_kubernetes_executor.py
[2025-07-20T06:04:01.798+0000] {logging_mixin.py:120} INFO - [2025-07-20T06:04:01.796+0000] {dag.py:2585} INFO - Sync 1 DAGs
[2025-07-20T06:04:01.892+0000] {logging_mixin.py:120} INFO - [2025-07-20T06:04:01.892+0000] {dag.py:3340} INFO - Setting next_dagrun for example_kubernetes_executor to None, run_after=None
[2025-07-20T06:04:02.137+0000] {processor.py:176} INFO - Processing /home/airflow/.local/lib/python3.7/site-packages/airflow/example_dags/example_kubernetes_executor.py took 0.614 seconds
[2025-07-20T06:04:32.922+0000] {processor.py:154} INFO - Started process (PID=518) to work on /home/airflow/.local/lib/python3.7/site-packages/airflow/example_dags/example_kubernetes_executor.py
[2025-07-20T06:04:32.925+0000] {processor.py:756} INFO - Processing file /home/airflow/.local/lib/python3.7/site-packages/airflow/example_dags/example_kubernetes_executor.py for tasks to queue
[2025-07-20T06:04:32.929+0000] {logging_mixin.py:120} INFO - [2025-07-20T06:04:32.928+0000] {dagbag.py:537} INFO - Filling up the DagBag from /home/airflow/.local/lib/python3.7/site-packages/airflow/example_dags/example_kubernetes_executor.py
[2025-07-20T06:04:33.027+0000] {processor.py:766} INFO - DAG(s) dict_keys(['example_kubernetes_executor']) retrieved from /home/airflow/.local/lib/python3.7/site-packages/airflow/example_dags/example_kubernetes_executor.py
[2025-07-20T06:04:33.113+0000] {logging_mixin.py:120} INFO - [2025-07-20T06:04:33.112+0000] {dag.py:2585} INFO - Sync 1 DAGs
[2025-07-20T06:04:33.156+0000] {logging_mixin.py:120} INFO - [2025-07-20T06:04:33.156+0000] {dag.py:3340} INFO - Setting next_dagrun for example_kubernetes_executor to None, run_after=None
[2025-07-20T06:04:33.197+0000] {processor.py:176} INFO - Processing /home/airflow/.local/lib/python3.7/site-packages/airflow/example_dags/example_kubernetes_executor.py took 0.282 seconds
[2025-07-20T06:05:03.306+0000] {processor.py:154} INFO - Started process (PID=571) to work on /home/airflow/.local/lib/python3.7/site-packages/airflow/example_dags/example_kubernetes_executor.py
[2025-07-20T06:05:03.308+0000] {processor.py:756} INFO - Processing file /home/airflow/.local/lib/python3.7/site-packages/airflow/example_dags/example_kubernetes_executor.py for tasks to queue
[2025-07-20T06:05:03.310+0000] {logging_mixin.py:120} INFO - [2025-07-20T06:05:03.310+0000] {dagbag.py:537} INFO - Filling up the DagBag from /home/airflow/.local/lib/python3.7/site-packages/airflow/example_dags/example_kubernetes_executor.py
[2025-07-20T06:05:03.388+0000] {processor.py:766} INFO - DAG(s) dict_keys(['example_kubernetes_executor']) retrieved from /home/airflow/.local/lib/python3.7/site-packages/airflow/example_dags/example_kubernetes_executor.py
[2025-07-20T06:05:03.459+0000] {logging_mixin.py:120} INFO - [2025-07-20T06:05:03.459+0000] {dag.py:2585} INFO - Sync 1 DAGs
[2025-07-20T06:05:03.516+0000] {logging_mixin.py:120} INFO - [2025-07-20T06:05:03.516+0000] {dag.py:3340} INFO - Setting next_dagrun for example_kubernetes_executor to None, run_after=None
[2025-07-20T06:05:03.569+0000] {processor.py:176} INFO - Processing /home/airflow/.local/lib/python3.7/site-packages/airflow/example_dags/example_kubernetes_executor.py took 0.273 seconds
[2025-07-20T06:05:33.620+0000] {processor.py:154} INFO - Started process (PID=634) to work on /home/airflow/.local/lib/python3.7/site-packages/airflow/example_dags/example_kubernetes_executor.py
[2025-07-20T06:05:33.622+0000] {processor.py:756} INFO - Processing file /home/airflow/.local/lib/python3.7/site-packages/airflow/example_dags/example_kubernetes_executor.py for tasks to queue
[2025-07-20T06:05:33.623+0000] {logging_mixin.py:120} INFO - [2025-07-20T06:05:33.623+0000] {dagbag.py:537} INFO - Filling up the DagBag from /home/airflow/.local/lib/python3.7/site-packages/airflow/example_dags/example_kubernetes_executor.py
[2025-07-20T06:05:33.680+0000] {processor.py:766} INFO - DAG(s) dict_keys(['example_kubernetes_executor']) retrieved from /home/airflow/.local/lib/python3.7/site-packages/airflow/example_dags/example_kubernetes_executor.py
[2025-07-20T06:05:33.759+0000] {logging_mixin.py:120} INFO - [2025-07-20T06:05:33.759+0000] {dag.py:2585} INFO - Sync 1 DAGs
[2025-07-20T06:05:33.813+0000] {logging_mixin.py:120} INFO - [2025-07-20T06:05:33.813+0000] {dag.py:3340} INFO - Setting next_dagrun for example_kubernetes_executor to None, run_after=None
[2025-07-20T06:05:33.854+0000] {processor.py:176} INFO - Processing /home/airflow/.local/lib/python3.7/site-packages/airflow/example_dags/example_kubernetes_executor.py took 0.240 seconds
[2025-07-20T06:06:04.747+0000] {processor.py:154} INFO - Started process (PID=687) to work on /home/airflow/.local/lib/python3.7/site-packages/airflow/example_dags/example_kubernetes_executor.py
[2025-07-20T06:06:04.750+0000] {processor.py:756} INFO - Processing file /home/airflow/.local/lib/python3.7/site-packages/airflow/example_dags/example_kubernetes_executor.py for tasks to queue
[2025-07-20T06:06:04.753+0000] {logging_mixin.py:120} INFO - [2025-07-20T06:06:04.753+0000] {dagbag.py:537} INFO - Filling up the DagBag from /home/airflow/.local/lib/python3.7/site-packages/airflow/example_dags/example_kubernetes_executor.py
[2025-07-20T06:06:04.824+0000] {processor.py:766} INFO - DAG(s) dict_keys(['example_kubernetes_executor']) retrieved from /home/airflow/.local/lib/python3.7/site-packages/airflow/example_dags/example_kubernetes_executor.py
[2025-07-20T06:06:04.900+0000] {logging_mixin.py:120} INFO - [2025-07-20T06:06:04.899+0000] {dag.py:2585} INFO - Sync 1 DAGs
[2025-07-20T06:06:04.951+0000] {logging_mixin.py:120} INFO - [2025-07-20T06:06:04.951+0000] {dag.py:3340} INFO - Setting next_dagrun for example_kubernetes_executor to None, run_after=None
[2025-07-20T06:06:05.000+0000] {processor.py:176} INFO - Processing /home/airflow/.local/lib/python3.7/site-packages/airflow/example_dags/example_kubernetes_executor.py took 0.258 seconds
[2025-07-20T06:06:35.143+0000] {processor.py:154} INFO - Started process (PID=750) to work on /home/airflow/.local/lib/python3.7/site-packages/airflow/example_dags/example_kubernetes_executor.py
[2025-07-20T06:06:35.146+0000] {processor.py:756} INFO - Processing file /home/airflow/.local/lib/python3.7/site-packages/airflow/example_dags/example_kubernetes_executor.py for tasks to queue
[2025-07-20T06:06:35.149+0000] {logging_mixin.py:120} INFO - [2025-07-20T06:06:35.149+0000] {dagbag.py:537} INFO - Filling up the DagBag from /home/airflow/.local/lib/python3.7/site-packages/airflow/example_dags/example_kubernetes_executor.py
[2025-07-20T06:06:35.239+0000] {processor.py:766} INFO - DAG(s) dict_keys(['example_kubernetes_executor']) retrieved from /home/airflow/.local/lib/python3.7/site-packages/airflow/example_dags/example_kubernetes_executor.py
[2025-07-20T06:06:35.312+0000] {logging_mixin.py:120} INFO - [2025-07-20T06:06:35.311+0000] {dag.py:2585} INFO - Sync 1 DAGs
[2025-07-20T06:06:35.375+0000] {logging_mixin.py:120} INFO - [2025-07-20T06:06:35.374+0000] {dag.py:3340} INFO - Setting next_dagrun for example_kubernetes_executor to None, run_after=None
[2025-07-20T06:06:35.411+0000] {processor.py:176} INFO - Processing /home/airflow/.local/lib/python3.7/site-packages/airflow/example_dags/example_kubernetes_executor.py took 0.277 seconds
[2025-07-20T06:07:05.730+0000] {processor.py:154} INFO - Started process (PID=803) to work on /home/airflow/.local/lib/python3.7/site-packages/airflow/example_dags/example_kubernetes_executor.py
[2025-07-20T06:07:05.732+0000] {processor.py:756} INFO - Processing file /home/airflow/.local/lib/python3.7/site-packages/airflow/example_dags/example_kubernetes_executor.py for tasks to queue
[2025-07-20T06:07:05.734+0000] {logging_mixin.py:120} INFO - [2025-07-20T06:07:05.733+0000] {dagbag.py:537} INFO - Filling up the DagBag from /home/airflow/.local/lib/python3.7/site-packages/airflow/example_dags/example_kubernetes_executor.py
[2025-07-20T06:07:05.781+0000] {processor.py:766} INFO - DAG(s) dict_keys(['example_kubernetes_executor']) retrieved from /home/airflow/.local/lib/python3.7/site-packages/airflow/example_dags/example_kubernetes_executor.py
[2025-07-20T06:07:05.862+0000] {logging_mixin.py:120} INFO - [2025-07-20T06:07:05.861+0000] {dag.py:2585} INFO - Sync 1 DAGs
[2025-07-20T06:07:05.911+0000] {logging_mixin.py:120} INFO - [2025-07-20T06:07:05.911+0000] {dag.py:3340} INFO - Setting next_dagrun for example_kubernetes_executor to None, run_after=None
[2025-07-20T06:07:05.957+0000] {processor.py:176} INFO - Processing /home/airflow/.local/lib/python3.7/site-packages/airflow/example_dags/example_kubernetes_executor.py took 0.234 seconds
[2025-07-20T06:07:36.267+0000] {processor.py:154} INFO - Started process (PID=866) to work on /home/airflow/.local/lib/python3.7/site-packages/airflow/example_dags/example_kubernetes_executor.py
[2025-07-20T06:07:36.269+0000] {processor.py:756} INFO - Processing file /home/airflow/.local/lib/python3.7/site-packages/airflow/example_dags/example_kubernetes_executor.py for tasks to queue
[2025-07-20T06:07:36.270+0000] {logging_mixin.py:120} INFO - [2025-07-20T06:07:36.270+0000] {dagbag.py:537} INFO - Filling up the DagBag from /home/airflow/.local/lib/python3.7/site-packages/airflow/example_dags/example_kubernetes_executor.py
[2025-07-20T06:07:36.326+0000] {processor.py:766} INFO - DAG(s) dict_keys(['example_kubernetes_executor']) retrieved from /home/airflow/.local/lib/python3.7/site-packages/airflow/example_dags/example_kubernetes_executor.py
[2025-07-20T06:07:36.422+0000] {logging_mixin.py:120} INFO - [2025-07-20T06:07:36.422+0000] {dag.py:2585} INFO - Sync 1 DAGs
[2025-07-20T06:07:36.476+0000] {logging_mixin.py:120} INFO - [2025-07-20T06:07:36.475+0000] {dag.py:3340} INFO - Setting next_dagrun for example_kubernetes_executor to None, run_after=None
[2025-07-20T06:07:36.520+0000] {processor.py:176} INFO - Processing /home/airflow/.local/lib/python3.7/site-packages/airflow/example_dags/example_kubernetes_executor.py took 0.263 seconds
[2025-07-20T06:08:07.223+0000] {processor.py:154} INFO - Started process (PID=919) to work on /home/airflow/.local/lib/python3.7/site-packages/airflow/example_dags/example_kubernetes_executor.py
[2025-07-20T06:08:07.230+0000] {processor.py:756} INFO - Processing file /home/airflow/.local/lib/python3.7/site-packages/airflow/example_dags/example_kubernetes_executor.py for tasks to queue
[2025-07-20T06:08:07.237+0000] {logging_mixin.py:120} INFO - [2025-07-20T06:08:07.232+0000] {dagbag.py:537} INFO - Filling up the DagBag from /home/airflow/.local/lib/python3.7/site-packages/airflow/example_dags/example_kubernetes_executor.py
[2025-07-20T06:08:07.447+0000] {processor.py:766} INFO - DAG(s) dict_keys(['example_kubernetes_executor']) retrieved from /home/airflow/.local/lib/python3.7/site-packages/airflow/example_dags/example_kubernetes_executor.py
[2025-07-20T06:08:07.810+0000] {logging_mixin.py:120} INFO - [2025-07-20T06:08:07.797+0000] {dag.py:2585} INFO - Sync 1 DAGs
[2025-07-20T06:08:08.183+0000] {logging_mixin.py:120} INFO - [2025-07-20T06:08:08.183+0000] {dag.py:3340} INFO - Setting next_dagrun for example_kubernetes_executor to None, run_after=None
[2025-07-20T06:08:08.834+0000] {processor.py:176} INFO - Processing /home/airflow/.local/lib/python3.7/site-packages/airflow/example_dags/example_kubernetes_executor.py took 1.704 seconds
[2025-07-20T06:08:39.239+0000] {processor.py:154} INFO - Started process (PID=973) to work on /home/airflow/.local/lib/python3.7/site-packages/airflow/example_dags/example_kubernetes_executor.py
[2025-07-20T06:08:39.243+0000] {processor.py:756} INFO - Processing file /home/airflow/.local/lib/python3.7/site-packages/airflow/example_dags/example_kubernetes_executor.py for tasks to queue
[2025-07-20T06:08:39.245+0000] {logging_mixin.py:120} INFO - [2025-07-20T06:08:39.245+0000] {dagbag.py:537} INFO - Filling up the DagBag from /home/airflow/.local/lib/python3.7/site-packages/airflow/example_dags/example_kubernetes_executor.py
[2025-07-20T06:08:39.300+0000] {processor.py:766} INFO - DAG(s) dict_keys(['example_kubernetes_executor']) retrieved from /home/airflow/.local/lib/python3.7/site-packages/airflow/example_dags/example_kubernetes_executor.py
[2025-07-20T06:08:39.386+0000] {logging_mixin.py:120} INFO - [2025-07-20T06:08:39.386+0000] {dag.py:2585} INFO - Sync 1 DAGs
[2025-07-20T06:08:39.435+0000] {logging_mixin.py:120} INFO - [2025-07-20T06:08:39.434+0000] {dag.py:3340} INFO - Setting next_dagrun for example_kubernetes_executor to None, run_after=None
[2025-07-20T06:08:39.488+0000] {processor.py:176} INFO - Processing /home/airflow/.local/lib/python3.7/site-packages/airflow/example_dags/example_kubernetes_executor.py took 0.257 seconds
[2025-07-20T06:09:09.979+0000] {processor.py:154} INFO - Started process (PID=1035) to work on /home/airflow/.local/lib/python3.7/site-packages/airflow/example_dags/example_kubernetes_executor.py
[2025-07-20T06:09:09.981+0000] {processor.py:756} INFO - Processing file /home/airflow/.local/lib/python3.7/site-packages/airflow/example_dags/example_kubernetes_executor.py for tasks to queue
[2025-07-20T06:09:09.991+0000] {logging_mixin.py:120} INFO - [2025-07-20T06:09:09.990+0000] {dagbag.py:537} INFO - Filling up the DagBag from /home/airflow/.local/lib/python3.7/site-packages/airflow/example_dags/example_kubernetes_executor.py
[2025-07-20T06:09:10.169+0000] {processor.py:766} INFO - DAG(s) dict_keys(['example_kubernetes_executor']) retrieved from /home/airflow/.local/lib/python3.7/site-packages/airflow/example_dags/example_kubernetes_executor.py
[2025-07-20T06:09:10.293+0000] {logging_mixin.py:120} INFO - [2025-07-20T06:09:10.293+0000] {dag.py:2585} INFO - Sync 1 DAGs
[2025-07-20T06:09:10.412+0000] {logging_mixin.py:120} INFO - [2025-07-20T06:09:10.412+0000] {dag.py:3340} INFO - Setting next_dagrun for example_kubernetes_executor to None, run_after=None
[2025-07-20T06:09:10.507+0000] {processor.py:176} INFO - Processing /home/airflow/.local/lib/python3.7/site-packages/airflow/example_dags/example_kubernetes_executor.py took 0.542 seconds
[2025-07-20T06:09:40.917+0000] {processor.py:154} INFO - Started process (PID=1087) to work on /home/airflow/.local/lib/python3.7/site-packages/airflow/example_dags/example_kubernetes_executor.py
[2025-07-20T06:09:40.919+0000] {processor.py:756} INFO - Processing file /home/airflow/.local/lib/python3.7/site-packages/airflow/example_dags/example_kubernetes_executor.py for tasks to queue
[2025-07-20T06:09:40.921+0000] {logging_mixin.py:120} INFO - [2025-07-20T06:09:40.921+0000] {dagbag.py:537} INFO - Filling up the DagBag from /home/airflow/.local/lib/python3.7/site-packages/airflow/example_dags/example_kubernetes_executor.py
[2025-07-20T06:09:40.980+0000] {processor.py:766} INFO - DAG(s) dict_keys(['example_kubernetes_executor']) retrieved from /home/airflow/.local/lib/python3.7/site-packages/airflow/example_dags/example_kubernetes_executor.py
[2025-07-20T06:09:41.058+0000] {logging_mixin.py:120} INFO - [2025-07-20T06:09:41.057+0000] {dag.py:2585} INFO - Sync 1 DAGs
[2025-07-20T06:09:41.107+0000] {logging_mixin.py:120} INFO - [2025-07-20T06:09:41.106+0000] {dag.py:3340} INFO - Setting next_dagrun for example_kubernetes_executor to None, run_after=None
[2025-07-20T06:09:41.149+0000] {processor.py:176} INFO - Processing /home/airflow/.local/lib/python3.7/site-packages/airflow/example_dags/example_kubernetes_executor.py took 0.239 seconds
[2025-07-20T06:10:11.721+0000] {processor.py:154} INFO - Started process (PID=1140) to work on /home/airflow/.local/lib/python3.7/site-packages/airflow/example_dags/example_kubernetes_executor.py
[2025-07-20T06:10:11.726+0000] {processor.py:756} INFO - Processing file /home/airflow/.local/lib/python3.7/site-packages/airflow/example_dags/example_kubernetes_executor.py for tasks to queue
[2025-07-20T06:10:11.729+0000] {logging_mixin.py:120} INFO - [2025-07-20T06:10:11.729+0000] {dagbag.py:537} INFO - Filling up the DagBag from /home/airflow/.local/lib/python3.7/site-packages/airflow/example_dags/example_kubernetes_executor.py
[2025-07-20T06:10:11.855+0000] {processor.py:766} INFO - DAG(s) dict_keys(['example_kubernetes_executor']) retrieved from /home/airflow/.local/lib/python3.7/site-packages/airflow/example_dags/example_kubernetes_executor.py
[2025-07-20T06:10:12.123+0000] {logging_mixin.py:120} INFO - [2025-07-20T06:10:12.111+0000] {dag.py:2585} INFO - Sync 1 DAGs
[2025-07-20T06:10:12.306+0000] {logging_mixin.py:120} INFO - [2025-07-20T06:10:12.305+0000] {dag.py:3340} INFO - Setting next_dagrun for example_kubernetes_executor to None, run_after=None
[2025-07-20T06:10:12.396+0000] {processor.py:176} INFO - Processing /home/airflow/.local/lib/python3.7/site-packages/airflow/example_dags/example_kubernetes_executor.py took 0.691 seconds
[2025-07-20T06:10:42.570+0000] {processor.py:154} INFO - Started process (PID=1195) to work on /home/airflow/.local/lib/python3.7/site-packages/airflow/example_dags/example_kubernetes_executor.py
[2025-07-20T06:10:42.578+0000] {processor.py:756} INFO - Processing file /home/airflow/.local/lib/python3.7/site-packages/airflow/example_dags/example_kubernetes_executor.py for tasks to queue
[2025-07-20T06:10:42.581+0000] {logging_mixin.py:120} INFO - [2025-07-20T06:10:42.580+0000] {dagbag.py:537} INFO - Filling up the DagBag from /home/airflow/.local/lib/python3.7/site-packages/airflow/example_dags/example_kubernetes_executor.py
[2025-07-20T06:10:42.709+0000] {processor.py:766} INFO - DAG(s) dict_keys(['example_kubernetes_executor']) retrieved from /home/airflow/.local/lib/python3.7/site-packages/airflow/example_dags/example_kubernetes_executor.py
[2025-07-20T06:10:42.901+0000] {logging_mixin.py:120} INFO - [2025-07-20T06:10:42.901+0000] {dag.py:2585} INFO - Sync 1 DAGs
[2025-07-20T06:10:43.036+0000] {logging_mixin.py:120} INFO - [2025-07-20T06:10:43.035+0000] {dag.py:3340} INFO - Setting next_dagrun for example_kubernetes_executor to None, run_after=None
[2025-07-20T06:10:43.130+0000] {processor.py:176} INFO - Processing /home/airflow/.local/lib/python3.7/site-packages/airflow/example_dags/example_kubernetes_executor.py took 0.569 seconds
[2025-07-20T06:11:13.239+0000] {processor.py:154} INFO - Started process (PID=1249) to work on /home/airflow/.local/lib/python3.7/site-packages/airflow/example_dags/example_kubernetes_executor.py
[2025-07-20T06:11:13.241+0000] {processor.py:756} INFO - Processing file /home/airflow/.local/lib/python3.7/site-packages/airflow/example_dags/example_kubernetes_executor.py for tasks to queue
[2025-07-20T06:11:13.243+0000] {logging_mixin.py:120} INFO - [2025-07-20T06:11:13.242+0000] {dagbag.py:537} INFO - Filling up the DagBag from /home/airflow/.local/lib/python3.7/site-packages/airflow/example_dags/example_kubernetes_executor.py
[2025-07-20T06:11:13.277+0000] {processor.py:766} INFO - DAG(s) dict_keys(['example_kubernetes_executor']) retrieved from /home/airflow/.local/lib/python3.7/site-packages/airflow/example_dags/example_kubernetes_executor.py
[2025-07-20T06:11:13.349+0000] {logging_mixin.py:120} INFO - [2025-07-20T06:11:13.349+0000] {dag.py:2585} INFO - Sync 1 DAGs
[2025-07-20T06:11:13.385+0000] {logging_mixin.py:120} INFO - [2025-07-20T06:11:13.385+0000] {dag.py:3340} INFO - Setting next_dagrun for example_kubernetes_executor to None, run_after=None
[2025-07-20T06:11:13.423+0000] {processor.py:176} INFO - Processing /home/airflow/.local/lib/python3.7/site-packages/airflow/example_dags/example_kubernetes_executor.py took 0.189 seconds
[2025-07-20T06:11:43.656+0000] {processor.py:154} INFO - Started process (PID=1310) to work on /home/airflow/.local/lib/python3.7/site-packages/airflow/example_dags/example_kubernetes_executor.py
[2025-07-20T06:11:43.658+0000] {processor.py:756} INFO - Processing file /home/airflow/.local/lib/python3.7/site-packages/airflow/example_dags/example_kubernetes_executor.py for tasks to queue
[2025-07-20T06:11:43.661+0000] {logging_mixin.py:120} INFO - [2025-07-20T06:11:43.660+0000] {dagbag.py:537} INFO - Filling up the DagBag from /home/airflow/.local/lib/python3.7/site-packages/airflow/example_dags/example_kubernetes_executor.py
[2025-07-20T06:11:43.738+0000] {processor.py:766} INFO - DAG(s) dict_keys(['example_kubernetes_executor']) retrieved from /home/airflow/.local/lib/python3.7/site-packages/airflow/example_dags/example_kubernetes_executor.py
[2025-07-20T06:11:43.894+0000] {logging_mixin.py:120} INFO - [2025-07-20T06:11:43.893+0000] {dag.py:2585} INFO - Sync 1 DAGs
[2025-07-20T06:11:43.962+0000] {logging_mixin.py:120} INFO - [2025-07-20T06:11:43.961+0000] {dag.py:3340} INFO - Setting next_dagrun for example_kubernetes_executor to None, run_after=None
[2025-07-20T06:11:44.001+0000] {processor.py:176} INFO - Processing /home/airflow/.local/lib/python3.7/site-packages/airflow/example_dags/example_kubernetes_executor.py took 0.350 seconds
[2025-07-20T06:12:14.552+0000] {processor.py:154} INFO - Started process (PID=1365) to work on /home/airflow/.local/lib/python3.7/site-packages/airflow/example_dags/example_kubernetes_executor.py
[2025-07-20T06:12:14.554+0000] {processor.py:756} INFO - Processing file /home/airflow/.local/lib/python3.7/site-packages/airflow/example_dags/example_kubernetes_executor.py for tasks to queue
[2025-07-20T06:12:14.555+0000] {logging_mixin.py:120} INFO - [2025-07-20T06:12:14.555+0000] {dagbag.py:537} INFO - Filling up the DagBag from /home/airflow/.local/lib/python3.7/site-packages/airflow/example_dags/example_kubernetes_executor.py
[2025-07-20T06:12:14.595+0000] {processor.py:766} INFO - DAG(s) dict_keys(['example_kubernetes_executor']) retrieved from /home/airflow/.local/lib/python3.7/site-packages/airflow/example_dags/example_kubernetes_executor.py
[2025-07-20T06:12:14.663+0000] {logging_mixin.py:120} INFO - [2025-07-20T06:12:14.663+0000] {dag.py:2585} INFO - Sync 1 DAGs
[2025-07-20T06:12:14.699+0000] {logging_mixin.py:120} INFO - [2025-07-20T06:12:14.699+0000] {dag.py:3340} INFO - Setting next_dagrun for example_kubernetes_executor to None, run_after=None
[2025-07-20T06:12:14.809+0000] {processor.py:176} INFO - Processing /home/airflow/.local/lib/python3.7/site-packages/airflow/example_dags/example_kubernetes_executor.py took 0.263 seconds
[2025-07-20T06:12:45.475+0000] {processor.py:154} INFO - Started process (PID=1426) to work on /home/airflow/.local/lib/python3.7/site-packages/airflow/example_dags/example_kubernetes_executor.py
[2025-07-20T06:12:45.477+0000] {processor.py:756} INFO - Processing file /home/airflow/.local/lib/python3.7/site-packages/airflow/example_dags/example_kubernetes_executor.py for tasks to queue
[2025-07-20T06:12:45.479+0000] {logging_mixin.py:120} INFO - [2025-07-20T06:12:45.479+0000] {dagbag.py:537} INFO - Filling up the DagBag from /home/airflow/.local/lib/python3.7/site-packages/airflow/example_dags/example_kubernetes_executor.py
[2025-07-20T06:12:45.524+0000] {processor.py:766} INFO - DAG(s) dict_keys(['example_kubernetes_executor']) retrieved from /home/airflow/.local/lib/python3.7/site-packages/airflow/example_dags/example_kubernetes_executor.py
[2025-07-20T06:12:45.588+0000] {logging_mixin.py:120} INFO - [2025-07-20T06:12:45.588+0000] {dag.py:2585} INFO - Sync 1 DAGs
[2025-07-20T06:12:45.626+0000] {logging_mixin.py:120} INFO - [2025-07-20T06:12:45.626+0000] {dag.py:3340} INFO - Setting next_dagrun for example_kubernetes_executor to None, run_after=None
[2025-07-20T06:12:45.667+0000] {processor.py:176} INFO - Processing /home/airflow/.local/lib/python3.7/site-packages/airflow/example_dags/example_kubernetes_executor.py took 0.197 seconds
[2025-07-20T06:13:15.946+0000] {processor.py:154} INFO - Started process (PID=1486) to work on /home/airflow/.local/lib/python3.7/site-packages/airflow/example_dags/example_kubernetes_executor.py
[2025-07-20T06:13:15.949+0000] {processor.py:756} INFO - Processing file /home/airflow/.local/lib/python3.7/site-packages/airflow/example_dags/example_kubernetes_executor.py for tasks to queue
[2025-07-20T06:13:15.950+0000] {logging_mixin.py:120} INFO - [2025-07-20T06:13:15.950+0000] {dagbag.py:537} INFO - Filling up the DagBag from /home/airflow/.local/lib/python3.7/site-packages/airflow/example_dags/example_kubernetes_executor.py
[2025-07-20T06:13:16.013+0000] {processor.py:766} INFO - DAG(s) dict_keys(['example_kubernetes_executor']) retrieved from /home/airflow/.local/lib/python3.7/site-packages/airflow/example_dags/example_kubernetes_executor.py
[2025-07-20T06:13:16.098+0000] {logging_mixin.py:120} INFO - [2025-07-20T06:13:16.098+0000] {dag.py:2585} INFO - Sync 1 DAGs
[2025-07-20T06:13:16.153+0000] {logging_mixin.py:120} INFO - [2025-07-20T06:13:16.153+0000] {dag.py:3340} INFO - Setting next_dagrun for example_kubernetes_executor to None, run_after=None
[2025-07-20T06:13:16.222+0000] {processor.py:176} INFO - Processing /home/airflow/.local/lib/python3.7/site-packages/airflow/example_dags/example_kubernetes_executor.py took 0.283 seconds
[2025-07-20T06:13:46.733+0000] {processor.py:154} INFO - Started process (PID=1542) to work on /home/airflow/.local/lib/python3.7/site-packages/airflow/example_dags/example_kubernetes_executor.py
[2025-07-20T06:13:46.735+0000] {processor.py:756} INFO - Processing file /home/airflow/.local/lib/python3.7/site-packages/airflow/example_dags/example_kubernetes_executor.py for tasks to queue
[2025-07-20T06:13:46.737+0000] {logging_mixin.py:120} INFO - [2025-07-20T06:13:46.737+0000] {dagbag.py:537} INFO - Filling up the DagBag from /home/airflow/.local/lib/python3.7/site-packages/airflow/example_dags/example_kubernetes_executor.py
[2025-07-20T06:13:46.792+0000] {processor.py:766} INFO - DAG(s) dict_keys(['example_kubernetes_executor']) retrieved from /home/airflow/.local/lib/python3.7/site-packages/airflow/example_dags/example_kubernetes_executor.py
[2025-07-20T06:13:46.891+0000] {logging_mixin.py:120} INFO - [2025-07-20T06:13:46.891+0000] {dag.py:2585} INFO - Sync 1 DAGs
[2025-07-20T06:13:46.955+0000] {logging_mixin.py:120} INFO - [2025-07-20T06:13:46.954+0000] {dag.py:3340} INFO - Setting next_dagrun for example_kubernetes_executor to None, run_after=None
[2025-07-20T06:13:47.048+0000] {processor.py:176} INFO - Processing /home/airflow/.local/lib/python3.7/site-packages/airflow/example_dags/example_kubernetes_executor.py took 0.321 seconds
[2025-07-20T06:14:17.452+0000] {processor.py:154} INFO - Started process (PID=1606) to work on /home/airflow/.local/lib/python3.7/site-packages/airflow/example_dags/example_kubernetes_executor.py
[2025-07-20T06:14:17.454+0000] {processor.py:756} INFO - Processing file /home/airflow/.local/lib/python3.7/site-packages/airflow/example_dags/example_kubernetes_executor.py for tasks to queue
[2025-07-20T06:14:17.456+0000] {logging_mixin.py:120} INFO - [2025-07-20T06:14:17.456+0000] {dagbag.py:537} INFO - Filling up the DagBag from /home/airflow/.local/lib/python3.7/site-packages/airflow/example_dags/example_kubernetes_executor.py
[2025-07-20T06:14:17.526+0000] {processor.py:766} INFO - DAG(s) dict_keys(['example_kubernetes_executor']) retrieved from /home/airflow/.local/lib/python3.7/site-packages/airflow/example_dags/example_kubernetes_executor.py
[2025-07-20T06:14:17.609+0000] {logging_mixin.py:120} INFO - [2025-07-20T06:14:17.609+0000] {dag.py:2585} INFO - Sync 1 DAGs
[2025-07-20T06:14:17.660+0000] {logging_mixin.py:120} INFO - [2025-07-20T06:14:17.660+0000] {dag.py:3340} INFO - Setting next_dagrun for example_kubernetes_executor to None, run_after=None
[2025-07-20T06:14:17.699+0000] {processor.py:176} INFO - Processing /home/airflow/.local/lib/python3.7/site-packages/airflow/example_dags/example_kubernetes_executor.py took 0.254 seconds
[2025-07-20T06:14:47.920+0000] {processor.py:154} INFO - Started process (PID=1658) to work on /home/airflow/.local/lib/python3.7/site-packages/airflow/example_dags/example_kubernetes_executor.py
[2025-07-20T06:14:47.922+0000] {processor.py:756} INFO - Processing file /home/airflow/.local/lib/python3.7/site-packages/airflow/example_dags/example_kubernetes_executor.py for tasks to queue
[2025-07-20T06:14:47.924+0000] {logging_mixin.py:120} INFO - [2025-07-20T06:14:47.924+0000] {dagbag.py:537} INFO - Filling up the DagBag from /home/airflow/.local/lib/python3.7/site-packages/airflow/example_dags/example_kubernetes_executor.py
[2025-07-20T06:14:47.983+0000] {processor.py:766} INFO - DAG(s) dict_keys(['example_kubernetes_executor']) retrieved from /home/airflow/.local/lib/python3.7/site-packages/airflow/example_dags/example_kubernetes_executor.py
[2025-07-20T06:14:48.078+0000] {logging_mixin.py:120} INFO - [2025-07-20T06:14:48.078+0000] {dag.py:2585} INFO - Sync 1 DAGs
[2025-07-20T06:14:48.161+0000] {logging_mixin.py:120} INFO - [2025-07-20T06:14:48.160+0000] {dag.py:3340} INFO - Setting next_dagrun for example_kubernetes_executor to None, run_after=None
[2025-07-20T06:14:48.232+0000] {processor.py:176} INFO - Processing /home/airflow/.local/lib/python3.7/site-packages/airflow/example_dags/example_kubernetes_executor.py took 0.320 seconds
[2025-07-20T06:15:20.096+0000] {processor.py:154} INFO - Started process (PID=1711) to work on /home/airflow/.local/lib/python3.7/site-packages/airflow/example_dags/example_kubernetes_executor.py
[2025-07-20T06:15:20.110+0000] {processor.py:756} INFO - Processing file /home/airflow/.local/lib/python3.7/site-packages/airflow/example_dags/example_kubernetes_executor.py for tasks to queue
[2025-07-20T06:15:20.112+0000] {logging_mixin.py:120} INFO - [2025-07-20T06:15:20.112+0000] {dagbag.py:537} INFO - Filling up the DagBag from /home/airflow/.local/lib/python3.7/site-packages/airflow/example_dags/example_kubernetes_executor.py
[2025-07-20T06:15:20.356+0000] {processor.py:766} INFO - DAG(s) dict_keys(['example_kubernetes_executor']) retrieved from /home/airflow/.local/lib/python3.7/site-packages/airflow/example_dags/example_kubernetes_executor.py
[2025-07-20T06:15:20.629+0000] {logging_mixin.py:120} INFO - [2025-07-20T06:15:20.629+0000] {dag.py:2585} INFO - Sync 1 DAGs
[2025-07-20T06:15:20.861+0000] {logging_mixin.py:120} INFO - [2025-07-20T06:15:20.861+0000] {dag.py:3340} INFO - Setting next_dagrun for example_kubernetes_executor to None, run_after=None
[2025-07-20T06:15:20.988+0000] {processor.py:176} INFO - Processing /home/airflow/.local/lib/python3.7/site-packages/airflow/example_dags/example_kubernetes_executor.py took 0.927 seconds
