[2025-07-20T05:59:21.020+0000] {processor.py:154} INFO - Started process (PID=103) to work on /home/airflow/.local/lib/python3.7/site-packages/airflow/example_dags/example_branch_day_of_week_operator.py
[2025-07-20T05:59:21.107+0000] {processor.py:756} INFO - Processing file /home/airflow/.local/lib/python3.7/site-packages/airflow/example_dags/example_branch_day_of_week_operator.py for tasks to queue
[2025-07-20T05:59:21.188+0000] {logging_mixin.py:120} INFO - [2025-07-20T05:59:21.187+0000] {dagbag.py:537} INFO - Filling up the DagBag from /home/airflow/.local/lib/python3.7/site-packages/airflow/example_dags/example_branch_day_of_week_operator.py
[2025-07-20T05:59:21.826+0000] {processor.py:766} INFO - DAG(s) dict_keys(['example_weekday_branch_operator']) retrieved from /home/airflow/.local/lib/python3.7/site-packages/airflow/example_dags/example_branch_day_of_week_operator.py
[2025-07-20T05:59:23.924+0000] {logging_mixin.py:120} INFO - [2025-07-20T05:59:23.923+0000] {dag.py:2585} INFO - Sync 1 DAGs
[2025-07-20T05:59:25.033+0000] {logging_mixin.py:120} INFO - [2025-07-20T05:59:25.028+0000] {dag.py:3340} INFO - Setting next_dagrun for example_weekday_branch_operator to 2025-07-19T00:00:00+00:00, run_after=2025-07-20T00:00:00+00:00
[2025-07-20T05:59:25.531+0000] {processor.py:176} INFO - Processing /home/airflow/.local/lib/python3.7/site-packages/airflow/example_dags/example_branch_day_of_week_operator.py took 4.564 seconds
[2025-07-20T06:01:34.204+0000] {processor.py:154} INFO - Started process (PID=201) to work on /home/airflow/.local/lib/python3.7/site-packages/airflow/example_dags/example_branch_day_of_week_operator.py
[2025-07-20T06:01:34.211+0000] {processor.py:756} INFO - Processing file /home/airflow/.local/lib/python3.7/site-packages/airflow/example_dags/example_branch_day_of_week_operator.py for tasks to queue
[2025-07-20T06:01:34.218+0000] {logging_mixin.py:120} INFO - [2025-07-20T06:01:34.218+0000] {dagbag.py:537} INFO - Filling up the DagBag from /home/airflow/.local/lib/python3.7/site-packages/airflow/example_dags/example_branch_day_of_week_operator.py
[2025-07-20T06:01:34.360+0000] {processor.py:766} INFO - DAG(s) dict_keys(['example_weekday_branch_operator']) retrieved from /home/airflow/.local/lib/python3.7/site-packages/airflow/example_dags/example_branch_day_of_week_operator.py
[2025-07-20T06:01:34.494+0000] {logging_mixin.py:120} INFO - [2025-07-20T06:01:34.493+0000] {dag.py:2585} INFO - Sync 1 DAGs
[2025-07-20T06:01:34.633+0000] {logging_mixin.py:120} INFO - [2025-07-20T06:01:34.633+0000] {dag.py:3340} INFO - Setting next_dagrun for example_weekday_branch_operator to 2025-07-19T00:00:00+00:00, run_after=2025-07-20T00:00:00+00:00
[2025-07-20T06:01:34.949+0000] {processor.py:176} INFO - Processing /home/airflow/.local/lib/python3.7/site-packages/airflow/example_dags/example_branch_day_of_week_operator.py took 0.758 seconds
[2025-07-20T06:02:11.707+0000] {processor.py:154} INFO - Started process (PID=255) to work on /home/airflow/.local/lib/python3.7/site-packages/airflow/example_dags/example_branch_day_of_week_operator.py
[2025-07-20T06:02:11.709+0000] {processor.py:756} INFO - Processing file /home/airflow/.local/lib/python3.7/site-packages/airflow/example_dags/example_branch_day_of_week_operator.py for tasks to queue
[2025-07-20T06:02:11.712+0000] {logging_mixin.py:120} INFO - [2025-07-20T06:02:11.712+0000] {dagbag.py:537} INFO - Filling up the DagBag from /home/airflow/.local/lib/python3.7/site-packages/airflow/example_dags/example_branch_day_of_week_operator.py
[2025-07-20T06:02:11.757+0000] {processor.py:766} INFO - DAG(s) dict_keys(['example_weekday_branch_operator']) retrieved from /home/airflow/.local/lib/python3.7/site-packages/airflow/example_dags/example_branch_day_of_week_operator.py
[2025-07-20T06:02:11.906+0000] {logging_mixin.py:120} INFO - [2025-07-20T06:02:11.905+0000] {dag.py:2585} INFO - Sync 1 DAGs
[2025-07-20T06:02:12.084+0000] {logging_mixin.py:120} INFO - [2025-07-20T06:02:12.084+0000] {dag.py:3340} INFO - Setting next_dagrun for example_weekday_branch_operator to 2025-07-19T00:00:00+00:00, run_after=2025-07-20T00:00:00+00:00
[2025-07-20T06:02:12.184+0000] {processor.py:176} INFO - Processing /home/airflow/.local/lib/python3.7/site-packages/airflow/example_dags/example_branch_day_of_week_operator.py took 0.485 seconds
[2025-07-20T06:02:42.630+0000] {processor.py:154} INFO - Started process (PID=318) to work on /home/airflow/.local/lib/python3.7/site-packages/airflow/example_dags/example_branch_day_of_week_operator.py
[2025-07-20T06:02:42.637+0000] {processor.py:756} INFO - Processing file /home/airflow/.local/lib/python3.7/site-packages/airflow/example_dags/example_branch_day_of_week_operator.py for tasks to queue
[2025-07-20T06:02:42.639+0000] {logging_mixin.py:120} INFO - [2025-07-20T06:02:42.639+0000] {dagbag.py:537} INFO - Filling up the DagBag from /home/airflow/.local/lib/python3.7/site-packages/airflow/example_dags/example_branch_day_of_week_operator.py
[2025-07-20T06:02:42.723+0000] {processor.py:766} INFO - DAG(s) dict_keys(['example_weekday_branch_operator']) retrieved from /home/airflow/.local/lib/python3.7/site-packages/airflow/example_dags/example_branch_day_of_week_operator.py
[2025-07-20T06:02:42.836+0000] {logging_mixin.py:120} INFO - [2025-07-20T06:02:42.835+0000] {dag.py:2585} INFO - Sync 1 DAGs
[2025-07-20T06:02:42.941+0000] {logging_mixin.py:120} INFO - [2025-07-20T06:02:42.941+0000] {dag.py:3340} INFO - Setting next_dagrun for example_weekday_branch_operator to 2025-07-19T00:00:00+00:00, run_after=2025-07-20T00:00:00+00:00
[2025-07-20T06:02:43.021+0000] {processor.py:176} INFO - Processing /home/airflow/.local/lib/python3.7/site-packages/airflow/example_dags/example_branch_day_of_week_operator.py took 0.405 seconds
[2025-07-20T06:03:14.337+0000] {processor.py:154} INFO - Started process (PID=372) to work on /home/airflow/.local/lib/python3.7/site-packages/airflow/example_dags/example_branch_day_of_week_operator.py
[2025-07-20T06:03:14.339+0000] {processor.py:756} INFO - Processing file /home/airflow/.local/lib/python3.7/site-packages/airflow/example_dags/example_branch_day_of_week_operator.py for tasks to queue
[2025-07-20T06:03:14.342+0000] {logging_mixin.py:120} INFO - [2025-07-20T06:03:14.342+0000] {dagbag.py:537} INFO - Filling up the DagBag from /home/airflow/.local/lib/python3.7/site-packages/airflow/example_dags/example_branch_day_of_week_operator.py
[2025-07-20T06:03:14.375+0000] {processor.py:766} INFO - DAG(s) dict_keys(['example_weekday_branch_operator']) retrieved from /home/airflow/.local/lib/python3.7/site-packages/airflow/example_dags/example_branch_day_of_week_operator.py
[2025-07-20T06:03:14.468+0000] {logging_mixin.py:120} INFO - [2025-07-20T06:03:14.468+0000] {dag.py:2585} INFO - Sync 1 DAGs
[2025-07-20T06:03:14.533+0000] {logging_mixin.py:120} INFO - [2025-07-20T06:03:14.532+0000] {dag.py:3340} INFO - Setting next_dagrun for example_weekday_branch_operator to 2025-07-19T00:00:00+00:00, run_after=2025-07-20T00:00:00+00:00
[2025-07-20T06:03:14.579+0000] {processor.py:176} INFO - Processing /home/airflow/.local/lib/python3.7/site-packages/airflow/example_dags/example_branch_day_of_week_operator.py took 0.247 seconds
[2025-07-20T06:03:47.969+0000] {processor.py:154} INFO - Started process (PID=426) to work on /home/airflow/.local/lib/python3.7/site-packages/airflow/example_dags/example_branch_day_of_week_operator.py
[2025-07-20T06:03:47.972+0000] {processor.py:756} INFO - Processing file /home/airflow/.local/lib/python3.7/site-packages/airflow/example_dags/example_branch_day_of_week_operator.py for tasks to queue
[2025-07-20T06:03:47.982+0000] {logging_mixin.py:120} INFO - [2025-07-20T06:03:47.981+0000] {dagbag.py:537} INFO - Filling up the DagBag from /home/airflow/.local/lib/python3.7/site-packages/airflow/example_dags/example_branch_day_of_week_operator.py
[2025-07-20T06:03:48.079+0000] {processor.py:766} INFO - DAG(s) dict_keys(['example_weekday_branch_operator']) retrieved from /home/airflow/.local/lib/python3.7/site-packages/airflow/example_dags/example_branch_day_of_week_operator.py
[2025-07-20T06:03:48.259+0000] {logging_mixin.py:120} INFO - [2025-07-20T06:03:48.258+0000] {dag.py:2585} INFO - Sync 1 DAGs
[2025-07-20T06:03:48.455+0000] {logging_mixin.py:120} INFO - [2025-07-20T06:03:48.454+0000] {dag.py:3340} INFO - Setting next_dagrun for example_weekday_branch_operator to 2025-07-19T00:00:00+00:00, run_after=2025-07-20T00:00:00+00:00
[2025-07-20T06:03:48.574+0000] {processor.py:176} INFO - Processing /home/airflow/.local/lib/python3.7/site-packages/airflow/example_dags/example_branch_day_of_week_operator.py took 0.613 seconds
[2025-07-20T06:04:19.275+0000] {processor.py:154} INFO - Started process (PID=480) to work on /home/airflow/.local/lib/python3.7/site-packages/airflow/example_dags/example_branch_day_of_week_operator.py
[2025-07-20T06:04:19.277+0000] {processor.py:756} INFO - Processing file /home/airflow/.local/lib/python3.7/site-packages/airflow/example_dags/example_branch_day_of_week_operator.py for tasks to queue
[2025-07-20T06:04:19.278+0000] {logging_mixin.py:120} INFO - [2025-07-20T06:04:19.278+0000] {dagbag.py:537} INFO - Filling up the DagBag from /home/airflow/.local/lib/python3.7/site-packages/airflow/example_dags/example_branch_day_of_week_operator.py
[2025-07-20T06:04:19.303+0000] {processor.py:766} INFO - DAG(s) dict_keys(['example_weekday_branch_operator']) retrieved from /home/airflow/.local/lib/python3.7/site-packages/airflow/example_dags/example_branch_day_of_week_operator.py
[2025-07-20T06:04:19.397+0000] {logging_mixin.py:120} INFO - [2025-07-20T06:04:19.396+0000] {dag.py:2585} INFO - Sync 1 DAGs
[2025-07-20T06:04:19.444+0000] {logging_mixin.py:120} INFO - [2025-07-20T06:04:19.444+0000] {dag.py:3340} INFO - Setting next_dagrun for example_weekday_branch_operator to 2025-07-19T00:00:00+00:00, run_after=2025-07-20T00:00:00+00:00
[2025-07-20T06:04:19.481+0000] {processor.py:176} INFO - Processing /home/airflow/.local/lib/python3.7/site-packages/airflow/example_dags/example_branch_day_of_week_operator.py took 0.210 seconds
[2025-07-20T06:04:50.122+0000] {processor.py:154} INFO - Started process (PID=544) to work on /home/airflow/.local/lib/python3.7/site-packages/airflow/example_dags/example_branch_day_of_week_operator.py
[2025-07-20T06:04:50.124+0000] {processor.py:756} INFO - Processing file /home/airflow/.local/lib/python3.7/site-packages/airflow/example_dags/example_branch_day_of_week_operator.py for tasks to queue
[2025-07-20T06:04:50.126+0000] {logging_mixin.py:120} INFO - [2025-07-20T06:04:50.125+0000] {dagbag.py:537} INFO - Filling up the DagBag from /home/airflow/.local/lib/python3.7/site-packages/airflow/example_dags/example_branch_day_of_week_operator.py
[2025-07-20T06:04:50.187+0000] {processor.py:766} INFO - DAG(s) dict_keys(['example_weekday_branch_operator']) retrieved from /home/airflow/.local/lib/python3.7/site-packages/airflow/example_dags/example_branch_day_of_week_operator.py
[2025-07-20T06:04:50.294+0000] {logging_mixin.py:120} INFO - [2025-07-20T06:04:50.294+0000] {dag.py:2585} INFO - Sync 1 DAGs
[2025-07-20T06:04:50.383+0000] {logging_mixin.py:120} INFO - [2025-07-20T06:04:50.379+0000] {dag.py:3340} INFO - Setting next_dagrun for example_weekday_branch_operator to 2025-07-19T00:00:00+00:00, run_after=2025-07-20T00:00:00+00:00
[2025-07-20T06:04:50.453+0000] {processor.py:176} INFO - Processing /home/airflow/.local/lib/python3.7/site-packages/airflow/example_dags/example_branch_day_of_week_operator.py took 0.342 seconds
[2025-07-20T06:05:21.183+0000] {processor.py:154} INFO - Started process (PID=607) to work on /home/airflow/.local/lib/python3.7/site-packages/airflow/example_dags/example_branch_day_of_week_operator.py
[2025-07-20T06:05:21.185+0000] {processor.py:756} INFO - Processing file /home/airflow/.local/lib/python3.7/site-packages/airflow/example_dags/example_branch_day_of_week_operator.py for tasks to queue
[2025-07-20T06:05:21.187+0000] {logging_mixin.py:120} INFO - [2025-07-20T06:05:21.186+0000] {dagbag.py:537} INFO - Filling up the DagBag from /home/airflow/.local/lib/python3.7/site-packages/airflow/example_dags/example_branch_day_of_week_operator.py
[2025-07-20T06:05:21.242+0000] {processor.py:766} INFO - DAG(s) dict_keys(['example_weekday_branch_operator']) retrieved from /home/airflow/.local/lib/python3.7/site-packages/airflow/example_dags/example_branch_day_of_week_operator.py
[2025-07-20T06:05:21.367+0000] {logging_mixin.py:120} INFO - [2025-07-20T06:05:21.366+0000] {dag.py:2585} INFO - Sync 1 DAGs
[2025-07-20T06:05:21.459+0000] {logging_mixin.py:120} INFO - [2025-07-20T06:05:21.459+0000] {dag.py:3340} INFO - Setting next_dagrun for example_weekday_branch_operator to 2025-07-19T00:00:00+00:00, run_after=2025-07-20T00:00:00+00:00
[2025-07-20T06:05:21.547+0000] {processor.py:176} INFO - Processing /home/airflow/.local/lib/python3.7/site-packages/airflow/example_dags/example_branch_day_of_week_operator.py took 0.371 seconds
[2025-07-20T06:05:52.000+0000] {processor.py:154} INFO - Started process (PID=661) to work on /home/airflow/.local/lib/python3.7/site-packages/airflow/example_dags/example_branch_day_of_week_operator.py
[2025-07-20T06:05:52.002+0000] {processor.py:756} INFO - Processing file /home/airflow/.local/lib/python3.7/site-packages/airflow/example_dags/example_branch_day_of_week_operator.py for tasks to queue
[2025-07-20T06:05:52.003+0000] {logging_mixin.py:120} INFO - [2025-07-20T06:05:52.003+0000] {dagbag.py:537} INFO - Filling up the DagBag from /home/airflow/.local/lib/python3.7/site-packages/airflow/example_dags/example_branch_day_of_week_operator.py
[2025-07-20T06:05:52.028+0000] {processor.py:766} INFO - DAG(s) dict_keys(['example_weekday_branch_operator']) retrieved from /home/airflow/.local/lib/python3.7/site-packages/airflow/example_dags/example_branch_day_of_week_operator.py
[2025-07-20T06:05:52.089+0000] {logging_mixin.py:120} INFO - [2025-07-20T06:05:52.089+0000] {dag.py:2585} INFO - Sync 1 DAGs
[2025-07-20T06:05:52.127+0000] {logging_mixin.py:120} INFO - [2025-07-20T06:05:52.127+0000] {dag.py:3340} INFO - Setting next_dagrun for example_weekday_branch_operator to 2025-07-19T00:00:00+00:00, run_after=2025-07-20T00:00:00+00:00
[2025-07-20T06:05:52.173+0000] {processor.py:176} INFO - Processing /home/airflow/.local/lib/python3.7/site-packages/airflow/example_dags/example_branch_day_of_week_operator.py took 0.179 seconds
[2025-07-20T06:06:22.895+0000] {processor.py:154} INFO - Started process (PID=724) to work on /home/airflow/.local/lib/python3.7/site-packages/airflow/example_dags/example_branch_day_of_week_operator.py
[2025-07-20T06:06:22.896+0000] {processor.py:756} INFO - Processing file /home/airflow/.local/lib/python3.7/site-packages/airflow/example_dags/example_branch_day_of_week_operator.py for tasks to queue
[2025-07-20T06:06:22.898+0000] {logging_mixin.py:120} INFO - [2025-07-20T06:06:22.897+0000] {dagbag.py:537} INFO - Filling up the DagBag from /home/airflow/.local/lib/python3.7/site-packages/airflow/example_dags/example_branch_day_of_week_operator.py
[2025-07-20T06:06:22.921+0000] {processor.py:766} INFO - DAG(s) dict_keys(['example_weekday_branch_operator']) retrieved from /home/airflow/.local/lib/python3.7/site-packages/airflow/example_dags/example_branch_day_of_week_operator.py
[2025-07-20T06:06:22.990+0000] {logging_mixin.py:120} INFO - [2025-07-20T06:06:22.990+0000] {dag.py:2585} INFO - Sync 1 DAGs
[2025-07-20T06:06:23.035+0000] {logging_mixin.py:120} INFO - [2025-07-20T06:06:23.035+0000] {dag.py:3340} INFO - Setting next_dagrun for example_weekday_branch_operator to 2025-07-19T00:00:00+00:00, run_after=2025-07-20T00:00:00+00:00
[2025-07-20T06:06:23.073+0000] {processor.py:176} INFO - Processing /home/airflow/.local/lib/python3.7/site-packages/airflow/example_dags/example_branch_day_of_week_operator.py took 0.183 seconds
[2025-07-20T06:06:53.195+0000] {processor.py:154} INFO - Started process (PID=778) to work on /home/airflow/.local/lib/python3.7/site-packages/airflow/example_dags/example_branch_day_of_week_operator.py
[2025-07-20T06:06:53.199+0000] {processor.py:756} INFO - Processing file /home/airflow/.local/lib/python3.7/site-packages/airflow/example_dags/example_branch_day_of_week_operator.py for tasks to queue
[2025-07-20T06:06:53.201+0000] {logging_mixin.py:120} INFO - [2025-07-20T06:06:53.200+0000] {dagbag.py:537} INFO - Filling up the DagBag from /home/airflow/.local/lib/python3.7/site-packages/airflow/example_dags/example_branch_day_of_week_operator.py
[2025-07-20T06:06:53.228+0000] {processor.py:766} INFO - DAG(s) dict_keys(['example_weekday_branch_operator']) retrieved from /home/airflow/.local/lib/python3.7/site-packages/airflow/example_dags/example_branch_day_of_week_operator.py
[2025-07-20T06:06:53.298+0000] {logging_mixin.py:120} INFO - [2025-07-20T06:06:53.298+0000] {dag.py:2585} INFO - Sync 1 DAGs
[2025-07-20T06:06:53.351+0000] {logging_mixin.py:120} INFO - [2025-07-20T06:06:53.351+0000] {dag.py:3340} INFO - Setting next_dagrun for example_weekday_branch_operator to 2025-07-19T00:00:00+00:00, run_after=2025-07-20T00:00:00+00:00
[2025-07-20T06:06:53.392+0000] {processor.py:176} INFO - Processing /home/airflow/.local/lib/python3.7/site-packages/airflow/example_dags/example_branch_day_of_week_operator.py took 0.203 seconds
[2025-07-20T06:07:23.590+0000] {processor.py:154} INFO - Started process (PID=840) to work on /home/airflow/.local/lib/python3.7/site-packages/airflow/example_dags/example_branch_day_of_week_operator.py
[2025-07-20T06:07:23.593+0000] {processor.py:756} INFO - Processing file /home/airflow/.local/lib/python3.7/site-packages/airflow/example_dags/example_branch_day_of_week_operator.py for tasks to queue
[2025-07-20T06:07:23.595+0000] {logging_mixin.py:120} INFO - [2025-07-20T06:07:23.595+0000] {dagbag.py:537} INFO - Filling up the DagBag from /home/airflow/.local/lib/python3.7/site-packages/airflow/example_dags/example_branch_day_of_week_operator.py
[2025-07-20T06:07:23.627+0000] {processor.py:766} INFO - DAG(s) dict_keys(['example_weekday_branch_operator']) retrieved from /home/airflow/.local/lib/python3.7/site-packages/airflow/example_dags/example_branch_day_of_week_operator.py
[2025-07-20T06:07:23.710+0000] {logging_mixin.py:120} INFO - [2025-07-20T06:07:23.710+0000] {dag.py:2585} INFO - Sync 1 DAGs
[2025-07-20T06:07:23.758+0000] {logging_mixin.py:120} INFO - [2025-07-20T06:07:23.758+0000] {dag.py:3340} INFO - Setting next_dagrun for example_weekday_branch_operator to 2025-07-19T00:00:00+00:00, run_after=2025-07-20T00:00:00+00:00
[2025-07-20T06:07:23.851+0000] {processor.py:176} INFO - Processing /home/airflow/.local/lib/python3.7/site-packages/airflow/example_dags/example_branch_day_of_week_operator.py took 0.266 seconds
[2025-07-20T06:07:54.401+0000] {processor.py:154} INFO - Started process (PID=893) to work on /home/airflow/.local/lib/python3.7/site-packages/airflow/example_dags/example_branch_day_of_week_operator.py
[2025-07-20T06:07:54.403+0000] {processor.py:756} INFO - Processing file /home/airflow/.local/lib/python3.7/site-packages/airflow/example_dags/example_branch_day_of_week_operator.py for tasks to queue
[2025-07-20T06:07:54.405+0000] {logging_mixin.py:120} INFO - [2025-07-20T06:07:54.404+0000] {dagbag.py:537} INFO - Filling up the DagBag from /home/airflow/.local/lib/python3.7/site-packages/airflow/example_dags/example_branch_day_of_week_operator.py
[2025-07-20T06:07:54.429+0000] {processor.py:766} INFO - DAG(s) dict_keys(['example_weekday_branch_operator']) retrieved from /home/airflow/.local/lib/python3.7/site-packages/airflow/example_dags/example_branch_day_of_week_operator.py
[2025-07-20T06:07:54.496+0000] {logging_mixin.py:120} INFO - [2025-07-20T06:07:54.496+0000] {dag.py:2585} INFO - Sync 1 DAGs
[2025-07-20T06:07:54.566+0000] {logging_mixin.py:120} INFO - [2025-07-20T06:07:54.566+0000] {dag.py:3340} INFO - Setting next_dagrun for example_weekday_branch_operator to 2025-07-19T00:00:00+00:00, run_after=2025-07-20T00:00:00+00:00
[2025-07-20T06:07:54.608+0000] {processor.py:176} INFO - Processing /home/airflow/.local/lib/python3.7/site-packages/airflow/example_dags/example_branch_day_of_week_operator.py took 0.214 seconds
[2025-07-20T06:08:25.157+0000] {processor.py:154} INFO - Started process (PID=947) to work on /home/airflow/.local/lib/python3.7/site-packages/airflow/example_dags/example_branch_day_of_week_operator.py
[2025-07-20T06:08:25.173+0000] {processor.py:756} INFO - Processing file /home/airflow/.local/lib/python3.7/site-packages/airflow/example_dags/example_branch_day_of_week_operator.py for tasks to queue
[2025-07-20T06:08:25.189+0000] {logging_mixin.py:120} INFO - [2025-07-20T06:08:25.189+0000] {dagbag.py:537} INFO - Filling up the DagBag from /home/airflow/.local/lib/python3.7/site-packages/airflow/example_dags/example_branch_day_of_week_operator.py
[2025-07-20T06:08:25.294+0000] {processor.py:766} INFO - DAG(s) dict_keys(['example_weekday_branch_operator']) retrieved from /home/airflow/.local/lib/python3.7/site-packages/airflow/example_dags/example_branch_day_of_week_operator.py
[2025-07-20T06:08:25.518+0000] {logging_mixin.py:120} INFO - [2025-07-20T06:08:25.518+0000] {dag.py:2585} INFO - Sync 1 DAGs
[2025-07-20T06:08:25.773+0000] {logging_mixin.py:120} INFO - [2025-07-20T06:08:25.773+0000] {dag.py:3340} INFO - Setting next_dagrun for example_weekday_branch_operator to 2025-07-19T00:00:00+00:00, run_after=2025-07-20T00:00:00+00:00
[2025-07-20T06:08:26.005+0000] {processor.py:176} INFO - Processing /home/airflow/.local/lib/python3.7/site-packages/airflow/example_dags/example_branch_day_of_week_operator.py took 0.860 seconds
[2025-07-20T06:08:56.431+0000] {processor.py:154} INFO - Started process (PID=1009) to work on /home/airflow/.local/lib/python3.7/site-packages/airflow/example_dags/example_branch_day_of_week_operator.py
[2025-07-20T06:08:56.449+0000] {processor.py:756} INFO - Processing file /home/airflow/.local/lib/python3.7/site-packages/airflow/example_dags/example_branch_day_of_week_operator.py for tasks to queue
[2025-07-20T06:08:56.451+0000] {logging_mixin.py:120} INFO - [2025-07-20T06:08:56.451+0000] {dagbag.py:537} INFO - Filling up the DagBag from /home/airflow/.local/lib/python3.7/site-packages/airflow/example_dags/example_branch_day_of_week_operator.py
[2025-07-20T06:08:56.506+0000] {processor.py:766} INFO - DAG(s) dict_keys(['example_weekday_branch_operator']) retrieved from /home/airflow/.local/lib/python3.7/site-packages/airflow/example_dags/example_branch_day_of_week_operator.py
[2025-07-20T06:08:56.741+0000] {logging_mixin.py:120} INFO - [2025-07-20T06:08:56.741+0000] {dag.py:2585} INFO - Sync 1 DAGs
[2025-07-20T06:08:56.958+0000] {logging_mixin.py:120} INFO - [2025-07-20T06:08:56.958+0000] {dag.py:3340} INFO - Setting next_dagrun for example_weekday_branch_operator to 2025-07-19T00:00:00+00:00, run_after=2025-07-20T00:00:00+00:00
[2025-07-20T06:08:57.018+0000] {processor.py:176} INFO - Processing /home/airflow/.local/lib/python3.7/site-packages/airflow/example_dags/example_branch_day_of_week_operator.py took 0.625 seconds
[2025-07-20T06:09:27.121+0000] {processor.py:154} INFO - Started process (PID=1061) to work on /home/airflow/.local/lib/python3.7/site-packages/airflow/example_dags/example_branch_day_of_week_operator.py
[2025-07-20T06:09:27.123+0000] {processor.py:756} INFO - Processing file /home/airflow/.local/lib/python3.7/site-packages/airflow/example_dags/example_branch_day_of_week_operator.py for tasks to queue
[2025-07-20T06:09:27.125+0000] {logging_mixin.py:120} INFO - [2025-07-20T06:09:27.125+0000] {dagbag.py:537} INFO - Filling up the DagBag from /home/airflow/.local/lib/python3.7/site-packages/airflow/example_dags/example_branch_day_of_week_operator.py
[2025-07-20T06:09:27.157+0000] {processor.py:766} INFO - DAG(s) dict_keys(['example_weekday_branch_operator']) retrieved from /home/airflow/.local/lib/python3.7/site-packages/airflow/example_dags/example_branch_day_of_week_operator.py
[2025-07-20T06:09:27.266+0000] {logging_mixin.py:120} INFO - [2025-07-20T06:09:27.266+0000] {dag.py:2585} INFO - Sync 1 DAGs
[2025-07-20T06:09:27.302+0000] {logging_mixin.py:120} INFO - [2025-07-20T06:09:27.302+0000] {dag.py:3340} INFO - Setting next_dagrun for example_weekday_branch_operator to 2025-07-19T00:00:00+00:00, run_after=2025-07-20T00:00:00+00:00
[2025-07-20T06:09:27.335+0000] {processor.py:176} INFO - Processing /home/airflow/.local/lib/python3.7/site-packages/airflow/example_dags/example_branch_day_of_week_operator.py took 0.219 seconds
[2025-07-20T06:09:58.175+0000] {processor.py:154} INFO - Started process (PID=1114) to work on /home/airflow/.local/lib/python3.7/site-packages/airflow/example_dags/example_branch_day_of_week_operator.py
[2025-07-20T06:09:58.177+0000] {processor.py:756} INFO - Processing file /home/airflow/.local/lib/python3.7/site-packages/airflow/example_dags/example_branch_day_of_week_operator.py for tasks to queue
[2025-07-20T06:09:58.190+0000] {logging_mixin.py:120} INFO - [2025-07-20T06:09:58.190+0000] {dagbag.py:537} INFO - Filling up the DagBag from /home/airflow/.local/lib/python3.7/site-packages/airflow/example_dags/example_branch_day_of_week_operator.py
[2025-07-20T06:09:58.341+0000] {processor.py:766} INFO - DAG(s) dict_keys(['example_weekday_branch_operator']) retrieved from /home/airflow/.local/lib/python3.7/site-packages/airflow/example_dags/example_branch_day_of_week_operator.py
[2025-07-20T06:09:58.613+0000] {logging_mixin.py:120} INFO - [2025-07-20T06:09:58.612+0000] {dag.py:2585} INFO - Sync 1 DAGs
[2025-07-20T06:09:58.728+0000] {logging_mixin.py:120} INFO - [2025-07-20T06:09:58.728+0000] {dag.py:3340} INFO - Setting next_dagrun for example_weekday_branch_operator to 2025-07-19T00:00:00+00:00, run_after=2025-07-20T00:00:00+00:00
[2025-07-20T06:09:58.817+0000] {processor.py:176} INFO - Processing /home/airflow/.local/lib/python3.7/site-packages/airflow/example_dags/example_branch_day_of_week_operator.py took 0.669 seconds
[2025-07-20T06:10:29.543+0000] {processor.py:154} INFO - Started process (PID=1168) to work on /home/airflow/.local/lib/python3.7/site-packages/airflow/example_dags/example_branch_day_of_week_operator.py
[2025-07-20T06:10:29.546+0000] {processor.py:756} INFO - Processing file /home/airflow/.local/lib/python3.7/site-packages/airflow/example_dags/example_branch_day_of_week_operator.py for tasks to queue
[2025-07-20T06:10:29.548+0000] {logging_mixin.py:120} INFO - [2025-07-20T06:10:29.548+0000] {dagbag.py:537} INFO - Filling up the DagBag from /home/airflow/.local/lib/python3.7/site-packages/airflow/example_dags/example_branch_day_of_week_operator.py
[2025-07-20T06:10:29.590+0000] {processor.py:766} INFO - DAG(s) dict_keys(['example_weekday_branch_operator']) retrieved from /home/airflow/.local/lib/python3.7/site-packages/airflow/example_dags/example_branch_day_of_week_operator.py
[2025-07-20T06:10:29.729+0000] {logging_mixin.py:120} INFO - [2025-07-20T06:10:29.729+0000] {dag.py:2585} INFO - Sync 1 DAGs
[2025-07-20T06:10:29.772+0000] {logging_mixin.py:120} INFO - [2025-07-20T06:10:29.772+0000] {dag.py:3340} INFO - Setting next_dagrun for example_weekday_branch_operator to 2025-07-19T00:00:00+00:00, run_after=2025-07-20T00:00:00+00:00
[2025-07-20T06:10:29.807+0000] {processor.py:176} INFO - Processing /home/airflow/.local/lib/python3.7/site-packages/airflow/example_dags/example_branch_day_of_week_operator.py took 0.270 seconds
[2025-07-20T06:11:00.613+0000] {processor.py:154} INFO - Started process (PID=1222) to work on /home/airflow/.local/lib/python3.7/site-packages/airflow/example_dags/example_branch_day_of_week_operator.py
[2025-07-20T06:11:00.615+0000] {processor.py:756} INFO - Processing file /home/airflow/.local/lib/python3.7/site-packages/airflow/example_dags/example_branch_day_of_week_operator.py for tasks to queue
[2025-07-20T06:11:00.617+0000] {logging_mixin.py:120} INFO - [2025-07-20T06:11:00.617+0000] {dagbag.py:537} INFO - Filling up the DagBag from /home/airflow/.local/lib/python3.7/site-packages/airflow/example_dags/example_branch_day_of_week_operator.py
[2025-07-20T06:11:00.644+0000] {processor.py:766} INFO - DAG(s) dict_keys(['example_weekday_branch_operator']) retrieved from /home/airflow/.local/lib/python3.7/site-packages/airflow/example_dags/example_branch_day_of_week_operator.py
[2025-07-20T06:11:00.712+0000] {logging_mixin.py:120} INFO - [2025-07-20T06:11:00.712+0000] {dag.py:2585} INFO - Sync 1 DAGs
[2025-07-20T06:11:00.753+0000] {logging_mixin.py:120} INFO - [2025-07-20T06:11:00.753+0000] {dag.py:3340} INFO - Setting next_dagrun for example_weekday_branch_operator to 2025-07-19T00:00:00+00:00, run_after=2025-07-20T00:00:00+00:00
[2025-07-20T06:11:00.795+0000] {processor.py:176} INFO - Processing /home/airflow/.local/lib/python3.7/site-packages/airflow/example_dags/example_branch_day_of_week_operator.py took 0.187 seconds
[2025-07-20T06:11:31.330+0000] {processor.py:154} INFO - Started process (PID=1286) to work on /home/airflow/.local/lib/python3.7/site-packages/airflow/example_dags/example_branch_day_of_week_operator.py
[2025-07-20T06:11:31.332+0000] {processor.py:756} INFO - Processing file /home/airflow/.local/lib/python3.7/site-packages/airflow/example_dags/example_branch_day_of_week_operator.py for tasks to queue
[2025-07-20T06:11:31.334+0000] {logging_mixin.py:120} INFO - [2025-07-20T06:11:31.333+0000] {dagbag.py:537} INFO - Filling up the DagBag from /home/airflow/.local/lib/python3.7/site-packages/airflow/example_dags/example_branch_day_of_week_operator.py
[2025-07-20T06:11:31.366+0000] {processor.py:766} INFO - DAG(s) dict_keys(['example_weekday_branch_operator']) retrieved from /home/airflow/.local/lib/python3.7/site-packages/airflow/example_dags/example_branch_day_of_week_operator.py
[2025-07-20T06:11:31.441+0000] {logging_mixin.py:120} INFO - [2025-07-20T06:11:31.441+0000] {dag.py:2585} INFO - Sync 1 DAGs
[2025-07-20T06:11:31.498+0000] {logging_mixin.py:120} INFO - [2025-07-20T06:11:31.498+0000] {dag.py:3340} INFO - Setting next_dagrun for example_weekday_branch_operator to 2025-07-19T00:00:00+00:00, run_after=2025-07-20T00:00:00+00:00
[2025-07-20T06:11:31.539+0000] {processor.py:176} INFO - Processing /home/airflow/.local/lib/python3.7/site-packages/airflow/example_dags/example_branch_day_of_week_operator.py took 0.215 seconds
[2025-07-20T06:12:01.831+0000] {processor.py:154} INFO - Started process (PID=1340) to work on /home/airflow/.local/lib/python3.7/site-packages/airflow/example_dags/example_branch_day_of_week_operator.py
[2025-07-20T06:12:01.833+0000] {processor.py:756} INFO - Processing file /home/airflow/.local/lib/python3.7/site-packages/airflow/example_dags/example_branch_day_of_week_operator.py for tasks to queue
[2025-07-20T06:12:01.836+0000] {logging_mixin.py:120} INFO - [2025-07-20T06:12:01.835+0000] {dagbag.py:537} INFO - Filling up the DagBag from /home/airflow/.local/lib/python3.7/site-packages/airflow/example_dags/example_branch_day_of_week_operator.py
[2025-07-20T06:12:01.893+0000] {processor.py:766} INFO - DAG(s) dict_keys(['example_weekday_branch_operator']) retrieved from /home/airflow/.local/lib/python3.7/site-packages/airflow/example_dags/example_branch_day_of_week_operator.py
[2025-07-20T06:12:01.977+0000] {logging_mixin.py:120} INFO - [2025-07-20T06:12:01.977+0000] {dag.py:2585} INFO - Sync 1 DAGs
[2025-07-20T06:12:02.038+0000] {logging_mixin.py:120} INFO - [2025-07-20T06:12:02.037+0000] {dag.py:3340} INFO - Setting next_dagrun for example_weekday_branch_operator to 2025-07-19T00:00:00+00:00, run_after=2025-07-20T00:00:00+00:00
[2025-07-20T06:12:02.084+0000] {processor.py:176} INFO - Processing /home/airflow/.local/lib/python3.7/site-packages/airflow/example_dags/example_branch_day_of_week_operator.py took 0.261 seconds
[2025-07-20T06:12:32.778+0000] {processor.py:154} INFO - Started process (PID=1401) to work on /home/airflow/.local/lib/python3.7/site-packages/airflow/example_dags/example_branch_day_of_week_operator.py
[2025-07-20T06:12:32.780+0000] {processor.py:756} INFO - Processing file /home/airflow/.local/lib/python3.7/site-packages/airflow/example_dags/example_branch_day_of_week_operator.py for tasks to queue
[2025-07-20T06:12:32.784+0000] {logging_mixin.py:120} INFO - [2025-07-20T06:12:32.784+0000] {dagbag.py:537} INFO - Filling up the DagBag from /home/airflow/.local/lib/python3.7/site-packages/airflow/example_dags/example_branch_day_of_week_operator.py
[2025-07-20T06:12:32.820+0000] {processor.py:766} INFO - DAG(s) dict_keys(['example_weekday_branch_operator']) retrieved from /home/airflow/.local/lib/python3.7/site-packages/airflow/example_dags/example_branch_day_of_week_operator.py
[2025-07-20T06:12:32.953+0000] {logging_mixin.py:120} INFO - [2025-07-20T06:12:32.953+0000] {dag.py:2585} INFO - Sync 1 DAGs
[2025-07-20T06:12:33.022+0000] {logging_mixin.py:120} INFO - [2025-07-20T06:12:33.021+0000] {dag.py:3340} INFO - Setting next_dagrun for example_weekday_branch_operator to 2025-07-19T00:00:00+00:00, run_after=2025-07-20T00:00:00+00:00
[2025-07-20T06:12:33.058+0000] {processor.py:176} INFO - Processing /home/airflow/.local/lib/python3.7/site-packages/airflow/example_dags/example_branch_day_of_week_operator.py took 0.286 seconds
[2025-07-20T06:13:03.364+0000] {processor.py:154} INFO - Started process (PID=1461) to work on /home/airflow/.local/lib/python3.7/site-packages/airflow/example_dags/example_branch_day_of_week_operator.py
[2025-07-20T06:13:03.365+0000] {processor.py:756} INFO - Processing file /home/airflow/.local/lib/python3.7/site-packages/airflow/example_dags/example_branch_day_of_week_operator.py for tasks to queue
[2025-07-20T06:13:03.368+0000] {logging_mixin.py:120} INFO - [2025-07-20T06:13:03.368+0000] {dagbag.py:537} INFO - Filling up the DagBag from /home/airflow/.local/lib/python3.7/site-packages/airflow/example_dags/example_branch_day_of_week_operator.py
[2025-07-20T06:13:03.401+0000] {processor.py:766} INFO - DAG(s) dict_keys(['example_weekday_branch_operator']) retrieved from /home/airflow/.local/lib/python3.7/site-packages/airflow/example_dags/example_branch_day_of_week_operator.py
[2025-07-20T06:13:03.497+0000] {logging_mixin.py:120} INFO - [2025-07-20T06:13:03.496+0000] {dag.py:2585} INFO - Sync 1 DAGs
[2025-07-20T06:13:03.554+0000] {logging_mixin.py:120} INFO - [2025-07-20T06:13:03.554+0000] {dag.py:3340} INFO - Setting next_dagrun for example_weekday_branch_operator to 2025-07-19T00:00:00+00:00, run_after=2025-07-20T00:00:00+00:00
[2025-07-20T06:13:03.607+0000] {processor.py:176} INFO - Processing /home/airflow/.local/lib/python3.7/site-packages/airflow/example_dags/example_branch_day_of_week_operator.py took 0.250 seconds
[2025-07-20T06:13:33.890+0000] {processor.py:154} INFO - Started process (PID=1517) to work on /home/airflow/.local/lib/python3.7/site-packages/airflow/example_dags/example_branch_day_of_week_operator.py
[2025-07-20T06:13:33.892+0000] {processor.py:756} INFO - Processing file /home/airflow/.local/lib/python3.7/site-packages/airflow/example_dags/example_branch_day_of_week_operator.py for tasks to queue
[2025-07-20T06:13:33.894+0000] {logging_mixin.py:120} INFO - [2025-07-20T06:13:33.894+0000] {dagbag.py:537} INFO - Filling up the DagBag from /home/airflow/.local/lib/python3.7/site-packages/airflow/example_dags/example_branch_day_of_week_operator.py
[2025-07-20T06:13:33.944+0000] {processor.py:766} INFO - DAG(s) dict_keys(['example_weekday_branch_operator']) retrieved from /home/airflow/.local/lib/python3.7/site-packages/airflow/example_dags/example_branch_day_of_week_operator.py
[2025-07-20T06:13:34.042+0000] {logging_mixin.py:120} INFO - [2025-07-20T06:13:34.042+0000] {dag.py:2585} INFO - Sync 1 DAGs
[2025-07-20T06:13:34.103+0000] {logging_mixin.py:120} INFO - [2025-07-20T06:13:34.103+0000] {dag.py:3340} INFO - Setting next_dagrun for example_weekday_branch_operator to 2025-07-19T00:00:00+00:00, run_after=2025-07-20T00:00:00+00:00
[2025-07-20T06:13:34.137+0000] {processor.py:176} INFO - Processing /home/airflow/.local/lib/python3.7/site-packages/airflow/example_dags/example_branch_day_of_week_operator.py took 0.254 seconds
[2025-07-20T06:14:05.247+0000] {processor.py:154} INFO - Started process (PID=1581) to work on /home/airflow/.local/lib/python3.7/site-packages/airflow/example_dags/example_branch_day_of_week_operator.py
[2025-07-20T06:14:05.249+0000] {processor.py:756} INFO - Processing file /home/airflow/.local/lib/python3.7/site-packages/airflow/example_dags/example_branch_day_of_week_operator.py for tasks to queue
[2025-07-20T06:14:05.251+0000] {logging_mixin.py:120} INFO - [2025-07-20T06:14:05.250+0000] {dagbag.py:537} INFO - Filling up the DagBag from /home/airflow/.local/lib/python3.7/site-packages/airflow/example_dags/example_branch_day_of_week_operator.py
[2025-07-20T06:14:05.285+0000] {processor.py:766} INFO - DAG(s) dict_keys(['example_weekday_branch_operator']) retrieved from /home/airflow/.local/lib/python3.7/site-packages/airflow/example_dags/example_branch_day_of_week_operator.py
[2025-07-20T06:14:05.452+0000] {logging_mixin.py:120} INFO - [2025-07-20T06:14:05.451+0000] {dag.py:2585} INFO - Sync 1 DAGs
[2025-07-20T06:14:05.517+0000] {logging_mixin.py:120} INFO - [2025-07-20T06:14:05.516+0000] {dag.py:3340} INFO - Setting next_dagrun for example_weekday_branch_operator to 2025-07-19T00:00:00+00:00, run_after=2025-07-20T00:00:00+00:00
[2025-07-20T06:14:05.559+0000] {processor.py:176} INFO - Processing /home/airflow/.local/lib/python3.7/site-packages/airflow/example_dags/example_branch_day_of_week_operator.py took 0.320 seconds
[2025-07-20T06:14:37.704+0000] {processor.py:154} INFO - Started process (PID=1635) to work on /home/airflow/.local/lib/python3.7/site-packages/airflow/example_dags/example_branch_day_of_week_operator.py
[2025-07-20T06:14:37.716+0000] {processor.py:756} INFO - Processing file /home/airflow/.local/lib/python3.7/site-packages/airflow/example_dags/example_branch_day_of_week_operator.py for tasks to queue
[2025-07-20T06:14:37.728+0000] {logging_mixin.py:120} INFO - [2025-07-20T06:14:37.727+0000] {dagbag.py:537} INFO - Filling up the DagBag from /home/airflow/.local/lib/python3.7/site-packages/airflow/example_dags/example_branch_day_of_week_operator.py
[2025-07-20T06:14:37.847+0000] {processor.py:766} INFO - DAG(s) dict_keys(['example_weekday_branch_operator']) retrieved from /home/airflow/.local/lib/python3.7/site-packages/airflow/example_dags/example_branch_day_of_week_operator.py
[2025-07-20T06:14:38.101+0000] {logging_mixin.py:120} INFO - [2025-07-20T06:14:38.101+0000] {dag.py:2585} INFO - Sync 1 DAGs
[2025-07-20T06:14:38.320+0000] {logging_mixin.py:120} INFO - [2025-07-20T06:14:38.320+0000] {dag.py:3340} INFO - Setting next_dagrun for example_weekday_branch_operator to 2025-07-19T00:00:00+00:00, run_after=2025-07-20T00:00:00+00:00
[2025-07-20T06:14:38.387+0000] {processor.py:176} INFO - Processing /home/airflow/.local/lib/python3.7/site-packages/airflow/example_dags/example_branch_day_of_week_operator.py took 0.690 seconds
[2025-07-20T06:15:09.210+0000] {processor.py:154} INFO - Started process (PID=1688) to work on /home/airflow/.local/lib/python3.7/site-packages/airflow/example_dags/example_branch_day_of_week_operator.py
[2025-07-20T06:15:09.212+0000] {processor.py:756} INFO - Processing file /home/airflow/.local/lib/python3.7/site-packages/airflow/example_dags/example_branch_day_of_week_operator.py for tasks to queue
[2025-07-20T06:15:09.214+0000] {logging_mixin.py:120} INFO - [2025-07-20T06:15:09.213+0000] {dagbag.py:537} INFO - Filling up the DagBag from /home/airflow/.local/lib/python3.7/site-packages/airflow/example_dags/example_branch_day_of_week_operator.py
[2025-07-20T06:15:09.257+0000] {processor.py:766} INFO - DAG(s) dict_keys(['example_weekday_branch_operator']) retrieved from /home/airflow/.local/lib/python3.7/site-packages/airflow/example_dags/example_branch_day_of_week_operator.py
[2025-07-20T06:15:09.431+0000] {logging_mixin.py:120} INFO - [2025-07-20T06:15:09.431+0000] {dag.py:2585} INFO - Sync 1 DAGs
[2025-07-20T06:15:09.521+0000] {logging_mixin.py:120} INFO - [2025-07-20T06:15:09.520+0000] {dag.py:3340} INFO - Setting next_dagrun for example_weekday_branch_operator to 2025-07-19T00:00:00+00:00, run_after=2025-07-20T00:00:00+00:00
[2025-07-20T06:15:09.576+0000] {processor.py:176} INFO - Processing /home/airflow/.local/lib/python3.7/site-packages/airflow/example_dags/example_branch_day_of_week_operator.py took 0.376 seconds
