[2025-07-20T05:58:19.183+0000] {processor.py:154} INFO - Started process (PID=54) to work on /home/airflow/.local/lib/python3.7/site-packages/airflow/example_dags/example_subdag_operator.py
[2025-07-20T05:58:19.187+0000] {processor.py:756} INFO - Processing file /home/airflow/.local/lib/python3.7/site-packages/airflow/example_dags/example_subdag_operator.py for tasks to queue
[2025-07-20T05:58:19.189+0000] {logging_mixin.py:120} INFO - [2025-07-20T05:58:19.189+0000] {dagbag.py:537} INFO - Filling up the DagBag from /home/airflow/.local/lib/python3.7/site-packages/airflow/example_dags/example_subdag_operator.py
[2025-07-20T05:58:19.357+0000] {processor.py:766} INFO - DAG(s) dict_keys(['example_subdag_operator.section-1', 'example_subdag_operator.section-2', 'example_subdag_operator']) retrieved from /home/airflow/.local/lib/python3.7/site-packages/airflow/example_dags/example_subdag_operator.py
[2025-07-20T05:58:20.658+0000] {logging_mixin.py:120} INFO - [2025-07-20T05:58:20.657+0000] {dag.py:2585} INFO - Sync 3 DAGs
[2025-07-20T05:58:20.820+0000] {logging_mixin.py:120} INFO - [2025-07-20T05:58:20.819+0000] {dag.py:3340} INFO - Setting next_dagrun for example_subdag_operator to 2022-01-01T00:00:00+00:00, run_after=2022-01-01T00:00:00+00:00
[2025-07-20T05:58:20.900+0000] {logging_mixin.py:120} INFO - [2025-07-20T05:58:20.899+0000] {dag.py:3340} INFO - Setting next_dagrun for example_subdag_operator.section-1 to None, run_after=None
[2025-07-20T05:58:20.932+0000] {logging_mixin.py:120} INFO - [2025-07-20T05:58:20.923+0000] {dag.py:3340} INFO - Setting next_dagrun for example_subdag_operator.section-2 to None, run_after=None
[2025-07-20T05:58:21.000+0000] {logging_mixin.py:120} INFO - [2025-07-20T05:58:21.000+0000] {dag.py:2585} INFO - Sync 2 DAGs
[2025-07-20T05:58:21.094+0000] {logging_mixin.py:120} INFO - [2025-07-20T05:58:21.093+0000] {dag.py:3340} INFO - Setting next_dagrun for example_subdag_operator.section-1 to None, run_after=None
[2025-07-20T05:58:21.097+0000] {logging_mixin.py:120} INFO - [2025-07-20T05:58:21.096+0000] {dag.py:3340} INFO - Setting next_dagrun for example_subdag_operator.section-2 to None, run_after=None
[2025-07-20T05:58:21.254+0000] {processor.py:176} INFO - Processing /home/airflow/.local/lib/python3.7/site-packages/airflow/example_dags/example_subdag_operator.py took 2.083 seconds
[2025-07-20T06:00:09.697+0000] {processor.py:154} INFO - Started process (PID=136) to work on /home/airflow/.local/lib/python3.7/site-packages/airflow/example_dags/example_subdag_operator.py
[2025-07-20T06:00:09.711+0000] {processor.py:756} INFO - Processing file /home/airflow/.local/lib/python3.7/site-packages/airflow/example_dags/example_subdag_operator.py for tasks to queue
[2025-07-20T06:00:09.758+0000] {logging_mixin.py:120} INFO - [2025-07-20T06:00:09.734+0000] {dagbag.py:537} INFO - Filling up the DagBag from /home/airflow/.local/lib/python3.7/site-packages/airflow/example_dags/example_subdag_operator.py
[2025-07-20T06:00:13.764+0000] {processor.py:766} INFO - DAG(s) dict_keys(['example_subdag_operator.section-1', 'example_subdag_operator.section-2', 'example_subdag_operator']) retrieved from /home/airflow/.local/lib/python3.7/site-packages/airflow/example_dags/example_subdag_operator.py
[2025-07-20T06:00:17.256+0000] {logging_mixin.py:120} INFO - [2025-07-20T06:00:17.256+0000] {dag.py:2585} INFO - Sync 3 DAGs
[2025-07-20T06:00:20.167+0000] {logging_mixin.py:120} INFO - [2025-07-20T06:00:20.166+0000] {dag.py:3340} INFO - Setting next_dagrun for example_subdag_operator to 2022-01-01T00:00:00+00:00, run_after=2022-01-01T00:00:00+00:00
[2025-07-20T06:00:20.349+0000] {logging_mixin.py:120} INFO - [2025-07-20T06:00:20.349+0000] {dag.py:3340} INFO - Setting next_dagrun for example_subdag_operator.section-1 to None, run_after=None
[2025-07-20T06:00:20.416+0000] {logging_mixin.py:120} INFO - [2025-07-20T06:00:20.416+0000] {dag.py:3340} INFO - Setting next_dagrun for example_subdag_operator.section-2 to None, run_after=None
[2025-07-20T06:00:21.520+0000] {logging_mixin.py:120} INFO - [2025-07-20T06:00:21.519+0000] {dag.py:2585} INFO - Sync 2 DAGs
[2025-07-20T06:00:22.796+0000] {logging_mixin.py:120} INFO - [2025-07-20T06:00:22.795+0000] {dag.py:3340} INFO - Setting next_dagrun for example_subdag_operator.section-1 to None, run_after=None
[2025-07-20T06:00:22.839+0000] {logging_mixin.py:120} INFO - [2025-07-20T06:00:22.839+0000] {dag.py:3340} INFO - Setting next_dagrun for example_subdag_operator.section-2 to None, run_after=None
[2025-07-20T06:00:24.102+0000] {processor.py:176} INFO - Processing /home/airflow/.local/lib/python3.7/site-packages/airflow/example_dags/example_subdag_operator.py took 14.484 seconds
[2025-07-20T06:01:22.511+0000] {processor.py:154} INFO - Started process (PID=194) to work on /home/airflow/.local/lib/python3.7/site-packages/airflow/example_dags/example_subdag_operator.py
[2025-07-20T06:01:22.535+0000] {processor.py:756} INFO - Processing file /home/airflow/.local/lib/python3.7/site-packages/airflow/example_dags/example_subdag_operator.py for tasks to queue
[2025-07-20T06:01:22.540+0000] {logging_mixin.py:120} INFO - [2025-07-20T06:01:22.540+0000] {dagbag.py:537} INFO - Filling up the DagBag from /home/airflow/.local/lib/python3.7/site-packages/airflow/example_dags/example_subdag_operator.py
[2025-07-20T06:01:22.981+0000] {processor.py:766} INFO - DAG(s) dict_keys(['example_subdag_operator.section-1', 'example_subdag_operator.section-2', 'example_subdag_operator']) retrieved from /home/airflow/.local/lib/python3.7/site-packages/airflow/example_dags/example_subdag_operator.py
[2025-07-20T06:01:27.411+0000] {logging_mixin.py:120} INFO - [2025-07-20T06:01:27.410+0000] {dag.py:2585} INFO - Sync 3 DAGs
[2025-07-20T06:01:28.229+0000] {logging_mixin.py:120} INFO - [2025-07-20T06:01:28.229+0000] {dag.py:3340} INFO - Setting next_dagrun for example_subdag_operator to 2022-01-01T00:00:00+00:00, run_after=2022-01-01T00:00:00+00:00
[2025-07-20T06:01:28.308+0000] {logging_mixin.py:120} INFO - [2025-07-20T06:01:28.308+0000] {dag.py:3340} INFO - Setting next_dagrun for example_subdag_operator.section-1 to None, run_after=None
[2025-07-20T06:01:28.325+0000] {logging_mixin.py:120} INFO - [2025-07-20T06:01:28.325+0000] {dag.py:3340} INFO - Setting next_dagrun for example_subdag_operator.section-2 to None, run_after=None
[2025-07-20T06:01:28.622+0000] {logging_mixin.py:120} INFO - [2025-07-20T06:01:28.621+0000] {dag.py:2585} INFO - Sync 2 DAGs
[2025-07-20T06:01:28.838+0000] {logging_mixin.py:120} INFO - [2025-07-20T06:01:28.837+0000] {dag.py:3340} INFO - Setting next_dagrun for example_subdag_operator.section-1 to None, run_after=None
[2025-07-20T06:01:28.893+0000] {logging_mixin.py:120} INFO - [2025-07-20T06:01:28.893+0000] {dag.py:3340} INFO - Setting next_dagrun for example_subdag_operator.section-2 to None, run_after=None
[2025-07-20T06:01:29.166+0000] {processor.py:176} INFO - Processing /home/airflow/.local/lib/python3.7/site-packages/airflow/example_dags/example_subdag_operator.py took 6.709 seconds
[2025-07-20T06:02:09.151+0000] {processor.py:154} INFO - Started process (PID=248) to work on /home/airflow/.local/lib/python3.7/site-packages/airflow/example_dags/example_subdag_operator.py
[2025-07-20T06:02:09.166+0000] {processor.py:756} INFO - Processing file /home/airflow/.local/lib/python3.7/site-packages/airflow/example_dags/example_subdag_operator.py for tasks to queue
[2025-07-20T06:02:09.168+0000] {logging_mixin.py:120} INFO - [2025-07-20T06:02:09.167+0000] {dagbag.py:537} INFO - Filling up the DagBag from /home/airflow/.local/lib/python3.7/site-packages/airflow/example_dags/example_subdag_operator.py
[2025-07-20T06:02:09.451+0000] {processor.py:766} INFO - DAG(s) dict_keys(['example_subdag_operator.section-1', 'example_subdag_operator.section-2', 'example_subdag_operator']) retrieved from /home/airflow/.local/lib/python3.7/site-packages/airflow/example_dags/example_subdag_operator.py
[2025-07-20T06:02:10.611+0000] {logging_mixin.py:120} INFO - [2025-07-20T06:02:10.611+0000] {dag.py:2585} INFO - Sync 3 DAGs
[2025-07-20T06:02:10.729+0000] {logging_mixin.py:120} INFO - [2025-07-20T06:02:10.729+0000] {dag.py:3340} INFO - Setting next_dagrun for example_subdag_operator to 2022-01-01T00:00:00+00:00, run_after=2022-01-01T00:00:00+00:00
[2025-07-20T06:02:10.743+0000] {logging_mixin.py:120} INFO - [2025-07-20T06:02:10.742+0000] {dag.py:3340} INFO - Setting next_dagrun for example_subdag_operator.section-1 to None, run_after=None
[2025-07-20T06:02:10.748+0000] {logging_mixin.py:120} INFO - [2025-07-20T06:02:10.747+0000] {dag.py:3340} INFO - Setting next_dagrun for example_subdag_operator.section-2 to None, run_after=None
[2025-07-20T06:02:10.784+0000] {logging_mixin.py:120} INFO - [2025-07-20T06:02:10.783+0000] {dag.py:2585} INFO - Sync 2 DAGs
[2025-07-20T06:02:10.798+0000] {logging_mixin.py:120} INFO - [2025-07-20T06:02:10.798+0000] {dag.py:3340} INFO - Setting next_dagrun for example_subdag_operator.section-1 to None, run_after=None
[2025-07-20T06:02:10.800+0000] {logging_mixin.py:120} INFO - [2025-07-20T06:02:10.799+0000] {dag.py:3340} INFO - Setting next_dagrun for example_subdag_operator.section-2 to None, run_after=None
[2025-07-20T06:02:10.833+0000] {processor.py:176} INFO - Processing /home/airflow/.local/lib/python3.7/site-packages/airflow/example_dags/example_subdag_operator.py took 1.701 seconds
[2025-07-20T06:02:41.092+0000] {processor.py:154} INFO - Started process (PID=309) to work on /home/airflow/.local/lib/python3.7/site-packages/airflow/example_dags/example_subdag_operator.py
[2025-07-20T06:02:41.094+0000] {processor.py:756} INFO - Processing file /home/airflow/.local/lib/python3.7/site-packages/airflow/example_dags/example_subdag_operator.py for tasks to queue
[2025-07-20T06:02:41.096+0000] {logging_mixin.py:120} INFO - [2025-07-20T06:02:41.096+0000] {dagbag.py:537} INFO - Filling up the DagBag from /home/airflow/.local/lib/python3.7/site-packages/airflow/example_dags/example_subdag_operator.py
[2025-07-20T06:02:41.167+0000] {processor.py:766} INFO - DAG(s) dict_keys(['example_subdag_operator.section-1', 'example_subdag_operator.section-2', 'example_subdag_operator']) retrieved from /home/airflow/.local/lib/python3.7/site-packages/airflow/example_dags/example_subdag_operator.py
[2025-07-20T06:02:41.664+0000] {logging_mixin.py:120} INFO - [2025-07-20T06:02:41.664+0000] {dag.py:2585} INFO - Sync 3 DAGs
[2025-07-20T06:02:41.813+0000] {logging_mixin.py:120} INFO - [2025-07-20T06:02:41.812+0000] {dag.py:3340} INFO - Setting next_dagrun for example_subdag_operator to 2022-01-01T00:00:00+00:00, run_after=2022-01-01T00:00:00+00:00
[2025-07-20T06:02:41.823+0000] {logging_mixin.py:120} INFO - [2025-07-20T06:02:41.823+0000] {dag.py:3340} INFO - Setting next_dagrun for example_subdag_operator.section-1 to None, run_after=None
[2025-07-20T06:02:41.829+0000] {logging_mixin.py:120} INFO - [2025-07-20T06:02:41.829+0000] {dag.py:3340} INFO - Setting next_dagrun for example_subdag_operator.section-2 to None, run_after=None
[2025-07-20T06:02:41.857+0000] {logging_mixin.py:120} INFO - [2025-07-20T06:02:41.856+0000] {dag.py:2585} INFO - Sync 2 DAGs
[2025-07-20T06:02:41.875+0000] {logging_mixin.py:120} INFO - [2025-07-20T06:02:41.875+0000] {dag.py:3340} INFO - Setting next_dagrun for example_subdag_operator.section-1 to None, run_after=None
[2025-07-20T06:02:41.876+0000] {logging_mixin.py:120} INFO - [2025-07-20T06:02:41.876+0000] {dag.py:3340} INFO - Setting next_dagrun for example_subdag_operator.section-2 to None, run_after=None
[2025-07-20T06:02:41.905+0000] {processor.py:176} INFO - Processing /home/airflow/.local/lib/python3.7/site-packages/airflow/example_dags/example_subdag_operator.py took 0.821 seconds
[2025-07-20T06:03:12.461+0000] {processor.py:154} INFO - Started process (PID=367) to work on /home/airflow/.local/lib/python3.7/site-packages/airflow/example_dags/example_subdag_operator.py
[2025-07-20T06:03:12.464+0000] {processor.py:756} INFO - Processing file /home/airflow/.local/lib/python3.7/site-packages/airflow/example_dags/example_subdag_operator.py for tasks to queue
[2025-07-20T06:03:12.467+0000] {logging_mixin.py:120} INFO - [2025-07-20T06:03:12.466+0000] {dagbag.py:537} INFO - Filling up the DagBag from /home/airflow/.local/lib/python3.7/site-packages/airflow/example_dags/example_subdag_operator.py
[2025-07-20T06:03:12.542+0000] {processor.py:766} INFO - DAG(s) dict_keys(['example_subdag_operator.section-1', 'example_subdag_operator.section-2', 'example_subdag_operator']) retrieved from /home/airflow/.local/lib/python3.7/site-packages/airflow/example_dags/example_subdag_operator.py
[2025-07-20T06:03:13.548+0000] {logging_mixin.py:120} INFO - [2025-07-20T06:03:13.547+0000] {dag.py:2585} INFO - Sync 3 DAGs
[2025-07-20T06:03:13.668+0000] {logging_mixin.py:120} INFO - [2025-07-20T06:03:13.667+0000] {dag.py:3340} INFO - Setting next_dagrun for example_subdag_operator to 2022-01-01T00:00:00+00:00, run_after=2022-01-01T00:00:00+00:00
[2025-07-20T06:03:13.684+0000] {logging_mixin.py:120} INFO - [2025-07-20T06:03:13.683+0000] {dag.py:3340} INFO - Setting next_dagrun for example_subdag_operator.section-1 to None, run_after=None
[2025-07-20T06:03:13.696+0000] {logging_mixin.py:120} INFO - [2025-07-20T06:03:13.695+0000] {dag.py:3340} INFO - Setting next_dagrun for example_subdag_operator.section-2 to None, run_after=None
[2025-07-20T06:03:13.732+0000] {logging_mixin.py:120} INFO - [2025-07-20T06:03:13.731+0000] {dag.py:2585} INFO - Sync 2 DAGs
[2025-07-20T06:03:13.748+0000] {logging_mixin.py:120} INFO - [2025-07-20T06:03:13.747+0000] {dag.py:3340} INFO - Setting next_dagrun for example_subdag_operator.section-1 to None, run_after=None
[2025-07-20T06:03:13.750+0000] {logging_mixin.py:120} INFO - [2025-07-20T06:03:13.750+0000] {dag.py:3340} INFO - Setting next_dagrun for example_subdag_operator.section-2 to None, run_after=None
[2025-07-20T06:03:13.798+0000] {processor.py:176} INFO - Processing /home/airflow/.local/lib/python3.7/site-packages/airflow/example_dags/example_subdag_operator.py took 1.343 seconds
[2025-07-20T06:03:46.051+0000] {processor.py:154} INFO - Started process (PID=421) to work on /home/airflow/.local/lib/python3.7/site-packages/airflow/example_dags/example_subdag_operator.py
[2025-07-20T06:03:46.055+0000] {processor.py:756} INFO - Processing file /home/airflow/.local/lib/python3.7/site-packages/airflow/example_dags/example_subdag_operator.py for tasks to queue
[2025-07-20T06:03:46.059+0000] {logging_mixin.py:120} INFO - [2025-07-20T06:03:46.058+0000] {dagbag.py:537} INFO - Filling up the DagBag from /home/airflow/.local/lib/python3.7/site-packages/airflow/example_dags/example_subdag_operator.py
[2025-07-20T06:03:46.162+0000] {processor.py:766} INFO - DAG(s) dict_keys(['example_subdag_operator.section-1', 'example_subdag_operator.section-2', 'example_subdag_operator']) retrieved from /home/airflow/.local/lib/python3.7/site-packages/airflow/example_dags/example_subdag_operator.py
[2025-07-20T06:03:47.109+0000] {logging_mixin.py:120} INFO - [2025-07-20T06:03:47.109+0000] {dag.py:2585} INFO - Sync 3 DAGs
[2025-07-20T06:03:47.315+0000] {logging_mixin.py:120} INFO - [2025-07-20T06:03:47.315+0000] {dag.py:3340} INFO - Setting next_dagrun for example_subdag_operator to 2022-01-01T00:00:00+00:00, run_after=2022-01-01T00:00:00+00:00
[2025-07-20T06:03:47.327+0000] {logging_mixin.py:120} INFO - [2025-07-20T06:03:47.327+0000] {dag.py:3340} INFO - Setting next_dagrun for example_subdag_operator.section-1 to None, run_after=None
[2025-07-20T06:03:47.332+0000] {logging_mixin.py:120} INFO - [2025-07-20T06:03:47.331+0000] {dag.py:3340} INFO - Setting next_dagrun for example_subdag_operator.section-2 to None, run_after=None
[2025-07-20T06:03:47.365+0000] {logging_mixin.py:120} INFO - [2025-07-20T06:03:47.365+0000] {dag.py:2585} INFO - Sync 2 DAGs
[2025-07-20T06:03:47.385+0000] {logging_mixin.py:120} INFO - [2025-07-20T06:03:47.385+0000] {dag.py:3340} INFO - Setting next_dagrun for example_subdag_operator.section-1 to None, run_after=None
[2025-07-20T06:03:47.387+0000] {logging_mixin.py:120} INFO - [2025-07-20T06:03:47.386+0000] {dag.py:3340} INFO - Setting next_dagrun for example_subdag_operator.section-2 to None, run_after=None
[2025-07-20T06:03:47.428+0000] {processor.py:176} INFO - Processing /home/airflow/.local/lib/python3.7/site-packages/airflow/example_dags/example_subdag_operator.py took 1.389 seconds
[2025-07-20T06:04:17.736+0000] {processor.py:154} INFO - Started process (PID=476) to work on /home/airflow/.local/lib/python3.7/site-packages/airflow/example_dags/example_subdag_operator.py
[2025-07-20T06:04:17.738+0000] {processor.py:756} INFO - Processing file /home/airflow/.local/lib/python3.7/site-packages/airflow/example_dags/example_subdag_operator.py for tasks to queue
[2025-07-20T06:04:17.741+0000] {logging_mixin.py:120} INFO - [2025-07-20T06:04:17.740+0000] {dagbag.py:537} INFO - Filling up the DagBag from /home/airflow/.local/lib/python3.7/site-packages/airflow/example_dags/example_subdag_operator.py
[2025-07-20T06:04:17.804+0000] {processor.py:766} INFO - DAG(s) dict_keys(['example_subdag_operator.section-1', 'example_subdag_operator.section-2', 'example_subdag_operator']) retrieved from /home/airflow/.local/lib/python3.7/site-packages/airflow/example_dags/example_subdag_operator.py
[2025-07-20T06:04:18.064+0000] {logging_mixin.py:120} INFO - [2025-07-20T06:04:18.063+0000] {dag.py:2585} INFO - Sync 3 DAGs
[2025-07-20T06:04:18.102+0000] {logging_mixin.py:120} INFO - [2025-07-20T06:04:18.102+0000] {dag.py:3340} INFO - Setting next_dagrun for example_subdag_operator to 2022-01-01T00:00:00+00:00, run_after=2022-01-01T00:00:00+00:00
[2025-07-20T06:04:18.109+0000] {logging_mixin.py:120} INFO - [2025-07-20T06:04:18.109+0000] {dag.py:3340} INFO - Setting next_dagrun for example_subdag_operator.section-1 to None, run_after=None
[2025-07-20T06:04:18.112+0000] {logging_mixin.py:120} INFO - [2025-07-20T06:04:18.112+0000] {dag.py:3340} INFO - Setting next_dagrun for example_subdag_operator.section-2 to None, run_after=None
[2025-07-20T06:04:18.128+0000] {logging_mixin.py:120} INFO - [2025-07-20T06:04:18.127+0000] {dag.py:2585} INFO - Sync 2 DAGs
[2025-07-20T06:04:18.140+0000] {logging_mixin.py:120} INFO - [2025-07-20T06:04:18.139+0000] {dag.py:3340} INFO - Setting next_dagrun for example_subdag_operator.section-1 to None, run_after=None
[2025-07-20T06:04:18.141+0000] {logging_mixin.py:120} INFO - [2025-07-20T06:04:18.141+0000] {dag.py:3340} INFO - Setting next_dagrun for example_subdag_operator.section-2 to None, run_after=None
[2025-07-20T06:04:18.165+0000] {processor.py:176} INFO - Processing /home/airflow/.local/lib/python3.7/site-packages/airflow/example_dags/example_subdag_operator.py took 0.434 seconds
[2025-07-20T06:04:48.302+0000] {processor.py:154} INFO - Started process (PID=540) to work on /home/airflow/.local/lib/python3.7/site-packages/airflow/example_dags/example_subdag_operator.py
[2025-07-20T06:04:48.305+0000] {processor.py:756} INFO - Processing file /home/airflow/.local/lib/python3.7/site-packages/airflow/example_dags/example_subdag_operator.py for tasks to queue
[2025-07-20T06:04:48.308+0000] {logging_mixin.py:120} INFO - [2025-07-20T06:04:48.307+0000] {dagbag.py:537} INFO - Filling up the DagBag from /home/airflow/.local/lib/python3.7/site-packages/airflow/example_dags/example_subdag_operator.py
[2025-07-20T06:04:48.386+0000] {processor.py:766} INFO - DAG(s) dict_keys(['example_subdag_operator.section-1', 'example_subdag_operator.section-2', 'example_subdag_operator']) retrieved from /home/airflow/.local/lib/python3.7/site-packages/airflow/example_dags/example_subdag_operator.py
[2025-07-20T06:04:48.844+0000] {logging_mixin.py:120} INFO - [2025-07-20T06:04:48.844+0000] {dag.py:2585} INFO - Sync 3 DAGs
[2025-07-20T06:04:48.900+0000] {logging_mixin.py:120} INFO - [2025-07-20T06:04:48.900+0000] {dag.py:3340} INFO - Setting next_dagrun for example_subdag_operator to 2022-01-01T00:00:00+00:00, run_after=2022-01-01T00:00:00+00:00
[2025-07-20T06:04:48.908+0000] {logging_mixin.py:120} INFO - [2025-07-20T06:04:48.908+0000] {dag.py:3340} INFO - Setting next_dagrun for example_subdag_operator.section-1 to None, run_after=None
[2025-07-20T06:04:48.912+0000] {logging_mixin.py:120} INFO - [2025-07-20T06:04:48.911+0000] {dag.py:3340} INFO - Setting next_dagrun for example_subdag_operator.section-2 to None, run_after=None
[2025-07-20T06:04:48.932+0000] {logging_mixin.py:120} INFO - [2025-07-20T06:04:48.932+0000] {dag.py:2585} INFO - Sync 2 DAGs
[2025-07-20T06:04:48.955+0000] {logging_mixin.py:120} INFO - [2025-07-20T06:04:48.954+0000] {dag.py:3340} INFO - Setting next_dagrun for example_subdag_operator.section-1 to None, run_after=None
[2025-07-20T06:04:48.956+0000] {logging_mixin.py:120} INFO - [2025-07-20T06:04:48.956+0000] {dag.py:3340} INFO - Setting next_dagrun for example_subdag_operator.section-2 to None, run_after=None
[2025-07-20T06:04:49.000+0000] {processor.py:176} INFO - Processing /home/airflow/.local/lib/python3.7/site-packages/airflow/example_dags/example_subdag_operator.py took 0.706 seconds
[2025-07-20T06:05:19.175+0000] {processor.py:154} INFO - Started process (PID=595) to work on /home/airflow/.local/lib/python3.7/site-packages/airflow/example_dags/example_subdag_operator.py
[2025-07-20T06:05:19.178+0000] {processor.py:756} INFO - Processing file /home/airflow/.local/lib/python3.7/site-packages/airflow/example_dags/example_subdag_operator.py for tasks to queue
[2025-07-20T06:05:19.184+0000] {logging_mixin.py:120} INFO - [2025-07-20T06:05:19.184+0000] {dagbag.py:537} INFO - Filling up the DagBag from /home/airflow/.local/lib/python3.7/site-packages/airflow/example_dags/example_subdag_operator.py
[2025-07-20T06:05:19.367+0000] {processor.py:766} INFO - DAG(s) dict_keys(['example_subdag_operator.section-1', 'example_subdag_operator.section-2', 'example_subdag_operator']) retrieved from /home/airflow/.local/lib/python3.7/site-packages/airflow/example_dags/example_subdag_operator.py
[2025-07-20T06:05:19.956+0000] {logging_mixin.py:120} INFO - [2025-07-20T06:05:19.955+0000] {dag.py:2585} INFO - Sync 3 DAGs
[2025-07-20T06:05:20.015+0000] {logging_mixin.py:120} INFO - [2025-07-20T06:05:20.015+0000] {dag.py:3340} INFO - Setting next_dagrun for example_subdag_operator to 2022-01-01T00:00:00+00:00, run_after=2022-01-01T00:00:00+00:00
[2025-07-20T06:05:20.032+0000] {logging_mixin.py:120} INFO - [2025-07-20T06:05:20.032+0000] {dag.py:3340} INFO - Setting next_dagrun for example_subdag_operator.section-1 to None, run_after=None
[2025-07-20T06:05:20.041+0000] {logging_mixin.py:120} INFO - [2025-07-20T06:05:20.041+0000] {dag.py:3340} INFO - Setting next_dagrun for example_subdag_operator.section-2 to None, run_after=None
[2025-07-20T06:05:20.074+0000] {logging_mixin.py:120} INFO - [2025-07-20T06:05:20.073+0000] {dag.py:2585} INFO - Sync 2 DAGs
[2025-07-20T06:05:20.094+0000] {logging_mixin.py:120} INFO - [2025-07-20T06:05:20.093+0000] {dag.py:3340} INFO - Setting next_dagrun for example_subdag_operator.section-1 to None, run_after=None
[2025-07-20T06:05:20.095+0000] {logging_mixin.py:120} INFO - [2025-07-20T06:05:20.095+0000] {dag.py:3340} INFO - Setting next_dagrun for example_subdag_operator.section-2 to None, run_after=None
[2025-07-20T06:05:20.124+0000] {processor.py:176} INFO - Processing /home/airflow/.local/lib/python3.7/site-packages/airflow/example_dags/example_subdag_operator.py took 0.955 seconds
[2025-07-20T06:05:50.711+0000] {processor.py:154} INFO - Started process (PID=659) to work on /home/airflow/.local/lib/python3.7/site-packages/airflow/example_dags/example_subdag_operator.py
[2025-07-20T06:05:50.714+0000] {processor.py:756} INFO - Processing file /home/airflow/.local/lib/python3.7/site-packages/airflow/example_dags/example_subdag_operator.py for tasks to queue
[2025-07-20T06:05:50.715+0000] {logging_mixin.py:120} INFO - [2025-07-20T06:05:50.715+0000] {dagbag.py:537} INFO - Filling up the DagBag from /home/airflow/.local/lib/python3.7/site-packages/airflow/example_dags/example_subdag_operator.py
[2025-07-20T06:05:50.770+0000] {processor.py:766} INFO - DAG(s) dict_keys(['example_subdag_operator.section-1', 'example_subdag_operator.section-2', 'example_subdag_operator']) retrieved from /home/airflow/.local/lib/python3.7/site-packages/airflow/example_dags/example_subdag_operator.py
[2025-07-20T06:05:51.023+0000] {logging_mixin.py:120} INFO - [2025-07-20T06:05:51.023+0000] {dag.py:2585} INFO - Sync 3 DAGs
[2025-07-20T06:05:51.054+0000] {logging_mixin.py:120} INFO - [2025-07-20T06:05:51.054+0000] {dag.py:3340} INFO - Setting next_dagrun for example_subdag_operator to 2022-01-01T00:00:00+00:00, run_after=2022-01-01T00:00:00+00:00
[2025-07-20T06:05:51.059+0000] {logging_mixin.py:120} INFO - [2025-07-20T06:05:51.059+0000] {dag.py:3340} INFO - Setting next_dagrun for example_subdag_operator.section-1 to None, run_after=None
[2025-07-20T06:05:51.062+0000] {logging_mixin.py:120} INFO - [2025-07-20T06:05:51.062+0000] {dag.py:3340} INFO - Setting next_dagrun for example_subdag_operator.section-2 to None, run_after=None
[2025-07-20T06:05:51.072+0000] {logging_mixin.py:120} INFO - [2025-07-20T06:05:51.072+0000] {dag.py:2585} INFO - Sync 2 DAGs
[2025-07-20T06:05:51.079+0000] {logging_mixin.py:120} INFO - [2025-07-20T06:05:51.079+0000] {dag.py:3340} INFO - Setting next_dagrun for example_subdag_operator.section-1 to None, run_after=None
[2025-07-20T06:05:51.080+0000] {logging_mixin.py:120} INFO - [2025-07-20T06:05:51.080+0000] {dag.py:3340} INFO - Setting next_dagrun for example_subdag_operator.section-2 to None, run_after=None
[2025-07-20T06:05:51.094+0000] {processor.py:176} INFO - Processing /home/airflow/.local/lib/python3.7/site-packages/airflow/example_dags/example_subdag_operator.py took 0.388 seconds
[2025-07-20T06:06:21.615+0000] {processor.py:154} INFO - Started process (PID=722) to work on /home/airflow/.local/lib/python3.7/site-packages/airflow/example_dags/example_subdag_operator.py
[2025-07-20T06:06:21.617+0000] {processor.py:756} INFO - Processing file /home/airflow/.local/lib/python3.7/site-packages/airflow/example_dags/example_subdag_operator.py for tasks to queue
[2025-07-20T06:06:21.618+0000] {logging_mixin.py:120} INFO - [2025-07-20T06:06:21.618+0000] {dagbag.py:537} INFO - Filling up the DagBag from /home/airflow/.local/lib/python3.7/site-packages/airflow/example_dags/example_subdag_operator.py
[2025-07-20T06:06:21.671+0000] {processor.py:766} INFO - DAG(s) dict_keys(['example_subdag_operator.section-1', 'example_subdag_operator.section-2', 'example_subdag_operator']) retrieved from /home/airflow/.local/lib/python3.7/site-packages/airflow/example_dags/example_subdag_operator.py
[2025-07-20T06:06:21.910+0000] {logging_mixin.py:120} INFO - [2025-07-20T06:06:21.910+0000] {dag.py:2585} INFO - Sync 3 DAGs
[2025-07-20T06:06:21.940+0000] {logging_mixin.py:120} INFO - [2025-07-20T06:06:21.940+0000] {dag.py:3340} INFO - Setting next_dagrun for example_subdag_operator to 2022-01-01T00:00:00+00:00, run_after=2022-01-01T00:00:00+00:00
[2025-07-20T06:06:21.944+0000] {logging_mixin.py:120} INFO - [2025-07-20T06:06:21.944+0000] {dag.py:3340} INFO - Setting next_dagrun for example_subdag_operator.section-1 to None, run_after=None
[2025-07-20T06:06:21.946+0000] {logging_mixin.py:120} INFO - [2025-07-20T06:06:21.946+0000] {dag.py:3340} INFO - Setting next_dagrun for example_subdag_operator.section-2 to None, run_after=None
[2025-07-20T06:06:21.955+0000] {logging_mixin.py:120} INFO - [2025-07-20T06:06:21.955+0000] {dag.py:2585} INFO - Sync 2 DAGs
[2025-07-20T06:06:21.961+0000] {logging_mixin.py:120} INFO - [2025-07-20T06:06:21.961+0000] {dag.py:3340} INFO - Setting next_dagrun for example_subdag_operator.section-1 to None, run_after=None
[2025-07-20T06:06:21.962+0000] {logging_mixin.py:120} INFO - [2025-07-20T06:06:21.962+0000] {dag.py:3340} INFO - Setting next_dagrun for example_subdag_operator.section-2 to None, run_after=None
[2025-07-20T06:06:21.977+0000] {processor.py:176} INFO - Processing /home/airflow/.local/lib/python3.7/site-packages/airflow/example_dags/example_subdag_operator.py took 0.368 seconds
[2025-07-20T06:06:52.074+0000] {processor.py:154} INFO - Started process (PID=777) to work on /home/airflow/.local/lib/python3.7/site-packages/airflow/example_dags/example_subdag_operator.py
[2025-07-20T06:06:52.076+0000] {processor.py:756} INFO - Processing file /home/airflow/.local/lib/python3.7/site-packages/airflow/example_dags/example_subdag_operator.py for tasks to queue
[2025-07-20T06:06:52.079+0000] {logging_mixin.py:120} INFO - [2025-07-20T06:06:52.078+0000] {dagbag.py:537} INFO - Filling up the DagBag from /home/airflow/.local/lib/python3.7/site-packages/airflow/example_dags/example_subdag_operator.py
[2025-07-20T06:06:52.153+0000] {processor.py:766} INFO - DAG(s) dict_keys(['example_subdag_operator.section-1', 'example_subdag_operator.section-2', 'example_subdag_operator']) retrieved from /home/airflow/.local/lib/python3.7/site-packages/airflow/example_dags/example_subdag_operator.py
[2025-07-20T06:06:52.413+0000] {logging_mixin.py:120} INFO - [2025-07-20T06:06:52.413+0000] {dag.py:2585} INFO - Sync 3 DAGs
[2025-07-20T06:06:52.444+0000] {logging_mixin.py:120} INFO - [2025-07-20T06:06:52.444+0000] {dag.py:3340} INFO - Setting next_dagrun for example_subdag_operator to 2022-01-01T00:00:00+00:00, run_after=2022-01-01T00:00:00+00:00
[2025-07-20T06:06:52.450+0000] {logging_mixin.py:120} INFO - [2025-07-20T06:06:52.449+0000] {dag.py:3340} INFO - Setting next_dagrun for example_subdag_operator.section-1 to None, run_after=None
[2025-07-20T06:06:52.453+0000] {logging_mixin.py:120} INFO - [2025-07-20T06:06:52.452+0000] {dag.py:3340} INFO - Setting next_dagrun for example_subdag_operator.section-2 to None, run_after=None
[2025-07-20T06:06:52.464+0000] {logging_mixin.py:120} INFO - [2025-07-20T06:06:52.464+0000] {dag.py:2585} INFO - Sync 2 DAGs
[2025-07-20T06:06:52.474+0000] {logging_mixin.py:120} INFO - [2025-07-20T06:06:52.473+0000] {dag.py:3340} INFO - Setting next_dagrun for example_subdag_operator.section-1 to None, run_after=None
[2025-07-20T06:06:52.475+0000] {logging_mixin.py:120} INFO - [2025-07-20T06:06:52.475+0000] {dag.py:3340} INFO - Setting next_dagrun for example_subdag_operator.section-2 to None, run_after=None
[2025-07-20T06:06:52.501+0000] {processor.py:176} INFO - Processing /home/airflow/.local/lib/python3.7/site-packages/airflow/example_dags/example_subdag_operator.py took 0.436 seconds
[2025-07-20T06:07:22.916+0000] {processor.py:154} INFO - Started process (PID=838) to work on /home/airflow/.local/lib/python3.7/site-packages/airflow/example_dags/example_subdag_operator.py
[2025-07-20T06:07:22.918+0000] {processor.py:756} INFO - Processing file /home/airflow/.local/lib/python3.7/site-packages/airflow/example_dags/example_subdag_operator.py for tasks to queue
[2025-07-20T06:07:22.920+0000] {logging_mixin.py:120} INFO - [2025-07-20T06:07:22.920+0000] {dagbag.py:537} INFO - Filling up the DagBag from /home/airflow/.local/lib/python3.7/site-packages/airflow/example_dags/example_subdag_operator.py
[2025-07-20T06:07:22.997+0000] {processor.py:766} INFO - DAG(s) dict_keys(['example_subdag_operator.section-1', 'example_subdag_operator.section-2', 'example_subdag_operator']) retrieved from /home/airflow/.local/lib/python3.7/site-packages/airflow/example_dags/example_subdag_operator.py
[2025-07-20T06:07:23.442+0000] {logging_mixin.py:120} INFO - [2025-07-20T06:07:23.441+0000] {dag.py:2585} INFO - Sync 3 DAGs
[2025-07-20T06:07:23.480+0000] {logging_mixin.py:120} INFO - [2025-07-20T06:07:23.480+0000] {dag.py:3340} INFO - Setting next_dagrun for example_subdag_operator to 2022-01-01T00:00:00+00:00, run_after=2022-01-01T00:00:00+00:00
[2025-07-20T06:07:23.485+0000] {logging_mixin.py:120} INFO - [2025-07-20T06:07:23.485+0000] {dag.py:3340} INFO - Setting next_dagrun for example_subdag_operator.section-1 to None, run_after=None
[2025-07-20T06:07:23.487+0000] {logging_mixin.py:120} INFO - [2025-07-20T06:07:23.487+0000] {dag.py:3340} INFO - Setting next_dagrun for example_subdag_operator.section-2 to None, run_after=None
[2025-07-20T06:07:23.499+0000] {logging_mixin.py:120} INFO - [2025-07-20T06:07:23.498+0000] {dag.py:2585} INFO - Sync 2 DAGs
[2025-07-20T06:07:23.507+0000] {logging_mixin.py:120} INFO - [2025-07-20T06:07:23.507+0000] {dag.py:3340} INFO - Setting next_dagrun for example_subdag_operator.section-1 to None, run_after=None
[2025-07-20T06:07:23.508+0000] {logging_mixin.py:120} INFO - [2025-07-20T06:07:23.508+0000] {dag.py:3340} INFO - Setting next_dagrun for example_subdag_operator.section-2 to None, run_after=None
[2025-07-20T06:07:23.538+0000] {processor.py:176} INFO - Processing /home/airflow/.local/lib/python3.7/site-packages/airflow/example_dags/example_subdag_operator.py took 0.629 seconds
[2025-07-20T06:07:54.398+0000] {processor.py:154} INFO - Started process (PID=892) to work on /home/airflow/.local/lib/python3.7/site-packages/airflow/example_dags/example_subdag_operator.py
[2025-07-20T06:07:54.400+0000] {processor.py:756} INFO - Processing file /home/airflow/.local/lib/python3.7/site-packages/airflow/example_dags/example_subdag_operator.py for tasks to queue
[2025-07-20T06:07:54.401+0000] {logging_mixin.py:120} INFO - [2025-07-20T06:07:54.401+0000] {dagbag.py:537} INFO - Filling up the DagBag from /home/airflow/.local/lib/python3.7/site-packages/airflow/example_dags/example_subdag_operator.py
[2025-07-20T06:07:54.467+0000] {processor.py:766} INFO - DAG(s) dict_keys(['example_subdag_operator.section-1', 'example_subdag_operator.section-2', 'example_subdag_operator']) retrieved from /home/airflow/.local/lib/python3.7/site-packages/airflow/example_dags/example_subdag_operator.py
[2025-07-20T06:07:54.881+0000] {logging_mixin.py:120} INFO - [2025-07-20T06:07:54.880+0000] {dag.py:2585} INFO - Sync 3 DAGs
[2025-07-20T06:07:54.938+0000] {logging_mixin.py:120} INFO - [2025-07-20T06:07:54.938+0000] {dag.py:3340} INFO - Setting next_dagrun for example_subdag_operator to 2022-01-01T00:00:00+00:00, run_after=2022-01-01T00:00:00+00:00
[2025-07-20T06:07:54.946+0000] {logging_mixin.py:120} INFO - [2025-07-20T06:07:54.945+0000] {dag.py:3340} INFO - Setting next_dagrun for example_subdag_operator.section-1 to None, run_after=None
[2025-07-20T06:07:54.949+0000] {logging_mixin.py:120} INFO - [2025-07-20T06:07:54.949+0000] {dag.py:3340} INFO - Setting next_dagrun for example_subdag_operator.section-2 to None, run_after=None
[2025-07-20T06:07:54.966+0000] {logging_mixin.py:120} INFO - [2025-07-20T06:07:54.965+0000] {dag.py:2585} INFO - Sync 2 DAGs
[2025-07-20T06:07:54.977+0000] {logging_mixin.py:120} INFO - [2025-07-20T06:07:54.977+0000] {dag.py:3340} INFO - Setting next_dagrun for example_subdag_operator.section-1 to None, run_after=None
[2025-07-20T06:07:54.979+0000] {logging_mixin.py:120} INFO - [2025-07-20T06:07:54.978+0000] {dag.py:3340} INFO - Setting next_dagrun for example_subdag_operator.section-2 to None, run_after=None
[2025-07-20T06:07:55.013+0000] {processor.py:176} INFO - Processing /home/airflow/.local/lib/python3.7/site-packages/airflow/example_dags/example_subdag_operator.py took 0.619 seconds
[2025-07-20T06:08:25.129+0000] {processor.py:154} INFO - Started process (PID=946) to work on /home/airflow/.local/lib/python3.7/site-packages/airflow/example_dags/example_subdag_operator.py
[2025-07-20T06:08:25.131+0000] {processor.py:756} INFO - Processing file /home/airflow/.local/lib/python3.7/site-packages/airflow/example_dags/example_subdag_operator.py for tasks to queue
[2025-07-20T06:08:25.135+0000] {logging_mixin.py:120} INFO - [2025-07-20T06:08:25.134+0000] {dagbag.py:537} INFO - Filling up the DagBag from /home/airflow/.local/lib/python3.7/site-packages/airflow/example_dags/example_subdag_operator.py
[2025-07-20T06:08:25.311+0000] {processor.py:766} INFO - DAG(s) dict_keys(['example_subdag_operator.section-1', 'example_subdag_operator.section-2', 'example_subdag_operator']) retrieved from /home/airflow/.local/lib/python3.7/site-packages/airflow/example_dags/example_subdag_operator.py
[2025-07-20T06:08:26.509+0000] {logging_mixin.py:120} INFO - [2025-07-20T06:08:26.509+0000] {dag.py:2585} INFO - Sync 3 DAGs
[2025-07-20T06:08:26.748+0000] {logging_mixin.py:120} INFO - [2025-07-20T06:08:26.748+0000] {dag.py:3340} INFO - Setting next_dagrun for example_subdag_operator to 2022-01-01T00:00:00+00:00, run_after=2022-01-01T00:00:00+00:00
[2025-07-20T06:08:26.770+0000] {logging_mixin.py:120} INFO - [2025-07-20T06:08:26.770+0000] {dag.py:3340} INFO - Setting next_dagrun for example_subdag_operator.section-1 to None, run_after=None
[2025-07-20T06:08:26.777+0000] {logging_mixin.py:120} INFO - [2025-07-20T06:08:26.777+0000] {dag.py:3340} INFO - Setting next_dagrun for example_subdag_operator.section-2 to None, run_after=None
[2025-07-20T06:08:26.810+0000] {logging_mixin.py:120} INFO - [2025-07-20T06:08:26.810+0000] {dag.py:2585} INFO - Sync 2 DAGs
[2025-07-20T06:08:26.902+0000] {logging_mixin.py:120} INFO - [2025-07-20T06:08:26.901+0000] {dag.py:3340} INFO - Setting next_dagrun for example_subdag_operator.section-1 to None, run_after=None
[2025-07-20T06:08:26.903+0000] {logging_mixin.py:120} INFO - [2025-07-20T06:08:26.903+0000] {dag.py:3340} INFO - Setting next_dagrun for example_subdag_operator.section-2 to None, run_after=None
[2025-07-20T06:08:26.972+0000] {processor.py:176} INFO - Processing /home/airflow/.local/lib/python3.7/site-packages/airflow/example_dags/example_subdag_operator.py took 1.869 seconds
[2025-07-20T06:08:57.226+0000] {processor.py:154} INFO - Started process (PID=1010) to work on /home/airflow/.local/lib/python3.7/site-packages/airflow/example_dags/example_subdag_operator.py
[2025-07-20T06:08:57.230+0000] {processor.py:756} INFO - Processing file /home/airflow/.local/lib/python3.7/site-packages/airflow/example_dags/example_subdag_operator.py for tasks to queue
[2025-07-20T06:08:57.235+0000] {logging_mixin.py:120} INFO - [2025-07-20T06:08:57.234+0000] {dagbag.py:537} INFO - Filling up the DagBag from /home/airflow/.local/lib/python3.7/site-packages/airflow/example_dags/example_subdag_operator.py
[2025-07-20T06:08:57.356+0000] {processor.py:766} INFO - DAG(s) dict_keys(['example_subdag_operator.section-1', 'example_subdag_operator.section-2', 'example_subdag_operator']) retrieved from /home/airflow/.local/lib/python3.7/site-packages/airflow/example_dags/example_subdag_operator.py
[2025-07-20T06:08:58.393+0000] {logging_mixin.py:120} INFO - [2025-07-20T06:08:58.393+0000] {dag.py:2585} INFO - Sync 3 DAGs
[2025-07-20T06:08:58.523+0000] {logging_mixin.py:120} INFO - [2025-07-20T06:08:58.523+0000] {dag.py:3340} INFO - Setting next_dagrun for example_subdag_operator to 2022-01-01T00:00:00+00:00, run_after=2022-01-01T00:00:00+00:00
[2025-07-20T06:08:58.537+0000] {logging_mixin.py:120} INFO - [2025-07-20T06:08:58.536+0000] {dag.py:3340} INFO - Setting next_dagrun for example_subdag_operator.section-1 to None, run_after=None
[2025-07-20T06:08:58.543+0000] {logging_mixin.py:120} INFO - [2025-07-20T06:08:58.543+0000] {dag.py:3340} INFO - Setting next_dagrun for example_subdag_operator.section-2 to None, run_after=None
[2025-07-20T06:08:58.575+0000] {logging_mixin.py:120} INFO - [2025-07-20T06:08:58.574+0000] {dag.py:2585} INFO - Sync 2 DAGs
[2025-07-20T06:08:58.600+0000] {logging_mixin.py:120} INFO - [2025-07-20T06:08:58.600+0000] {dag.py:3340} INFO - Setting next_dagrun for example_subdag_operator.section-1 to None, run_after=None
[2025-07-20T06:08:58.602+0000] {logging_mixin.py:120} INFO - [2025-07-20T06:08:58.601+0000] {dag.py:3340} INFO - Setting next_dagrun for example_subdag_operator.section-2 to None, run_after=None
[2025-07-20T06:08:58.647+0000] {processor.py:176} INFO - Processing /home/airflow/.local/lib/python3.7/site-packages/airflow/example_dags/example_subdag_operator.py took 1.455 seconds
[2025-07-20T06:09:29.159+0000] {processor.py:154} INFO - Started process (PID=1062) to work on /home/airflow/.local/lib/python3.7/site-packages/airflow/example_dags/example_subdag_operator.py
[2025-07-20T06:09:29.161+0000] {processor.py:756} INFO - Processing file /home/airflow/.local/lib/python3.7/site-packages/airflow/example_dags/example_subdag_operator.py for tasks to queue
[2025-07-20T06:09:29.172+0000] {logging_mixin.py:120} INFO - [2025-07-20T06:09:29.172+0000] {dagbag.py:537} INFO - Filling up the DagBag from /home/airflow/.local/lib/python3.7/site-packages/airflow/example_dags/example_subdag_operator.py
[2025-07-20T06:09:29.296+0000] {processor.py:766} INFO - DAG(s) dict_keys(['example_subdag_operator.section-1', 'example_subdag_operator.section-2', 'example_subdag_operator']) retrieved from /home/airflow/.local/lib/python3.7/site-packages/airflow/example_dags/example_subdag_operator.py
[2025-07-20T06:09:30.321+0000] {logging_mixin.py:120} INFO - [2025-07-20T06:09:30.320+0000] {dag.py:2585} INFO - Sync 3 DAGs
[2025-07-20T06:09:30.386+0000] {logging_mixin.py:120} INFO - [2025-07-20T06:09:30.386+0000] {dag.py:3340} INFO - Setting next_dagrun for example_subdag_operator to 2022-01-01T00:00:00+00:00, run_after=2022-01-01T00:00:00+00:00
[2025-07-20T06:09:30.398+0000] {logging_mixin.py:120} INFO - [2025-07-20T06:09:30.398+0000] {dag.py:3340} INFO - Setting next_dagrun for example_subdag_operator.section-1 to None, run_after=None
[2025-07-20T06:09:30.403+0000] {logging_mixin.py:120} INFO - [2025-07-20T06:09:30.403+0000] {dag.py:3340} INFO - Setting next_dagrun for example_subdag_operator.section-2 to None, run_after=None
[2025-07-20T06:09:30.426+0000] {logging_mixin.py:120} INFO - [2025-07-20T06:09:30.426+0000] {dag.py:2585} INFO - Sync 2 DAGs
[2025-07-20T06:09:30.442+0000] {logging_mixin.py:120} INFO - [2025-07-20T06:09:30.442+0000] {dag.py:3340} INFO - Setting next_dagrun for example_subdag_operator.section-1 to None, run_after=None
[2025-07-20T06:09:30.445+0000] {logging_mixin.py:120} INFO - [2025-07-20T06:09:30.445+0000] {dag.py:3340} INFO - Setting next_dagrun for example_subdag_operator.section-2 to None, run_after=None
[2025-07-20T06:09:30.483+0000] {processor.py:176} INFO - Processing /home/airflow/.local/lib/python3.7/site-packages/airflow/example_dags/example_subdag_operator.py took 1.340 seconds
[2025-07-20T06:10:00.943+0000] {processor.py:154} INFO - Started process (PID=1116) to work on /home/airflow/.local/lib/python3.7/site-packages/airflow/example_dags/example_subdag_operator.py
[2025-07-20T06:10:00.945+0000] {processor.py:756} INFO - Processing file /home/airflow/.local/lib/python3.7/site-packages/airflow/example_dags/example_subdag_operator.py for tasks to queue
[2025-07-20T06:10:00.947+0000] {logging_mixin.py:120} INFO - [2025-07-20T06:10:00.947+0000] {dagbag.py:537} INFO - Filling up the DagBag from /home/airflow/.local/lib/python3.7/site-packages/airflow/example_dags/example_subdag_operator.py
[2025-07-20T06:10:01.024+0000] {processor.py:766} INFO - DAG(s) dict_keys(['example_subdag_operator.section-1', 'example_subdag_operator.section-2', 'example_subdag_operator']) retrieved from /home/airflow/.local/lib/python3.7/site-packages/airflow/example_dags/example_subdag_operator.py
[2025-07-20T06:10:01.500+0000] {logging_mixin.py:120} INFO - [2025-07-20T06:10:01.499+0000] {dag.py:2585} INFO - Sync 3 DAGs
[2025-07-20T06:10:01.558+0000] {logging_mixin.py:120} INFO - [2025-07-20T06:10:01.557+0000] {dag.py:3340} INFO - Setting next_dagrun for example_subdag_operator to 2022-01-01T00:00:00+00:00, run_after=2022-01-01T00:00:00+00:00
[2025-07-20T06:10:01.565+0000] {logging_mixin.py:120} INFO - [2025-07-20T06:10:01.565+0000] {dag.py:3340} INFO - Setting next_dagrun for example_subdag_operator.section-1 to None, run_after=None
[2025-07-20T06:10:01.569+0000] {logging_mixin.py:120} INFO - [2025-07-20T06:10:01.568+0000] {dag.py:3340} INFO - Setting next_dagrun for example_subdag_operator.section-2 to None, run_after=None
[2025-07-20T06:10:01.595+0000] {logging_mixin.py:120} INFO - [2025-07-20T06:10:01.594+0000] {dag.py:2585} INFO - Sync 2 DAGs
[2025-07-20T06:10:01.612+0000] {logging_mixin.py:120} INFO - [2025-07-20T06:10:01.611+0000] {dag.py:3340} INFO - Setting next_dagrun for example_subdag_operator.section-1 to None, run_after=None
[2025-07-20T06:10:01.613+0000] {logging_mixin.py:120} INFO - [2025-07-20T06:10:01.613+0000] {dag.py:3340} INFO - Setting next_dagrun for example_subdag_operator.section-2 to None, run_after=None
[2025-07-20T06:10:01.655+0000] {processor.py:176} INFO - Processing /home/airflow/.local/lib/python3.7/site-packages/airflow/example_dags/example_subdag_operator.py took 0.723 seconds
[2025-07-20T06:10:31.868+0000] {processor.py:154} INFO - Started process (PID=1171) to work on /home/airflow/.local/lib/python3.7/site-packages/airflow/example_dags/example_subdag_operator.py
[2025-07-20T06:10:31.872+0000] {processor.py:756} INFO - Processing file /home/airflow/.local/lib/python3.7/site-packages/airflow/example_dags/example_subdag_operator.py for tasks to queue
[2025-07-20T06:10:31.882+0000] {logging_mixin.py:120} INFO - [2025-07-20T06:10:31.875+0000] {dagbag.py:537} INFO - Filling up the DagBag from /home/airflow/.local/lib/python3.7/site-packages/airflow/example_dags/example_subdag_operator.py
[2025-07-20T06:10:31.994+0000] {processor.py:766} INFO - DAG(s) dict_keys(['example_subdag_operator.section-1', 'example_subdag_operator.section-2', 'example_subdag_operator']) retrieved from /home/airflow/.local/lib/python3.7/site-packages/airflow/example_dags/example_subdag_operator.py
[2025-07-20T06:10:32.710+0000] {logging_mixin.py:120} INFO - [2025-07-20T06:10:32.710+0000] {dag.py:2585} INFO - Sync 3 DAGs
[2025-07-20T06:10:32.794+0000] {logging_mixin.py:120} INFO - [2025-07-20T06:10:32.794+0000] {dag.py:3340} INFO - Setting next_dagrun for example_subdag_operator to 2022-01-01T00:00:00+00:00, run_after=2022-01-01T00:00:00+00:00
[2025-07-20T06:10:32.809+0000] {logging_mixin.py:120} INFO - [2025-07-20T06:10:32.808+0000] {dag.py:3340} INFO - Setting next_dagrun for example_subdag_operator.section-1 to None, run_after=None
[2025-07-20T06:10:32.815+0000] {logging_mixin.py:120} INFO - [2025-07-20T06:10:32.815+0000] {dag.py:3340} INFO - Setting next_dagrun for example_subdag_operator.section-2 to None, run_after=None
[2025-07-20T06:10:32.837+0000] {logging_mixin.py:120} INFO - [2025-07-20T06:10:32.836+0000] {dag.py:2585} INFO - Sync 2 DAGs
[2025-07-20T06:10:32.873+0000] {logging_mixin.py:120} INFO - [2025-07-20T06:10:32.872+0000] {dag.py:3340} INFO - Setting next_dagrun for example_subdag_operator.section-1 to None, run_after=None
[2025-07-20T06:10:32.877+0000] {logging_mixin.py:120} INFO - [2025-07-20T06:10:32.876+0000] {dag.py:3340} INFO - Setting next_dagrun for example_subdag_operator.section-2 to None, run_after=None
[2025-07-20T06:10:32.917+0000] {processor.py:176} INFO - Processing /home/airflow/.local/lib/python3.7/site-packages/airflow/example_dags/example_subdag_operator.py took 1.061 seconds
[2025-07-20T06:11:03.168+0000] {processor.py:154} INFO - Started process (PID=1225) to work on /home/airflow/.local/lib/python3.7/site-packages/airflow/example_dags/example_subdag_operator.py
[2025-07-20T06:11:03.169+0000] {processor.py:756} INFO - Processing file /home/airflow/.local/lib/python3.7/site-packages/airflow/example_dags/example_subdag_operator.py for tasks to queue
[2025-07-20T06:11:03.171+0000] {logging_mixin.py:120} INFO - [2025-07-20T06:11:03.171+0000] {dagbag.py:537} INFO - Filling up the DagBag from /home/airflow/.local/lib/python3.7/site-packages/airflow/example_dags/example_subdag_operator.py
[2025-07-20T06:11:03.225+0000] {processor.py:766} INFO - DAG(s) dict_keys(['example_subdag_operator.section-1', 'example_subdag_operator.section-2', 'example_subdag_operator']) retrieved from /home/airflow/.local/lib/python3.7/site-packages/airflow/example_dags/example_subdag_operator.py
[2025-07-20T06:11:03.502+0000] {logging_mixin.py:120} INFO - [2025-07-20T06:11:03.502+0000] {dag.py:2585} INFO - Sync 3 DAGs
[2025-07-20T06:11:03.547+0000] {logging_mixin.py:120} INFO - [2025-07-20T06:11:03.546+0000] {dag.py:3340} INFO - Setting next_dagrun for example_subdag_operator to 2022-01-01T00:00:00+00:00, run_after=2022-01-01T00:00:00+00:00
[2025-07-20T06:11:03.554+0000] {logging_mixin.py:120} INFO - [2025-07-20T06:11:03.554+0000] {dag.py:3340} INFO - Setting next_dagrun for example_subdag_operator.section-1 to None, run_after=None
[2025-07-20T06:11:03.557+0000] {logging_mixin.py:120} INFO - [2025-07-20T06:11:03.557+0000] {dag.py:3340} INFO - Setting next_dagrun for example_subdag_operator.section-2 to None, run_after=None
[2025-07-20T06:11:03.572+0000] {logging_mixin.py:120} INFO - [2025-07-20T06:11:03.571+0000] {dag.py:2585} INFO - Sync 2 DAGs
[2025-07-20T06:11:03.585+0000] {logging_mixin.py:120} INFO - [2025-07-20T06:11:03.585+0000] {dag.py:3340} INFO - Setting next_dagrun for example_subdag_operator.section-1 to None, run_after=None
[2025-07-20T06:11:03.586+0000] {logging_mixin.py:120} INFO - [2025-07-20T06:11:03.586+0000] {dag.py:3340} INFO - Setting next_dagrun for example_subdag_operator.section-2 to None, run_after=None
[2025-07-20T06:11:03.610+0000] {processor.py:176} INFO - Processing /home/airflow/.local/lib/python3.7/site-packages/airflow/example_dags/example_subdag_operator.py took 0.447 seconds
[2025-07-20T06:11:33.931+0000] {processor.py:154} INFO - Started process (PID=1290) to work on /home/airflow/.local/lib/python3.7/site-packages/airflow/example_dags/example_subdag_operator.py
[2025-07-20T06:11:33.935+0000] {processor.py:756} INFO - Processing file /home/airflow/.local/lib/python3.7/site-packages/airflow/example_dags/example_subdag_operator.py for tasks to queue
[2025-07-20T06:11:33.937+0000] {logging_mixin.py:120} INFO - [2025-07-20T06:11:33.937+0000] {dagbag.py:537} INFO - Filling up the DagBag from /home/airflow/.local/lib/python3.7/site-packages/airflow/example_dags/example_subdag_operator.py
[2025-07-20T06:11:33.995+0000] {processor.py:766} INFO - DAG(s) dict_keys(['example_subdag_operator.section-1', 'example_subdag_operator.section-2', 'example_subdag_operator']) retrieved from /home/airflow/.local/lib/python3.7/site-packages/airflow/example_dags/example_subdag_operator.py
[2025-07-20T06:11:34.282+0000] {logging_mixin.py:120} INFO - [2025-07-20T06:11:34.282+0000] {dag.py:2585} INFO - Sync 3 DAGs
[2025-07-20T06:11:34.318+0000] {logging_mixin.py:120} INFO - [2025-07-20T06:11:34.318+0000] {dag.py:3340} INFO - Setting next_dagrun for example_subdag_operator to 2022-01-01T00:00:00+00:00, run_after=2022-01-01T00:00:00+00:00
[2025-07-20T06:11:34.324+0000] {logging_mixin.py:120} INFO - [2025-07-20T06:11:34.324+0000] {dag.py:3340} INFO - Setting next_dagrun for example_subdag_operator.section-1 to None, run_after=None
[2025-07-20T06:11:34.327+0000] {logging_mixin.py:120} INFO - [2025-07-20T06:11:34.327+0000] {dag.py:3340} INFO - Setting next_dagrun for example_subdag_operator.section-2 to None, run_after=None
[2025-07-20T06:11:34.340+0000] {logging_mixin.py:120} INFO - [2025-07-20T06:11:34.340+0000] {dag.py:2585} INFO - Sync 2 DAGs
[2025-07-20T06:11:34.349+0000] {logging_mixin.py:120} INFO - [2025-07-20T06:11:34.349+0000] {dag.py:3340} INFO - Setting next_dagrun for example_subdag_operator.section-1 to None, run_after=None
[2025-07-20T06:11:34.350+0000] {logging_mixin.py:120} INFO - [2025-07-20T06:11:34.350+0000] {dag.py:3340} INFO - Setting next_dagrun for example_subdag_operator.section-2 to None, run_after=None
[2025-07-20T06:11:34.370+0000] {processor.py:176} INFO - Processing /home/airflow/.local/lib/python3.7/site-packages/airflow/example_dags/example_subdag_operator.py took 0.445 seconds
[2025-07-20T06:12:04.484+0000] {processor.py:154} INFO - Started process (PID=1353) to work on /home/airflow/.local/lib/python3.7/site-packages/airflow/example_dags/example_subdag_operator.py
[2025-07-20T06:12:04.486+0000] {processor.py:756} INFO - Processing file /home/airflow/.local/lib/python3.7/site-packages/airflow/example_dags/example_subdag_operator.py for tasks to queue
[2025-07-20T06:12:04.487+0000] {logging_mixin.py:120} INFO - [2025-07-20T06:12:04.487+0000] {dagbag.py:537} INFO - Filling up the DagBag from /home/airflow/.local/lib/python3.7/site-packages/airflow/example_dags/example_subdag_operator.py
[2025-07-20T06:12:04.541+0000] {processor.py:766} INFO - DAG(s) dict_keys(['example_subdag_operator.section-1', 'example_subdag_operator.section-2', 'example_subdag_operator']) retrieved from /home/airflow/.local/lib/python3.7/site-packages/airflow/example_dags/example_subdag_operator.py
[2025-07-20T06:12:04.801+0000] {logging_mixin.py:120} INFO - [2025-07-20T06:12:04.801+0000] {dag.py:2585} INFO - Sync 3 DAGs
[2025-07-20T06:12:04.843+0000] {logging_mixin.py:120} INFO - [2025-07-20T06:12:04.842+0000] {dag.py:3340} INFO - Setting next_dagrun for example_subdag_operator to 2022-01-01T00:00:00+00:00, run_after=2022-01-01T00:00:00+00:00
[2025-07-20T06:12:04.849+0000] {logging_mixin.py:120} INFO - [2025-07-20T06:12:04.849+0000] {dag.py:3340} INFO - Setting next_dagrun for example_subdag_operator.section-1 to None, run_after=None
[2025-07-20T06:12:04.853+0000] {logging_mixin.py:120} INFO - [2025-07-20T06:12:04.853+0000] {dag.py:3340} INFO - Setting next_dagrun for example_subdag_operator.section-2 to None, run_after=None
[2025-07-20T06:12:04.866+0000] {logging_mixin.py:120} INFO - [2025-07-20T06:12:04.865+0000] {dag.py:2585} INFO - Sync 2 DAGs
[2025-07-20T06:12:04.875+0000] {logging_mixin.py:120} INFO - [2025-07-20T06:12:04.875+0000] {dag.py:3340} INFO - Setting next_dagrun for example_subdag_operator.section-1 to None, run_after=None
[2025-07-20T06:12:04.880+0000] {logging_mixin.py:120} INFO - [2025-07-20T06:12:04.880+0000] {dag.py:3340} INFO - Setting next_dagrun for example_subdag_operator.section-2 to None, run_after=None
[2025-07-20T06:12:04.968+0000] {processor.py:176} INFO - Processing /home/airflow/.local/lib/python3.7/site-packages/airflow/example_dags/example_subdag_operator.py took 0.490 seconds
[2025-07-20T06:12:35.170+0000] {processor.py:154} INFO - Started process (PID=1403) to work on /home/airflow/.local/lib/python3.7/site-packages/airflow/example_dags/example_subdag_operator.py
[2025-07-20T06:12:35.172+0000] {processor.py:756} INFO - Processing file /home/airflow/.local/lib/python3.7/site-packages/airflow/example_dags/example_subdag_operator.py for tasks to queue
[2025-07-20T06:12:35.174+0000] {logging_mixin.py:120} INFO - [2025-07-20T06:12:35.174+0000] {dagbag.py:537} INFO - Filling up the DagBag from /home/airflow/.local/lib/python3.7/site-packages/airflow/example_dags/example_subdag_operator.py
[2025-07-20T06:12:35.241+0000] {processor.py:766} INFO - DAG(s) dict_keys(['example_subdag_operator.section-1', 'example_subdag_operator.section-2', 'example_subdag_operator']) retrieved from /home/airflow/.local/lib/python3.7/site-packages/airflow/example_dags/example_subdag_operator.py
[2025-07-20T06:12:35.892+0000] {logging_mixin.py:120} INFO - [2025-07-20T06:12:35.891+0000] {dag.py:2585} INFO - Sync 3 DAGs
[2025-07-20T06:12:35.965+0000] {logging_mixin.py:120} INFO - [2025-07-20T06:12:35.964+0000] {dag.py:3340} INFO - Setting next_dagrun for example_subdag_operator to 2022-01-01T00:00:00+00:00, run_after=2022-01-01T00:00:00+00:00
[2025-07-20T06:12:35.977+0000] {logging_mixin.py:120} INFO - [2025-07-20T06:12:35.977+0000] {dag.py:3340} INFO - Setting next_dagrun for example_subdag_operator.section-1 to None, run_after=None
[2025-07-20T06:12:35.981+0000] {logging_mixin.py:120} INFO - [2025-07-20T06:12:35.981+0000] {dag.py:3340} INFO - Setting next_dagrun for example_subdag_operator.section-2 to None, run_after=None
[2025-07-20T06:12:36.016+0000] {logging_mixin.py:120} INFO - [2025-07-20T06:12:36.015+0000] {dag.py:2585} INFO - Sync 2 DAGs
[2025-07-20T06:12:36.031+0000] {logging_mixin.py:120} INFO - [2025-07-20T06:12:36.031+0000] {dag.py:3340} INFO - Setting next_dagrun for example_subdag_operator.section-1 to None, run_after=None
[2025-07-20T06:12:36.032+0000] {logging_mixin.py:120} INFO - [2025-07-20T06:12:36.032+0000] {dag.py:3340} INFO - Setting next_dagrun for example_subdag_operator.section-2 to None, run_after=None
[2025-07-20T06:12:36.061+0000] {processor.py:176} INFO - Processing /home/airflow/.local/lib/python3.7/site-packages/airflow/example_dags/example_subdag_operator.py took 0.898 seconds
[2025-07-20T06:13:06.289+0000] {processor.py:154} INFO - Started process (PID=1466) to work on /home/airflow/.local/lib/python3.7/site-packages/airflow/example_dags/example_subdag_operator.py
[2025-07-20T06:13:06.290+0000] {processor.py:756} INFO - Processing file /home/airflow/.local/lib/python3.7/site-packages/airflow/example_dags/example_subdag_operator.py for tasks to queue
[2025-07-20T06:13:06.292+0000] {logging_mixin.py:120} INFO - [2025-07-20T06:13:06.292+0000] {dagbag.py:537} INFO - Filling up the DagBag from /home/airflow/.local/lib/python3.7/site-packages/airflow/example_dags/example_subdag_operator.py
[2025-07-20T06:13:06.386+0000] {processor.py:766} INFO - DAG(s) dict_keys(['example_subdag_operator.section-1', 'example_subdag_operator.section-2', 'example_subdag_operator']) retrieved from /home/airflow/.local/lib/python3.7/site-packages/airflow/example_dags/example_subdag_operator.py
[2025-07-20T06:13:06.793+0000] {logging_mixin.py:120} INFO - [2025-07-20T06:13:06.793+0000] {dag.py:2585} INFO - Sync 3 DAGs
[2025-07-20T06:13:06.859+0000] {logging_mixin.py:120} INFO - [2025-07-20T06:13:06.859+0000] {dag.py:3340} INFO - Setting next_dagrun for example_subdag_operator to 2022-01-01T00:00:00+00:00, run_after=2022-01-01T00:00:00+00:00
[2025-07-20T06:13:06.869+0000] {logging_mixin.py:120} INFO - [2025-07-20T06:13:06.868+0000] {dag.py:3340} INFO - Setting next_dagrun for example_subdag_operator.section-1 to None, run_after=None
[2025-07-20T06:13:06.871+0000] {logging_mixin.py:120} INFO - [2025-07-20T06:13:06.871+0000] {dag.py:3340} INFO - Setting next_dagrun for example_subdag_operator.section-2 to None, run_after=None
[2025-07-20T06:13:06.893+0000] {logging_mixin.py:120} INFO - [2025-07-20T06:13:06.893+0000] {dag.py:2585} INFO - Sync 2 DAGs
[2025-07-20T06:13:06.913+0000] {logging_mixin.py:120} INFO - [2025-07-20T06:13:06.913+0000] {dag.py:3340} INFO - Setting next_dagrun for example_subdag_operator.section-1 to None, run_after=None
[2025-07-20T06:13:06.916+0000] {logging_mixin.py:120} INFO - [2025-07-20T06:13:06.916+0000] {dag.py:3340} INFO - Setting next_dagrun for example_subdag_operator.section-2 to None, run_after=None
[2025-07-20T06:13:06.954+0000] {processor.py:176} INFO - Processing /home/airflow/.local/lib/python3.7/site-packages/airflow/example_dags/example_subdag_operator.py took 0.671 seconds
[2025-07-20T06:13:37.100+0000] {processor.py:154} INFO - Started process (PID=1521) to work on /home/airflow/.local/lib/python3.7/site-packages/airflow/example_dags/example_subdag_operator.py
[2025-07-20T06:13:37.102+0000] {processor.py:756} INFO - Processing file /home/airflow/.local/lib/python3.7/site-packages/airflow/example_dags/example_subdag_operator.py for tasks to queue
[2025-07-20T06:13:37.105+0000] {logging_mixin.py:120} INFO - [2025-07-20T06:13:37.104+0000] {dagbag.py:537} INFO - Filling up the DagBag from /home/airflow/.local/lib/python3.7/site-packages/airflow/example_dags/example_subdag_operator.py
[2025-07-20T06:13:37.176+0000] {processor.py:766} INFO - DAG(s) dict_keys(['example_subdag_operator.section-1', 'example_subdag_operator.section-2', 'example_subdag_operator']) retrieved from /home/airflow/.local/lib/python3.7/site-packages/airflow/example_dags/example_subdag_operator.py
[2025-07-20T06:13:37.777+0000] {logging_mixin.py:120} INFO - [2025-07-20T06:13:37.776+0000] {dag.py:2585} INFO - Sync 3 DAGs
[2025-07-20T06:13:37.842+0000] {logging_mixin.py:120} INFO - [2025-07-20T06:13:37.842+0000] {dag.py:3340} INFO - Setting next_dagrun for example_subdag_operator to 2022-01-01T00:00:00+00:00, run_after=2022-01-01T00:00:00+00:00
[2025-07-20T06:13:37.858+0000] {logging_mixin.py:120} INFO - [2025-07-20T06:13:37.857+0000] {dag.py:3340} INFO - Setting next_dagrun for example_subdag_operator.section-1 to None, run_after=None
[2025-07-20T06:13:37.862+0000] {logging_mixin.py:120} INFO - [2025-07-20T06:13:37.861+0000] {dag.py:3340} INFO - Setting next_dagrun for example_subdag_operator.section-2 to None, run_after=None
[2025-07-20T06:13:37.884+0000] {logging_mixin.py:120} INFO - [2025-07-20T06:13:37.884+0000] {dag.py:2585} INFO - Sync 2 DAGs
[2025-07-20T06:13:37.904+0000] {logging_mixin.py:120} INFO - [2025-07-20T06:13:37.904+0000] {dag.py:3340} INFO - Setting next_dagrun for example_subdag_operator.section-1 to None, run_after=None
[2025-07-20T06:13:37.906+0000] {logging_mixin.py:120} INFO - [2025-07-20T06:13:37.905+0000] {dag.py:3340} INFO - Setting next_dagrun for example_subdag_operator.section-2 to None, run_after=None
[2025-07-20T06:13:37.983+0000] {processor.py:176} INFO - Processing /home/airflow/.local/lib/python3.7/site-packages/airflow/example_dags/example_subdag_operator.py took 0.890 seconds
[2025-07-20T06:14:08.514+0000] {processor.py:154} INFO - Started process (PID=1586) to work on /home/airflow/.local/lib/python3.7/site-packages/airflow/example_dags/example_subdag_operator.py
[2025-07-20T06:14:08.517+0000] {processor.py:756} INFO - Processing file /home/airflow/.local/lib/python3.7/site-packages/airflow/example_dags/example_subdag_operator.py for tasks to queue
[2025-07-20T06:14:08.519+0000] {logging_mixin.py:120} INFO - [2025-07-20T06:14:08.519+0000] {dagbag.py:537} INFO - Filling up the DagBag from /home/airflow/.local/lib/python3.7/site-packages/airflow/example_dags/example_subdag_operator.py
[2025-07-20T06:14:08.656+0000] {processor.py:766} INFO - DAG(s) dict_keys(['example_subdag_operator.section-1', 'example_subdag_operator.section-2', 'example_subdag_operator']) retrieved from /home/airflow/.local/lib/python3.7/site-packages/airflow/example_dags/example_subdag_operator.py
[2025-07-20T06:14:09.142+0000] {logging_mixin.py:120} INFO - [2025-07-20T06:14:09.142+0000] {dag.py:2585} INFO - Sync 3 DAGs
[2025-07-20T06:14:09.192+0000] {logging_mixin.py:120} INFO - [2025-07-20T06:14:09.192+0000] {dag.py:3340} INFO - Setting next_dagrun for example_subdag_operator to 2022-01-01T00:00:00+00:00, run_after=2022-01-01T00:00:00+00:00
[2025-07-20T06:14:09.202+0000] {logging_mixin.py:120} INFO - [2025-07-20T06:14:09.202+0000] {dag.py:3340} INFO - Setting next_dagrun for example_subdag_operator.section-1 to None, run_after=None
[2025-07-20T06:14:09.206+0000] {logging_mixin.py:120} INFO - [2025-07-20T06:14:09.206+0000] {dag.py:3340} INFO - Setting next_dagrun for example_subdag_operator.section-2 to None, run_after=None
[2025-07-20T06:14:09.221+0000] {logging_mixin.py:120} INFO - [2025-07-20T06:14:09.221+0000] {dag.py:2585} INFO - Sync 2 DAGs
[2025-07-20T06:14:09.234+0000] {logging_mixin.py:120} INFO - [2025-07-20T06:14:09.234+0000] {dag.py:3340} INFO - Setting next_dagrun for example_subdag_operator.section-1 to None, run_after=None
[2025-07-20T06:14:09.235+0000] {logging_mixin.py:120} INFO - [2025-07-20T06:14:09.235+0000] {dag.py:3340} INFO - Setting next_dagrun for example_subdag_operator.section-2 to None, run_after=None
[2025-07-20T06:14:09.267+0000] {processor.py:176} INFO - Processing /home/airflow/.local/lib/python3.7/site-packages/airflow/example_dags/example_subdag_operator.py took 0.763 seconds
[2025-07-20T06:14:40.255+0000] {processor.py:154} INFO - Started process (PID=1640) to work on /home/airflow/.local/lib/python3.7/site-packages/airflow/example_dags/example_subdag_operator.py
[2025-07-20T06:14:40.258+0000] {processor.py:756} INFO - Processing file /home/airflow/.local/lib/python3.7/site-packages/airflow/example_dags/example_subdag_operator.py for tasks to queue
[2025-07-20T06:14:40.260+0000] {logging_mixin.py:120} INFO - [2025-07-20T06:14:40.260+0000] {dagbag.py:537} INFO - Filling up the DagBag from /home/airflow/.local/lib/python3.7/site-packages/airflow/example_dags/example_subdag_operator.py
[2025-07-20T06:14:40.356+0000] {processor.py:766} INFO - DAG(s) dict_keys(['example_subdag_operator.section-1', 'example_subdag_operator.section-2', 'example_subdag_operator']) retrieved from /home/airflow/.local/lib/python3.7/site-packages/airflow/example_dags/example_subdag_operator.py
[2025-07-20T06:14:41.482+0000] {logging_mixin.py:120} INFO - [2025-07-20T06:14:41.481+0000] {dag.py:2585} INFO - Sync 3 DAGs
[2025-07-20T06:14:41.726+0000] {logging_mixin.py:120} INFO - [2025-07-20T06:14:41.722+0000] {dag.py:3340} INFO - Setting next_dagrun for example_subdag_operator to 2022-01-01T00:00:00+00:00, run_after=2022-01-01T00:00:00+00:00
[2025-07-20T06:14:41.741+0000] {logging_mixin.py:120} INFO - [2025-07-20T06:14:41.741+0000] {dag.py:3340} INFO - Setting next_dagrun for example_subdag_operator.section-1 to None, run_after=None
[2025-07-20T06:14:41.759+0000] {logging_mixin.py:120} INFO - [2025-07-20T06:14:41.757+0000] {dag.py:3340} INFO - Setting next_dagrun for example_subdag_operator.section-2 to None, run_after=None
[2025-07-20T06:14:41.809+0000] {logging_mixin.py:120} INFO - [2025-07-20T06:14:41.808+0000] {dag.py:2585} INFO - Sync 2 DAGs
[2025-07-20T06:14:41.832+0000] {logging_mixin.py:120} INFO - [2025-07-20T06:14:41.832+0000] {dag.py:3340} INFO - Setting next_dagrun for example_subdag_operator.section-1 to None, run_after=None
[2025-07-20T06:14:41.834+0000] {logging_mixin.py:120} INFO - [2025-07-20T06:14:41.833+0000] {dag.py:3340} INFO - Setting next_dagrun for example_subdag_operator.section-2 to None, run_after=None
[2025-07-20T06:14:41.912+0000] {processor.py:176} INFO - Processing /home/airflow/.local/lib/python3.7/site-packages/airflow/example_dags/example_subdag_operator.py took 1.666 seconds
[2025-07-20T06:15:12.728+0000] {processor.py:154} INFO - Started process (PID=1703) to work on /home/airflow/.local/lib/python3.7/site-packages/airflow/example_dags/example_subdag_operator.py
[2025-07-20T06:15:12.739+0000] {processor.py:756} INFO - Processing file /home/airflow/.local/lib/python3.7/site-packages/airflow/example_dags/example_subdag_operator.py for tasks to queue
[2025-07-20T06:15:12.741+0000] {logging_mixin.py:120} INFO - [2025-07-20T06:15:12.741+0000] {dagbag.py:537} INFO - Filling up the DagBag from /home/airflow/.local/lib/python3.7/site-packages/airflow/example_dags/example_subdag_operator.py
[2025-07-20T06:15:13.070+0000] {processor.py:766} INFO - DAG(s) dict_keys(['example_subdag_operator.section-1', 'example_subdag_operator.section-2', 'example_subdag_operator']) retrieved from /home/airflow/.local/lib/python3.7/site-packages/airflow/example_dags/example_subdag_operator.py
[2025-07-20T06:15:14.435+0000] {logging_mixin.py:120} INFO - [2025-07-20T06:15:14.434+0000] {dag.py:2585} INFO - Sync 3 DAGs
[2025-07-20T06:15:14.574+0000] {logging_mixin.py:120} INFO - [2025-07-20T06:15:14.574+0000] {dag.py:3340} INFO - Setting next_dagrun for example_subdag_operator to 2022-01-01T00:00:00+00:00, run_after=2022-01-01T00:00:00+00:00
[2025-07-20T06:15:14.603+0000] {logging_mixin.py:120} INFO - [2025-07-20T06:15:14.603+0000] {dag.py:3340} INFO - Setting next_dagrun for example_subdag_operator.section-1 to None, run_after=None
[2025-07-20T06:15:14.607+0000] {logging_mixin.py:120} INFO - [2025-07-20T06:15:14.607+0000] {dag.py:3340} INFO - Setting next_dagrun for example_subdag_operator.section-2 to None, run_after=None
[2025-07-20T06:15:14.686+0000] {logging_mixin.py:120} INFO - [2025-07-20T06:15:14.686+0000] {dag.py:2585} INFO - Sync 2 DAGs
[2025-07-20T06:15:14.753+0000] {logging_mixin.py:120} INFO - [2025-07-20T06:15:14.753+0000] {dag.py:3340} INFO - Setting next_dagrun for example_subdag_operator.section-1 to None, run_after=None
[2025-07-20T06:15:14.766+0000] {logging_mixin.py:120} INFO - [2025-07-20T06:15:14.766+0000] {dag.py:3340} INFO - Setting next_dagrun for example_subdag_operator.section-2 to None, run_after=None
[2025-07-20T06:15:14.856+0000] {processor.py:176} INFO - Processing /home/airflow/.local/lib/python3.7/site-packages/airflow/example_dags/example_subdag_operator.py took 2.151 seconds
