[2025-07-20T05:59:12.960+0000] {processor.py:154} INFO - Started process (PID=98) to work on /home/airflow/.local/lib/python3.7/site-packages/airflow/example_dags/example_task_group_decorator.py
[2025-07-20T05:59:13.020+0000] {processor.py:756} INFO - Processing file /home/airflow/.local/lib/python3.7/site-packages/airflow/example_dags/example_task_group_decorator.py for tasks to queue
[2025-07-20T05:59:13.068+0000] {logging_mixin.py:120} INFO - [2025-07-20T05:59:13.054+0000] {dagbag.py:537} INFO - Filling up the DagBag from /home/airflow/.local/lib/python3.7/site-packages/airflow/example_dags/example_task_group_decorator.py
[2025-07-20T05:59:15.105+0000] {processor.py:766} INFO - DAG(s) dict_keys(['example_task_group_decorator']) retrieved from /home/airflow/.local/lib/python3.7/site-packages/airflow/example_dags/example_task_group_decorator.py
[2025-07-20T05:59:17.916+0000] {logging_mixin.py:120} INFO - [2025-07-20T05:59:17.916+0000] {dag.py:2585} INFO - Sync 1 DAGs
[2025-07-20T05:59:19.098+0000] {logging_mixin.py:120} INFO - [2025-07-20T05:59:19.098+0000] {dag.py:3340} INFO - Setting next_dagrun for example_task_group_decorator to 2025-07-19T05:59:19.097623+00:00, run_after=2025-07-20T05:59:19.097623+00:00
[2025-07-20T05:59:20.133+0000] {processor.py:176} INFO - Processing /home/airflow/.local/lib/python3.7/site-packages/airflow/example_dags/example_task_group_decorator.py took 7.331 seconds
[2025-07-20T06:01:31.895+0000] {processor.py:154} INFO - Started process (PID=198) to work on /home/airflow/.local/lib/python3.7/site-packages/airflow/example_dags/example_task_group_decorator.py
[2025-07-20T06:01:31.899+0000] {processor.py:756} INFO - Processing file /home/airflow/.local/lib/python3.7/site-packages/airflow/example_dags/example_task_group_decorator.py for tasks to queue
[2025-07-20T06:01:31.906+0000] {logging_mixin.py:120} INFO - [2025-07-20T06:01:31.905+0000] {dagbag.py:537} INFO - Filling up the DagBag from /home/airflow/.local/lib/python3.7/site-packages/airflow/example_dags/example_task_group_decorator.py
[2025-07-20T06:01:32.383+0000] {processor.py:766} INFO - DAG(s) dict_keys(['example_task_group_decorator']) retrieved from /home/airflow/.local/lib/python3.7/site-packages/airflow/example_dags/example_task_group_decorator.py
[2025-07-20T06:01:32.708+0000] {logging_mixin.py:120} INFO - [2025-07-20T06:01:32.707+0000] {dag.py:2585} INFO - Sync 1 DAGs
[2025-07-20T06:01:32.965+0000] {logging_mixin.py:120} INFO - [2025-07-20T06:01:32.964+0000] {dag.py:3340} INFO - Setting next_dagrun for example_task_group_decorator to 2025-07-19T06:01:32.963410+00:00, run_after=2025-07-20T06:01:32.963410+00:00
[2025-07-20T06:01:33.137+0000] {processor.py:176} INFO - Processing /home/airflow/.local/lib/python3.7/site-packages/airflow/example_dags/example_task_group_decorator.py took 1.289 seconds
[2025-07-20T06:02:11.029+0000] {processor.py:154} INFO - Started process (PID=252) to work on /home/airflow/.local/lib/python3.7/site-packages/airflow/example_dags/example_task_group_decorator.py
[2025-07-20T06:02:11.032+0000] {processor.py:756} INFO - Processing file /home/airflow/.local/lib/python3.7/site-packages/airflow/example_dags/example_task_group_decorator.py for tasks to queue
[2025-07-20T06:02:11.034+0000] {logging_mixin.py:120} INFO - [2025-07-20T06:02:11.033+0000] {dagbag.py:537} INFO - Filling up the DagBag from /home/airflow/.local/lib/python3.7/site-packages/airflow/example_dags/example_task_group_decorator.py
[2025-07-20T06:02:11.117+0000] {processor.py:766} INFO - DAG(s) dict_keys(['example_task_group_decorator']) retrieved from /home/airflow/.local/lib/python3.7/site-packages/airflow/example_dags/example_task_group_decorator.py
[2025-07-20T06:02:11.248+0000] {logging_mixin.py:120} INFO - [2025-07-20T06:02:11.248+0000] {dag.py:2585} INFO - Sync 1 DAGs
[2025-07-20T06:02:11.361+0000] {logging_mixin.py:120} INFO - [2025-07-20T06:02:11.361+0000] {dag.py:3340} INFO - Setting next_dagrun for example_task_group_decorator to 2025-07-19T06:02:11.360773+00:00, run_after=2025-07-20T06:02:11.360773+00:00
[2025-07-20T06:02:11.424+0000] {processor.py:176} INFO - Processing /home/airflow/.local/lib/python3.7/site-packages/airflow/example_dags/example_task_group_decorator.py took 0.400 seconds
[2025-07-20T06:02:41.961+0000] {processor.py:154} INFO - Started process (PID=315) to work on /home/airflow/.local/lib/python3.7/site-packages/airflow/example_dags/example_task_group_decorator.py
[2025-07-20T06:02:41.962+0000] {processor.py:756} INFO - Processing file /home/airflow/.local/lib/python3.7/site-packages/airflow/example_dags/example_task_group_decorator.py for tasks to queue
[2025-07-20T06:02:41.964+0000] {logging_mixin.py:120} INFO - [2025-07-20T06:02:41.964+0000] {dagbag.py:537} INFO - Filling up the DagBag from /home/airflow/.local/lib/python3.7/site-packages/airflow/example_dags/example_task_group_decorator.py
[2025-07-20T06:02:42.029+0000] {processor.py:766} INFO - DAG(s) dict_keys(['example_task_group_decorator']) retrieved from /home/airflow/.local/lib/python3.7/site-packages/airflow/example_dags/example_task_group_decorator.py
[2025-07-20T06:02:42.142+0000] {logging_mixin.py:120} INFO - [2025-07-20T06:02:42.141+0000] {dag.py:2585} INFO - Sync 1 DAGs
[2025-07-20T06:02:42.203+0000] {logging_mixin.py:120} INFO - [2025-07-20T06:02:42.203+0000] {dag.py:3340} INFO - Setting next_dagrun for example_task_group_decorator to 2025-07-19T06:02:42.202549+00:00, run_after=2025-07-20T06:02:42.202549+00:00
[2025-07-20T06:02:42.252+0000] {processor.py:176} INFO - Processing /home/airflow/.local/lib/python3.7/site-packages/airflow/example_dags/example_task_group_decorator.py took 0.297 seconds
[2025-07-20T06:03:13.785+0000] {processor.py:154} INFO - Started process (PID=369) to work on /home/airflow/.local/lib/python3.7/site-packages/airflow/example_dags/example_task_group_decorator.py
[2025-07-20T06:03:13.791+0000] {processor.py:756} INFO - Processing file /home/airflow/.local/lib/python3.7/site-packages/airflow/example_dags/example_task_group_decorator.py for tasks to queue
[2025-07-20T06:03:13.794+0000] {logging_mixin.py:120} INFO - [2025-07-20T06:03:13.794+0000] {dagbag.py:537} INFO - Filling up the DagBag from /home/airflow/.local/lib/python3.7/site-packages/airflow/example_dags/example_task_group_decorator.py
[2025-07-20T06:03:13.897+0000] {processor.py:766} INFO - DAG(s) dict_keys(['example_task_group_decorator']) retrieved from /home/airflow/.local/lib/python3.7/site-packages/airflow/example_dags/example_task_group_decorator.py
[2025-07-20T06:03:14.020+0000] {logging_mixin.py:120} INFO - [2025-07-20T06:03:14.019+0000] {dag.py:2585} INFO - Sync 1 DAGs
[2025-07-20T06:03:14.173+0000] {logging_mixin.py:120} INFO - [2025-07-20T06:03:14.172+0000] {dag.py:3340} INFO - Setting next_dagrun for example_task_group_decorator to 2025-07-19T06:03:14.171648+00:00, run_after=2025-07-20T06:03:14.171648+00:00
[2025-07-20T06:03:14.226+0000] {processor.py:176} INFO - Processing /home/airflow/.local/lib/python3.7/site-packages/airflow/example_dags/example_task_group_decorator.py took 0.448 seconds
[2025-07-20T06:03:46.824+0000] {processor.py:154} INFO - Started process (PID=423) to work on /home/airflow/.local/lib/python3.7/site-packages/airflow/example_dags/example_task_group_decorator.py
[2025-07-20T06:03:46.838+0000] {processor.py:756} INFO - Processing file /home/airflow/.local/lib/python3.7/site-packages/airflow/example_dags/example_task_group_decorator.py for tasks to queue
[2025-07-20T06:03:46.841+0000] {logging_mixin.py:120} INFO - [2025-07-20T06:03:46.840+0000] {dagbag.py:537} INFO - Filling up the DagBag from /home/airflow/.local/lib/python3.7/site-packages/airflow/example_dags/example_task_group_decorator.py
[2025-07-20T06:03:47.057+0000] {processor.py:766} INFO - DAG(s) dict_keys(['example_task_group_decorator']) retrieved from /home/airflow/.local/lib/python3.7/site-packages/airflow/example_dags/example_task_group_decorator.py
[2025-07-20T06:03:47.361+0000] {logging_mixin.py:120} INFO - [2025-07-20T06:03:47.360+0000] {dag.py:2585} INFO - Sync 1 DAGs
[2025-07-20T06:03:47.465+0000] {logging_mixin.py:120} INFO - [2025-07-20T06:03:47.464+0000] {dag.py:3340} INFO - Setting next_dagrun for example_task_group_decorator to 2025-07-19T06:03:47.463802+00:00, run_after=2025-07-20T06:03:47.463802+00:00
[2025-07-20T06:03:47.532+0000] {processor.py:176} INFO - Processing /home/airflow/.local/lib/python3.7/site-packages/airflow/example_dags/example_task_group_decorator.py took 0.716 seconds
[2025-07-20T06:04:17.736+0000] {processor.py:154} INFO - Started process (PID=477) to work on /home/airflow/.local/lib/python3.7/site-packages/airflow/example_dags/example_task_group_decorator.py
[2025-07-20T06:04:17.738+0000] {processor.py:756} INFO - Processing file /home/airflow/.local/lib/python3.7/site-packages/airflow/example_dags/example_task_group_decorator.py for tasks to queue
[2025-07-20T06:04:17.740+0000] {logging_mixin.py:120} INFO - [2025-07-20T06:04:17.739+0000] {dagbag.py:537} INFO - Filling up the DagBag from /home/airflow/.local/lib/python3.7/site-packages/airflow/example_dags/example_task_group_decorator.py
[2025-07-20T06:04:17.799+0000] {processor.py:766} INFO - DAG(s) dict_keys(['example_task_group_decorator']) retrieved from /home/airflow/.local/lib/python3.7/site-packages/airflow/example_dags/example_task_group_decorator.py
[2025-07-20T06:04:17.865+0000] {logging_mixin.py:120} INFO - [2025-07-20T06:04:17.865+0000] {dag.py:2585} INFO - Sync 1 DAGs
[2025-07-20T06:04:17.902+0000] {logging_mixin.py:120} INFO - [2025-07-20T06:04:17.902+0000] {dag.py:3340} INFO - Setting next_dagrun for example_task_group_decorator to 2025-07-19T06:04:17.901594+00:00, run_after=2025-07-20T06:04:17.901594+00:00
[2025-07-20T06:04:17.940+0000] {processor.py:176} INFO - Processing /home/airflow/.local/lib/python3.7/site-packages/airflow/example_dags/example_task_group_decorator.py took 0.210 seconds
[2025-07-20T06:04:48.306+0000] {processor.py:154} INFO - Started process (PID=541) to work on /home/airflow/.local/lib/python3.7/site-packages/airflow/example_dags/example_task_group_decorator.py
[2025-07-20T06:04:48.309+0000] {processor.py:756} INFO - Processing file /home/airflow/.local/lib/python3.7/site-packages/airflow/example_dags/example_task_group_decorator.py for tasks to queue
[2025-07-20T06:04:48.312+0000] {logging_mixin.py:120} INFO - [2025-07-20T06:04:48.312+0000] {dagbag.py:537} INFO - Filling up the DagBag from /home/airflow/.local/lib/python3.7/site-packages/airflow/example_dags/example_task_group_decorator.py
[2025-07-20T06:04:48.382+0000] {processor.py:766} INFO - DAG(s) dict_keys(['example_task_group_decorator']) retrieved from /home/airflow/.local/lib/python3.7/site-packages/airflow/example_dags/example_task_group_decorator.py
[2025-07-20T06:04:48.469+0000] {logging_mixin.py:120} INFO - [2025-07-20T06:04:48.469+0000] {dag.py:2585} INFO - Sync 1 DAGs
[2025-07-20T06:04:48.516+0000] {logging_mixin.py:120} INFO - [2025-07-20T06:04:48.516+0000] {dag.py:3340} INFO - Setting next_dagrun for example_task_group_decorator to 2025-07-19T06:04:48.516011+00:00, run_after=2025-07-20T06:04:48.516011+00:00
[2025-07-20T06:04:48.586+0000] {processor.py:176} INFO - Processing /home/airflow/.local/lib/python3.7/site-packages/airflow/example_dags/example_task_group_decorator.py took 0.288 seconds
[2025-07-20T06:05:18.729+0000] {processor.py:154} INFO - Started process (PID=594) to work on /home/airflow/.local/lib/python3.7/site-packages/airflow/example_dags/example_task_group_decorator.py
[2025-07-20T06:05:18.732+0000] {processor.py:756} INFO - Processing file /home/airflow/.local/lib/python3.7/site-packages/airflow/example_dags/example_task_group_decorator.py for tasks to queue
[2025-07-20T06:05:18.734+0000] {logging_mixin.py:120} INFO - [2025-07-20T06:05:18.733+0000] {dagbag.py:537} INFO - Filling up the DagBag from /home/airflow/.local/lib/python3.7/site-packages/airflow/example_dags/example_task_group_decorator.py
[2025-07-20T06:05:18.831+0000] {processor.py:766} INFO - DAG(s) dict_keys(['example_task_group_decorator']) retrieved from /home/airflow/.local/lib/python3.7/site-packages/airflow/example_dags/example_task_group_decorator.py
[2025-07-20T06:05:19.001+0000] {logging_mixin.py:120} INFO - [2025-07-20T06:05:19.001+0000] {dag.py:2585} INFO - Sync 1 DAGs
[2025-07-20T06:05:19.117+0000] {logging_mixin.py:120} INFO - [2025-07-20T06:05:19.117+0000] {dag.py:3340} INFO - Setting next_dagrun for example_task_group_decorator to 2025-07-19T06:05:19.117128+00:00, run_after=2025-07-20T06:05:19.117128+00:00
[2025-07-20T06:05:19.179+0000] {processor.py:176} INFO - Processing /home/airflow/.local/lib/python3.7/site-packages/airflow/example_dags/example_task_group_decorator.py took 0.458 seconds
[2025-07-20T06:05:49.417+0000] {processor.py:154} INFO - Started process (PID=657) to work on /home/airflow/.local/lib/python3.7/site-packages/airflow/example_dags/example_task_group_decorator.py
[2025-07-20T06:05:49.420+0000] {processor.py:756} INFO - Processing file /home/airflow/.local/lib/python3.7/site-packages/airflow/example_dags/example_task_group_decorator.py for tasks to queue
[2025-07-20T06:05:49.422+0000] {logging_mixin.py:120} INFO - [2025-07-20T06:05:49.421+0000] {dagbag.py:537} INFO - Filling up the DagBag from /home/airflow/.local/lib/python3.7/site-packages/airflow/example_dags/example_task_group_decorator.py
[2025-07-20T06:05:49.470+0000] {processor.py:766} INFO - DAG(s) dict_keys(['example_task_group_decorator']) retrieved from /home/airflow/.local/lib/python3.7/site-packages/airflow/example_dags/example_task_group_decorator.py
[2025-07-20T06:05:49.558+0000] {logging_mixin.py:120} INFO - [2025-07-20T06:05:49.558+0000] {dag.py:2585} INFO - Sync 1 DAGs
[2025-07-20T06:05:49.596+0000] {logging_mixin.py:120} INFO - [2025-07-20T06:05:49.596+0000] {dag.py:3340} INFO - Setting next_dagrun for example_task_group_decorator to 2025-07-19T06:05:49.596401+00:00, run_after=2025-07-20T06:05:49.596401+00:00
[2025-07-20T06:05:49.632+0000] {processor.py:176} INFO - Processing /home/airflow/.local/lib/python3.7/site-packages/airflow/example_dags/example_task_group_decorator.py took 0.224 seconds
[2025-07-20T06:06:20.281+0000] {processor.py:154} INFO - Started process (PID=720) to work on /home/airflow/.local/lib/python3.7/site-packages/airflow/example_dags/example_task_group_decorator.py
[2025-07-20T06:06:20.283+0000] {processor.py:756} INFO - Processing file /home/airflow/.local/lib/python3.7/site-packages/airflow/example_dags/example_task_group_decorator.py for tasks to queue
[2025-07-20T06:06:20.285+0000] {logging_mixin.py:120} INFO - [2025-07-20T06:06:20.284+0000] {dagbag.py:537} INFO - Filling up the DagBag from /home/airflow/.local/lib/python3.7/site-packages/airflow/example_dags/example_task_group_decorator.py
[2025-07-20T06:06:20.332+0000] {processor.py:766} INFO - DAG(s) dict_keys(['example_task_group_decorator']) retrieved from /home/airflow/.local/lib/python3.7/site-packages/airflow/example_dags/example_task_group_decorator.py
[2025-07-20T06:06:20.405+0000] {logging_mixin.py:120} INFO - [2025-07-20T06:06:20.405+0000] {dag.py:2585} INFO - Sync 1 DAGs
[2025-07-20T06:06:20.453+0000] {logging_mixin.py:120} INFO - [2025-07-20T06:06:20.453+0000] {dag.py:3340} INFO - Setting next_dagrun for example_task_group_decorator to 2025-07-19T06:06:20.452652+00:00, run_after=2025-07-20T06:06:20.452652+00:00
[2025-07-20T06:06:20.537+0000] {processor.py:176} INFO - Processing /home/airflow/.local/lib/python3.7/site-packages/airflow/example_dags/example_task_group_decorator.py took 0.261 seconds
[2025-07-20T06:06:50.623+0000] {processor.py:154} INFO - Started process (PID=774) to work on /home/airflow/.local/lib/python3.7/site-packages/airflow/example_dags/example_task_group_decorator.py
[2025-07-20T06:06:50.626+0000] {processor.py:756} INFO - Processing file /home/airflow/.local/lib/python3.7/site-packages/airflow/example_dags/example_task_group_decorator.py for tasks to queue
[2025-07-20T06:06:50.627+0000] {logging_mixin.py:120} INFO - [2025-07-20T06:06:50.627+0000] {dagbag.py:537} INFO - Filling up the DagBag from /home/airflow/.local/lib/python3.7/site-packages/airflow/example_dags/example_task_group_decorator.py
[2025-07-20T06:06:50.684+0000] {processor.py:766} INFO - DAG(s) dict_keys(['example_task_group_decorator']) retrieved from /home/airflow/.local/lib/python3.7/site-packages/airflow/example_dags/example_task_group_decorator.py
[2025-07-20T06:06:50.754+0000] {logging_mixin.py:120} INFO - [2025-07-20T06:06:50.754+0000] {dag.py:2585} INFO - Sync 1 DAGs
[2025-07-20T06:06:50.799+0000] {logging_mixin.py:120} INFO - [2025-07-20T06:06:50.798+0000] {dag.py:3340} INFO - Setting next_dagrun for example_task_group_decorator to 2025-07-19T06:06:50.798525+00:00, run_after=2025-07-20T06:06:50.798525+00:00
[2025-07-20T06:06:50.839+0000] {processor.py:176} INFO - Processing /home/airflow/.local/lib/python3.7/site-packages/airflow/example_dags/example_task_group_decorator.py took 0.224 seconds
[2025-07-20T06:07:21.622+0000] {processor.py:154} INFO - Started process (PID=836) to work on /home/airflow/.local/lib/python3.7/site-packages/airflow/example_dags/example_task_group_decorator.py
[2025-07-20T06:07:21.625+0000] {processor.py:756} INFO - Processing file /home/airflow/.local/lib/python3.7/site-packages/airflow/example_dags/example_task_group_decorator.py for tasks to queue
[2025-07-20T06:07:21.627+0000] {logging_mixin.py:120} INFO - [2025-07-20T06:07:21.626+0000] {dagbag.py:537} INFO - Filling up the DagBag from /home/airflow/.local/lib/python3.7/site-packages/airflow/example_dags/example_task_group_decorator.py
[2025-07-20T06:07:21.668+0000] {processor.py:766} INFO - DAG(s) dict_keys(['example_task_group_decorator']) retrieved from /home/airflow/.local/lib/python3.7/site-packages/airflow/example_dags/example_task_group_decorator.py
[2025-07-20T06:07:21.744+0000] {logging_mixin.py:120} INFO - [2025-07-20T06:07:21.744+0000] {dag.py:2585} INFO - Sync 1 DAGs
[2025-07-20T06:07:21.802+0000] {logging_mixin.py:120} INFO - [2025-07-20T06:07:21.801+0000] {dag.py:3340} INFO - Setting next_dagrun for example_task_group_decorator to 2025-07-19T06:07:21.800857+00:00, run_after=2025-07-20T06:07:21.800857+00:00
[2025-07-20T06:07:21.855+0000] {processor.py:176} INFO - Processing /home/airflow/.local/lib/python3.7/site-packages/airflow/example_dags/example_task_group_decorator.py took 0.239 seconds
[2025-07-20T06:07:51.928+0000] {processor.py:154} INFO - Started process (PID=889) to work on /home/airflow/.local/lib/python3.7/site-packages/airflow/example_dags/example_task_group_decorator.py
[2025-07-20T06:07:51.931+0000] {processor.py:756} INFO - Processing file /home/airflow/.local/lib/python3.7/site-packages/airflow/example_dags/example_task_group_decorator.py for tasks to queue
[2025-07-20T06:07:51.933+0000] {logging_mixin.py:120} INFO - [2025-07-20T06:07:51.932+0000] {dagbag.py:537} INFO - Filling up the DagBag from /home/airflow/.local/lib/python3.7/site-packages/airflow/example_dags/example_task_group_decorator.py
[2025-07-20T06:07:51.981+0000] {processor.py:766} INFO - DAG(s) dict_keys(['example_task_group_decorator']) retrieved from /home/airflow/.local/lib/python3.7/site-packages/airflow/example_dags/example_task_group_decorator.py
[2025-07-20T06:07:52.074+0000] {logging_mixin.py:120} INFO - [2025-07-20T06:07:52.073+0000] {dag.py:2585} INFO - Sync 1 DAGs
[2025-07-20T06:07:52.125+0000] {logging_mixin.py:120} INFO - [2025-07-20T06:07:52.125+0000] {dag.py:3340} INFO - Setting next_dagrun for example_task_group_decorator to 2025-07-19T06:07:52.124797+00:00, run_after=2025-07-20T06:07:52.124797+00:00
[2025-07-20T06:07:52.167+0000] {processor.py:176} INFO - Processing /home/airflow/.local/lib/python3.7/site-packages/airflow/example_dags/example_task_group_decorator.py took 0.246 seconds
[2025-07-20T06:08:22.817+0000] {processor.py:154} INFO - Started process (PID=943) to work on /home/airflow/.local/lib/python3.7/site-packages/airflow/example_dags/example_task_group_decorator.py
[2025-07-20T06:08:22.818+0000] {processor.py:756} INFO - Processing file /home/airflow/.local/lib/python3.7/site-packages/airflow/example_dags/example_task_group_decorator.py for tasks to queue
[2025-07-20T06:08:22.820+0000] {logging_mixin.py:120} INFO - [2025-07-20T06:08:22.820+0000] {dagbag.py:537} INFO - Filling up the DagBag from /home/airflow/.local/lib/python3.7/site-packages/airflow/example_dags/example_task_group_decorator.py
[2025-07-20T06:08:22.869+0000] {processor.py:766} INFO - DAG(s) dict_keys(['example_task_group_decorator']) retrieved from /home/airflow/.local/lib/python3.7/site-packages/airflow/example_dags/example_task_group_decorator.py
[2025-07-20T06:08:22.943+0000] {logging_mixin.py:120} INFO - [2025-07-20T06:08:22.942+0000] {dag.py:2585} INFO - Sync 1 DAGs
[2025-07-20T06:08:22.989+0000] {logging_mixin.py:120} INFO - [2025-07-20T06:08:22.988+0000] {dag.py:3340} INFO - Setting next_dagrun for example_task_group_decorator to 2025-07-19T06:08:22.987887+00:00, run_after=2025-07-20T06:08:22.987887+00:00
[2025-07-20T06:08:23.024+0000] {processor.py:176} INFO - Processing /home/airflow/.local/lib/python3.7/site-packages/airflow/example_dags/example_task_group_decorator.py took 0.214 seconds
[2025-07-20T06:08:53.501+0000] {processor.py:154} INFO - Started process (PID=997) to work on /home/airflow/.local/lib/python3.7/site-packages/airflow/example_dags/example_task_group_decorator.py
[2025-07-20T06:08:53.504+0000] {processor.py:756} INFO - Processing file /home/airflow/.local/lib/python3.7/site-packages/airflow/example_dags/example_task_group_decorator.py for tasks to queue
[2025-07-20T06:08:53.507+0000] {logging_mixin.py:120} INFO - [2025-07-20T06:08:53.506+0000] {dagbag.py:537} INFO - Filling up the DagBag from /home/airflow/.local/lib/python3.7/site-packages/airflow/example_dags/example_task_group_decorator.py
[2025-07-20T06:08:53.579+0000] {processor.py:766} INFO - DAG(s) dict_keys(['example_task_group_decorator']) retrieved from /home/airflow/.local/lib/python3.7/site-packages/airflow/example_dags/example_task_group_decorator.py
[2025-07-20T06:08:53.743+0000] {logging_mixin.py:120} INFO - [2025-07-20T06:08:53.743+0000] {dag.py:2585} INFO - Sync 1 DAGs
[2025-07-20T06:08:53.819+0000] {logging_mixin.py:120} INFO - [2025-07-20T06:08:53.818+0000] {dag.py:3340} INFO - Setting next_dagrun for example_task_group_decorator to 2025-07-19T06:08:53.818150+00:00, run_after=2025-07-20T06:08:53.818150+00:00
[2025-07-20T06:08:53.880+0000] {processor.py:176} INFO - Processing /home/airflow/.local/lib/python3.7/site-packages/airflow/example_dags/example_task_group_decorator.py took 0.386 seconds
[2025-07-20T06:09:25.503+0000] {processor.py:154} INFO - Started process (PID=1058) to work on /home/airflow/.local/lib/python3.7/site-packages/airflow/example_dags/example_task_group_decorator.py
[2025-07-20T06:09:25.507+0000] {processor.py:756} INFO - Processing file /home/airflow/.local/lib/python3.7/site-packages/airflow/example_dags/example_task_group_decorator.py for tasks to queue
[2025-07-20T06:09:25.513+0000] {logging_mixin.py:120} INFO - [2025-07-20T06:09:25.513+0000] {dagbag.py:537} INFO - Filling up the DagBag from /home/airflow/.local/lib/python3.7/site-packages/airflow/example_dags/example_task_group_decorator.py
[2025-07-20T06:09:25.614+0000] {processor.py:766} INFO - DAG(s) dict_keys(['example_task_group_decorator']) retrieved from /home/airflow/.local/lib/python3.7/site-packages/airflow/example_dags/example_task_group_decorator.py
[2025-07-20T06:09:25.757+0000] {logging_mixin.py:120} INFO - [2025-07-20T06:09:25.756+0000] {dag.py:2585} INFO - Sync 1 DAGs
[2025-07-20T06:09:25.842+0000] {logging_mixin.py:120} INFO - [2025-07-20T06:09:25.841+0000] {dag.py:3340} INFO - Setting next_dagrun for example_task_group_decorator to 2025-07-19T06:09:25.841042+00:00, run_after=2025-07-20T06:09:25.841042+00:00
[2025-07-20T06:09:25.898+0000] {processor.py:176} INFO - Processing /home/airflow/.local/lib/python3.7/site-packages/airflow/example_dags/example_task_group_decorator.py took 0.418 seconds
[2025-07-20T06:09:56.531+0000] {processor.py:154} INFO - Started process (PID=1111) to work on /home/airflow/.local/lib/python3.7/site-packages/airflow/example_dags/example_task_group_decorator.py
[2025-07-20T06:09:56.537+0000] {processor.py:756} INFO - Processing file /home/airflow/.local/lib/python3.7/site-packages/airflow/example_dags/example_task_group_decorator.py for tasks to queue
[2025-07-20T06:09:56.543+0000] {logging_mixin.py:120} INFO - [2025-07-20T06:09:56.543+0000] {dagbag.py:537} INFO - Filling up the DagBag from /home/airflow/.local/lib/python3.7/site-packages/airflow/example_dags/example_task_group_decorator.py
[2025-07-20T06:09:56.741+0000] {processor.py:766} INFO - DAG(s) dict_keys(['example_task_group_decorator']) retrieved from /home/airflow/.local/lib/python3.7/site-packages/airflow/example_dags/example_task_group_decorator.py
[2025-07-20T06:09:57.011+0000] {logging_mixin.py:120} INFO - [2025-07-20T06:09:57.011+0000] {dag.py:2585} INFO - Sync 1 DAGs
[2025-07-20T06:09:57.169+0000] {logging_mixin.py:120} INFO - [2025-07-20T06:09:57.169+0000] {dag.py:3340} INFO - Setting next_dagrun for example_task_group_decorator to 2025-07-19T06:09:57.168882+00:00, run_after=2025-07-20T06:09:57.168882+00:00
[2025-07-20T06:09:57.276+0000] {processor.py:176} INFO - Processing /home/airflow/.local/lib/python3.7/site-packages/airflow/example_dags/example_task_group_decorator.py took 0.762 seconds
[2025-07-20T06:10:27.508+0000] {processor.py:154} INFO - Started process (PID=1165) to work on /home/airflow/.local/lib/python3.7/site-packages/airflow/example_dags/example_task_group_decorator.py
[2025-07-20T06:10:27.520+0000] {processor.py:756} INFO - Processing file /home/airflow/.local/lib/python3.7/site-packages/airflow/example_dags/example_task_group_decorator.py for tasks to queue
[2025-07-20T06:10:27.527+0000] {logging_mixin.py:120} INFO - [2025-07-20T06:10:27.526+0000] {dagbag.py:537} INFO - Filling up the DagBag from /home/airflow/.local/lib/python3.7/site-packages/airflow/example_dags/example_task_group_decorator.py
[2025-07-20T06:10:27.739+0000] {processor.py:766} INFO - DAG(s) dict_keys(['example_task_group_decorator']) retrieved from /home/airflow/.local/lib/python3.7/site-packages/airflow/example_dags/example_task_group_decorator.py
[2025-07-20T06:10:27.905+0000] {logging_mixin.py:120} INFO - [2025-07-20T06:10:27.904+0000] {dag.py:2585} INFO - Sync 1 DAGs
[2025-07-20T06:10:28.018+0000] {logging_mixin.py:120} INFO - [2025-07-20T06:10:28.017+0000] {dag.py:3340} INFO - Setting next_dagrun for example_task_group_decorator to 2025-07-19T06:10:28.017143+00:00, run_after=2025-07-20T06:10:28.017143+00:00
[2025-07-20T06:10:28.111+0000] {processor.py:176} INFO - Processing /home/airflow/.local/lib/python3.7/site-packages/airflow/example_dags/example_task_group_decorator.py took 0.612 seconds
[2025-07-20T06:10:58.762+0000] {processor.py:154} INFO - Started process (PID=1219) to work on /home/airflow/.local/lib/python3.7/site-packages/airflow/example_dags/example_task_group_decorator.py
[2025-07-20T06:10:58.764+0000] {processor.py:756} INFO - Processing file /home/airflow/.local/lib/python3.7/site-packages/airflow/example_dags/example_task_group_decorator.py for tasks to queue
[2025-07-20T06:10:58.767+0000] {logging_mixin.py:120} INFO - [2025-07-20T06:10:58.766+0000] {dagbag.py:537} INFO - Filling up the DagBag from /home/airflow/.local/lib/python3.7/site-packages/airflow/example_dags/example_task_group_decorator.py
[2025-07-20T06:10:58.811+0000] {processor.py:766} INFO - DAG(s) dict_keys(['example_task_group_decorator']) retrieved from /home/airflow/.local/lib/python3.7/site-packages/airflow/example_dags/example_task_group_decorator.py
[2025-07-20T06:10:58.906+0000] {logging_mixin.py:120} INFO - [2025-07-20T06:10:58.905+0000] {dag.py:2585} INFO - Sync 1 DAGs
[2025-07-20T06:10:58.977+0000] {logging_mixin.py:120} INFO - [2025-07-20T06:10:58.977+0000] {dag.py:3340} INFO - Setting next_dagrun for example_task_group_decorator to 2025-07-19T06:10:58.976781+00:00, run_after=2025-07-20T06:10:58.976781+00:00
[2025-07-20T06:10:59.085+0000] {processor.py:176} INFO - Processing /home/airflow/.local/lib/python3.7/site-packages/airflow/example_dags/example_task_group_decorator.py took 0.333 seconds
[2025-07-20T06:11:29.590+0000] {processor.py:154} INFO - Started process (PID=1282) to work on /home/airflow/.local/lib/python3.7/site-packages/airflow/example_dags/example_task_group_decorator.py
[2025-07-20T06:11:29.592+0000] {processor.py:756} INFO - Processing file /home/airflow/.local/lib/python3.7/site-packages/airflow/example_dags/example_task_group_decorator.py for tasks to queue
[2025-07-20T06:11:29.593+0000] {logging_mixin.py:120} INFO - [2025-07-20T06:11:29.593+0000] {dagbag.py:537} INFO - Filling up the DagBag from /home/airflow/.local/lib/python3.7/site-packages/airflow/example_dags/example_task_group_decorator.py
[2025-07-20T06:11:29.646+0000] {processor.py:766} INFO - DAG(s) dict_keys(['example_task_group_decorator']) retrieved from /home/airflow/.local/lib/python3.7/site-packages/airflow/example_dags/example_task_group_decorator.py
[2025-07-20T06:11:29.738+0000] {logging_mixin.py:120} INFO - [2025-07-20T06:11:29.738+0000] {dag.py:2585} INFO - Sync 1 DAGs
[2025-07-20T06:11:29.799+0000] {logging_mixin.py:120} INFO - [2025-07-20T06:11:29.798+0000] {dag.py:3340} INFO - Setting next_dagrun for example_task_group_decorator to 2025-07-19T06:11:29.798340+00:00, run_after=2025-07-20T06:11:29.798340+00:00
[2025-07-20T06:11:29.854+0000] {processor.py:176} INFO - Processing /home/airflow/.local/lib/python3.7/site-packages/airflow/example_dags/example_task_group_decorator.py took 0.272 seconds
[2025-07-20T06:12:00.380+0000] {processor.py:154} INFO - Started process (PID=1336) to work on /home/airflow/.local/lib/python3.7/site-packages/airflow/example_dags/example_task_group_decorator.py
[2025-07-20T06:12:00.383+0000] {processor.py:756} INFO - Processing file /home/airflow/.local/lib/python3.7/site-packages/airflow/example_dags/example_task_group_decorator.py for tasks to queue
[2025-07-20T06:12:00.384+0000] {logging_mixin.py:120} INFO - [2025-07-20T06:12:00.384+0000] {dagbag.py:537} INFO - Filling up the DagBag from /home/airflow/.local/lib/python3.7/site-packages/airflow/example_dags/example_task_group_decorator.py
[2025-07-20T06:12:00.430+0000] {processor.py:766} INFO - DAG(s) dict_keys(['example_task_group_decorator']) retrieved from /home/airflow/.local/lib/python3.7/site-packages/airflow/example_dags/example_task_group_decorator.py
[2025-07-20T06:12:00.499+0000] {logging_mixin.py:120} INFO - [2025-07-20T06:12:00.499+0000] {dag.py:2585} INFO - Sync 1 DAGs
[2025-07-20T06:12:00.535+0000] {logging_mixin.py:120} INFO - [2025-07-20T06:12:00.535+0000] {dag.py:3340} INFO - Setting next_dagrun for example_task_group_decorator to 2025-07-19T06:12:00.534647+00:00, run_after=2025-07-20T06:12:00.534647+00:00
[2025-07-20T06:12:00.571+0000] {processor.py:176} INFO - Processing /home/airflow/.local/lib/python3.7/site-packages/airflow/example_dags/example_task_group_decorator.py took 0.196 seconds
[2025-07-20T06:12:31.177+0000] {processor.py:154} INFO - Started process (PID=1397) to work on /home/airflow/.local/lib/python3.7/site-packages/airflow/example_dags/example_task_group_decorator.py
[2025-07-20T06:12:31.178+0000] {processor.py:756} INFO - Processing file /home/airflow/.local/lib/python3.7/site-packages/airflow/example_dags/example_task_group_decorator.py for tasks to queue
[2025-07-20T06:12:31.180+0000] {logging_mixin.py:120} INFO - [2025-07-20T06:12:31.180+0000] {dagbag.py:537} INFO - Filling up the DagBag from /home/airflow/.local/lib/python3.7/site-packages/airflow/example_dags/example_task_group_decorator.py
[2025-07-20T06:12:31.226+0000] {processor.py:766} INFO - DAG(s) dict_keys(['example_task_group_decorator']) retrieved from /home/airflow/.local/lib/python3.7/site-packages/airflow/example_dags/example_task_group_decorator.py
[2025-07-20T06:12:31.323+0000] {logging_mixin.py:120} INFO - [2025-07-20T06:12:31.322+0000] {dag.py:2585} INFO - Sync 1 DAGs
[2025-07-20T06:12:31.371+0000] {logging_mixin.py:120} INFO - [2025-07-20T06:12:31.370+0000] {dag.py:3340} INFO - Setting next_dagrun for example_task_group_decorator to 2025-07-19T06:12:31.370526+00:00, run_after=2025-07-20T06:12:31.370526+00:00
[2025-07-20T06:12:31.424+0000] {processor.py:176} INFO - Processing /home/airflow/.local/lib/python3.7/site-packages/airflow/example_dags/example_task_group_decorator.py took 0.255 seconds
[2025-07-20T06:13:01.735+0000] {processor.py:154} INFO - Started process (PID=1450) to work on /home/airflow/.local/lib/python3.7/site-packages/airflow/example_dags/example_task_group_decorator.py
[2025-07-20T06:13:01.737+0000] {processor.py:756} INFO - Processing file /home/airflow/.local/lib/python3.7/site-packages/airflow/example_dags/example_task_group_decorator.py for tasks to queue
[2025-07-20T06:13:01.741+0000] {logging_mixin.py:120} INFO - [2025-07-20T06:13:01.740+0000] {dagbag.py:537} INFO - Filling up the DagBag from /home/airflow/.local/lib/python3.7/site-packages/airflow/example_dags/example_task_group_decorator.py
[2025-07-20T06:13:01.816+0000] {processor.py:766} INFO - DAG(s) dict_keys(['example_task_group_decorator']) retrieved from /home/airflow/.local/lib/python3.7/site-packages/airflow/example_dags/example_task_group_decorator.py
[2025-07-20T06:13:01.917+0000] {logging_mixin.py:120} INFO - [2025-07-20T06:13:01.916+0000] {dag.py:2585} INFO - Sync 1 DAGs
[2025-07-20T06:13:01.994+0000] {logging_mixin.py:120} INFO - [2025-07-20T06:13:01.993+0000] {dag.py:3340} INFO - Setting next_dagrun for example_task_group_decorator to 2025-07-19T06:13:01.993236+00:00, run_after=2025-07-20T06:13:01.993236+00:00
[2025-07-20T06:13:02.054+0000] {processor.py:176} INFO - Processing /home/airflow/.local/lib/python3.7/site-packages/airflow/example_dags/example_task_group_decorator.py took 0.330 seconds
[2025-07-20T06:13:33.039+0000] {processor.py:154} INFO - Started process (PID=1513) to work on /home/airflow/.local/lib/python3.7/site-packages/airflow/example_dags/example_task_group_decorator.py
[2025-07-20T06:13:33.041+0000] {processor.py:756} INFO - Processing file /home/airflow/.local/lib/python3.7/site-packages/airflow/example_dags/example_task_group_decorator.py for tasks to queue
[2025-07-20T06:13:33.042+0000] {logging_mixin.py:120} INFO - [2025-07-20T06:13:33.042+0000] {dagbag.py:537} INFO - Filling up the DagBag from /home/airflow/.local/lib/python3.7/site-packages/airflow/example_dags/example_task_group_decorator.py
[2025-07-20T06:13:33.084+0000] {processor.py:766} INFO - DAG(s) dict_keys(['example_task_group_decorator']) retrieved from /home/airflow/.local/lib/python3.7/site-packages/airflow/example_dags/example_task_group_decorator.py
[2025-07-20T06:13:33.157+0000] {logging_mixin.py:120} INFO - [2025-07-20T06:13:33.157+0000] {dag.py:2585} INFO - Sync 1 DAGs
[2025-07-20T06:13:33.198+0000] {logging_mixin.py:120} INFO - [2025-07-20T06:13:33.197+0000] {dag.py:3340} INFO - Setting next_dagrun for example_task_group_decorator to 2025-07-19T06:13:33.197528+00:00, run_after=2025-07-20T06:13:33.197528+00:00
[2025-07-20T06:13:33.287+0000] {processor.py:176} INFO - Processing /home/airflow/.local/lib/python3.7/site-packages/airflow/example_dags/example_task_group_decorator.py took 0.253 seconds
[2025-07-20T06:14:04.182+0000] {processor.py:154} INFO - Started process (PID=1574) to work on /home/airflow/.local/lib/python3.7/site-packages/airflow/example_dags/example_task_group_decorator.py
[2025-07-20T06:14:04.184+0000] {processor.py:756} INFO - Processing file /home/airflow/.local/lib/python3.7/site-packages/airflow/example_dags/example_task_group_decorator.py for tasks to queue
[2025-07-20T06:14:04.186+0000] {logging_mixin.py:120} INFO - [2025-07-20T06:14:04.186+0000] {dagbag.py:537} INFO - Filling up the DagBag from /home/airflow/.local/lib/python3.7/site-packages/airflow/example_dags/example_task_group_decorator.py
[2025-07-20T06:14:04.286+0000] {processor.py:766} INFO - DAG(s) dict_keys(['example_task_group_decorator']) retrieved from /home/airflow/.local/lib/python3.7/site-packages/airflow/example_dags/example_task_group_decorator.py
[2025-07-20T06:14:04.393+0000] {logging_mixin.py:120} INFO - [2025-07-20T06:14:04.393+0000] {dag.py:2585} INFO - Sync 1 DAGs
[2025-07-20T06:14:04.447+0000] {logging_mixin.py:120} INFO - [2025-07-20T06:14:04.447+0000] {dag.py:3340} INFO - Setting next_dagrun for example_task_group_decorator to 2025-07-19T06:14:04.446575+00:00, run_after=2025-07-20T06:14:04.446575+00:00
[2025-07-20T06:14:04.499+0000] {processor.py:176} INFO - Processing /home/airflow/.local/lib/python3.7/site-packages/airflow/example_dags/example_task_group_decorator.py took 0.324 seconds
[2025-07-20T06:14:34.819+0000] {processor.py:154} INFO - Started process (PID=1631) to work on /home/airflow/.local/lib/python3.7/site-packages/airflow/example_dags/example_task_group_decorator.py
[2025-07-20T06:14:34.853+0000] {processor.py:756} INFO - Processing file /home/airflow/.local/lib/python3.7/site-packages/airflow/example_dags/example_task_group_decorator.py for tasks to queue
[2025-07-20T06:14:34.868+0000] {logging_mixin.py:120} INFO - [2025-07-20T06:14:34.868+0000] {dagbag.py:537} INFO - Filling up the DagBag from /home/airflow/.local/lib/python3.7/site-packages/airflow/example_dags/example_task_group_decorator.py
[2025-07-20T06:14:35.095+0000] {processor.py:766} INFO - DAG(s) dict_keys(['example_task_group_decorator']) retrieved from /home/airflow/.local/lib/python3.7/site-packages/airflow/example_dags/example_task_group_decorator.py
[2025-07-20T06:14:35.416+0000] {logging_mixin.py:120} INFO - [2025-07-20T06:14:35.416+0000] {dag.py:2585} INFO - Sync 1 DAGs
[2025-07-20T06:14:35.562+0000] {logging_mixin.py:120} INFO - [2025-07-20T06:14:35.562+0000] {dag.py:3340} INFO - Setting next_dagrun for example_task_group_decorator to 2025-07-19T06:14:35.561614+00:00, run_after=2025-07-20T06:14:35.561614+00:00
[2025-07-20T06:14:35.779+0000] {processor.py:176} INFO - Processing /home/airflow/.local/lib/python3.7/site-packages/airflow/example_dags/example_task_group_decorator.py took 0.970 seconds
[2025-07-20T06:15:06.166+0000] {processor.py:154} INFO - Started process (PID=1684) to work on /home/airflow/.local/lib/python3.7/site-packages/airflow/example_dags/example_task_group_decorator.py
[2025-07-20T06:15:06.172+0000] {processor.py:756} INFO - Processing file /home/airflow/.local/lib/python3.7/site-packages/airflow/example_dags/example_task_group_decorator.py for tasks to queue
[2025-07-20T06:15:06.182+0000] {logging_mixin.py:120} INFO - [2025-07-20T06:15:06.174+0000] {dagbag.py:537} INFO - Filling up the DagBag from /home/airflow/.local/lib/python3.7/site-packages/airflow/example_dags/example_task_group_decorator.py
[2025-07-20T06:15:06.393+0000] {processor.py:766} INFO - DAG(s) dict_keys(['example_task_group_decorator']) retrieved from /home/airflow/.local/lib/python3.7/site-packages/airflow/example_dags/example_task_group_decorator.py
[2025-07-20T06:15:06.721+0000] {logging_mixin.py:120} INFO - [2025-07-20T06:15:06.721+0000] {dag.py:2585} INFO - Sync 1 DAGs
[2025-07-20T06:15:06.998+0000] {logging_mixin.py:120} INFO - [2025-07-20T06:15:06.997+0000] {dag.py:3340} INFO - Setting next_dagrun for example_task_group_decorator to 2025-07-19T06:15:06.997261+00:00, run_after=2025-07-20T06:15:06.997261+00:00
[2025-07-20T06:15:07.190+0000] {processor.py:176} INFO - Processing /home/airflow/.local/lib/python3.7/site-packages/airflow/example_dags/example_task_group_decorator.py took 1.042 seconds
