[2025-07-20T05:58:18.598+0000] {processor.py:154} INFO - Started process (PID=52) to work on /home/airflow/.local/lib/python3.7/site-packages/airflow/example_dags/example_short_circuit_operator.py
[2025-07-20T05:58:18.600+0000] {processor.py:756} INFO - Processing file /home/airflow/.local/lib/python3.7/site-packages/airflow/example_dags/example_short_circuit_operator.py for tasks to queue
[2025-07-20T05:58:18.602+0000] {logging_mixin.py:120} INFO - [2025-07-20T05:58:18.602+0000] {dagbag.py:537} INFO - Filling up the DagBag from /home/airflow/.local/lib/python3.7/site-packages/airflow/example_dags/example_short_circuit_operator.py
[2025-07-20T05:58:18.662+0000] {processor.py:766} INFO - DAG(s) dict_keys(['example_short_circuit_operator']) retrieved from /home/airflow/.local/lib/python3.7/site-packages/airflow/example_dags/example_short_circuit_operator.py
[2025-07-20T05:58:18.810+0000] {logging_mixin.py:120} INFO - [2025-07-20T05:58:18.810+0000] {dag.py:2585} INFO - Sync 1 DAGs
[2025-07-20T05:58:18.973+0000] {logging_mixin.py:120} INFO - [2025-07-20T05:58:18.973+0000] {dag.py:3340} INFO - Setting next_dagrun for example_short_circuit_operator to 2025-07-19T05:58:18.972303+00:00, run_after=2025-07-20T05:58:18.972303+00:00
[2025-07-20T05:58:19.054+0000] {processor.py:176} INFO - Processing /home/airflow/.local/lib/python3.7/site-packages/airflow/example_dags/example_short_circuit_operator.py took 0.464 seconds
[2025-07-20T05:59:58.746+0000] {processor.py:154} INFO - Started process (PID=134) to work on /home/airflow/.local/lib/python3.7/site-packages/airflow/example_dags/example_short_circuit_operator.py
[2025-07-20T05:59:58.763+0000] {processor.py:756} INFO - Processing file /home/airflow/.local/lib/python3.7/site-packages/airflow/example_dags/example_short_circuit_operator.py for tasks to queue
[2025-07-20T05:59:58.782+0000] {logging_mixin.py:120} INFO - [2025-07-20T05:59:58.768+0000] {dagbag.py:537} INFO - Filling up the DagBag from /home/airflow/.local/lib/python3.7/site-packages/airflow/example_dags/example_short_circuit_operator.py
[2025-07-20T06:00:00.058+0000] {processor.py:766} INFO - DAG(s) dict_keys(['example_short_circuit_operator']) retrieved from /home/airflow/.local/lib/python3.7/site-packages/airflow/example_dags/example_short_circuit_operator.py
[2025-07-20T06:00:07.329+0000] {logging_mixin.py:120} INFO - [2025-07-20T06:00:07.329+0000] {dag.py:2585} INFO - Sync 1 DAGs
[2025-07-20T06:00:17.551+0000] {logging_mixin.py:120} INFO - [2025-07-20T06:00:17.551+0000] {dag.py:3340} INFO - Setting next_dagrun for example_short_circuit_operator to 2025-07-19T06:00:17.550296+00:00, run_after=2025-07-20T06:00:17.550296+00:00
[2025-07-20T06:00:19.908+0000] {processor.py:176} INFO - Processing /home/airflow/.local/lib/python3.7/site-packages/airflow/example_dags/example_short_circuit_operator.py took 21.361 seconds
[2025-07-20T06:01:19.963+0000] {processor.py:154} INFO - Started process (PID=192) to work on /home/airflow/.local/lib/python3.7/site-packages/airflow/example_dags/example_short_circuit_operator.py
[2025-07-20T06:01:19.966+0000] {processor.py:756} INFO - Processing file /home/airflow/.local/lib/python3.7/site-packages/airflow/example_dags/example_short_circuit_operator.py for tasks to queue
[2025-07-20T06:01:19.969+0000] {logging_mixin.py:120} INFO - [2025-07-20T06:01:19.968+0000] {dagbag.py:537} INFO - Filling up the DagBag from /home/airflow/.local/lib/python3.7/site-packages/airflow/example_dags/example_short_circuit_operator.py
[2025-07-20T06:01:20.295+0000] {processor.py:766} INFO - DAG(s) dict_keys(['example_short_circuit_operator']) retrieved from /home/airflow/.local/lib/python3.7/site-packages/airflow/example_dags/example_short_circuit_operator.py
[2025-07-20T06:01:20.948+0000] {logging_mixin.py:120} INFO - [2025-07-20T06:01:20.948+0000] {dag.py:2585} INFO - Sync 1 DAGs
[2025-07-20T06:01:21.412+0000] {logging_mixin.py:120} INFO - [2025-07-20T06:01:21.412+0000] {dag.py:3340} INFO - Setting next_dagrun for example_short_circuit_operator to 2025-07-19T06:01:21.401801+00:00, run_after=2025-07-20T06:01:21.401801+00:00
[2025-07-20T06:01:21.715+0000] {processor.py:176} INFO - Processing /home/airflow/.local/lib/python3.7/site-packages/airflow/example_dags/example_short_circuit_operator.py took 1.815 seconds
[2025-07-20T06:01:58.064+0000] {processor.py:154} INFO - Started process (PID=238) to work on /home/airflow/.local/lib/python3.7/site-packages/airflow/example_dags/example_short_circuit_operator.py
[2025-07-20T06:01:58.079+0000] {processor.py:756} INFO - Processing file /home/airflow/.local/lib/python3.7/site-packages/airflow/example_dags/example_short_circuit_operator.py for tasks to queue
[2025-07-20T06:01:58.095+0000] {logging_mixin.py:120} INFO - [2025-07-20T06:01:58.095+0000] {dagbag.py:537} INFO - Filling up the DagBag from /home/airflow/.local/lib/python3.7/site-packages/airflow/example_dags/example_short_circuit_operator.py
[2025-07-20T06:01:58.261+0000] {processor.py:766} INFO - DAG(s) dict_keys(['example_short_circuit_operator']) retrieved from /home/airflow/.local/lib/python3.7/site-packages/airflow/example_dags/example_short_circuit_operator.py
[2025-07-20T06:01:59.091+0000] {logging_mixin.py:120} INFO - [2025-07-20T06:01:59.090+0000] {dag.py:2585} INFO - Sync 1 DAGs
[2025-07-20T06:01:59.485+0000] {logging_mixin.py:120} INFO - [2025-07-20T06:01:59.485+0000] {dag.py:3340} INFO - Setting next_dagrun for example_short_circuit_operator to 2025-07-19T06:01:59.484387+00:00, run_after=2025-07-20T06:01:59.484387+00:00
[2025-07-20T06:02:00.158+0000] {processor.py:176} INFO - Processing /home/airflow/.local/lib/python3.7/site-packages/airflow/example_dags/example_short_circuit_operator.py took 2.137 seconds
[2025-07-20T06:02:30.393+0000] {processor.py:154} INFO - Started process (PID=292) to work on /home/airflow/.local/lib/python3.7/site-packages/airflow/example_dags/example_short_circuit_operator.py
[2025-07-20T06:02:30.396+0000] {processor.py:756} INFO - Processing file /home/airflow/.local/lib/python3.7/site-packages/airflow/example_dags/example_short_circuit_operator.py for tasks to queue
[2025-07-20T06:02:30.398+0000] {logging_mixin.py:120} INFO - [2025-07-20T06:02:30.398+0000] {dagbag.py:537} INFO - Filling up the DagBag from /home/airflow/.local/lib/python3.7/site-packages/airflow/example_dags/example_short_circuit_operator.py
[2025-07-20T06:02:30.444+0000] {processor.py:766} INFO - DAG(s) dict_keys(['example_short_circuit_operator']) retrieved from /home/airflow/.local/lib/python3.7/site-packages/airflow/example_dags/example_short_circuit_operator.py
[2025-07-20T06:02:30.570+0000] {logging_mixin.py:120} INFO - [2025-07-20T06:02:30.569+0000] {dag.py:2585} INFO - Sync 1 DAGs
[2025-07-20T06:02:30.641+0000] {logging_mixin.py:120} INFO - [2025-07-20T06:02:30.639+0000] {dag.py:3340} INFO - Setting next_dagrun for example_short_circuit_operator to 2025-07-19T06:02:30.639217+00:00, run_after=2025-07-20T06:02:30.639217+00:00
[2025-07-20T06:02:30.695+0000] {processor.py:176} INFO - Processing /home/airflow/.local/lib/python3.7/site-packages/airflow/example_dags/example_short_circuit_operator.py took 0.313 seconds
[2025-07-20T06:03:00.803+0000] {processor.py:154} INFO - Started process (PID=346) to work on /home/airflow/.local/lib/python3.7/site-packages/airflow/example_dags/example_short_circuit_operator.py
[2025-07-20T06:03:00.813+0000] {processor.py:756} INFO - Processing file /home/airflow/.local/lib/python3.7/site-packages/airflow/example_dags/example_short_circuit_operator.py for tasks to queue
[2025-07-20T06:03:00.816+0000] {logging_mixin.py:120} INFO - [2025-07-20T06:03:00.815+0000] {dagbag.py:537} INFO - Filling up the DagBag from /home/airflow/.local/lib/python3.7/site-packages/airflow/example_dags/example_short_circuit_operator.py
[2025-07-20T06:03:00.873+0000] {processor.py:766} INFO - DAG(s) dict_keys(['example_short_circuit_operator']) retrieved from /home/airflow/.local/lib/python3.7/site-packages/airflow/example_dags/example_short_circuit_operator.py
[2025-07-20T06:03:00.972+0000] {logging_mixin.py:120} INFO - [2025-07-20T06:03:00.972+0000] {dag.py:2585} INFO - Sync 1 DAGs
[2025-07-20T06:03:01.033+0000] {logging_mixin.py:120} INFO - [2025-07-20T06:03:01.032+0000] {dag.py:3340} INFO - Setting next_dagrun for example_short_circuit_operator to 2025-07-19T06:03:01.032318+00:00, run_after=2025-07-20T06:03:01.032318+00:00
[2025-07-20T06:03:01.073+0000] {processor.py:176} INFO - Processing /home/airflow/.local/lib/python3.7/site-packages/airflow/example_dags/example_short_circuit_operator.py took 0.277 seconds
[2025-07-20T06:03:31.369+0000] {processor.py:154} INFO - Started process (PID=400) to work on /home/airflow/.local/lib/python3.7/site-packages/airflow/example_dags/example_short_circuit_operator.py
[2025-07-20T06:03:31.375+0000] {processor.py:756} INFO - Processing file /home/airflow/.local/lib/python3.7/site-packages/airflow/example_dags/example_short_circuit_operator.py for tasks to queue
[2025-07-20T06:03:31.382+0000] {logging_mixin.py:120} INFO - [2025-07-20T06:03:31.382+0000] {dagbag.py:537} INFO - Filling up the DagBag from /home/airflow/.local/lib/python3.7/site-packages/airflow/example_dags/example_short_circuit_operator.py
[2025-07-20T06:03:31.438+0000] {processor.py:766} INFO - DAG(s) dict_keys(['example_short_circuit_operator']) retrieved from /home/airflow/.local/lib/python3.7/site-packages/airflow/example_dags/example_short_circuit_operator.py
[2025-07-20T06:03:31.579+0000] {logging_mixin.py:120} INFO - [2025-07-20T06:03:31.579+0000] {dag.py:2585} INFO - Sync 1 DAGs
[2025-07-20T06:03:31.662+0000] {logging_mixin.py:120} INFO - [2025-07-20T06:03:31.662+0000] {dag.py:3340} INFO - Setting next_dagrun for example_short_circuit_operator to 2025-07-19T06:03:31.662046+00:00, run_after=2025-07-20T06:03:31.662046+00:00
[2025-07-20T06:03:31.727+0000] {processor.py:176} INFO - Processing /home/airflow/.local/lib/python3.7/site-packages/airflow/example_dags/example_short_circuit_operator.py took 0.374 seconds
[2025-07-20T06:04:02.268+0000] {processor.py:154} INFO - Started process (PID=454) to work on /home/airflow/.local/lib/python3.7/site-packages/airflow/example_dags/example_short_circuit_operator.py
[2025-07-20T06:04:02.280+0000] {processor.py:756} INFO - Processing file /home/airflow/.local/lib/python3.7/site-packages/airflow/example_dags/example_short_circuit_operator.py for tasks to queue
[2025-07-20T06:04:02.282+0000] {logging_mixin.py:120} INFO - [2025-07-20T06:04:02.282+0000] {dagbag.py:537} INFO - Filling up the DagBag from /home/airflow/.local/lib/python3.7/site-packages/airflow/example_dags/example_short_circuit_operator.py
[2025-07-20T06:04:02.318+0000] {processor.py:766} INFO - DAG(s) dict_keys(['example_short_circuit_operator']) retrieved from /home/airflow/.local/lib/python3.7/site-packages/airflow/example_dags/example_short_circuit_operator.py
[2025-07-20T06:04:02.443+0000] {logging_mixin.py:120} INFO - [2025-07-20T06:04:02.442+0000] {dag.py:2585} INFO - Sync 1 DAGs
[2025-07-20T06:04:02.515+0000] {logging_mixin.py:120} INFO - [2025-07-20T06:04:02.514+0000] {dag.py:3340} INFO - Setting next_dagrun for example_short_circuit_operator to 2025-07-19T06:04:02.514262+00:00, run_after=2025-07-20T06:04:02.514262+00:00
[2025-07-20T06:04:02.575+0000] {processor.py:176} INFO - Processing /home/airflow/.local/lib/python3.7/site-packages/airflow/example_dags/example_short_circuit_operator.py took 0.321 seconds
[2025-07-20T06:04:32.924+0000] {processor.py:154} INFO - Started process (PID=519) to work on /home/airflow/.local/lib/python3.7/site-packages/airflow/example_dags/example_short_circuit_operator.py
[2025-07-20T06:04:32.926+0000] {processor.py:756} INFO - Processing file /home/airflow/.local/lib/python3.7/site-packages/airflow/example_dags/example_short_circuit_operator.py for tasks to queue
[2025-07-20T06:04:32.928+0000] {logging_mixin.py:120} INFO - [2025-07-20T06:04:32.927+0000] {dagbag.py:537} INFO - Filling up the DagBag from /home/airflow/.local/lib/python3.7/site-packages/airflow/example_dags/example_short_circuit_operator.py
[2025-07-20T06:04:32.978+0000] {processor.py:766} INFO - DAG(s) dict_keys(['example_short_circuit_operator']) retrieved from /home/airflow/.local/lib/python3.7/site-packages/airflow/example_dags/example_short_circuit_operator.py
[2025-07-20T06:04:33.081+0000] {logging_mixin.py:120} INFO - [2025-07-20T06:04:33.080+0000] {dag.py:2585} INFO - Sync 1 DAGs
[2025-07-20T06:04:33.127+0000] {logging_mixin.py:120} INFO - [2025-07-20T06:04:33.126+0000] {dag.py:3340} INFO - Setting next_dagrun for example_short_circuit_operator to 2025-07-19T06:04:33.126470+00:00, run_after=2025-07-20T06:04:33.126470+00:00
[2025-07-20T06:04:33.172+0000] {processor.py:176} INFO - Processing /home/airflow/.local/lib/python3.7/site-packages/airflow/example_dags/example_short_circuit_operator.py took 0.257 seconds
[2025-07-20T06:05:03.643+0000] {processor.py:154} INFO - Started process (PID=572) to work on /home/airflow/.local/lib/python3.7/site-packages/airflow/example_dags/example_short_circuit_operator.py
[2025-07-20T06:05:03.645+0000] {processor.py:756} INFO - Processing file /home/airflow/.local/lib/python3.7/site-packages/airflow/example_dags/example_short_circuit_operator.py for tasks to queue
[2025-07-20T06:05:03.647+0000] {logging_mixin.py:120} INFO - [2025-07-20T06:05:03.647+0000] {dagbag.py:537} INFO - Filling up the DagBag from /home/airflow/.local/lib/python3.7/site-packages/airflow/example_dags/example_short_circuit_operator.py
[2025-07-20T06:05:03.674+0000] {processor.py:766} INFO - DAG(s) dict_keys(['example_short_circuit_operator']) retrieved from /home/airflow/.local/lib/python3.7/site-packages/airflow/example_dags/example_short_circuit_operator.py
[2025-07-20T06:05:03.748+0000] {logging_mixin.py:120} INFO - [2025-07-20T06:05:03.747+0000] {dag.py:2585} INFO - Sync 1 DAGs
[2025-07-20T06:05:03.791+0000] {logging_mixin.py:120} INFO - [2025-07-20T06:05:03.790+0000] {dag.py:3340} INFO - Setting next_dagrun for example_short_circuit_operator to 2025-07-19T06:05:03.790460+00:00, run_after=2025-07-20T06:05:03.790460+00:00
[2025-07-20T06:05:03.841+0000] {processor.py:176} INFO - Processing /home/airflow/.local/lib/python3.7/site-packages/airflow/example_dags/example_short_circuit_operator.py took 0.207 seconds
[2025-07-20T06:05:33.914+0000] {processor.py:154} INFO - Started process (PID=635) to work on /home/airflow/.local/lib/python3.7/site-packages/airflow/example_dags/example_short_circuit_operator.py
[2025-07-20T06:05:33.916+0000] {processor.py:756} INFO - Processing file /home/airflow/.local/lib/python3.7/site-packages/airflow/example_dags/example_short_circuit_operator.py for tasks to queue
[2025-07-20T06:05:33.918+0000] {logging_mixin.py:120} INFO - [2025-07-20T06:05:33.918+0000] {dagbag.py:537} INFO - Filling up the DagBag from /home/airflow/.local/lib/python3.7/site-packages/airflow/example_dags/example_short_circuit_operator.py
[2025-07-20T06:05:33.951+0000] {processor.py:766} INFO - DAG(s) dict_keys(['example_short_circuit_operator']) retrieved from /home/airflow/.local/lib/python3.7/site-packages/airflow/example_dags/example_short_circuit_operator.py
[2025-07-20T06:05:34.024+0000] {logging_mixin.py:120} INFO - [2025-07-20T06:05:34.023+0000] {dag.py:2585} INFO - Sync 1 DAGs
[2025-07-20T06:05:34.064+0000] {logging_mixin.py:120} INFO - [2025-07-20T06:05:34.064+0000] {dag.py:3340} INFO - Setting next_dagrun for example_short_circuit_operator to 2025-07-19T06:05:34.063766+00:00, run_after=2025-07-20T06:05:34.063766+00:00
[2025-07-20T06:05:34.109+0000] {processor.py:176} INFO - Processing /home/airflow/.local/lib/python3.7/site-packages/airflow/example_dags/example_short_circuit_operator.py took 0.201 seconds
[2025-07-20T06:06:04.753+0000] {processor.py:154} INFO - Started process (PID=688) to work on /home/airflow/.local/lib/python3.7/site-packages/airflow/example_dags/example_short_circuit_operator.py
[2025-07-20T06:06:04.755+0000] {processor.py:756} INFO - Processing file /home/airflow/.local/lib/python3.7/site-packages/airflow/example_dags/example_short_circuit_operator.py for tasks to queue
[2025-07-20T06:06:04.761+0000] {logging_mixin.py:120} INFO - [2025-07-20T06:06:04.760+0000] {dagbag.py:537} INFO - Filling up the DagBag from /home/airflow/.local/lib/python3.7/site-packages/airflow/example_dags/example_short_circuit_operator.py
[2025-07-20T06:06:04.797+0000] {processor.py:766} INFO - DAG(s) dict_keys(['example_short_circuit_operator']) retrieved from /home/airflow/.local/lib/python3.7/site-packages/airflow/example_dags/example_short_circuit_operator.py
[2025-07-20T06:06:04.870+0000] {logging_mixin.py:120} INFO - [2025-07-20T06:06:04.869+0000] {dag.py:2585} INFO - Sync 1 DAGs
[2025-07-20T06:06:04.912+0000] {logging_mixin.py:120} INFO - [2025-07-20T06:06:04.912+0000] {dag.py:3340} INFO - Setting next_dagrun for example_short_circuit_operator to 2025-07-19T06:06:04.911679+00:00, run_after=2025-07-20T06:06:04.911679+00:00
[2025-07-20T06:06:04.951+0000] {processor.py:176} INFO - Processing /home/airflow/.local/lib/python3.7/site-packages/airflow/example_dags/example_short_circuit_operator.py took 0.207 seconds
[2025-07-20T06:06:35.143+0000] {processor.py:154} INFO - Started process (PID=751) to work on /home/airflow/.local/lib/python3.7/site-packages/airflow/example_dags/example_short_circuit_operator.py
[2025-07-20T06:06:35.149+0000] {processor.py:756} INFO - Processing file /home/airflow/.local/lib/python3.7/site-packages/airflow/example_dags/example_short_circuit_operator.py for tasks to queue
[2025-07-20T06:06:35.151+0000] {logging_mixin.py:120} INFO - [2025-07-20T06:06:35.151+0000] {dagbag.py:537} INFO - Filling up the DagBag from /home/airflow/.local/lib/python3.7/site-packages/airflow/example_dags/example_short_circuit_operator.py
[2025-07-20T06:06:35.202+0000] {processor.py:766} INFO - DAG(s) dict_keys(['example_short_circuit_operator']) retrieved from /home/airflow/.local/lib/python3.7/site-packages/airflow/example_dags/example_short_circuit_operator.py
[2025-07-20T06:06:35.288+0000] {logging_mixin.py:120} INFO - [2025-07-20T06:06:35.288+0000] {dag.py:2585} INFO - Sync 1 DAGs
[2025-07-20T06:06:35.349+0000] {logging_mixin.py:120} INFO - [2025-07-20T06:06:35.349+0000] {dag.py:3340} INFO - Setting next_dagrun for example_short_circuit_operator to 2025-07-19T06:06:35.348978+00:00, run_after=2025-07-20T06:06:35.348978+00:00
[2025-07-20T06:06:35.403+0000] {processor.py:176} INFO - Processing /home/airflow/.local/lib/python3.7/site-packages/airflow/example_dags/example_short_circuit_operator.py took 0.269 seconds
[2025-07-20T06:07:05.732+0000] {processor.py:154} INFO - Started process (PID=804) to work on /home/airflow/.local/lib/python3.7/site-packages/airflow/example_dags/example_short_circuit_operator.py
[2025-07-20T06:07:05.733+0000] {processor.py:756} INFO - Processing file /home/airflow/.local/lib/python3.7/site-packages/airflow/example_dags/example_short_circuit_operator.py for tasks to queue
[2025-07-20T06:07:05.735+0000] {logging_mixin.py:120} INFO - [2025-07-20T06:07:05.735+0000] {dagbag.py:537} INFO - Filling up the DagBag from /home/airflow/.local/lib/python3.7/site-packages/airflow/example_dags/example_short_circuit_operator.py
[2025-07-20T06:07:05.770+0000] {processor.py:766} INFO - DAG(s) dict_keys(['example_short_circuit_operator']) retrieved from /home/airflow/.local/lib/python3.7/site-packages/airflow/example_dags/example_short_circuit_operator.py
[2025-07-20T06:07:05.848+0000] {logging_mixin.py:120} INFO - [2025-07-20T06:07:05.848+0000] {dag.py:2585} INFO - Sync 1 DAGs
[2025-07-20T06:07:05.886+0000] {logging_mixin.py:120} INFO - [2025-07-20T06:07:05.885+0000] {dag.py:3340} INFO - Setting next_dagrun for example_short_circuit_operator to 2025-07-19T06:07:05.885662+00:00, run_after=2025-07-20T06:07:05.885662+00:00
[2025-07-20T06:07:05.920+0000] {processor.py:176} INFO - Processing /home/airflow/.local/lib/python3.7/site-packages/airflow/example_dags/example_short_circuit_operator.py took 0.195 seconds
[2025-07-20T06:07:36.265+0000] {processor.py:154} INFO - Started process (PID=867) to work on /home/airflow/.local/lib/python3.7/site-packages/airflow/example_dags/example_short_circuit_operator.py
[2025-07-20T06:07:36.267+0000] {processor.py:756} INFO - Processing file /home/airflow/.local/lib/python3.7/site-packages/airflow/example_dags/example_short_circuit_operator.py for tasks to queue
[2025-07-20T06:07:36.269+0000] {logging_mixin.py:120} INFO - [2025-07-20T06:07:36.269+0000] {dagbag.py:537} INFO - Filling up the DagBag from /home/airflow/.local/lib/python3.7/site-packages/airflow/example_dags/example_short_circuit_operator.py
[2025-07-20T06:07:36.304+0000] {processor.py:766} INFO - DAG(s) dict_keys(['example_short_circuit_operator']) retrieved from /home/airflow/.local/lib/python3.7/site-packages/airflow/example_dags/example_short_circuit_operator.py
[2025-07-20T06:07:36.389+0000] {logging_mixin.py:120} INFO - [2025-07-20T06:07:36.388+0000] {dag.py:2585} INFO - Sync 1 DAGs
[2025-07-20T06:07:36.440+0000] {logging_mixin.py:120} INFO - [2025-07-20T06:07:36.440+0000] {dag.py:3340} INFO - Setting next_dagrun for example_short_circuit_operator to 2025-07-19T06:07:36.439900+00:00, run_after=2025-07-20T06:07:36.439900+00:00
[2025-07-20T06:07:36.480+0000] {processor.py:176} INFO - Processing /home/airflow/.local/lib/python3.7/site-packages/airflow/example_dags/example_short_circuit_operator.py took 0.224 seconds
[2025-07-20T06:08:07.119+0000] {processor.py:154} INFO - Started process (PID=920) to work on /home/airflow/.local/lib/python3.7/site-packages/airflow/example_dags/example_short_circuit_operator.py
[2025-07-20T06:08:07.128+0000] {processor.py:756} INFO - Processing file /home/airflow/.local/lib/python3.7/site-packages/airflow/example_dags/example_short_circuit_operator.py for tasks to queue
[2025-07-20T06:08:07.135+0000] {logging_mixin.py:120} INFO - [2025-07-20T06:08:07.135+0000] {dagbag.py:537} INFO - Filling up the DagBag from /home/airflow/.local/lib/python3.7/site-packages/airflow/example_dags/example_short_circuit_operator.py
[2025-07-20T06:08:07.286+0000] {processor.py:766} INFO - DAG(s) dict_keys(['example_short_circuit_operator']) retrieved from /home/airflow/.local/lib/python3.7/site-packages/airflow/example_dags/example_short_circuit_operator.py
[2025-07-20T06:08:07.582+0000] {logging_mixin.py:120} INFO - [2025-07-20T06:08:07.582+0000] {dag.py:2585} INFO - Sync 1 DAGs
[2025-07-20T06:08:07.807+0000] {logging_mixin.py:120} INFO - [2025-07-20T06:08:07.807+0000] {dag.py:3340} INFO - Setting next_dagrun for example_short_circuit_operator to 2025-07-19T06:08:07.806898+00:00, run_after=2025-07-20T06:08:07.806898+00:00
[2025-07-20T06:08:08.174+0000] {processor.py:176} INFO - Processing /home/airflow/.local/lib/python3.7/site-packages/airflow/example_dags/example_short_circuit_operator.py took 1.064 seconds
[2025-07-20T06:08:39.239+0000] {processor.py:154} INFO - Started process (PID=974) to work on /home/airflow/.local/lib/python3.7/site-packages/airflow/example_dags/example_short_circuit_operator.py
[2025-07-20T06:08:39.241+0000] {processor.py:756} INFO - Processing file /home/airflow/.local/lib/python3.7/site-packages/airflow/example_dags/example_short_circuit_operator.py for tasks to queue
[2025-07-20T06:08:39.244+0000] {logging_mixin.py:120} INFO - [2025-07-20T06:08:39.244+0000] {dagbag.py:537} INFO - Filling up the DagBag from /home/airflow/.local/lib/python3.7/site-packages/airflow/example_dags/example_short_circuit_operator.py
[2025-07-20T06:08:39.276+0000] {processor.py:766} INFO - DAG(s) dict_keys(['example_short_circuit_operator']) retrieved from /home/airflow/.local/lib/python3.7/site-packages/airflow/example_dags/example_short_circuit_operator.py
[2025-07-20T06:08:39.359+0000] {logging_mixin.py:120} INFO - [2025-07-20T06:08:39.359+0000] {dag.py:2585} INFO - Sync 1 DAGs
[2025-07-20T06:08:39.405+0000] {logging_mixin.py:120} INFO - [2025-07-20T06:08:39.405+0000] {dag.py:3340} INFO - Setting next_dagrun for example_short_circuit_operator to 2025-07-19T06:08:39.404873+00:00, run_after=2025-07-20T06:08:39.404873+00:00
[2025-07-20T06:08:39.460+0000] {processor.py:176} INFO - Processing /home/airflow/.local/lib/python3.7/site-packages/airflow/example_dags/example_short_circuit_operator.py took 0.228 seconds
[2025-07-20T06:09:09.961+0000] {processor.py:154} INFO - Started process (PID=1036) to work on /home/airflow/.local/lib/python3.7/site-packages/airflow/example_dags/example_short_circuit_operator.py
[2025-07-20T06:09:09.969+0000] {processor.py:756} INFO - Processing file /home/airflow/.local/lib/python3.7/site-packages/airflow/example_dags/example_short_circuit_operator.py for tasks to queue
[2025-07-20T06:09:09.971+0000] {logging_mixin.py:120} INFO - [2025-07-20T06:09:09.971+0000] {dagbag.py:537} INFO - Filling up the DagBag from /home/airflow/.local/lib/python3.7/site-packages/airflow/example_dags/example_short_circuit_operator.py
[2025-07-20T06:09:10.084+0000] {processor.py:766} INFO - DAG(s) dict_keys(['example_short_circuit_operator']) retrieved from /home/airflow/.local/lib/python3.7/site-packages/airflow/example_dags/example_short_circuit_operator.py
[2025-07-20T06:09:10.398+0000] {logging_mixin.py:120} INFO - [2025-07-20T06:09:10.398+0000] {dag.py:2585} INFO - Sync 1 DAGs
[2025-07-20T06:09:10.524+0000] {logging_mixin.py:120} INFO - [2025-07-20T06:09:10.523+0000] {dag.py:3340} INFO - Setting next_dagrun for example_short_circuit_operator to 2025-07-19T06:09:10.523251+00:00, run_after=2025-07-20T06:09:10.523251+00:00
[2025-07-20T06:09:10.620+0000] {processor.py:176} INFO - Processing /home/airflow/.local/lib/python3.7/site-packages/airflow/example_dags/example_short_circuit_operator.py took 0.670 seconds
[2025-07-20T06:09:40.924+0000] {processor.py:154} INFO - Started process (PID=1088) to work on /home/airflow/.local/lib/python3.7/site-packages/airflow/example_dags/example_short_circuit_operator.py
[2025-07-20T06:09:40.926+0000] {processor.py:756} INFO - Processing file /home/airflow/.local/lib/python3.7/site-packages/airflow/example_dags/example_short_circuit_operator.py for tasks to queue
[2025-07-20T06:09:40.928+0000] {logging_mixin.py:120} INFO - [2025-07-20T06:09:40.928+0000] {dagbag.py:537} INFO - Filling up the DagBag from /home/airflow/.local/lib/python3.7/site-packages/airflow/example_dags/example_short_circuit_operator.py
[2025-07-20T06:09:40.961+0000] {processor.py:766} INFO - DAG(s) dict_keys(['example_short_circuit_operator']) retrieved from /home/airflow/.local/lib/python3.7/site-packages/airflow/example_dags/example_short_circuit_operator.py
[2025-07-20T06:09:41.039+0000] {logging_mixin.py:120} INFO - [2025-07-20T06:09:41.039+0000] {dag.py:2585} INFO - Sync 1 DAGs
[2025-07-20T06:09:41.087+0000] {logging_mixin.py:120} INFO - [2025-07-20T06:09:41.087+0000] {dag.py:3340} INFO - Setting next_dagrun for example_short_circuit_operator to 2025-07-19T06:09:41.086673+00:00, run_after=2025-07-20T06:09:41.086673+00:00
[2025-07-20T06:09:41.130+0000] {processor.py:176} INFO - Processing /home/airflow/.local/lib/python3.7/site-packages/airflow/example_dags/example_short_circuit_operator.py took 0.215 seconds
[2025-07-20T06:10:11.722+0000] {processor.py:154} INFO - Started process (PID=1141) to work on /home/airflow/.local/lib/python3.7/site-packages/airflow/example_dags/example_short_circuit_operator.py
[2025-07-20T06:10:11.727+0000] {processor.py:756} INFO - Processing file /home/airflow/.local/lib/python3.7/site-packages/airflow/example_dags/example_short_circuit_operator.py for tasks to queue
[2025-07-20T06:10:11.737+0000] {logging_mixin.py:120} INFO - [2025-07-20T06:10:11.737+0000] {dagbag.py:537} INFO - Filling up the DagBag from /home/airflow/.local/lib/python3.7/site-packages/airflow/example_dags/example_short_circuit_operator.py
[2025-07-20T06:10:11.825+0000] {processor.py:766} INFO - DAG(s) dict_keys(['example_short_circuit_operator']) retrieved from /home/airflow/.local/lib/python3.7/site-packages/airflow/example_dags/example_short_circuit_operator.py
[2025-07-20T06:10:12.087+0000] {logging_mixin.py:120} INFO - [2025-07-20T06:10:12.087+0000] {dag.py:2585} INFO - Sync 1 DAGs
[2025-07-20T06:10:12.281+0000] {logging_mixin.py:120} INFO - [2025-07-20T06:10:12.280+0000] {dag.py:3340} INFO - Setting next_dagrun for example_short_circuit_operator to 2025-07-19T06:10:12.280111+00:00, run_after=2025-07-20T06:10:12.280111+00:00
[2025-07-20T06:10:12.380+0000] {processor.py:176} INFO - Processing /home/airflow/.local/lib/python3.7/site-packages/airflow/example_dags/example_short_circuit_operator.py took 0.671 seconds
[2025-07-20T06:10:42.856+0000] {processor.py:154} INFO - Started process (PID=1196) to work on /home/airflow/.local/lib/python3.7/site-packages/airflow/example_dags/example_short_circuit_operator.py
[2025-07-20T06:10:42.858+0000] {processor.py:756} INFO - Processing file /home/airflow/.local/lib/python3.7/site-packages/airflow/example_dags/example_short_circuit_operator.py for tasks to queue
[2025-07-20T06:10:42.873+0000] {logging_mixin.py:120} INFO - [2025-07-20T06:10:42.872+0000] {dagbag.py:537} INFO - Filling up the DagBag from /home/airflow/.local/lib/python3.7/site-packages/airflow/example_dags/example_short_circuit_operator.py
[2025-07-20T06:10:42.951+0000] {processor.py:766} INFO - DAG(s) dict_keys(['example_short_circuit_operator']) retrieved from /home/airflow/.local/lib/python3.7/site-packages/airflow/example_dags/example_short_circuit_operator.py
[2025-07-20T06:10:43.182+0000] {logging_mixin.py:120} INFO - [2025-07-20T06:10:43.182+0000] {dag.py:2585} INFO - Sync 1 DAGs
[2025-07-20T06:10:43.307+0000] {logging_mixin.py:120} INFO - [2025-07-20T06:10:43.307+0000] {dag.py:3340} INFO - Setting next_dagrun for example_short_circuit_operator to 2025-07-19T06:10:43.307096+00:00, run_after=2025-07-20T06:10:43.307096+00:00
[2025-07-20T06:10:43.517+0000] {processor.py:176} INFO - Processing /home/airflow/.local/lib/python3.7/site-packages/airflow/example_dags/example_short_circuit_operator.py took 0.679 seconds
[2025-07-20T06:11:14.260+0000] {processor.py:154} INFO - Started process (PID=1250) to work on /home/airflow/.local/lib/python3.7/site-packages/airflow/example_dags/example_short_circuit_operator.py
[2025-07-20T06:11:14.262+0000] {processor.py:756} INFO - Processing file /home/airflow/.local/lib/python3.7/site-packages/airflow/example_dags/example_short_circuit_operator.py for tasks to queue
[2025-07-20T06:11:14.263+0000] {logging_mixin.py:120} INFO - [2025-07-20T06:11:14.263+0000] {dagbag.py:537} INFO - Filling up the DagBag from /home/airflow/.local/lib/python3.7/site-packages/airflow/example_dags/example_short_circuit_operator.py
[2025-07-20T06:11:14.294+0000] {processor.py:766} INFO - DAG(s) dict_keys(['example_short_circuit_operator']) retrieved from /home/airflow/.local/lib/python3.7/site-packages/airflow/example_dags/example_short_circuit_operator.py
[2025-07-20T06:11:14.372+0000] {logging_mixin.py:120} INFO - [2025-07-20T06:11:14.371+0000] {dag.py:2585} INFO - Sync 1 DAGs
[2025-07-20T06:11:14.411+0000] {logging_mixin.py:120} INFO - [2025-07-20T06:11:14.411+0000] {dag.py:3340} INFO - Setting next_dagrun for example_short_circuit_operator to 2025-07-19T06:11:14.411005+00:00, run_after=2025-07-20T06:11:14.411005+00:00
[2025-07-20T06:11:14.452+0000] {processor.py:176} INFO - Processing /home/airflow/.local/lib/python3.7/site-packages/airflow/example_dags/example_short_circuit_operator.py took 0.197 seconds
[2025-07-20T06:11:45.071+0000] {processor.py:154} INFO - Started process (PID=1312) to work on /home/airflow/.local/lib/python3.7/site-packages/airflow/example_dags/example_short_circuit_operator.py
[2025-07-20T06:11:45.073+0000] {processor.py:756} INFO - Processing file /home/airflow/.local/lib/python3.7/site-packages/airflow/example_dags/example_short_circuit_operator.py for tasks to queue
[2025-07-20T06:11:45.074+0000] {logging_mixin.py:120} INFO - [2025-07-20T06:11:45.074+0000] {dagbag.py:537} INFO - Filling up the DagBag from /home/airflow/.local/lib/python3.7/site-packages/airflow/example_dags/example_short_circuit_operator.py
[2025-07-20T06:11:45.118+0000] {processor.py:766} INFO - DAG(s) dict_keys(['example_short_circuit_operator']) retrieved from /home/airflow/.local/lib/python3.7/site-packages/airflow/example_dags/example_short_circuit_operator.py
[2025-07-20T06:11:45.407+0000] {logging_mixin.py:120} INFO - [2025-07-20T06:11:45.407+0000] {dag.py:2585} INFO - Sync 1 DAGs
[2025-07-20T06:11:45.492+0000] {logging_mixin.py:120} INFO - [2025-07-20T06:11:45.492+0000] {dag.py:3340} INFO - Setting next_dagrun for example_short_circuit_operator to 2025-07-19T06:11:45.491320+00:00, run_after=2025-07-20T06:11:45.491320+00:00
[2025-07-20T06:11:45.562+0000] {processor.py:176} INFO - Processing /home/airflow/.local/lib/python3.7/site-packages/airflow/example_dags/example_short_circuit_operator.py took 0.499 seconds
[2025-07-20T06:12:15.921+0000] {processor.py:154} INFO - Started process (PID=1371) to work on /home/airflow/.local/lib/python3.7/site-packages/airflow/example_dags/example_short_circuit_operator.py
[2025-07-20T06:12:15.925+0000] {processor.py:756} INFO - Processing file /home/airflow/.local/lib/python3.7/site-packages/airflow/example_dags/example_short_circuit_operator.py for tasks to queue
[2025-07-20T06:12:15.929+0000] {logging_mixin.py:120} INFO - [2025-07-20T06:12:15.928+0000] {dagbag.py:537} INFO - Filling up the DagBag from /home/airflow/.local/lib/python3.7/site-packages/airflow/example_dags/example_short_circuit_operator.py
[2025-07-20T06:12:15.965+0000] {processor.py:766} INFO - DAG(s) dict_keys(['example_short_circuit_operator']) retrieved from /home/airflow/.local/lib/python3.7/site-packages/airflow/example_dags/example_short_circuit_operator.py
[2025-07-20T06:12:16.042+0000] {logging_mixin.py:120} INFO - [2025-07-20T06:12:16.042+0000] {dag.py:2585} INFO - Sync 1 DAGs
[2025-07-20T06:12:16.090+0000] {logging_mixin.py:120} INFO - [2025-07-20T06:12:16.090+0000] {dag.py:3340} INFO - Setting next_dagrun for example_short_circuit_operator to 2025-07-19T06:12:16.089563+00:00, run_after=2025-07-20T06:12:16.089563+00:00
[2025-07-20T06:12:16.131+0000] {processor.py:176} INFO - Processing /home/airflow/.local/lib/python3.7/site-packages/airflow/example_dags/example_short_circuit_operator.py took 0.223 seconds
[2025-07-20T06:12:46.739+0000] {processor.py:154} INFO - Started process (PID=1428) to work on /home/airflow/.local/lib/python3.7/site-packages/airflow/example_dags/example_short_circuit_operator.py
[2025-07-20T06:12:46.741+0000] {processor.py:756} INFO - Processing file /home/airflow/.local/lib/python3.7/site-packages/airflow/example_dags/example_short_circuit_operator.py for tasks to queue
[2025-07-20T06:12:46.743+0000] {logging_mixin.py:120} INFO - [2025-07-20T06:12:46.743+0000] {dagbag.py:537} INFO - Filling up the DagBag from /home/airflow/.local/lib/python3.7/site-packages/airflow/example_dags/example_short_circuit_operator.py
[2025-07-20T06:12:46.787+0000] {processor.py:766} INFO - DAG(s) dict_keys(['example_short_circuit_operator']) retrieved from /home/airflow/.local/lib/python3.7/site-packages/airflow/example_dags/example_short_circuit_operator.py
[2025-07-20T06:12:46.941+0000] {logging_mixin.py:120} INFO - [2025-07-20T06:12:46.941+0000] {dag.py:2585} INFO - Sync 1 DAGs
[2025-07-20T06:12:46.995+0000] {logging_mixin.py:120} INFO - [2025-07-20T06:12:46.995+0000] {dag.py:3340} INFO - Setting next_dagrun for example_short_circuit_operator to 2025-07-19T06:12:46.995133+00:00, run_after=2025-07-20T06:12:46.995133+00:00
[2025-07-20T06:12:47.038+0000] {processor.py:176} INFO - Processing /home/airflow/.local/lib/python3.7/site-packages/airflow/example_dags/example_short_circuit_operator.py took 0.306 seconds
[2025-07-20T06:13:17.329+0000] {processor.py:154} INFO - Started process (PID=1490) to work on /home/airflow/.local/lib/python3.7/site-packages/airflow/example_dags/example_short_circuit_operator.py
[2025-07-20T06:13:17.332+0000] {processor.py:756} INFO - Processing file /home/airflow/.local/lib/python3.7/site-packages/airflow/example_dags/example_short_circuit_operator.py for tasks to queue
[2025-07-20T06:13:17.336+0000] {logging_mixin.py:120} INFO - [2025-07-20T06:13:17.335+0000] {dagbag.py:537} INFO - Filling up the DagBag from /home/airflow/.local/lib/python3.7/site-packages/airflow/example_dags/example_short_circuit_operator.py
[2025-07-20T06:13:17.366+0000] {processor.py:766} INFO - DAG(s) dict_keys(['example_short_circuit_operator']) retrieved from /home/airflow/.local/lib/python3.7/site-packages/airflow/example_dags/example_short_circuit_operator.py
[2025-07-20T06:13:17.488+0000] {logging_mixin.py:120} INFO - [2025-07-20T06:13:17.487+0000] {dag.py:2585} INFO - Sync 1 DAGs
[2025-07-20T06:13:17.539+0000] {logging_mixin.py:120} INFO - [2025-07-20T06:13:17.539+0000] {dag.py:3340} INFO - Setting next_dagrun for example_short_circuit_operator to 2025-07-19T06:13:17.539376+00:00, run_after=2025-07-20T06:13:17.539376+00:00
[2025-07-20T06:13:17.594+0000] {processor.py:176} INFO - Processing /home/airflow/.local/lib/python3.7/site-packages/airflow/example_dags/example_short_circuit_operator.py took 0.271 seconds
[2025-07-20T06:13:48.162+0000] {processor.py:154} INFO - Started process (PID=1544) to work on /home/airflow/.local/lib/python3.7/site-packages/airflow/example_dags/example_short_circuit_operator.py
[2025-07-20T06:13:48.164+0000] {processor.py:756} INFO - Processing file /home/airflow/.local/lib/python3.7/site-packages/airflow/example_dags/example_short_circuit_operator.py for tasks to queue
[2025-07-20T06:13:48.165+0000] {logging_mixin.py:120} INFO - [2025-07-20T06:13:48.165+0000] {dagbag.py:537} INFO - Filling up the DagBag from /home/airflow/.local/lib/python3.7/site-packages/airflow/example_dags/example_short_circuit_operator.py
[2025-07-20T06:13:48.201+0000] {processor.py:766} INFO - DAG(s) dict_keys(['example_short_circuit_operator']) retrieved from /home/airflow/.local/lib/python3.7/site-packages/airflow/example_dags/example_short_circuit_operator.py
[2025-07-20T06:13:48.275+0000] {logging_mixin.py:120} INFO - [2025-07-20T06:13:48.275+0000] {dag.py:2585} INFO - Sync 1 DAGs
[2025-07-20T06:13:48.323+0000] {logging_mixin.py:120} INFO - [2025-07-20T06:13:48.322+0000] {dag.py:3340} INFO - Setting next_dagrun for example_short_circuit_operator to 2025-07-19T06:13:48.322591+00:00, run_after=2025-07-20T06:13:48.322591+00:00
[2025-07-20T06:13:48.367+0000] {processor.py:176} INFO - Processing /home/airflow/.local/lib/python3.7/site-packages/airflow/example_dags/example_short_circuit_operator.py took 0.210 seconds
[2025-07-20T06:14:18.768+0000] {processor.py:154} INFO - Started process (PID=1608) to work on /home/airflow/.local/lib/python3.7/site-packages/airflow/example_dags/example_short_circuit_operator.py
[2025-07-20T06:14:18.770+0000] {processor.py:756} INFO - Processing file /home/airflow/.local/lib/python3.7/site-packages/airflow/example_dags/example_short_circuit_operator.py for tasks to queue
[2025-07-20T06:14:18.771+0000] {logging_mixin.py:120} INFO - [2025-07-20T06:14:18.771+0000] {dagbag.py:537} INFO - Filling up the DagBag from /home/airflow/.local/lib/python3.7/site-packages/airflow/example_dags/example_short_circuit_operator.py
[2025-07-20T06:14:18.802+0000] {processor.py:766} INFO - DAG(s) dict_keys(['example_short_circuit_operator']) retrieved from /home/airflow/.local/lib/python3.7/site-packages/airflow/example_dags/example_short_circuit_operator.py
[2025-07-20T06:14:18.871+0000] {logging_mixin.py:120} INFO - [2025-07-20T06:14:18.870+0000] {dag.py:2585} INFO - Sync 1 DAGs
[2025-07-20T06:14:18.918+0000] {logging_mixin.py:120} INFO - [2025-07-20T06:14:18.918+0000] {dag.py:3340} INFO - Setting next_dagrun for example_short_circuit_operator to 2025-07-19T06:14:18.917542+00:00, run_after=2025-07-20T06:14:18.917542+00:00
[2025-07-20T06:14:18.952+0000] {processor.py:176} INFO - Processing /home/airflow/.local/lib/python3.7/site-packages/airflow/example_dags/example_short_circuit_operator.py took 0.190 seconds
[2025-07-20T06:14:49.007+0000] {processor.py:154} INFO - Started process (PID=1661) to work on /home/airflow/.local/lib/python3.7/site-packages/airflow/example_dags/example_short_circuit_operator.py
[2025-07-20T06:14:49.012+0000] {processor.py:756} INFO - Processing file /home/airflow/.local/lib/python3.7/site-packages/airflow/example_dags/example_short_circuit_operator.py for tasks to queue
[2025-07-20T06:14:49.015+0000] {logging_mixin.py:120} INFO - [2025-07-20T06:14:49.015+0000] {dagbag.py:537} INFO - Filling up the DagBag from /home/airflow/.local/lib/python3.7/site-packages/airflow/example_dags/example_short_circuit_operator.py
[2025-07-20T06:14:49.072+0000] {processor.py:766} INFO - DAG(s) dict_keys(['example_short_circuit_operator']) retrieved from /home/airflow/.local/lib/python3.7/site-packages/airflow/example_dags/example_short_circuit_operator.py
[2025-07-20T06:14:49.171+0000] {logging_mixin.py:120} INFO - [2025-07-20T06:14:49.171+0000] {dag.py:2585} INFO - Sync 1 DAGs
[2025-07-20T06:14:49.218+0000] {logging_mixin.py:120} INFO - [2025-07-20T06:14:49.218+0000] {dag.py:3340} INFO - Setting next_dagrun for example_short_circuit_operator to 2025-07-19T06:14:49.217380+00:00, run_after=2025-07-20T06:14:49.217380+00:00
[2025-07-20T06:14:49.263+0000] {processor.py:176} INFO - Processing /home/airflow/.local/lib/python3.7/site-packages/airflow/example_dags/example_short_circuit_operator.py took 0.265 seconds
[2025-07-20T06:15:20.275+0000] {processor.py:154} INFO - Started process (PID=1712) to work on /home/airflow/.local/lib/python3.7/site-packages/airflow/example_dags/example_short_circuit_operator.py
[2025-07-20T06:15:20.283+0000] {processor.py:756} INFO - Processing file /home/airflow/.local/lib/python3.7/site-packages/airflow/example_dags/example_short_circuit_operator.py for tasks to queue
[2025-07-20T06:15:20.285+0000] {logging_mixin.py:120} INFO - [2025-07-20T06:15:20.285+0000] {dagbag.py:537} INFO - Filling up the DagBag from /home/airflow/.local/lib/python3.7/site-packages/airflow/example_dags/example_short_circuit_operator.py
[2025-07-20T06:15:20.401+0000] {processor.py:766} INFO - DAG(s) dict_keys(['example_short_circuit_operator']) retrieved from /home/airflow/.local/lib/python3.7/site-packages/airflow/example_dags/example_short_circuit_operator.py
[2025-07-20T06:15:20.667+0000] {logging_mixin.py:120} INFO - [2025-07-20T06:15:20.667+0000] {dag.py:2585} INFO - Sync 1 DAGs
[2025-07-20T06:15:20.863+0000] {logging_mixin.py:120} INFO - [2025-07-20T06:15:20.863+0000] {dag.py:3340} INFO - Setting next_dagrun for example_short_circuit_operator to 2025-07-19T06:15:20.861784+00:00, run_after=2025-07-20T06:15:20.861784+00:00
[2025-07-20T06:15:21.006+0000] {processor.py:176} INFO - Processing /home/airflow/.local/lib/python3.7/site-packages/airflow/example_dags/example_short_circuit_operator.py took 0.750 seconds
