[2025-07-20T05:58:38.911+0000] {processor.py:154} INFO - Started process (PID=76) to work on /home/airflow/.local/lib/python3.7/site-packages/airflow/example_dags/tutorial.py
[2025-07-20T05:58:39.017+0000] {processor.py:756} INFO - Processing file /home/airflow/.local/lib/python3.7/site-packages/airflow/example_dags/tutorial.py for tasks to queue
[2025-07-20T05:58:39.069+0000] {logging_mixin.py:120} INFO - [2025-07-20T05:58:39.069+0000] {dagbag.py:537} INFO - Filling up the DagBag from /home/airflow/.local/lib/python3.7/site-packages/airflow/example_dags/tutorial.py
[2025-07-20T05:58:39.995+0000] {processor.py:766} INFO - DAG(s) dict_keys(['tutorial']) retrieved from /home/airflow/.local/lib/python3.7/site-packages/airflow/example_dags/tutorial.py
[2025-07-20T05:58:44.444+0000] {logging_mixin.py:120} INFO - [2025-07-20T05:58:44.443+0000] {dag.py:2585} INFO - Sync 1 DAGs
[2025-07-20T05:58:44.788+0000] {logging_mixin.py:120} INFO - [2025-07-20T05:58:44.784+0000] {dag.py:3340} INFO - Setting next_dagrun for tutorial to 2025-07-19T05:58:44.776556+00:00, run_after=2025-07-20T05:58:44.776556+00:00
[2025-07-20T05:58:46.414+0000] {processor.py:176} INFO - Processing /home/airflow/.local/lib/python3.7/site-packages/airflow/example_dags/tutorial.py took 7.620 seconds
[2025-07-20T06:01:10.715+0000] {processor.py:154} INFO - Started process (PID=174) to work on /home/airflow/.local/lib/python3.7/site-packages/airflow/example_dags/tutorial.py
[2025-07-20T06:01:10.724+0000] {processor.py:756} INFO - Processing file /home/airflow/.local/lib/python3.7/site-packages/airflow/example_dags/tutorial.py for tasks to queue
[2025-07-20T06:01:10.726+0000] {logging_mixin.py:120} INFO - [2025-07-20T06:01:10.725+0000] {dagbag.py:537} INFO - Filling up the DagBag from /home/airflow/.local/lib/python3.7/site-packages/airflow/example_dags/tutorial.py
[2025-07-20T06:01:11.018+0000] {processor.py:766} INFO - DAG(s) dict_keys(['tutorial']) retrieved from /home/airflow/.local/lib/python3.7/site-packages/airflow/example_dags/tutorial.py
[2025-07-20T06:01:11.524+0000] {logging_mixin.py:120} INFO - [2025-07-20T06:01:11.524+0000] {dag.py:2585} INFO - Sync 1 DAGs
[2025-07-20T06:01:12.112+0000] {logging_mixin.py:120} INFO - [2025-07-20T06:01:12.112+0000] {dag.py:3340} INFO - Setting next_dagrun for tutorial to 2025-07-19T06:01:12.111328+00:00, run_after=2025-07-20T06:01:12.111328+00:00
[2025-07-20T06:01:12.266+0000] {processor.py:176} INFO - Processing /home/airflow/.local/lib/python3.7/site-packages/airflow/example_dags/tutorial.py took 1.576 seconds
[2025-07-20T06:02:00.596+0000] {processor.py:154} INFO - Started process (PID=240) to work on /home/airflow/.local/lib/python3.7/site-packages/airflow/example_dags/tutorial.py
[2025-07-20T06:02:00.605+0000] {processor.py:756} INFO - Processing file /home/airflow/.local/lib/python3.7/site-packages/airflow/example_dags/tutorial.py for tasks to queue
[2025-07-20T06:02:00.614+0000] {logging_mixin.py:120} INFO - [2025-07-20T06:02:00.613+0000] {dagbag.py:537} INFO - Filling up the DagBag from /home/airflow/.local/lib/python3.7/site-packages/airflow/example_dags/tutorial.py
[2025-07-20T06:02:00.808+0000] {processor.py:766} INFO - DAG(s) dict_keys(['tutorial']) retrieved from /home/airflow/.local/lib/python3.7/site-packages/airflow/example_dags/tutorial.py
[2025-07-20T06:02:01.182+0000] {logging_mixin.py:120} INFO - [2025-07-20T06:02:01.179+0000] {dag.py:2585} INFO - Sync 1 DAGs
[2025-07-20T06:02:01.416+0000] {logging_mixin.py:120} INFO - [2025-07-20T06:02:01.416+0000] {dag.py:3340} INFO - Setting next_dagrun for tutorial to 2025-07-19T06:02:01.415981+00:00, run_after=2025-07-20T06:02:01.415981+00:00
[2025-07-20T06:02:01.732+0000] {processor.py:176} INFO - Processing /home/airflow/.local/lib/python3.7/site-packages/airflow/example_dags/tutorial.py took 1.156 seconds
[2025-07-20T06:02:32.781+0000] {processor.py:154} INFO - Started process (PID=294) to work on /home/airflow/.local/lib/python3.7/site-packages/airflow/example_dags/tutorial.py
[2025-07-20T06:02:32.783+0000] {processor.py:756} INFO - Processing file /home/airflow/.local/lib/python3.7/site-packages/airflow/example_dags/tutorial.py for tasks to queue
[2025-07-20T06:02:32.787+0000] {logging_mixin.py:120} INFO - [2025-07-20T06:02:32.786+0000] {dagbag.py:537} INFO - Filling up the DagBag from /home/airflow/.local/lib/python3.7/site-packages/airflow/example_dags/tutorial.py
[2025-07-20T06:02:32.828+0000] {processor.py:766} INFO - DAG(s) dict_keys(['tutorial']) retrieved from /home/airflow/.local/lib/python3.7/site-packages/airflow/example_dags/tutorial.py
[2025-07-20T06:02:32.966+0000] {logging_mixin.py:120} INFO - [2025-07-20T06:02:32.965+0000] {dag.py:2585} INFO - Sync 1 DAGs
[2025-07-20T06:02:33.055+0000] {logging_mixin.py:120} INFO - [2025-07-20T06:02:33.054+0000] {dag.py:3340} INFO - Setting next_dagrun for tutorial to 2025-07-19T06:02:33.053939+00:00, run_after=2025-07-20T06:02:33.053939+00:00
[2025-07-20T06:02:33.116+0000] {processor.py:176} INFO - Processing /home/airflow/.local/lib/python3.7/site-packages/airflow/example_dags/tutorial.py took 0.340 seconds
[2025-07-20T06:03:03.182+0000] {processor.py:154} INFO - Started process (PID=348) to work on /home/airflow/.local/lib/python3.7/site-packages/airflow/example_dags/tutorial.py
[2025-07-20T06:03:03.186+0000] {processor.py:756} INFO - Processing file /home/airflow/.local/lib/python3.7/site-packages/airflow/example_dags/tutorial.py for tasks to queue
[2025-07-20T06:03:03.189+0000] {logging_mixin.py:120} INFO - [2025-07-20T06:03:03.188+0000] {dagbag.py:537} INFO - Filling up the DagBag from /home/airflow/.local/lib/python3.7/site-packages/airflow/example_dags/tutorial.py
[2025-07-20T06:03:03.224+0000] {processor.py:766} INFO - DAG(s) dict_keys(['tutorial']) retrieved from /home/airflow/.local/lib/python3.7/site-packages/airflow/example_dags/tutorial.py
[2025-07-20T06:03:03.342+0000] {logging_mixin.py:120} INFO - [2025-07-20T06:03:03.341+0000] {dag.py:2585} INFO - Sync 1 DAGs
[2025-07-20T06:03:03.421+0000] {logging_mixin.py:120} INFO - [2025-07-20T06:03:03.420+0000] {dag.py:3340} INFO - Setting next_dagrun for tutorial to 2025-07-19T06:03:03.419964+00:00, run_after=2025-07-20T06:03:03.419964+00:00
[2025-07-20T06:03:03.479+0000] {processor.py:176} INFO - Processing /home/airflow/.local/lib/python3.7/site-packages/airflow/example_dags/tutorial.py took 0.303 seconds
[2025-07-20T06:03:33.849+0000] {processor.py:154} INFO - Started process (PID=402) to work on /home/airflow/.local/lib/python3.7/site-packages/airflow/example_dags/tutorial.py
[2025-07-20T06:03:33.851+0000] {processor.py:756} INFO - Processing file /home/airflow/.local/lib/python3.7/site-packages/airflow/example_dags/tutorial.py for tasks to queue
[2025-07-20T06:03:33.852+0000] {logging_mixin.py:120} INFO - [2025-07-20T06:03:33.852+0000] {dagbag.py:537} INFO - Filling up the DagBag from /home/airflow/.local/lib/python3.7/site-packages/airflow/example_dags/tutorial.py
[2025-07-20T06:03:33.892+0000] {processor.py:766} INFO - DAG(s) dict_keys(['tutorial']) retrieved from /home/airflow/.local/lib/python3.7/site-packages/airflow/example_dags/tutorial.py
[2025-07-20T06:03:33.960+0000] {logging_mixin.py:120} INFO - [2025-07-20T06:03:33.960+0000] {dag.py:2585} INFO - Sync 1 DAGs
[2025-07-20T06:03:34.002+0000] {logging_mixin.py:120} INFO - [2025-07-20T06:03:34.001+0000] {dag.py:3340} INFO - Setting next_dagrun for tutorial to 2025-07-19T06:03:34.001055+00:00, run_after=2025-07-20T06:03:34.001055+00:00
[2025-07-20T06:03:34.063+0000] {processor.py:176} INFO - Processing /home/airflow/.local/lib/python3.7/site-packages/airflow/example_dags/tutorial.py took 0.218 seconds
[2025-07-20T06:04:04.674+0000] {processor.py:154} INFO - Started process (PID=456) to work on /home/airflow/.local/lib/python3.7/site-packages/airflow/example_dags/tutorial.py
[2025-07-20T06:04:04.679+0000] {processor.py:756} INFO - Processing file /home/airflow/.local/lib/python3.7/site-packages/airflow/example_dags/tutorial.py for tasks to queue
[2025-07-20T06:04:04.681+0000] {logging_mixin.py:120} INFO - [2025-07-20T06:04:04.681+0000] {dagbag.py:537} INFO - Filling up the DagBag from /home/airflow/.local/lib/python3.7/site-packages/airflow/example_dags/tutorial.py
[2025-07-20T06:04:04.723+0000] {processor.py:766} INFO - DAG(s) dict_keys(['tutorial']) retrieved from /home/airflow/.local/lib/python3.7/site-packages/airflow/example_dags/tutorial.py
[2025-07-20T06:04:04.851+0000] {logging_mixin.py:120} INFO - [2025-07-20T06:04:04.851+0000] {dag.py:2585} INFO - Sync 1 DAGs
[2025-07-20T06:04:04.896+0000] {logging_mixin.py:120} INFO - [2025-07-20T06:04:04.895+0000] {dag.py:3340} INFO - Setting next_dagrun for tutorial to 2025-07-19T06:04:04.895314+00:00, run_after=2025-07-20T06:04:04.895314+00:00
[2025-07-20T06:04:04.940+0000] {processor.py:176} INFO - Processing /home/airflow/.local/lib/python3.7/site-packages/airflow/example_dags/tutorial.py took 0.276 seconds
[2025-07-20T06:04:35.331+0000] {processor.py:154} INFO - Started process (PID=521) to work on /home/airflow/.local/lib/python3.7/site-packages/airflow/example_dags/tutorial.py
[2025-07-20T06:04:35.334+0000] {processor.py:756} INFO - Processing file /home/airflow/.local/lib/python3.7/site-packages/airflow/example_dags/tutorial.py for tasks to queue
[2025-07-20T06:04:35.337+0000] {logging_mixin.py:120} INFO - [2025-07-20T06:04:35.336+0000] {dagbag.py:537} INFO - Filling up the DagBag from /home/airflow/.local/lib/python3.7/site-packages/airflow/example_dags/tutorial.py
[2025-07-20T06:04:35.400+0000] {processor.py:766} INFO - DAG(s) dict_keys(['tutorial']) retrieved from /home/airflow/.local/lib/python3.7/site-packages/airflow/example_dags/tutorial.py
[2025-07-20T06:04:35.502+0000] {logging_mixin.py:120} INFO - [2025-07-20T06:04:35.501+0000] {dag.py:2585} INFO - Sync 1 DAGs
[2025-07-20T06:04:35.540+0000] {logging_mixin.py:120} INFO - [2025-07-20T06:04:35.540+0000] {dag.py:3340} INFO - Setting next_dagrun for tutorial to 2025-07-19T06:04:35.540144+00:00, run_after=2025-07-20T06:04:35.540144+00:00
[2025-07-20T06:04:35.653+0000] {processor.py:176} INFO - Processing /home/airflow/.local/lib/python3.7/site-packages/airflow/example_dags/tutorial.py took 0.332 seconds
[2025-07-20T06:05:05.961+0000] {processor.py:154} INFO - Started process (PID=574) to work on /home/airflow/.local/lib/python3.7/site-packages/airflow/example_dags/tutorial.py
[2025-07-20T06:05:05.965+0000] {processor.py:756} INFO - Processing file /home/airflow/.local/lib/python3.7/site-packages/airflow/example_dags/tutorial.py for tasks to queue
[2025-07-20T06:05:05.968+0000] {logging_mixin.py:120} INFO - [2025-07-20T06:05:05.968+0000] {dagbag.py:537} INFO - Filling up the DagBag from /home/airflow/.local/lib/python3.7/site-packages/airflow/example_dags/tutorial.py
[2025-07-20T06:05:06.005+0000] {processor.py:766} INFO - DAG(s) dict_keys(['tutorial']) retrieved from /home/airflow/.local/lib/python3.7/site-packages/airflow/example_dags/tutorial.py
[2025-07-20T06:05:06.076+0000] {logging_mixin.py:120} INFO - [2025-07-20T06:05:06.075+0000] {dag.py:2585} INFO - Sync 1 DAGs
[2025-07-20T06:05:06.128+0000] {logging_mixin.py:120} INFO - [2025-07-20T06:05:06.127+0000] {dag.py:3340} INFO - Setting next_dagrun for tutorial to 2025-07-19T06:05:06.127522+00:00, run_after=2025-07-20T06:05:06.127522+00:00
[2025-07-20T06:05:06.182+0000] {processor.py:176} INFO - Processing /home/airflow/.local/lib/python3.7/site-packages/airflow/example_dags/tutorial.py took 0.228 seconds
[2025-07-20T06:05:36.245+0000] {processor.py:154} INFO - Started process (PID=637) to work on /home/airflow/.local/lib/python3.7/site-packages/airflow/example_dags/tutorial.py
[2025-07-20T06:05:36.247+0000] {processor.py:756} INFO - Processing file /home/airflow/.local/lib/python3.7/site-packages/airflow/example_dags/tutorial.py for tasks to queue
[2025-07-20T06:05:36.249+0000] {logging_mixin.py:120} INFO - [2025-07-20T06:05:36.249+0000] {dagbag.py:537} INFO - Filling up the DagBag from /home/airflow/.local/lib/python3.7/site-packages/airflow/example_dags/tutorial.py
[2025-07-20T06:05:36.279+0000] {processor.py:766} INFO - DAG(s) dict_keys(['tutorial']) retrieved from /home/airflow/.local/lib/python3.7/site-packages/airflow/example_dags/tutorial.py
[2025-07-20T06:05:36.357+0000] {logging_mixin.py:120} INFO - [2025-07-20T06:05:36.357+0000] {dag.py:2585} INFO - Sync 1 DAGs
[2025-07-20T06:05:36.397+0000] {logging_mixin.py:120} INFO - [2025-07-20T06:05:36.397+0000] {dag.py:3340} INFO - Setting next_dagrun for tutorial to 2025-07-19T06:05:36.397085+00:00, run_after=2025-07-20T06:05:36.397085+00:00
[2025-07-20T06:05:36.433+0000] {processor.py:176} INFO - Processing /home/airflow/.local/lib/python3.7/site-packages/airflow/example_dags/tutorial.py took 0.193 seconds
[2025-07-20T06:06:06.564+0000] {processor.py:154} INFO - Started process (PID=691) to work on /home/airflow/.local/lib/python3.7/site-packages/airflow/example_dags/tutorial.py
[2025-07-20T06:06:06.566+0000] {processor.py:756} INFO - Processing file /home/airflow/.local/lib/python3.7/site-packages/airflow/example_dags/tutorial.py for tasks to queue
[2025-07-20T06:06:06.569+0000] {logging_mixin.py:120} INFO - [2025-07-20T06:06:06.568+0000] {dagbag.py:537} INFO - Filling up the DagBag from /home/airflow/.local/lib/python3.7/site-packages/airflow/example_dags/tutorial.py
[2025-07-20T06:06:06.597+0000] {processor.py:766} INFO - DAG(s) dict_keys(['tutorial']) retrieved from /home/airflow/.local/lib/python3.7/site-packages/airflow/example_dags/tutorial.py
[2025-07-20T06:06:06.686+0000] {logging_mixin.py:120} INFO - [2025-07-20T06:06:06.685+0000] {dag.py:2585} INFO - Sync 1 DAGs
[2025-07-20T06:06:06.721+0000] {logging_mixin.py:120} INFO - [2025-07-20T06:06:06.720+0000] {dag.py:3340} INFO - Setting next_dagrun for tutorial to 2025-07-19T06:06:06.720516+00:00, run_after=2025-07-20T06:06:06.720516+00:00
[2025-07-20T06:06:06.759+0000] {processor.py:176} INFO - Processing /home/airflow/.local/lib/python3.7/site-packages/airflow/example_dags/tutorial.py took 0.202 seconds
[2025-07-20T06:06:36.813+0000] {processor.py:154} INFO - Started process (PID=754) to work on /home/airflow/.local/lib/python3.7/site-packages/airflow/example_dags/tutorial.py
[2025-07-20T06:06:36.815+0000] {processor.py:756} INFO - Processing file /home/airflow/.local/lib/python3.7/site-packages/airflow/example_dags/tutorial.py for tasks to queue
[2025-07-20T06:06:36.817+0000] {logging_mixin.py:120} INFO - [2025-07-20T06:06:36.816+0000] {dagbag.py:537} INFO - Filling up the DagBag from /home/airflow/.local/lib/python3.7/site-packages/airflow/example_dags/tutorial.py
[2025-07-20T06:06:36.848+0000] {processor.py:766} INFO - DAG(s) dict_keys(['tutorial']) retrieved from /home/airflow/.local/lib/python3.7/site-packages/airflow/example_dags/tutorial.py
[2025-07-20T06:06:36.923+0000] {logging_mixin.py:120} INFO - [2025-07-20T06:06:36.923+0000] {dag.py:2585} INFO - Sync 1 DAGs
[2025-07-20T06:06:36.994+0000] {logging_mixin.py:120} INFO - [2025-07-20T06:06:36.993+0000] {dag.py:3340} INFO - Setting next_dagrun for tutorial to 2025-07-19T06:06:36.993335+00:00, run_after=2025-07-20T06:06:36.993335+00:00
[2025-07-20T06:06:37.048+0000] {processor.py:176} INFO - Processing /home/airflow/.local/lib/python3.7/site-packages/airflow/example_dags/tutorial.py took 0.240 seconds
[2025-07-20T06:07:07.394+0000] {processor.py:154} INFO - Started process (PID=816) to work on /home/airflow/.local/lib/python3.7/site-packages/airflow/example_dags/tutorial.py
[2025-07-20T06:07:07.396+0000] {processor.py:756} INFO - Processing file /home/airflow/.local/lib/python3.7/site-packages/airflow/example_dags/tutorial.py for tasks to queue
[2025-07-20T06:07:07.397+0000] {logging_mixin.py:120} INFO - [2025-07-20T06:07:07.397+0000] {dagbag.py:537} INFO - Filling up the DagBag from /home/airflow/.local/lib/python3.7/site-packages/airflow/example_dags/tutorial.py
[2025-07-20T06:07:07.423+0000] {processor.py:766} INFO - DAG(s) dict_keys(['tutorial']) retrieved from /home/airflow/.local/lib/python3.7/site-packages/airflow/example_dags/tutorial.py
[2025-07-20T06:07:07.495+0000] {logging_mixin.py:120} INFO - [2025-07-20T06:07:07.494+0000] {dag.py:2585} INFO - Sync 1 DAGs
[2025-07-20T06:07:07.549+0000] {logging_mixin.py:120} INFO - [2025-07-20T06:07:07.549+0000] {dag.py:3340} INFO - Setting next_dagrun for tutorial to 2025-07-19T06:07:07.548842+00:00, run_after=2025-07-20T06:07:07.548842+00:00
[2025-07-20T06:07:07.587+0000] {processor.py:176} INFO - Processing /home/airflow/.local/lib/python3.7/site-packages/airflow/example_dags/tutorial.py took 0.201 seconds
[2025-07-20T06:07:37.759+0000] {processor.py:154} INFO - Started process (PID=869) to work on /home/airflow/.local/lib/python3.7/site-packages/airflow/example_dags/tutorial.py
[2025-07-20T06:07:37.761+0000] {processor.py:756} INFO - Processing file /home/airflow/.local/lib/python3.7/site-packages/airflow/example_dags/tutorial.py for tasks to queue
[2025-07-20T06:07:37.762+0000] {logging_mixin.py:120} INFO - [2025-07-20T06:07:37.761+0000] {dagbag.py:537} INFO - Filling up the DagBag from /home/airflow/.local/lib/python3.7/site-packages/airflow/example_dags/tutorial.py
[2025-07-20T06:07:37.778+0000] {processor.py:766} INFO - DAG(s) dict_keys(['tutorial']) retrieved from /home/airflow/.local/lib/python3.7/site-packages/airflow/example_dags/tutorial.py
[2025-07-20T06:07:37.844+0000] {logging_mixin.py:120} INFO - [2025-07-20T06:07:37.844+0000] {dag.py:2585} INFO - Sync 1 DAGs
[2025-07-20T06:07:37.876+0000] {logging_mixin.py:120} INFO - [2025-07-20T06:07:37.876+0000] {dag.py:3340} INFO - Setting next_dagrun for tutorial to 2025-07-19T06:07:37.875939+00:00, run_after=2025-07-20T06:07:37.875939+00:00
[2025-07-20T06:07:37.917+0000] {processor.py:176} INFO - Processing /home/airflow/.local/lib/python3.7/site-packages/airflow/example_dags/tutorial.py took 0.162 seconds
[2025-07-20T06:08:09.037+0000] {processor.py:154} INFO - Started process (PID=929) to work on /home/airflow/.local/lib/python3.7/site-packages/airflow/example_dags/tutorial.py
[2025-07-20T06:08:09.050+0000] {processor.py:756} INFO - Processing file /home/airflow/.local/lib/python3.7/site-packages/airflow/example_dags/tutorial.py for tasks to queue
[2025-07-20T06:08:09.061+0000] {logging_mixin.py:120} INFO - [2025-07-20T06:08:09.061+0000] {dagbag.py:537} INFO - Filling up the DagBag from /home/airflow/.local/lib/python3.7/site-packages/airflow/example_dags/tutorial.py
[2025-07-20T06:08:09.181+0000] {processor.py:766} INFO - DAG(s) dict_keys(['tutorial']) retrieved from /home/airflow/.local/lib/python3.7/site-packages/airflow/example_dags/tutorial.py
[2025-07-20T06:08:09.538+0000] {logging_mixin.py:120} INFO - [2025-07-20T06:08:09.537+0000] {dag.py:2585} INFO - Sync 1 DAGs
[2025-07-20T06:08:09.742+0000] {logging_mixin.py:120} INFO - [2025-07-20T06:08:09.742+0000] {dag.py:3340} INFO - Setting next_dagrun for tutorial to 2025-07-19T06:08:09.741564+00:00, run_after=2025-07-20T06:08:09.741564+00:00
[2025-07-20T06:08:09.918+0000] {processor.py:176} INFO - Processing /home/airflow/.local/lib/python3.7/site-packages/airflow/example_dags/tutorial.py took 0.889 seconds
[2025-07-20T06:08:40.547+0000] {processor.py:154} INFO - Started process (PID=976) to work on /home/airflow/.local/lib/python3.7/site-packages/airflow/example_dags/tutorial.py
[2025-07-20T06:08:40.549+0000] {processor.py:756} INFO - Processing file /home/airflow/.local/lib/python3.7/site-packages/airflow/example_dags/tutorial.py for tasks to queue
[2025-07-20T06:08:40.551+0000] {logging_mixin.py:120} INFO - [2025-07-20T06:08:40.551+0000] {dagbag.py:537} INFO - Filling up the DagBag from /home/airflow/.local/lib/python3.7/site-packages/airflow/example_dags/tutorial.py
[2025-07-20T06:08:40.594+0000] {processor.py:766} INFO - DAG(s) dict_keys(['tutorial']) retrieved from /home/airflow/.local/lib/python3.7/site-packages/airflow/example_dags/tutorial.py
[2025-07-20T06:08:40.686+0000] {logging_mixin.py:120} INFO - [2025-07-20T06:08:40.685+0000] {dag.py:2585} INFO - Sync 1 DAGs
[2025-07-20T06:08:40.746+0000] {logging_mixin.py:120} INFO - [2025-07-20T06:08:40.746+0000] {dag.py:3340} INFO - Setting next_dagrun for tutorial to 2025-07-19T06:08:40.745550+00:00, run_after=2025-07-20T06:08:40.745550+00:00
[2025-07-20T06:08:40.807+0000] {processor.py:176} INFO - Processing /home/airflow/.local/lib/python3.7/site-packages/airflow/example_dags/tutorial.py took 0.270 seconds
[2025-07-20T06:09:11.635+0000] {processor.py:154} INFO - Started process (PID=1038) to work on /home/airflow/.local/lib/python3.7/site-packages/airflow/example_dags/tutorial.py
[2025-07-20T06:09:11.638+0000] {processor.py:756} INFO - Processing file /home/airflow/.local/lib/python3.7/site-packages/airflow/example_dags/tutorial.py for tasks to queue
[2025-07-20T06:09:11.640+0000] {logging_mixin.py:120} INFO - [2025-07-20T06:09:11.640+0000] {dagbag.py:537} INFO - Filling up the DagBag from /home/airflow/.local/lib/python3.7/site-packages/airflow/example_dags/tutorial.py
[2025-07-20T06:09:11.694+0000] {processor.py:766} INFO - DAG(s) dict_keys(['tutorial']) retrieved from /home/airflow/.local/lib/python3.7/site-packages/airflow/example_dags/tutorial.py
[2025-07-20T06:09:11.822+0000] {logging_mixin.py:120} INFO - [2025-07-20T06:09:11.821+0000] {dag.py:2585} INFO - Sync 1 DAGs
[2025-07-20T06:09:11.885+0000] {logging_mixin.py:120} INFO - [2025-07-20T06:09:11.885+0000] {dag.py:3340} INFO - Setting next_dagrun for tutorial to 2025-07-19T06:09:11.884743+00:00, run_after=2025-07-20T06:09:11.884743+00:00
[2025-07-20T06:09:11.944+0000] {processor.py:176} INFO - Processing /home/airflow/.local/lib/python3.7/site-packages/airflow/example_dags/tutorial.py took 0.327 seconds
[2025-07-20T06:09:42.188+0000] {processor.py:154} INFO - Started process (PID=1090) to work on /home/airflow/.local/lib/python3.7/site-packages/airflow/example_dags/tutorial.py
[2025-07-20T06:09:42.189+0000] {processor.py:756} INFO - Processing file /home/airflow/.local/lib/python3.7/site-packages/airflow/example_dags/tutorial.py for tasks to queue
[2025-07-20T06:09:42.191+0000] {logging_mixin.py:120} INFO - [2025-07-20T06:09:42.191+0000] {dagbag.py:537} INFO - Filling up the DagBag from /home/airflow/.local/lib/python3.7/site-packages/airflow/example_dags/tutorial.py
[2025-07-20T06:09:42.220+0000] {processor.py:766} INFO - DAG(s) dict_keys(['tutorial']) retrieved from /home/airflow/.local/lib/python3.7/site-packages/airflow/example_dags/tutorial.py
[2025-07-20T06:09:42.300+0000] {logging_mixin.py:120} INFO - [2025-07-20T06:09:42.299+0000] {dag.py:2585} INFO - Sync 1 DAGs
[2025-07-20T06:09:42.344+0000] {logging_mixin.py:120} INFO - [2025-07-20T06:09:42.344+0000] {dag.py:3340} INFO - Setting next_dagrun for tutorial to 2025-07-19T06:09:42.344008+00:00, run_after=2025-07-20T06:09:42.344008+00:00
[2025-07-20T06:09:42.392+0000] {processor.py:176} INFO - Processing /home/airflow/.local/lib/python3.7/site-packages/airflow/example_dags/tutorial.py took 0.210 seconds
[2025-07-20T06:10:12.505+0000] {processor.py:154} INFO - Started process (PID=1142) to work on /home/airflow/.local/lib/python3.7/site-packages/airflow/example_dags/tutorial.py
[2025-07-20T06:10:12.509+0000] {processor.py:756} INFO - Processing file /home/airflow/.local/lib/python3.7/site-packages/airflow/example_dags/tutorial.py for tasks to queue
[2025-07-20T06:10:12.511+0000] {logging_mixin.py:120} INFO - [2025-07-20T06:10:12.510+0000] {dagbag.py:537} INFO - Filling up the DagBag from /home/airflow/.local/lib/python3.7/site-packages/airflow/example_dags/tutorial.py
[2025-07-20T06:10:12.563+0000] {processor.py:766} INFO - DAG(s) dict_keys(['tutorial']) retrieved from /home/airflow/.local/lib/python3.7/site-packages/airflow/example_dags/tutorial.py
[2025-07-20T06:10:12.743+0000] {logging_mixin.py:120} INFO - [2025-07-20T06:10:12.742+0000] {dag.py:2585} INFO - Sync 1 DAGs
[2025-07-20T06:10:12.841+0000] {logging_mixin.py:120} INFO - [2025-07-20T06:10:12.841+0000] {dag.py:3340} INFO - Setting next_dagrun for tutorial to 2025-07-19T06:10:12.840866+00:00, run_after=2025-07-20T06:10:12.840866+00:00
[2025-07-20T06:10:12.929+0000] {processor.py:176} INFO - Processing /home/airflow/.local/lib/python3.7/site-packages/airflow/example_dags/tutorial.py took 0.433 seconds
[2025-07-20T06:10:43.642+0000] {processor.py:154} INFO - Started process (PID=1198) to work on /home/airflow/.local/lib/python3.7/site-packages/airflow/example_dags/tutorial.py
[2025-07-20T06:10:43.651+0000] {processor.py:756} INFO - Processing file /home/airflow/.local/lib/python3.7/site-packages/airflow/example_dags/tutorial.py for tasks to queue
[2025-07-20T06:10:43.654+0000] {logging_mixin.py:120} INFO - [2025-07-20T06:10:43.654+0000] {dagbag.py:537} INFO - Filling up the DagBag from /home/airflow/.local/lib/python3.7/site-packages/airflow/example_dags/tutorial.py
[2025-07-20T06:10:43.711+0000] {processor.py:766} INFO - DAG(s) dict_keys(['tutorial']) retrieved from /home/airflow/.local/lib/python3.7/site-packages/airflow/example_dags/tutorial.py
[2025-07-20T06:10:43.869+0000] {logging_mixin.py:120} INFO - [2025-07-20T06:10:43.869+0000] {dag.py:2585} INFO - Sync 1 DAGs
[2025-07-20T06:10:43.949+0000] {logging_mixin.py:120} INFO - [2025-07-20T06:10:43.949+0000] {dag.py:3340} INFO - Setting next_dagrun for tutorial to 2025-07-19T06:10:43.948179+00:00, run_after=2025-07-20T06:10:43.948179+00:00
[2025-07-20T06:10:44.030+0000] {processor.py:176} INFO - Processing /home/airflow/.local/lib/python3.7/site-packages/airflow/example_dags/tutorial.py took 0.395 seconds
[2025-07-20T06:11:14.516+0000] {processor.py:154} INFO - Started process (PID=1252) to work on /home/airflow/.local/lib/python3.7/site-packages/airflow/example_dags/tutorial.py
[2025-07-20T06:11:14.518+0000] {processor.py:756} INFO - Processing file /home/airflow/.local/lib/python3.7/site-packages/airflow/example_dags/tutorial.py for tasks to queue
[2025-07-20T06:11:14.520+0000] {logging_mixin.py:120} INFO - [2025-07-20T06:11:14.520+0000] {dagbag.py:537} INFO - Filling up the DagBag from /home/airflow/.local/lib/python3.7/site-packages/airflow/example_dags/tutorial.py
[2025-07-20T06:11:14.539+0000] {processor.py:766} INFO - DAG(s) dict_keys(['tutorial']) retrieved from /home/airflow/.local/lib/python3.7/site-packages/airflow/example_dags/tutorial.py
[2025-07-20T06:11:14.598+0000] {logging_mixin.py:120} INFO - [2025-07-20T06:11:14.597+0000] {dag.py:2585} INFO - Sync 1 DAGs
[2025-07-20T06:11:14.629+0000] {logging_mixin.py:120} INFO - [2025-07-20T06:11:14.629+0000] {dag.py:3340} INFO - Setting next_dagrun for tutorial to 2025-07-19T06:11:14.628886+00:00, run_after=2025-07-20T06:11:14.628886+00:00
[2025-07-20T06:11:14.654+0000] {processor.py:176} INFO - Processing /home/airflow/.local/lib/python3.7/site-packages/airflow/example_dags/tutorial.py took 0.144 seconds
[2025-07-20T06:11:45.637+0000] {processor.py:154} INFO - Started process (PID=1314) to work on /home/airflow/.local/lib/python3.7/site-packages/airflow/example_dags/tutorial.py
[2025-07-20T06:11:45.638+0000] {processor.py:756} INFO - Processing file /home/airflow/.local/lib/python3.7/site-packages/airflow/example_dags/tutorial.py for tasks to queue
[2025-07-20T06:11:45.640+0000] {logging_mixin.py:120} INFO - [2025-07-20T06:11:45.639+0000] {dagbag.py:537} INFO - Filling up the DagBag from /home/airflow/.local/lib/python3.7/site-packages/airflow/example_dags/tutorial.py
[2025-07-20T06:11:45.667+0000] {processor.py:766} INFO - DAG(s) dict_keys(['tutorial']) retrieved from /home/airflow/.local/lib/python3.7/site-packages/airflow/example_dags/tutorial.py
[2025-07-20T06:11:45.841+0000] {logging_mixin.py:120} INFO - [2025-07-20T06:11:45.841+0000] {dag.py:2585} INFO - Sync 1 DAGs
[2025-07-20T06:11:45.898+0000] {logging_mixin.py:120} INFO - [2025-07-20T06:11:45.898+0000] {dag.py:3340} INFO - Setting next_dagrun for tutorial to 2025-07-19T06:11:45.897818+00:00, run_after=2025-07-20T06:11:45.897818+00:00
[2025-07-20T06:11:45.930+0000] {processor.py:176} INFO - Processing /home/airflow/.local/lib/python3.7/site-packages/airflow/example_dags/tutorial.py took 0.298 seconds
[2025-07-20T06:12:16.188+0000] {processor.py:154} INFO - Started process (PID=1375) to work on /home/airflow/.local/lib/python3.7/site-packages/airflow/example_dags/tutorial.py
[2025-07-20T06:12:16.190+0000] {processor.py:756} INFO - Processing file /home/airflow/.local/lib/python3.7/site-packages/airflow/example_dags/tutorial.py for tasks to queue
[2025-07-20T06:12:16.191+0000] {logging_mixin.py:120} INFO - [2025-07-20T06:12:16.191+0000] {dagbag.py:537} INFO - Filling up the DagBag from /home/airflow/.local/lib/python3.7/site-packages/airflow/example_dags/tutorial.py
[2025-07-20T06:12:16.217+0000] {processor.py:766} INFO - DAG(s) dict_keys(['tutorial']) retrieved from /home/airflow/.local/lib/python3.7/site-packages/airflow/example_dags/tutorial.py
[2025-07-20T06:12:16.282+0000] {logging_mixin.py:120} INFO - [2025-07-20T06:12:16.281+0000] {dag.py:2585} INFO - Sync 1 DAGs
[2025-07-20T06:12:16.326+0000] {logging_mixin.py:120} INFO - [2025-07-20T06:12:16.326+0000] {dag.py:3340} INFO - Setting next_dagrun for tutorial to 2025-07-19T06:12:16.325910+00:00, run_after=2025-07-20T06:12:16.325910+00:00
[2025-07-20T06:12:16.361+0000] {processor.py:176} INFO - Processing /home/airflow/.local/lib/python3.7/site-packages/airflow/example_dags/tutorial.py took 0.178 seconds
[2025-07-20T06:12:47.091+0000] {processor.py:154} INFO - Started process (PID=1430) to work on /home/airflow/.local/lib/python3.7/site-packages/airflow/example_dags/tutorial.py
[2025-07-20T06:12:47.096+0000] {processor.py:756} INFO - Processing file /home/airflow/.local/lib/python3.7/site-packages/airflow/example_dags/tutorial.py for tasks to queue
[2025-07-20T06:12:47.101+0000] {logging_mixin.py:120} INFO - [2025-07-20T06:12:47.101+0000] {dagbag.py:537} INFO - Filling up the DagBag from /home/airflow/.local/lib/python3.7/site-packages/airflow/example_dags/tutorial.py
[2025-07-20T06:12:47.126+0000] {processor.py:766} INFO - DAG(s) dict_keys(['tutorial']) retrieved from /home/airflow/.local/lib/python3.7/site-packages/airflow/example_dags/tutorial.py
[2025-07-20T06:12:47.223+0000] {logging_mixin.py:120} INFO - [2025-07-20T06:12:47.223+0000] {dag.py:2585} INFO - Sync 1 DAGs
[2025-07-20T06:12:47.308+0000] {logging_mixin.py:120} INFO - [2025-07-20T06:12:47.308+0000] {dag.py:3340} INFO - Setting next_dagrun for tutorial to 2025-07-19T06:12:47.307699+00:00, run_after=2025-07-20T06:12:47.307699+00:00
[2025-07-20T06:12:47.345+0000] {processor.py:176} INFO - Processing /home/airflow/.local/lib/python3.7/site-packages/airflow/example_dags/tutorial.py took 0.261 seconds
[2025-07-20T06:13:17.689+0000] {processor.py:154} INFO - Started process (PID=1492) to work on /home/airflow/.local/lib/python3.7/site-packages/airflow/example_dags/tutorial.py
[2025-07-20T06:13:17.701+0000] {processor.py:756} INFO - Processing file /home/airflow/.local/lib/python3.7/site-packages/airflow/example_dags/tutorial.py for tasks to queue
[2025-07-20T06:13:17.703+0000] {logging_mixin.py:120} INFO - [2025-07-20T06:13:17.703+0000] {dagbag.py:537} INFO - Filling up the DagBag from /home/airflow/.local/lib/python3.7/site-packages/airflow/example_dags/tutorial.py
[2025-07-20T06:13:17.745+0000] {processor.py:766} INFO - DAG(s) dict_keys(['tutorial']) retrieved from /home/airflow/.local/lib/python3.7/site-packages/airflow/example_dags/tutorial.py
[2025-07-20T06:13:17.873+0000] {logging_mixin.py:120} INFO - [2025-07-20T06:13:17.873+0000] {dag.py:2585} INFO - Sync 1 DAGs
[2025-07-20T06:13:17.913+0000] {logging_mixin.py:120} INFO - [2025-07-20T06:13:17.913+0000] {dag.py:3340} INFO - Setting next_dagrun for tutorial to 2025-07-19T06:13:17.913082+00:00, run_after=2025-07-20T06:13:17.913082+00:00
[2025-07-20T06:13:17.950+0000] {processor.py:176} INFO - Processing /home/airflow/.local/lib/python3.7/site-packages/airflow/example_dags/tutorial.py took 0.268 seconds
[2025-07-20T06:13:48.426+0000] {processor.py:154} INFO - Started process (PID=1546) to work on /home/airflow/.local/lib/python3.7/site-packages/airflow/example_dags/tutorial.py
[2025-07-20T06:13:48.428+0000] {processor.py:756} INFO - Processing file /home/airflow/.local/lib/python3.7/site-packages/airflow/example_dags/tutorial.py for tasks to queue
[2025-07-20T06:13:48.430+0000] {logging_mixin.py:120} INFO - [2025-07-20T06:13:48.429+0000] {dagbag.py:537} INFO - Filling up the DagBag from /home/airflow/.local/lib/python3.7/site-packages/airflow/example_dags/tutorial.py
[2025-07-20T06:13:48.464+0000] {processor.py:766} INFO - DAG(s) dict_keys(['tutorial']) retrieved from /home/airflow/.local/lib/python3.7/site-packages/airflow/example_dags/tutorial.py
[2025-07-20T06:13:48.548+0000] {logging_mixin.py:120} INFO - [2025-07-20T06:13:48.548+0000] {dag.py:2585} INFO - Sync 1 DAGs
[2025-07-20T06:13:48.594+0000] {logging_mixin.py:120} INFO - [2025-07-20T06:13:48.594+0000] {dag.py:3340} INFO - Setting next_dagrun for tutorial to 2025-07-19T06:13:48.593702+00:00, run_after=2025-07-20T06:13:48.593702+00:00
[2025-07-20T06:13:48.624+0000] {processor.py:176} INFO - Processing /home/airflow/.local/lib/python3.7/site-packages/airflow/example_dags/tutorial.py took 0.204 seconds
[2025-07-20T06:14:19.005+0000] {processor.py:154} INFO - Started process (PID=1610) to work on /home/airflow/.local/lib/python3.7/site-packages/airflow/example_dags/tutorial.py
[2025-07-20T06:14:19.007+0000] {processor.py:756} INFO - Processing file /home/airflow/.local/lib/python3.7/site-packages/airflow/example_dags/tutorial.py for tasks to queue
[2025-07-20T06:14:19.009+0000] {logging_mixin.py:120} INFO - [2025-07-20T06:14:19.009+0000] {dagbag.py:537} INFO - Filling up the DagBag from /home/airflow/.local/lib/python3.7/site-packages/airflow/example_dags/tutorial.py
[2025-07-20T06:14:19.068+0000] {processor.py:766} INFO - DAG(s) dict_keys(['tutorial']) retrieved from /home/airflow/.local/lib/python3.7/site-packages/airflow/example_dags/tutorial.py
[2025-07-20T06:14:19.152+0000] {logging_mixin.py:120} INFO - [2025-07-20T06:14:19.151+0000] {dag.py:2585} INFO - Sync 1 DAGs
[2025-07-20T06:14:19.208+0000] {logging_mixin.py:120} INFO - [2025-07-20T06:14:19.207+0000] {dag.py:3340} INFO - Setting next_dagrun for tutorial to 2025-07-19T06:14:19.207147+00:00, run_after=2025-07-20T06:14:19.207147+00:00
[2025-07-20T06:14:19.254+0000] {processor.py:176} INFO - Processing /home/airflow/.local/lib/python3.7/site-packages/airflow/example_dags/tutorial.py took 0.255 seconds
[2025-07-20T06:14:49.350+0000] {processor.py:154} INFO - Started process (PID=1663) to work on /home/airflow/.local/lib/python3.7/site-packages/airflow/example_dags/tutorial.py
[2025-07-20T06:14:49.352+0000] {processor.py:756} INFO - Processing file /home/airflow/.local/lib/python3.7/site-packages/airflow/example_dags/tutorial.py for tasks to queue
[2025-07-20T06:14:49.354+0000] {logging_mixin.py:120} INFO - [2025-07-20T06:14:49.354+0000] {dagbag.py:537} INFO - Filling up the DagBag from /home/airflow/.local/lib/python3.7/site-packages/airflow/example_dags/tutorial.py
[2025-07-20T06:14:49.389+0000] {processor.py:766} INFO - DAG(s) dict_keys(['tutorial']) retrieved from /home/airflow/.local/lib/python3.7/site-packages/airflow/example_dags/tutorial.py
[2025-07-20T06:14:49.554+0000] {logging_mixin.py:120} INFO - [2025-07-20T06:14:49.553+0000] {dag.py:2585} INFO - Sync 1 DAGs
[2025-07-20T06:14:49.616+0000] {logging_mixin.py:120} INFO - [2025-07-20T06:14:49.616+0000] {dag.py:3340} INFO - Setting next_dagrun for tutorial to 2025-07-19T06:14:49.615782+00:00, run_after=2025-07-20T06:14:49.615782+00:00
[2025-07-20T06:14:49.658+0000] {processor.py:176} INFO - Processing /home/airflow/.local/lib/python3.7/site-packages/airflow/example_dags/tutorial.py took 0.317 seconds
