[2025-07-20T05:59:32.140+0000] {processor.py:154} INFO - Started process (PID=114) to work on /home/airflow/.local/lib/python3.7/site-packages/airflow/example_dags/tutorial_taskflow_api.py
[2025-07-20T05:59:32.236+0000] {processor.py:756} INFO - Processing file /home/airflow/.local/lib/python3.7/site-packages/airflow/example_dags/tutorial_taskflow_api.py for tasks to queue
[2025-07-20T05:59:32.284+0000] {logging_mixin.py:120} INFO - [2025-07-20T05:59:32.284+0000] {dagbag.py:537} INFO - Filling up the DagBag from /home/airflow/.local/lib/python3.7/site-packages/airflow/example_dags/tutorial_taskflow_api.py
[2025-07-20T05:59:33.687+0000] {processor.py:766} INFO - DAG(s) dict_keys(['tutorial_taskflow_api']) retrieved from /home/airflow/.local/lib/python3.7/site-packages/airflow/example_dags/tutorial_taskflow_api.py
[2025-07-20T05:59:36.007+0000] {logging_mixin.py:120} INFO - [2025-07-20T05:59:35.948+0000] {dag.py:2585} INFO - Sync 1 DAGs
[2025-07-20T05:59:38.079+0000] {logging_mixin.py:120} INFO - [2025-07-20T05:59:37.899+0000] {dag.py:3340} INFO - Setting next_dagrun for tutorial_taskflow_api to None, run_after=None
[2025-07-20T05:59:38.968+0000] {processor.py:176} INFO - Processing /home/airflow/.local/lib/python3.7/site-packages/airflow/example_dags/tutorial_taskflow_api.py took 6.964 seconds
[2025-07-20T06:01:36.174+0000] {processor.py:154} INFO - Started process (PID=205) to work on /home/airflow/.local/lib/python3.7/site-packages/airflow/example_dags/tutorial_taskflow_api.py
[2025-07-20T06:01:36.193+0000] {processor.py:756} INFO - Processing file /home/airflow/.local/lib/python3.7/site-packages/airflow/example_dags/tutorial_taskflow_api.py for tasks to queue
[2025-07-20T06:01:36.202+0000] {logging_mixin.py:120} INFO - [2025-07-20T06:01:36.202+0000] {dagbag.py:537} INFO - Filling up the DagBag from /home/airflow/.local/lib/python3.7/site-packages/airflow/example_dags/tutorial_taskflow_api.py
[2025-07-20T06:01:36.568+0000] {processor.py:766} INFO - DAG(s) dict_keys(['tutorial_taskflow_api']) retrieved from /home/airflow/.local/lib/python3.7/site-packages/airflow/example_dags/tutorial_taskflow_api.py
[2025-07-20T06:01:37.109+0000] {logging_mixin.py:120} INFO - [2025-07-20T06:01:37.103+0000] {dag.py:2585} INFO - Sync 1 DAGs
[2025-07-20T06:01:37.478+0000] {logging_mixin.py:120} INFO - [2025-07-20T06:01:37.477+0000] {dag.py:3340} INFO - Setting next_dagrun for tutorial_taskflow_api to None, run_after=None
[2025-07-20T06:01:37.674+0000] {processor.py:176} INFO - Processing /home/airflow/.local/lib/python3.7/site-packages/airflow/example_dags/tutorial_taskflow_api.py took 1.537 seconds
[2025-07-20T06:02:12.728+0000] {processor.py:154} INFO - Started process (PID=259) to work on /home/airflow/.local/lib/python3.7/site-packages/airflow/example_dags/tutorial_taskflow_api.py
[2025-07-20T06:02:12.731+0000] {processor.py:756} INFO - Processing file /home/airflow/.local/lib/python3.7/site-packages/airflow/example_dags/tutorial_taskflow_api.py for tasks to queue
[2025-07-20T06:02:12.737+0000] {logging_mixin.py:120} INFO - [2025-07-20T06:02:12.736+0000] {dagbag.py:537} INFO - Filling up the DagBag from /home/airflow/.local/lib/python3.7/site-packages/airflow/example_dags/tutorial_taskflow_api.py
[2025-07-20T06:02:12.832+0000] {processor.py:766} INFO - DAG(s) dict_keys(['tutorial_taskflow_api']) retrieved from /home/airflow/.local/lib/python3.7/site-packages/airflow/example_dags/tutorial_taskflow_api.py
[2025-07-20T06:02:13.011+0000] {logging_mixin.py:120} INFO - [2025-07-20T06:02:13.011+0000] {dag.py:2585} INFO - Sync 1 DAGs
[2025-07-20T06:02:13.112+0000] {logging_mixin.py:120} INFO - [2025-07-20T06:02:13.111+0000] {dag.py:3340} INFO - Setting next_dagrun for tutorial_taskflow_api to None, run_after=None
[2025-07-20T06:02:13.173+0000] {processor.py:176} INFO - Processing /home/airflow/.local/lib/python3.7/site-packages/airflow/example_dags/tutorial_taskflow_api.py took 0.459 seconds
[2025-07-20T06:02:43.653+0000] {processor.py:154} INFO - Started process (PID=322) to work on /home/airflow/.local/lib/python3.7/site-packages/airflow/example_dags/tutorial_taskflow_api.py
[2025-07-20T06:02:43.656+0000] {processor.py:756} INFO - Processing file /home/airflow/.local/lib/python3.7/site-packages/airflow/example_dags/tutorial_taskflow_api.py for tasks to queue
[2025-07-20T06:02:43.662+0000] {logging_mixin.py:120} INFO - [2025-07-20T06:02:43.661+0000] {dagbag.py:537} INFO - Filling up the DagBag from /home/airflow/.local/lib/python3.7/site-packages/airflow/example_dags/tutorial_taskflow_api.py
[2025-07-20T06:02:43.745+0000] {processor.py:766} INFO - DAG(s) dict_keys(['tutorial_taskflow_api']) retrieved from /home/airflow/.local/lib/python3.7/site-packages/airflow/example_dags/tutorial_taskflow_api.py
[2025-07-20T06:02:43.852+0000] {logging_mixin.py:120} INFO - [2025-07-20T06:02:43.852+0000] {dag.py:2585} INFO - Sync 1 DAGs
[2025-07-20T06:02:43.906+0000] {logging_mixin.py:120} INFO - [2025-07-20T06:02:43.906+0000] {dag.py:3340} INFO - Setting next_dagrun for tutorial_taskflow_api to None, run_after=None
[2025-07-20T06:02:43.956+0000] {processor.py:176} INFO - Processing /home/airflow/.local/lib/python3.7/site-packages/airflow/example_dags/tutorial_taskflow_api.py took 0.321 seconds
[2025-07-20T06:03:15.451+0000] {processor.py:154} INFO - Started process (PID=376) to work on /home/airflow/.local/lib/python3.7/site-packages/airflow/example_dags/tutorial_taskflow_api.py
[2025-07-20T06:03:15.459+0000] {processor.py:756} INFO - Processing file /home/airflow/.local/lib/python3.7/site-packages/airflow/example_dags/tutorial_taskflow_api.py for tasks to queue
[2025-07-20T06:03:15.464+0000] {logging_mixin.py:120} INFO - [2025-07-20T06:03:15.463+0000] {dagbag.py:537} INFO - Filling up the DagBag from /home/airflow/.local/lib/python3.7/site-packages/airflow/example_dags/tutorial_taskflow_api.py
[2025-07-20T06:03:15.549+0000] {processor.py:766} INFO - DAG(s) dict_keys(['tutorial_taskflow_api']) retrieved from /home/airflow/.local/lib/python3.7/site-packages/airflow/example_dags/tutorial_taskflow_api.py
[2025-07-20T06:03:15.710+0000] {logging_mixin.py:120} INFO - [2025-07-20T06:03:15.710+0000] {dag.py:2585} INFO - Sync 1 DAGs
[2025-07-20T06:03:15.767+0000] {logging_mixin.py:120} INFO - [2025-07-20T06:03:15.767+0000] {dag.py:3340} INFO - Setting next_dagrun for tutorial_taskflow_api to None, run_after=None
[2025-07-20T06:03:15.812+0000] {processor.py:176} INFO - Processing /home/airflow/.local/lib/python3.7/site-packages/airflow/example_dags/tutorial_taskflow_api.py took 0.372 seconds
[2025-07-20T06:03:49.465+0000] {processor.py:154} INFO - Started process (PID=430) to work on /home/airflow/.local/lib/python3.7/site-packages/airflow/example_dags/tutorial_taskflow_api.py
[2025-07-20T06:03:49.471+0000] {processor.py:756} INFO - Processing file /home/airflow/.local/lib/python3.7/site-packages/airflow/example_dags/tutorial_taskflow_api.py for tasks to queue
[2025-07-20T06:03:49.473+0000] {logging_mixin.py:120} INFO - [2025-07-20T06:03:49.473+0000] {dagbag.py:537} INFO - Filling up the DagBag from /home/airflow/.local/lib/python3.7/site-packages/airflow/example_dags/tutorial_taskflow_api.py
[2025-07-20T06:03:49.603+0000] {processor.py:766} INFO - DAG(s) dict_keys(['tutorial_taskflow_api']) retrieved from /home/airflow/.local/lib/python3.7/site-packages/airflow/example_dags/tutorial_taskflow_api.py
[2025-07-20T06:03:49.968+0000] {logging_mixin.py:120} INFO - [2025-07-20T06:03:49.968+0000] {dag.py:2585} INFO - Sync 1 DAGs
[2025-07-20T06:03:50.147+0000] {logging_mixin.py:120} INFO - [2025-07-20T06:03:50.146+0000] {dag.py:3340} INFO - Setting next_dagrun for tutorial_taskflow_api to None, run_after=None
[2025-07-20T06:03:50.211+0000] {processor.py:176} INFO - Processing /home/airflow/.local/lib/python3.7/site-packages/airflow/example_dags/tutorial_taskflow_api.py took 0.760 seconds
[2025-07-20T06:04:20.828+0000] {processor.py:154} INFO - Started process (PID=495) to work on /home/airflow/.local/lib/python3.7/site-packages/airflow/example_dags/tutorial_taskflow_api.py
[2025-07-20T06:04:20.830+0000] {processor.py:756} INFO - Processing file /home/airflow/.local/lib/python3.7/site-packages/airflow/example_dags/tutorial_taskflow_api.py for tasks to queue
[2025-07-20T06:04:20.833+0000] {logging_mixin.py:120} INFO - [2025-07-20T06:04:20.832+0000] {dagbag.py:537} INFO - Filling up the DagBag from /home/airflow/.local/lib/python3.7/site-packages/airflow/example_dags/tutorial_taskflow_api.py
[2025-07-20T06:04:20.891+0000] {processor.py:766} INFO - DAG(s) dict_keys(['tutorial_taskflow_api']) retrieved from /home/airflow/.local/lib/python3.7/site-packages/airflow/example_dags/tutorial_taskflow_api.py
[2025-07-20T06:04:20.975+0000] {logging_mixin.py:120} INFO - [2025-07-20T06:04:20.975+0000] {dag.py:2585} INFO - Sync 1 DAGs
[2025-07-20T06:04:21.024+0000] {logging_mixin.py:120} INFO - [2025-07-20T06:04:21.023+0000] {dag.py:3340} INFO - Setting next_dagrun for tutorial_taskflow_api to None, run_after=None
[2025-07-20T06:04:21.070+0000] {processor.py:176} INFO - Processing /home/airflow/.local/lib/python3.7/site-packages/airflow/example_dags/tutorial_taskflow_api.py took 0.258 seconds
[2025-07-20T06:04:51.836+0000] {processor.py:154} INFO - Started process (PID=549) to work on /home/airflow/.local/lib/python3.7/site-packages/airflow/example_dags/tutorial_taskflow_api.py
[2025-07-20T06:04:51.838+0000] {processor.py:756} INFO - Processing file /home/airflow/.local/lib/python3.7/site-packages/airflow/example_dags/tutorial_taskflow_api.py for tasks to queue
[2025-07-20T06:04:51.840+0000] {logging_mixin.py:120} INFO - [2025-07-20T06:04:51.840+0000] {dagbag.py:537} INFO - Filling up the DagBag from /home/airflow/.local/lib/python3.7/site-packages/airflow/example_dags/tutorial_taskflow_api.py
[2025-07-20T06:04:51.872+0000] {processor.py:766} INFO - DAG(s) dict_keys(['tutorial_taskflow_api']) retrieved from /home/airflow/.local/lib/python3.7/site-packages/airflow/example_dags/tutorial_taskflow_api.py
[2025-07-20T06:04:51.943+0000] {logging_mixin.py:120} INFO - [2025-07-20T06:04:51.943+0000] {dag.py:2585} INFO - Sync 1 DAGs
[2025-07-20T06:04:51.990+0000] {logging_mixin.py:120} INFO - [2025-07-20T06:04:51.990+0000] {dag.py:3340} INFO - Setting next_dagrun for tutorial_taskflow_api to None, run_after=None
[2025-07-20T06:04:52.032+0000] {processor.py:176} INFO - Processing /home/airflow/.local/lib/python3.7/site-packages/airflow/example_dags/tutorial_taskflow_api.py took 0.204 seconds
[2025-07-20T06:05:22.261+0000] {processor.py:154} INFO - Started process (PID=612) to work on /home/airflow/.local/lib/python3.7/site-packages/airflow/example_dags/tutorial_taskflow_api.py
[2025-07-20T06:05:22.265+0000] {processor.py:756} INFO - Processing file /home/airflow/.local/lib/python3.7/site-packages/airflow/example_dags/tutorial_taskflow_api.py for tasks to queue
[2025-07-20T06:05:22.268+0000] {logging_mixin.py:120} INFO - [2025-07-20T06:05:22.268+0000] {dagbag.py:537} INFO - Filling up the DagBag from /home/airflow/.local/lib/python3.7/site-packages/airflow/example_dags/tutorial_taskflow_api.py
[2025-07-20T06:05:22.312+0000] {processor.py:766} INFO - DAG(s) dict_keys(['tutorial_taskflow_api']) retrieved from /home/airflow/.local/lib/python3.7/site-packages/airflow/example_dags/tutorial_taskflow_api.py
[2025-07-20T06:05:22.386+0000] {logging_mixin.py:120} INFO - [2025-07-20T06:05:22.386+0000] {dag.py:2585} INFO - Sync 1 DAGs
[2025-07-20T06:05:22.449+0000] {logging_mixin.py:120} INFO - [2025-07-20T06:05:22.449+0000] {dag.py:3340} INFO - Setting next_dagrun for tutorial_taskflow_api to None, run_after=None
[2025-07-20T06:05:22.484+0000] {processor.py:176} INFO - Processing /home/airflow/.local/lib/python3.7/site-packages/airflow/example_dags/tutorial_taskflow_api.py took 0.231 seconds
[2025-07-20T06:05:52.750+0000] {processor.py:154} INFO - Started process (PID=666) to work on /home/airflow/.local/lib/python3.7/site-packages/airflow/example_dags/tutorial_taskflow_api.py
[2025-07-20T06:05:52.752+0000] {processor.py:756} INFO - Processing file /home/airflow/.local/lib/python3.7/site-packages/airflow/example_dags/tutorial_taskflow_api.py for tasks to queue
[2025-07-20T06:05:52.754+0000] {logging_mixin.py:120} INFO - [2025-07-20T06:05:52.753+0000] {dagbag.py:537} INFO - Filling up the DagBag from /home/airflow/.local/lib/python3.7/site-packages/airflow/example_dags/tutorial_taskflow_api.py
[2025-07-20T06:05:52.806+0000] {processor.py:766} INFO - DAG(s) dict_keys(['tutorial_taskflow_api']) retrieved from /home/airflow/.local/lib/python3.7/site-packages/airflow/example_dags/tutorial_taskflow_api.py
[2025-07-20T06:05:52.909+0000] {logging_mixin.py:120} INFO - [2025-07-20T06:05:52.909+0000] {dag.py:2585} INFO - Sync 1 DAGs
[2025-07-20T06:05:52.958+0000] {logging_mixin.py:120} INFO - [2025-07-20T06:05:52.958+0000] {dag.py:3340} INFO - Setting next_dagrun for tutorial_taskflow_api to None, run_after=None
[2025-07-20T06:05:52.997+0000] {processor.py:176} INFO - Processing /home/airflow/.local/lib/python3.7/site-packages/airflow/example_dags/tutorial_taskflow_api.py took 0.253 seconds
[2025-07-20T06:06:23.584+0000] {processor.py:154} INFO - Started process (PID=729) to work on /home/airflow/.local/lib/python3.7/site-packages/airflow/example_dags/tutorial_taskflow_api.py
[2025-07-20T06:06:23.586+0000] {processor.py:756} INFO - Processing file /home/airflow/.local/lib/python3.7/site-packages/airflow/example_dags/tutorial_taskflow_api.py for tasks to queue
[2025-07-20T06:06:23.588+0000] {logging_mixin.py:120} INFO - [2025-07-20T06:06:23.588+0000] {dagbag.py:537} INFO - Filling up the DagBag from /home/airflow/.local/lib/python3.7/site-packages/airflow/example_dags/tutorial_taskflow_api.py
[2025-07-20T06:06:23.631+0000] {processor.py:766} INFO - DAG(s) dict_keys(['tutorial_taskflow_api']) retrieved from /home/airflow/.local/lib/python3.7/site-packages/airflow/example_dags/tutorial_taskflow_api.py
[2025-07-20T06:06:23.708+0000] {logging_mixin.py:120} INFO - [2025-07-20T06:06:23.707+0000] {dag.py:2585} INFO - Sync 1 DAGs
[2025-07-20T06:06:23.748+0000] {logging_mixin.py:120} INFO - [2025-07-20T06:06:23.748+0000] {dag.py:3340} INFO - Setting next_dagrun for tutorial_taskflow_api to None, run_after=None
[2025-07-20T06:06:23.786+0000] {processor.py:176} INFO - Processing /home/airflow/.local/lib/python3.7/site-packages/airflow/example_dags/tutorial_taskflow_api.py took 0.206 seconds
[2025-07-20T06:06:53.956+0000] {processor.py:154} INFO - Started process (PID=783) to work on /home/airflow/.local/lib/python3.7/site-packages/airflow/example_dags/tutorial_taskflow_api.py
[2025-07-20T06:06:53.958+0000] {processor.py:756} INFO - Processing file /home/airflow/.local/lib/python3.7/site-packages/airflow/example_dags/tutorial_taskflow_api.py for tasks to queue
[2025-07-20T06:06:53.960+0000] {logging_mixin.py:120} INFO - [2025-07-20T06:06:53.959+0000] {dagbag.py:537} INFO - Filling up the DagBag from /home/airflow/.local/lib/python3.7/site-packages/airflow/example_dags/tutorial_taskflow_api.py
[2025-07-20T06:06:54.001+0000] {processor.py:766} INFO - DAG(s) dict_keys(['tutorial_taskflow_api']) retrieved from /home/airflow/.local/lib/python3.7/site-packages/airflow/example_dags/tutorial_taskflow_api.py
[2025-07-20T06:06:54.088+0000] {logging_mixin.py:120} INFO - [2025-07-20T06:06:54.087+0000] {dag.py:2585} INFO - Sync 1 DAGs
[2025-07-20T06:06:54.140+0000] {logging_mixin.py:120} INFO - [2025-07-20T06:06:54.140+0000] {dag.py:3340} INFO - Setting next_dagrun for tutorial_taskflow_api to None, run_after=None
[2025-07-20T06:06:54.186+0000] {processor.py:176} INFO - Processing /home/airflow/.local/lib/python3.7/site-packages/airflow/example_dags/tutorial_taskflow_api.py took 0.236 seconds
[2025-07-20T06:07:24.290+0000] {processor.py:154} INFO - Started process (PID=845) to work on /home/airflow/.local/lib/python3.7/site-packages/airflow/example_dags/tutorial_taskflow_api.py
[2025-07-20T06:07:24.292+0000] {processor.py:756} INFO - Processing file /home/airflow/.local/lib/python3.7/site-packages/airflow/example_dags/tutorial_taskflow_api.py for tasks to queue
[2025-07-20T06:07:24.294+0000] {logging_mixin.py:120} INFO - [2025-07-20T06:07:24.293+0000] {dagbag.py:537} INFO - Filling up the DagBag from /home/airflow/.local/lib/python3.7/site-packages/airflow/example_dags/tutorial_taskflow_api.py
[2025-07-20T06:07:24.327+0000] {processor.py:766} INFO - DAG(s) dict_keys(['tutorial_taskflow_api']) retrieved from /home/airflow/.local/lib/python3.7/site-packages/airflow/example_dags/tutorial_taskflow_api.py
[2025-07-20T06:07:24.403+0000] {logging_mixin.py:120} INFO - [2025-07-20T06:07:24.402+0000] {dag.py:2585} INFO - Sync 1 DAGs
[2025-07-20T06:07:24.446+0000] {logging_mixin.py:120} INFO - [2025-07-20T06:07:24.446+0000] {dag.py:3340} INFO - Setting next_dagrun for tutorial_taskflow_api to None, run_after=None
[2025-07-20T06:07:24.494+0000] {processor.py:176} INFO - Processing /home/airflow/.local/lib/python3.7/site-packages/airflow/example_dags/tutorial_taskflow_api.py took 0.209 seconds
[2025-07-20T06:07:55.475+0000] {processor.py:154} INFO - Started process (PID=907) to work on /home/airflow/.local/lib/python3.7/site-packages/airflow/example_dags/tutorial_taskflow_api.py
[2025-07-20T06:07:55.479+0000] {processor.py:756} INFO - Processing file /home/airflow/.local/lib/python3.7/site-packages/airflow/example_dags/tutorial_taskflow_api.py for tasks to queue
[2025-07-20T06:07:55.482+0000] {logging_mixin.py:120} INFO - [2025-07-20T06:07:55.482+0000] {dagbag.py:537} INFO - Filling up the DagBag from /home/airflow/.local/lib/python3.7/site-packages/airflow/example_dags/tutorial_taskflow_api.py
[2025-07-20T06:07:55.571+0000] {processor.py:766} INFO - DAG(s) dict_keys(['tutorial_taskflow_api']) retrieved from /home/airflow/.local/lib/python3.7/site-packages/airflow/example_dags/tutorial_taskflow_api.py
[2025-07-20T06:07:55.737+0000] {logging_mixin.py:120} INFO - [2025-07-20T06:07:55.737+0000] {dag.py:2585} INFO - Sync 1 DAGs
[2025-07-20T06:07:55.816+0000] {logging_mixin.py:120} INFO - [2025-07-20T06:07:55.815+0000] {dag.py:3340} INFO - Setting next_dagrun for tutorial_taskflow_api to None, run_after=None
[2025-07-20T06:07:55.861+0000] {processor.py:176} INFO - Processing /home/airflow/.local/lib/python3.7/site-packages/airflow/example_dags/tutorial_taskflow_api.py took 0.392 seconds
[2025-07-20T06:08:28.710+0000] {processor.py:154} INFO - Started process (PID=961) to work on /home/airflow/.local/lib/python3.7/site-packages/airflow/example_dags/tutorial_taskflow_api.py
[2025-07-20T06:08:28.712+0000] {processor.py:756} INFO - Processing file /home/airflow/.local/lib/python3.7/site-packages/airflow/example_dags/tutorial_taskflow_api.py for tasks to queue
[2025-07-20T06:08:28.727+0000] {logging_mixin.py:120} INFO - [2025-07-20T06:08:28.727+0000] {dagbag.py:537} INFO - Filling up the DagBag from /home/airflow/.local/lib/python3.7/site-packages/airflow/example_dags/tutorial_taskflow_api.py
[2025-07-20T06:08:28.820+0000] {processor.py:766} INFO - DAG(s) dict_keys(['tutorial_taskflow_api']) retrieved from /home/airflow/.local/lib/python3.7/site-packages/airflow/example_dags/tutorial_taskflow_api.py
[2025-07-20T06:08:29.010+0000] {logging_mixin.py:120} INFO - [2025-07-20T06:08:29.010+0000] {dag.py:2585} INFO - Sync 1 DAGs
[2025-07-20T06:08:29.270+0000] {logging_mixin.py:120} INFO - [2025-07-20T06:08:29.270+0000] {dag.py:3340} INFO - Setting next_dagrun for tutorial_taskflow_api to None, run_after=None
[2025-07-20T06:08:29.490+0000] {processor.py:176} INFO - Processing /home/airflow/.local/lib/python3.7/site-packages/airflow/example_dags/tutorial_taskflow_api.py took 0.801 seconds
[2025-07-20T06:09:00.153+0000] {processor.py:154} INFO - Started process (PID=1015) to work on /home/airflow/.local/lib/python3.7/site-packages/airflow/example_dags/tutorial_taskflow_api.py
[2025-07-20T06:09:00.155+0000] {processor.py:756} INFO - Processing file /home/airflow/.local/lib/python3.7/site-packages/airflow/example_dags/tutorial_taskflow_api.py for tasks to queue
[2025-07-20T06:09:00.156+0000] {logging_mixin.py:120} INFO - [2025-07-20T06:09:00.156+0000] {dagbag.py:537} INFO - Filling up the DagBag from /home/airflow/.local/lib/python3.7/site-packages/airflow/example_dags/tutorial_taskflow_api.py
[2025-07-20T06:09:00.193+0000] {processor.py:766} INFO - DAG(s) dict_keys(['tutorial_taskflow_api']) retrieved from /home/airflow/.local/lib/python3.7/site-packages/airflow/example_dags/tutorial_taskflow_api.py
[2025-07-20T06:09:00.266+0000] {logging_mixin.py:120} INFO - [2025-07-20T06:09:00.266+0000] {dag.py:2585} INFO - Sync 1 DAGs
[2025-07-20T06:09:00.321+0000] {logging_mixin.py:120} INFO - [2025-07-20T06:09:00.321+0000] {dag.py:3340} INFO - Setting next_dagrun for tutorial_taskflow_api to None, run_after=None
[2025-07-20T06:09:00.358+0000] {processor.py:176} INFO - Processing /home/airflow/.local/lib/python3.7/site-packages/airflow/example_dags/tutorial_taskflow_api.py took 0.213 seconds
[2025-07-20T06:09:30.745+0000] {processor.py:154} INFO - Started process (PID=1067) to work on /home/airflow/.local/lib/python3.7/site-packages/airflow/example_dags/tutorial_taskflow_api.py
[2025-07-20T06:09:30.748+0000] {processor.py:756} INFO - Processing file /home/airflow/.local/lib/python3.7/site-packages/airflow/example_dags/tutorial_taskflow_api.py for tasks to queue
[2025-07-20T06:09:30.749+0000] {logging_mixin.py:120} INFO - [2025-07-20T06:09:30.749+0000] {dagbag.py:537} INFO - Filling up the DagBag from /home/airflow/.local/lib/python3.7/site-packages/airflow/example_dags/tutorial_taskflow_api.py
[2025-07-20T06:09:30.819+0000] {processor.py:766} INFO - DAG(s) dict_keys(['tutorial_taskflow_api']) retrieved from /home/airflow/.local/lib/python3.7/site-packages/airflow/example_dags/tutorial_taskflow_api.py
[2025-07-20T06:09:30.920+0000] {logging_mixin.py:120} INFO - [2025-07-20T06:09:30.920+0000] {dag.py:2585} INFO - Sync 1 DAGs
[2025-07-20T06:09:30.984+0000] {logging_mixin.py:120} INFO - [2025-07-20T06:09:30.983+0000] {dag.py:3340} INFO - Setting next_dagrun for tutorial_taskflow_api to None, run_after=None
[2025-07-20T06:09:31.035+0000] {processor.py:176} INFO - Processing /home/airflow/.local/lib/python3.7/site-packages/airflow/example_dags/tutorial_taskflow_api.py took 0.306 seconds
[2025-07-20T06:10:01.705+0000] {processor.py:154} INFO - Started process (PID=1120) to work on /home/airflow/.local/lib/python3.7/site-packages/airflow/example_dags/tutorial_taskflow_api.py
[2025-07-20T06:10:01.707+0000] {processor.py:756} INFO - Processing file /home/airflow/.local/lib/python3.7/site-packages/airflow/example_dags/tutorial_taskflow_api.py for tasks to queue
[2025-07-20T06:10:01.709+0000] {logging_mixin.py:120} INFO - [2025-07-20T06:10:01.708+0000] {dagbag.py:537} INFO - Filling up the DagBag from /home/airflow/.local/lib/python3.7/site-packages/airflow/example_dags/tutorial_taskflow_api.py
[2025-07-20T06:10:01.763+0000] {processor.py:766} INFO - DAG(s) dict_keys(['tutorial_taskflow_api']) retrieved from /home/airflow/.local/lib/python3.7/site-packages/airflow/example_dags/tutorial_taskflow_api.py
[2025-07-20T06:10:01.912+0000] {logging_mixin.py:120} INFO - [2025-07-20T06:10:01.912+0000] {dag.py:2585} INFO - Sync 1 DAGs
[2025-07-20T06:10:01.970+0000] {logging_mixin.py:120} INFO - [2025-07-20T06:10:01.970+0000] {dag.py:3340} INFO - Setting next_dagrun for tutorial_taskflow_api to None, run_after=None
[2025-07-20T06:10:02.033+0000] {processor.py:176} INFO - Processing /home/airflow/.local/lib/python3.7/site-packages/airflow/example_dags/tutorial_taskflow_api.py took 0.335 seconds
[2025-07-20T06:10:33.070+0000] {processor.py:154} INFO - Started process (PID=1174) to work on /home/airflow/.local/lib/python3.7/site-packages/airflow/example_dags/tutorial_taskflow_api.py
[2025-07-20T06:10:33.076+0000] {processor.py:756} INFO - Processing file /home/airflow/.local/lib/python3.7/site-packages/airflow/example_dags/tutorial_taskflow_api.py for tasks to queue
[2025-07-20T06:10:33.078+0000] {logging_mixin.py:120} INFO - [2025-07-20T06:10:33.078+0000] {dagbag.py:537} INFO - Filling up the DagBag from /home/airflow/.local/lib/python3.7/site-packages/airflow/example_dags/tutorial_taskflow_api.py
[2025-07-20T06:10:33.155+0000] {processor.py:766} INFO - DAG(s) dict_keys(['tutorial_taskflow_api']) retrieved from /home/airflow/.local/lib/python3.7/site-packages/airflow/example_dags/tutorial_taskflow_api.py
[2025-07-20T06:10:33.301+0000] {logging_mixin.py:120} INFO - [2025-07-20T06:10:33.300+0000] {dag.py:2585} INFO - Sync 1 DAGs
[2025-07-20T06:10:33.403+0000] {logging_mixin.py:120} INFO - [2025-07-20T06:10:33.403+0000] {dag.py:3340} INFO - Setting next_dagrun for tutorial_taskflow_api to None, run_after=None
[2025-07-20T06:10:33.494+0000] {processor.py:176} INFO - Processing /home/airflow/.local/lib/python3.7/site-packages/airflow/example_dags/tutorial_taskflow_api.py took 0.432 seconds
[2025-07-20T06:11:03.608+0000] {processor.py:154} INFO - Started process (PID=1228) to work on /home/airflow/.local/lib/python3.7/site-packages/airflow/example_dags/tutorial_taskflow_api.py
[2025-07-20T06:11:03.609+0000] {processor.py:756} INFO - Processing file /home/airflow/.local/lib/python3.7/site-packages/airflow/example_dags/tutorial_taskflow_api.py for tasks to queue
[2025-07-20T06:11:03.611+0000] {logging_mixin.py:120} INFO - [2025-07-20T06:11:03.611+0000] {dagbag.py:537} INFO - Filling up the DagBag from /home/airflow/.local/lib/python3.7/site-packages/airflow/example_dags/tutorial_taskflow_api.py
[2025-07-20T06:11:03.647+0000] {processor.py:766} INFO - DAG(s) dict_keys(['tutorial_taskflow_api']) retrieved from /home/airflow/.local/lib/python3.7/site-packages/airflow/example_dags/tutorial_taskflow_api.py
[2025-07-20T06:11:03.707+0000] {logging_mixin.py:120} INFO - [2025-07-20T06:11:03.707+0000] {dag.py:2585} INFO - Sync 1 DAGs
[2025-07-20T06:11:03.738+0000] {logging_mixin.py:120} INFO - [2025-07-20T06:11:03.738+0000] {dag.py:3340} INFO - Setting next_dagrun for tutorial_taskflow_api to None, run_after=None
[2025-07-20T06:11:03.768+0000] {processor.py:176} INFO - Processing /home/airflow/.local/lib/python3.7/site-packages/airflow/example_dags/tutorial_taskflow_api.py took 0.166 seconds
[2025-07-20T06:11:34.429+0000] {processor.py:154} INFO - Started process (PID=1291) to work on /home/airflow/.local/lib/python3.7/site-packages/airflow/example_dags/tutorial_taskflow_api.py
[2025-07-20T06:11:34.431+0000] {processor.py:756} INFO - Processing file /home/airflow/.local/lib/python3.7/site-packages/airflow/example_dags/tutorial_taskflow_api.py for tasks to queue
[2025-07-20T06:11:34.433+0000] {logging_mixin.py:120} INFO - [2025-07-20T06:11:34.433+0000] {dagbag.py:537} INFO - Filling up the DagBag from /home/airflow/.local/lib/python3.7/site-packages/airflow/example_dags/tutorial_taskflow_api.py
[2025-07-20T06:11:34.462+0000] {processor.py:766} INFO - DAG(s) dict_keys(['tutorial_taskflow_api']) retrieved from /home/airflow/.local/lib/python3.7/site-packages/airflow/example_dags/tutorial_taskflow_api.py
[2025-07-20T06:11:34.527+0000] {logging_mixin.py:120} INFO - [2025-07-20T06:11:34.527+0000] {dag.py:2585} INFO - Sync 1 DAGs
[2025-07-20T06:11:34.578+0000] {logging_mixin.py:120} INFO - [2025-07-20T06:11:34.578+0000] {dag.py:3340} INFO - Setting next_dagrun for tutorial_taskflow_api to None, run_after=None
[2025-07-20T06:11:34.623+0000] {processor.py:176} INFO - Processing /home/airflow/.local/lib/python3.7/site-packages/airflow/example_dags/tutorial_taskflow_api.py took 0.201 seconds
[2025-07-20T06:12:05.026+0000] {processor.py:154} INFO - Started process (PID=1354) to work on /home/airflow/.local/lib/python3.7/site-packages/airflow/example_dags/tutorial_taskflow_api.py
[2025-07-20T06:12:05.028+0000] {processor.py:756} INFO - Processing file /home/airflow/.local/lib/python3.7/site-packages/airflow/example_dags/tutorial_taskflow_api.py for tasks to queue
[2025-07-20T06:12:05.030+0000] {logging_mixin.py:120} INFO - [2025-07-20T06:12:05.030+0000] {dagbag.py:537} INFO - Filling up the DagBag from /home/airflow/.local/lib/python3.7/site-packages/airflow/example_dags/tutorial_taskflow_api.py
[2025-07-20T06:12:05.074+0000] {processor.py:766} INFO - DAG(s) dict_keys(['tutorial_taskflow_api']) retrieved from /home/airflow/.local/lib/python3.7/site-packages/airflow/example_dags/tutorial_taskflow_api.py
[2025-07-20T06:12:05.156+0000] {logging_mixin.py:120} INFO - [2025-07-20T06:12:05.155+0000] {dag.py:2585} INFO - Sync 1 DAGs
[2025-07-20T06:12:05.201+0000] {logging_mixin.py:120} INFO - [2025-07-20T06:12:05.201+0000] {dag.py:3340} INFO - Setting next_dagrun for tutorial_taskflow_api to None, run_after=None
[2025-07-20T06:12:05.243+0000] {processor.py:176} INFO - Processing /home/airflow/.local/lib/python3.7/site-packages/airflow/example_dags/tutorial_taskflow_api.py took 0.226 seconds
[2025-07-20T06:12:36.121+0000] {processor.py:154} INFO - Started process (PID=1406) to work on /home/airflow/.local/lib/python3.7/site-packages/airflow/example_dags/tutorial_taskflow_api.py
[2025-07-20T06:12:36.123+0000] {processor.py:756} INFO - Processing file /home/airflow/.local/lib/python3.7/site-packages/airflow/example_dags/tutorial_taskflow_api.py for tasks to queue
[2025-07-20T06:12:36.129+0000] {logging_mixin.py:120} INFO - [2025-07-20T06:12:36.129+0000] {dagbag.py:537} INFO - Filling up the DagBag from /home/airflow/.local/lib/python3.7/site-packages/airflow/example_dags/tutorial_taskflow_api.py
[2025-07-20T06:12:36.192+0000] {processor.py:766} INFO - DAG(s) dict_keys(['tutorial_taskflow_api']) retrieved from /home/airflow/.local/lib/python3.7/site-packages/airflow/example_dags/tutorial_taskflow_api.py
[2025-07-20T06:12:36.295+0000] {logging_mixin.py:120} INFO - [2025-07-20T06:12:36.294+0000] {dag.py:2585} INFO - Sync 1 DAGs
[2025-07-20T06:12:36.354+0000] {logging_mixin.py:120} INFO - [2025-07-20T06:12:36.354+0000] {dag.py:3340} INFO - Setting next_dagrun for tutorial_taskflow_api to None, run_after=None
[2025-07-20T06:12:36.435+0000] {processor.py:176} INFO - Processing /home/airflow/.local/lib/python3.7/site-packages/airflow/example_dags/tutorial_taskflow_api.py took 0.322 seconds
[2025-07-20T06:13:06.660+0000] {processor.py:154} INFO - Started process (PID=1468) to work on /home/airflow/.local/lib/python3.7/site-packages/airflow/example_dags/tutorial_taskflow_api.py
[2025-07-20T06:13:06.662+0000] {processor.py:756} INFO - Processing file /home/airflow/.local/lib/python3.7/site-packages/airflow/example_dags/tutorial_taskflow_api.py for tasks to queue
[2025-07-20T06:13:06.664+0000] {logging_mixin.py:120} INFO - [2025-07-20T06:13:06.663+0000] {dagbag.py:537} INFO - Filling up the DagBag from /home/airflow/.local/lib/python3.7/site-packages/airflow/example_dags/tutorial_taskflow_api.py
[2025-07-20T06:13:06.713+0000] {processor.py:766} INFO - DAG(s) dict_keys(['tutorial_taskflow_api']) retrieved from /home/airflow/.local/lib/python3.7/site-packages/airflow/example_dags/tutorial_taskflow_api.py
[2025-07-20T06:13:06.782+0000] {logging_mixin.py:120} INFO - [2025-07-20T06:13:06.782+0000] {dag.py:2585} INFO - Sync 1 DAGs
[2025-07-20T06:13:06.844+0000] {logging_mixin.py:120} INFO - [2025-07-20T06:13:06.844+0000] {dag.py:3340} INFO - Setting next_dagrun for tutorial_taskflow_api to None, run_after=None
[2025-07-20T06:13:06.906+0000] {processor.py:176} INFO - Processing /home/airflow/.local/lib/python3.7/site-packages/airflow/example_dags/tutorial_taskflow_api.py took 0.255 seconds
[2025-07-20T06:13:37.099+0000] {processor.py:154} INFO - Started process (PID=1522) to work on /home/airflow/.local/lib/python3.7/site-packages/airflow/example_dags/tutorial_taskflow_api.py
[2025-07-20T06:13:37.102+0000] {processor.py:756} INFO - Processing file /home/airflow/.local/lib/python3.7/site-packages/airflow/example_dags/tutorial_taskflow_api.py for tasks to queue
[2025-07-20T06:13:37.104+0000] {logging_mixin.py:120} INFO - [2025-07-20T06:13:37.103+0000] {dagbag.py:537} INFO - Filling up the DagBag from /home/airflow/.local/lib/python3.7/site-packages/airflow/example_dags/tutorial_taskflow_api.py
[2025-07-20T06:13:37.149+0000] {processor.py:766} INFO - DAG(s) dict_keys(['tutorial_taskflow_api']) retrieved from /home/airflow/.local/lib/python3.7/site-packages/airflow/example_dags/tutorial_taskflow_api.py
[2025-07-20T06:13:37.291+0000] {logging_mixin.py:120} INFO - [2025-07-20T06:13:37.291+0000] {dag.py:2585} INFO - Sync 1 DAGs
[2025-07-20T06:13:37.365+0000] {logging_mixin.py:120} INFO - [2025-07-20T06:13:37.365+0000] {dag.py:3340} INFO - Setting next_dagrun for tutorial_taskflow_api to None, run_after=None
[2025-07-20T06:13:37.424+0000] {processor.py:176} INFO - Processing /home/airflow/.local/lib/python3.7/site-packages/airflow/example_dags/tutorial_taskflow_api.py took 0.331 seconds
[2025-07-20T06:14:08.141+0000] {processor.py:154} INFO - Started process (PID=1585) to work on /home/airflow/.local/lib/python3.7/site-packages/airflow/example_dags/tutorial_taskflow_api.py
[2025-07-20T06:14:08.152+0000] {processor.py:756} INFO - Processing file /home/airflow/.local/lib/python3.7/site-packages/airflow/example_dags/tutorial_taskflow_api.py for tasks to queue
[2025-07-20T06:14:08.154+0000] {logging_mixin.py:120} INFO - [2025-07-20T06:14:08.154+0000] {dagbag.py:537} INFO - Filling up the DagBag from /home/airflow/.local/lib/python3.7/site-packages/airflow/example_dags/tutorial_taskflow_api.py
[2025-07-20T06:14:08.267+0000] {processor.py:766} INFO - DAG(s) dict_keys(['tutorial_taskflow_api']) retrieved from /home/airflow/.local/lib/python3.7/site-packages/airflow/example_dags/tutorial_taskflow_api.py
[2025-07-20T06:14:08.391+0000] {logging_mixin.py:120} INFO - [2025-07-20T06:14:08.391+0000] {dag.py:2585} INFO - Sync 1 DAGs
[2025-07-20T06:14:08.485+0000] {logging_mixin.py:120} INFO - [2025-07-20T06:14:08.484+0000] {dag.py:3340} INFO - Setting next_dagrun for tutorial_taskflow_api to None, run_after=None
[2025-07-20T06:14:08.553+0000] {processor.py:176} INFO - Processing /home/airflow/.local/lib/python3.7/site-packages/airflow/example_dags/tutorial_taskflow_api.py took 0.422 seconds
[2025-07-20T06:14:39.843+0000] {processor.py:154} INFO - Started process (PID=1639) to work on /home/airflow/.local/lib/python3.7/site-packages/airflow/example_dags/tutorial_taskflow_api.py
[2025-07-20T06:14:39.848+0000] {processor.py:756} INFO - Processing file /home/airflow/.local/lib/python3.7/site-packages/airflow/example_dags/tutorial_taskflow_api.py for tasks to queue
[2025-07-20T06:14:39.850+0000] {logging_mixin.py:120} INFO - [2025-07-20T06:14:39.850+0000] {dagbag.py:537} INFO - Filling up the DagBag from /home/airflow/.local/lib/python3.7/site-packages/airflow/example_dags/tutorial_taskflow_api.py
[2025-07-20T06:14:39.903+0000] {processor.py:766} INFO - DAG(s) dict_keys(['tutorial_taskflow_api']) retrieved from /home/airflow/.local/lib/python3.7/site-packages/airflow/example_dags/tutorial_taskflow_api.py
[2025-07-20T06:14:40.013+0000] {logging_mixin.py:120} INFO - [2025-07-20T06:14:40.012+0000] {dag.py:2585} INFO - Sync 1 DAGs
[2025-07-20T06:14:40.099+0000] {logging_mixin.py:120} INFO - [2025-07-20T06:14:40.098+0000] {dag.py:3340} INFO - Setting next_dagrun for tutorial_taskflow_api to None, run_after=None
[2025-07-20T06:14:40.180+0000] {processor.py:176} INFO - Processing /home/airflow/.local/lib/python3.7/site-packages/airflow/example_dags/tutorial_taskflow_api.py took 0.354 seconds
[2025-07-20T06:15:10.940+0000] {processor.py:154} INFO - Started process (PID=1698) to work on /home/airflow/.local/lib/python3.7/site-packages/airflow/example_dags/tutorial_taskflow_api.py
[2025-07-20T06:15:10.943+0000] {processor.py:756} INFO - Processing file /home/airflow/.local/lib/python3.7/site-packages/airflow/example_dags/tutorial_taskflow_api.py for tasks to queue
[2025-07-20T06:15:10.945+0000] {logging_mixin.py:120} INFO - [2025-07-20T06:15:10.945+0000] {dagbag.py:537} INFO - Filling up the DagBag from /home/airflow/.local/lib/python3.7/site-packages/airflow/example_dags/tutorial_taskflow_api.py
[2025-07-20T06:15:11.063+0000] {processor.py:766} INFO - DAG(s) dict_keys(['tutorial_taskflow_api']) retrieved from /home/airflow/.local/lib/python3.7/site-packages/airflow/example_dags/tutorial_taskflow_api.py
[2025-07-20T06:15:11.199+0000] {logging_mixin.py:120} INFO - [2025-07-20T06:15:11.197+0000] {dag.py:2585} INFO - Sync 1 DAGs
[2025-07-20T06:15:11.272+0000] {logging_mixin.py:120} INFO - [2025-07-20T06:15:11.272+0000] {dag.py:3340} INFO - Setting next_dagrun for tutorial_taskflow_api to None, run_after=None
[2025-07-20T06:15:11.342+0000] {processor.py:176} INFO - Processing /home/airflow/.local/lib/python3.7/site-packages/airflow/example_dags/tutorial_taskflow_api.py took 0.417 seconds
