[2025-11-29T09:32:36.963+0000] {taskinstance.py:1165} INFO - Dependencies all met for <TaskInstance: dag2.second_task scheduled__2025-11-28T00:00:00+00:00 [queued]>
[2025-11-29T09:32:37.156+0000] {taskinstance.py:1165} INFO - Dependencies all met for <TaskInstance: dag2.second_task scheduled__2025-11-28T00:00:00+00:00 [queued]>
[2025-11-29T09:32:37.175+0000] {taskinstance.py:1362} INFO - 
--------------------------------------------------------------------------------
[2025-11-29T09:32:37.203+0000] {taskinstance.py:1363} INFO - Starting attempt 1 of 6
[2025-11-29T09:32:37.284+0000] {taskinstance.py:1364} INFO - 
--------------------------------------------------------------------------------
[2025-11-29T09:32:38.589+0000] {taskinstance.py:1383} INFO - Executing <Task(BashOperator): second_task> on 2025-11-28 00:00:00+00:00
[2025-11-29T09:32:38.674+0000] {standard_task_runner.py:55} INFO - Started process 547 to run task
[2025-11-29T09:32:38.802+0000] {standard_task_runner.py:82} INFO - Running: ['***', 'tasks', 'run', 'dag2', 'second_task', 'scheduled__2025-11-28T00:00:00+00:00', '--job-id', '155', '--raw', '--subdir', 'DAGS_FOLDER/dag2.py', '--cfg-path', '/tmp/tmpxjy8kbfh']
[2025-11-29T09:32:38.814+0000] {standard_task_runner.py:83} INFO - Job 155: Subtask second_task
[2025-11-29T09:32:40.019+0000] {task_command.py:376} INFO - Running <TaskInstance: dag2.second_task scheduled__2025-11-28T00:00:00+00:00 [running]> on host e6234453012c
[2025-11-29T09:32:41.173+0000] {taskinstance.py:1592} INFO - Exporting the following env vars:
AIRFLOW_CTX_DAG_OWNER=admin
AIRFLOW_CTX_DAG_ID=dag2
AIRFLOW_CTX_TASK_ID=second_task
AIRFLOW_CTX_EXECUTION_DATE=2025-11-28T00:00:00+00:00
AIRFLOW_CTX_TRY_NUMBER=1
AIRFLOW_CTX_DAG_RUN_ID=scheduled__2025-11-28T00:00:00+00:00
[2025-11-29T09:32:41.221+0000] {subprocess.py:63} INFO - Tmp dir root location: 
 /tmp
[2025-11-29T09:32:41.253+0000] {subprocess.py:75} INFO - Running command: ['/bin/bash', '-c', 'echo "hello, lets excute tasks"']
[2025-11-29T09:32:41.397+0000] {subprocess.py:86} INFO - Output:
[2025-11-29T09:32:41.430+0000] {subprocess.py:93} INFO - hello, lets excute tasks
[2025-11-29T09:32:41.444+0000] {subprocess.py:97} INFO - Command exited with return code 0
[2025-11-29T09:32:41.815+0000] {taskinstance.py:1406} INFO - Marking task as SUCCESS. dag_id=dag2, task_id=second_task, execution_date=20251128T000000, start_date=20251129T093237, end_date=20251129T093241
[2025-11-29T09:32:42.167+0000] {local_task_job.py:164} INFO - Task exited with return code 0
[2025-11-29T09:32:42.997+0000] {local_task_job.py:273} INFO - 0 downstream tasks scheduled from follow-on schedule check
