[2025-11-29T09:34:02.959+0000] {taskinstance.py:1165} INFO - Dependencies all met for <TaskInstance: catch-up_backfill_dag.task1 scheduled__2025-11-25T00:00:00+00:00 [queued]>
[2025-11-29T09:34:03.004+0000] {taskinstance.py:1165} INFO - Dependencies all met for <TaskInstance: catch-up_backfill_dag.task1 scheduled__2025-11-25T00:00:00+00:00 [queued]>
[2025-11-29T09:34:03.006+0000] {taskinstance.py:1362} INFO - 
--------------------------------------------------------------------------------
[2025-11-29T09:34:03.018+0000] {taskinstance.py:1363} INFO - Starting attempt 1 of 6
[2025-11-29T09:34:03.019+0000] {taskinstance.py:1364} INFO - 
--------------------------------------------------------------------------------
[2025-11-29T09:34:03.087+0000] {taskinstance.py:1383} INFO - Executing <Task(BashOperator): task1> on 2025-11-25 00:00:00+00:00
[2025-11-29T09:34:03.103+0000] {standard_task_runner.py:55} INFO - Started process 609 to run task
[2025-11-29T09:34:03.160+0000] {standard_task_runner.py:82} INFO - Running: ['***', 'tasks', 'run', 'catch-up_backfill_dag', 'task1', 'scheduled__2025-11-25T00:00:00+00:00', '--job-id', '162', '--raw', '--subdir', 'DAGS_FOLDER/cathcup_and_backfill.py', '--cfg-path', '/tmp/tmps42j1wbx']
[2025-11-29T09:34:03.163+0000] {standard_task_runner.py:83} INFO - Job 162: Subtask task1
[2025-11-29T09:34:03.755+0000] {task_command.py:376} INFO - Running <TaskInstance: catch-up_backfill_dag.task1 scheduled__2025-11-25T00:00:00+00:00 [running]> on host e6234453012c
[2025-11-29T09:34:04.589+0000] {taskinstance.py:1592} INFO - Exporting the following env vars:
AIRFLOW_CTX_DAG_OWNER=admin
AIRFLOW_CTX_DAG_ID=catch-up_backfill_dag
AIRFLOW_CTX_TASK_ID=task1
AIRFLOW_CTX_EXECUTION_DATE=2025-11-25T00:00:00+00:00
AIRFLOW_CTX_TRY_NUMBER=1
AIRFLOW_CTX_DAG_RUN_ID=scheduled__2025-11-25T00:00:00+00:00
[2025-11-29T09:34:04.620+0000] {subprocess.py:63} INFO - Tmp dir root location: 
 /tmp
[2025-11-29T09:34:04.698+0000] {subprocess.py:75} INFO - Running command: ['/bin/bash', '-c', 'echo this is simple backfill dag']
[2025-11-29T09:34:04.864+0000] {subprocess.py:86} INFO - Output:
[2025-11-29T09:34:04.883+0000] {subprocess.py:93} INFO - this is simple backfill dag
[2025-11-29T09:34:04.886+0000] {subprocess.py:97} INFO - Command exited with return code 0
[2025-11-29T09:34:05.195+0000] {taskinstance.py:1406} INFO - Marking task as SUCCESS. dag_id=catch-up_backfill_dag, task_id=task1, execution_date=20251125T000000, start_date=20251129T093402, end_date=20251129T093405
[2025-11-29T09:34:05.274+0000] {local_task_job.py:164} INFO - Task exited with return code 0
[2025-11-29T09:34:05.326+0000] {local_task_job.py:273} INFO - 0 downstream tasks scheduled from follow-on schedule check
