[2025-11-29T09:32:08.069+0000] {taskinstance.py:1165} INFO - Dependencies all met for <TaskInstance: dag2.first_task scheduled__2025-11-27T00:00:00+00:00 [queued]>
[2025-11-29T09:32:10.033+0000] {taskinstance.py:1165} INFO - Dependencies all met for <TaskInstance: dag2.first_task scheduled__2025-11-27T00:00:00+00:00 [queued]>
[2025-11-29T09:32:10.042+0000] {taskinstance.py:1362} INFO - 
--------------------------------------------------------------------------------
[2025-11-29T09:32:10.043+0000] {taskinstance.py:1363} INFO - Starting attempt 1 of 6
[2025-11-29T09:32:10.050+0000] {taskinstance.py:1364} INFO - 
--------------------------------------------------------------------------------
[2025-11-29T09:32:11.414+0000] {taskinstance.py:1383} INFO - Executing <Task(BashOperator): first_task> on 2025-11-27 00:00:00+00:00
[2025-11-29T09:32:11.486+0000] {standard_task_runner.py:55} INFO - Started process 516 to run task
[2025-11-29T09:32:11.525+0000] {standard_task_runner.py:82} INFO - Running: ['***', 'tasks', 'run', 'dag2', 'first_task', 'scheduled__2025-11-27T00:00:00+00:00', '--job-id', '145', '--raw', '--subdir', 'DAGS_FOLDER/dag2.py', '--cfg-path', '/tmp/tmplrz6jthc']
[2025-11-29T09:32:11.548+0000] {standard_task_runner.py:83} INFO - Job 145: Subtask first_task
[2025-11-29T09:32:13.412+0000] {task_command.py:376} INFO - Running <TaskInstance: dag2.first_task scheduled__2025-11-27T00:00:00+00:00 [running]> on host e6234453012c
[2025-11-29T09:32:17.244+0000] {taskinstance.py:1592} INFO - Exporting the following env vars:
AIRFLOW_CTX_DAG_OWNER=admin
AIRFLOW_CTX_DAG_ID=dag2
AIRFLOW_CTX_TASK_ID=first_task
AIRFLOW_CTX_EXECUTION_DATE=2025-11-27T00:00:00+00:00
AIRFLOW_CTX_TRY_NUMBER=1
AIRFLOW_CTX_DAG_RUN_ID=scheduled__2025-11-27T00:00:00+00:00
[2025-11-29T09:32:17.351+0000] {subprocess.py:63} INFO - Tmp dir root location: 
 /tmp
[2025-11-29T09:32:17.449+0000] {subprocess.py:75} INFO - Running command: ['/bin/bash', '-c', 'echo "hello, lets learn Airflow..."']
[2025-11-29T09:32:17.755+0000] {subprocess.py:86} INFO - Output:
[2025-11-29T09:32:17.932+0000] {subprocess.py:93} INFO - hello, lets learn Airflow...
[2025-11-29T09:32:17.959+0000] {subprocess.py:97} INFO - Command exited with return code 0
[2025-11-29T09:32:18.899+0000] {taskinstance.py:1406} INFO - Marking task as SUCCESS. dag_id=dag2, task_id=first_task, execution_date=20251127T000000, start_date=20251129T093208, end_date=20251129T093218
[2025-11-29T09:32:20.778+0000] {local_task_job.py:164} INFO - Task exited with return code 0
[2025-11-29T09:32:21.823+0000] {local_task_job.py:273} INFO - 0 downstream tasks scheduled from follow-on schedule check
