[2025-11-29T09:32:20.558+0000] {taskinstance.py:1165} INFO - Dependencies all met for <TaskInstance: example_bash_dag.simple_bash_command scheduled__2025-11-26T00:00:00+00:00 [queued]>
[2025-11-29T09:32:21.045+0000] {taskinstance.py:1165} INFO - Dependencies all met for <TaskInstance: example_bash_dag.simple_bash_command scheduled__2025-11-26T00:00:00+00:00 [queued]>
[2025-11-29T09:32:21.047+0000] {taskinstance.py:1362} INFO - 
--------------------------------------------------------------------------------
[2025-11-29T09:32:21.070+0000] {taskinstance.py:1363} INFO - Starting attempt 1 of 1
[2025-11-29T09:32:21.074+0000] {taskinstance.py:1364} INFO - 
--------------------------------------------------------------------------------
[2025-11-29T09:32:22.340+0000] {taskinstance.py:1383} INFO - Executing <Task(BashOperator): simple_bash_command> on 2025-11-26 00:00:00+00:00
[2025-11-29T09:32:22.439+0000] {standard_task_runner.py:55} INFO - Started process 527 to run task
[2025-11-29T09:32:22.603+0000] {standard_task_runner.py:82} INFO - Running: ['***', 'tasks', 'run', 'example_bash_dag', 'simple_bash_command', 'scheduled__2025-11-26T00:00:00+00:00', '--job-id', '150', '--raw', '--subdir', 'DAGS_FOLDER/example_bash_dag.py', '--cfg-path', '/tmp/tmpe_hkd95p']
[2025-11-29T09:32:22.688+0000] {standard_task_runner.py:83} INFO - Job 150: Subtask simple_bash_command
[2025-11-29T09:32:24.428+0000] {task_command.py:376} INFO - Running <TaskInstance: example_bash_dag.simple_bash_command scheduled__2025-11-26T00:00:00+00:00 [running]> on host e6234453012c
[2025-11-29T09:32:27.823+0000] {taskinstance.py:1592} INFO - Exporting the following env vars:
AIRFLOW_CTX_DAG_OWNER=***
AIRFLOW_CTX_DAG_ID=example_bash_dag
AIRFLOW_CTX_TASK_ID=simple_bash_command
AIRFLOW_CTX_EXECUTION_DATE=2025-11-26T00:00:00+00:00
AIRFLOW_CTX_TRY_NUMBER=1
AIRFLOW_CTX_DAG_RUN_ID=scheduled__2025-11-26T00:00:00+00:00
[2025-11-29T09:32:28.178+0000] {subprocess.py:63} INFO - Tmp dir root location: 
 /tmp
[2025-11-29T09:32:28.476+0000] {subprocess.py:75} INFO - Running command: ['/bin/bash', '-c', 'echo hello ***']
[2025-11-29T09:32:29.149+0000] {subprocess.py:86} INFO - Output:
[2025-11-29T09:32:29.210+0000] {subprocess.py:93} INFO - hello ***
[2025-11-29T09:32:29.262+0000] {subprocess.py:97} INFO - Command exited with return code 0
[2025-11-29T09:32:30.137+0000] {taskinstance.py:1406} INFO - Marking task as SUCCESS. dag_id=example_bash_dag, task_id=simple_bash_command, execution_date=20251126T000000, start_date=20251129T093220, end_date=20251129T093230
[2025-11-29T09:32:30.956+0000] {local_task_job.py:164} INFO - Task exited with return code 0
[2025-11-29T09:32:32.955+0000] {local_task_job.py:273} INFO - 0 downstream tasks scheduled from follow-on schedule check
