[2025-11-29T09:32:45.293+0000] {taskinstance.py:1165} INFO - Dependencies all met for <TaskInstance: task_flow.intro scheduled__2025-11-28T00:00:00+00:00 [queued]>
[2025-11-29T09:32:45.492+0000] {taskinstance.py:1165} INFO - Dependencies all met for <TaskInstance: task_flow.intro scheduled__2025-11-28T00:00:00+00:00 [queued]>
[2025-11-29T09:32:45.536+0000] {taskinstance.py:1362} INFO - 
--------------------------------------------------------------------------------
[2025-11-29T09:32:45.570+0000] {taskinstance.py:1363} INFO - Starting attempt 1 of 1
[2025-11-29T09:32:45.568+0000] {taskinstance.py:1364} INFO - 
--------------------------------------------------------------------------------
[2025-11-29T09:32:45.760+0000] {taskinstance.py:1383} INFO - Executing <Task(_PythonDecoratedOperator): intro> on 2025-11-28 00:00:00+00:00
[2025-11-29T09:32:45.800+0000] {standard_task_runner.py:55} INFO - Started process 550 to run task
[2025-11-29T09:32:45.818+0000] {standard_task_runner.py:82} INFO - Running: ['***', 'tasks', 'run', 'task_flow', 'intro', 'scheduled__2025-11-28T00:00:00+00:00', '--job-id', '156', '--raw', '--subdir', 'DAGS_FOLDER/task_flow_api.py', '--cfg-path', '/tmp/tmp_9b6lsmm']
[2025-11-29T09:32:45.822+0000] {standard_task_runner.py:83} INFO - Job 156: Subtask intro
[2025-11-29T09:32:46.336+0000] {task_command.py:376} INFO - Running <TaskInstance: task_flow.intro scheduled__2025-11-28T00:00:00+00:00 [running]> on host e6234453012c
[2025-11-29T09:32:47.257+0000] {taskinstance.py:1592} INFO - Exporting the following env vars:
AIRFLOW_CTX_DAG_OWNER=***
AIRFLOW_CTX_DAG_ID=task_flow
AIRFLOW_CTX_TASK_ID=intro
AIRFLOW_CTX_EXECUTION_DATE=2025-11-28T00:00:00+00:00
AIRFLOW_CTX_TRY_NUMBER=1
AIRFLOW_CTX_DAG_RUN_ID=scheduled__2025-11-28T00:00:00+00:00
[2025-11-29T09:32:47.271+0000] {logging_mixin.py:120} INFO - my name is Suresh, age is 24 and company is tredence
[2025-11-29T09:32:47.273+0000] {python.py:177} INFO - Done. Returned value was: None
[2025-11-29T09:32:47.332+0000] {taskinstance.py:1406} INFO - Marking task as SUCCESS. dag_id=task_flow, task_id=intro, execution_date=20251128T000000, start_date=20251129T093245, end_date=20251129T093247
[2025-11-29T09:32:47.504+0000] {local_task_job.py:164} INFO - Task exited with return code 0
[2025-11-29T09:32:47.621+0000] {local_task_job.py:273} INFO - 0 downstream tasks scheduled from follow-on schedule check
