[2025-11-29T09:32:26.760+0000] {taskinstance.py:1165} INFO - Dependencies all met for <TaskInstance: task_flow.details scheduled__2025-11-26T00:00:00+00:00 [queued]>
[2025-11-29T09:32:28.811+0000] {taskinstance.py:1165} INFO - Dependencies all met for <TaskInstance: task_flow.details scheduled__2025-11-26T00:00:00+00:00 [queued]>
[2025-11-29T09:32:28.843+0000] {taskinstance.py:1362} INFO - 
--------------------------------------------------------------------------------
[2025-11-29T09:32:28.900+0000] {taskinstance.py:1363} INFO - Starting attempt 1 of 1
[2025-11-29T09:32:28.929+0000] {taskinstance.py:1364} INFO - 
--------------------------------------------------------------------------------
[2025-11-29T09:32:30.183+0000] {taskinstance.py:1383} INFO - Executing <Task(_PythonDecoratedOperator): details> on 2025-11-26 00:00:00+00:00
[2025-11-29T09:32:30.424+0000] {standard_task_runner.py:55} INFO - Started process 532 to run task
[2025-11-29T09:32:30.477+0000] {standard_task_runner.py:82} INFO - Running: ['***', 'tasks', 'run', 'task_flow', 'details', 'scheduled__2025-11-26T00:00:00+00:00', '--job-id', '151', '--raw', '--subdir', 'DAGS_FOLDER/task_flow_api.py', '--cfg-path', '/tmp/tmpp9tkj6go']
[2025-11-29T09:32:30.525+0000] {standard_task_runner.py:83} INFO - Job 151: Subtask details
[2025-11-29T09:32:32.601+0000] {task_command.py:376} INFO - Running <TaskInstance: task_flow.details scheduled__2025-11-26T00:00:00+00:00 [running]> on host e6234453012c
[2025-11-29T09:32:35.164+0000] {taskinstance.py:1592} INFO - Exporting the following env vars:
AIRFLOW_CTX_DAG_OWNER=***
AIRFLOW_CTX_DAG_ID=task_flow
AIRFLOW_CTX_TASK_ID=details
AIRFLOW_CTX_EXECUTION_DATE=2025-11-26T00:00:00+00:00
AIRFLOW_CTX_TRY_NUMBER=1
AIRFLOW_CTX_DAG_RUN_ID=scheduled__2025-11-26T00:00:00+00:00
[2025-11-29T09:32:35.241+0000] {python.py:177} INFO - Done. Returned value was: {'age': '24', 'college': 'poornima university', 'company': 'tredence', 'role': 'data engineer'}
[2025-11-29T09:32:35.511+0000] {taskinstance.py:1406} INFO - Marking task as SUCCESS. dag_id=task_flow, task_id=details, execution_date=20251126T000000, start_date=20251129T093227, end_date=20251129T093235
[2025-11-29T09:32:36.079+0000] {local_task_job.py:164} INFO - Task exited with return code 0
[2025-11-29T09:32:36.364+0000] {local_task_job.py:273} INFO - 0 downstream tasks scheduled from follow-on schedule check
