[2025-11-23T10:10:55.023+0000] {taskinstance.py:1165} INFO - Dependencies all met for <TaskInstance: python_branch_operator_ex.task3 manual__2025-11-23T10:10:51.025414+00:00 [queued]>
[2025-11-23T10:10:55.038+0000] {taskinstance.py:1165} INFO - Dependencies all met for <TaskInstance: python_branch_operator_ex.task3 manual__2025-11-23T10:10:51.025414+00:00 [queued]>
[2025-11-23T10:10:55.039+0000] {taskinstance.py:1362} INFO - 
--------------------------------------------------------------------------------
[2025-11-23T10:10:55.039+0000] {taskinstance.py:1363} INFO - Starting attempt 1 of 1
[2025-11-23T10:10:55.039+0000] {taskinstance.py:1364} INFO - 
--------------------------------------------------------------------------------
[2025-11-23T10:10:55.055+0000] {taskinstance.py:1383} INFO - Executing <Task(PythonOperator): task3> on 2025-11-23 10:10:51.025414+00:00
[2025-11-23T10:10:55.062+0000] {standard_task_runner.py:55} INFO - Started process 687 to run task
[2025-11-23T10:10:55.067+0000] {standard_task_runner.py:82} INFO - Running: ['***', 'tasks', 'run', 'python_branch_operator_ex', 'task3', 'manual__2025-11-23T10:10:51.025414+00:00', '--job-id', '77', '--raw', '--subdir', 'DAGS_FOLDER/python_branch_operator.py', '--cfg-path', '/tmp/tmp7x55hbco']
[2025-11-23T10:10:55.068+0000] {standard_task_runner.py:83} INFO - Job 77: Subtask task3
[2025-11-23T10:10:55.185+0000] {task_command.py:376} INFO - Running <TaskInstance: python_branch_operator_ex.task3 manual__2025-11-23T10:10:51.025414+00:00 [running]> on host c29f43dc8107
[2025-11-23T10:10:55.294+0000] {taskinstance.py:1592} INFO - Exporting the following env vars:
AIRFLOW_CTX_DAG_OWNER=***
AIRFLOW_CTX_DAG_ID=python_branch_operator_ex
AIRFLOW_CTX_TASK_ID=task3
AIRFLOW_CTX_EXECUTION_DATE=2025-11-23T10:10:51.025414+00:00
AIRFLOW_CTX_TRY_NUMBER=1
AIRFLOW_CTX_DAG_RUN_ID=manual__2025-11-23T10:10:51.025414+00:00
[2025-11-23T10:10:55.296+0000] {logging_mixin.py:120} INFO -  my value is 14
[2025-11-23T10:10:55.297+0000] {python.py:177} INFO - Done. Returned value was: None
[2025-11-23T10:10:55.311+0000] {taskinstance.py:1406} INFO - Marking task as SUCCESS. dag_id=python_branch_operator_ex, task_id=task3, execution_date=20251123T101051, start_date=20251123T101055, end_date=20251123T101055
[2025-11-23T10:10:55.359+0000] {local_task_job.py:164} INFO - Task exited with return code 0
[2025-11-23T10:10:55.385+0000] {local_task_job.py:273} INFO - 0 downstream tasks scheduled from follow-on schedule check
