[2025-11-29T09:33:57.325+0000] {taskinstance.py:1165} INFO - Dependencies all met for <TaskInstance: catch-up_backfill_dag.task1 scheduled__2025-11-20T00:00:00+00:00 [queued]>
[2025-11-29T09:33:57.347+0000] {taskinstance.py:1165} INFO - Dependencies all met for <TaskInstance: catch-up_backfill_dag.task1 scheduled__2025-11-20T00:00:00+00:00 [queued]>
[2025-11-29T09:33:57.348+0000] {taskinstance.py:1362} INFO - 
--------------------------------------------------------------------------------
[2025-11-29T09:33:57.350+0000] {taskinstance.py:1363} INFO - Starting attempt 1 of 6
[2025-11-29T09:33:57.351+0000] {taskinstance.py:1364} INFO - 
--------------------------------------------------------------------------------
[2025-11-29T09:33:57.378+0000] {taskinstance.py:1383} INFO - Executing <Task(BashOperator): task1> on 2025-11-20 00:00:00+00:00
[2025-11-29T09:33:57.392+0000] {standard_task_runner.py:55} INFO - Started process 589 to run task
[2025-11-29T09:33:57.404+0000] {standard_task_runner.py:82} INFO - Running: ['***', 'tasks', 'run', 'catch-up_backfill_dag', 'task1', 'scheduled__2025-11-20T00:00:00+00:00', '--job-id', '157', '--raw', '--subdir', 'DAGS_FOLDER/cathcup_and_backfill.py', '--cfg-path', '/tmp/tmp27g4dbo_']
[2025-11-29T09:33:57.405+0000] {standard_task_runner.py:83} INFO - Job 157: Subtask task1
[2025-11-29T09:33:57.691+0000] {task_command.py:376} INFO - Running <TaskInstance: catch-up_backfill_dag.task1 scheduled__2025-11-20T00:00:00+00:00 [running]> on host e6234453012c
[2025-11-29T09:33:57.906+0000] {taskinstance.py:1592} INFO - Exporting the following env vars:
AIRFLOW_CTX_DAG_OWNER=admin
AIRFLOW_CTX_DAG_ID=catch-up_backfill_dag
AIRFLOW_CTX_TASK_ID=task1
AIRFLOW_CTX_EXECUTION_DATE=2025-11-20T00:00:00+00:00
AIRFLOW_CTX_TRY_NUMBER=1
AIRFLOW_CTX_DAG_RUN_ID=scheduled__2025-11-20T00:00:00+00:00
[2025-11-29T09:33:57.911+0000] {subprocess.py:63} INFO - Tmp dir root location: 
 /tmp
[2025-11-29T09:33:57.914+0000] {subprocess.py:75} INFO - Running command: ['/bin/bash', '-c', 'echo this is simple backfill dag']
[2025-11-29T09:33:57.957+0000] {subprocess.py:86} INFO - Output:
[2025-11-29T09:33:57.958+0000] {subprocess.py:93} INFO - this is simple backfill dag
[2025-11-29T09:33:57.960+0000] {subprocess.py:97} INFO - Command exited with return code 0
[2025-11-29T09:33:58.152+0000] {taskinstance.py:1406} INFO - Marking task as SUCCESS. dag_id=catch-up_backfill_dag, task_id=task1, execution_date=20251120T000000, start_date=20251129T093357, end_date=20251129T093358
[2025-11-29T09:33:58.310+0000] {local_task_job.py:164} INFO - Task exited with return code 0
[2025-11-29T09:33:58.901+0000] {local_task_job.py:273} INFO - 0 downstream tasks scheduled from follow-on schedule check
