[2025-11-23T10:20:59.667+0000] {taskinstance.py:1165} INFO - Dependencies all met for <TaskInstance: short_circuit_example.check_even manual__2025-11-23T10:20:57.633062+00:00 [queued]>
[2025-11-23T10:20:59.687+0000] {taskinstance.py:1165} INFO - Dependencies all met for <TaskInstance: short_circuit_example.check_even manual__2025-11-23T10:20:57.633062+00:00 [queued]>
[2025-11-23T10:20:59.688+0000] {taskinstance.py:1362} INFO - 
--------------------------------------------------------------------------------
[2025-11-23T10:20:59.688+0000] {taskinstance.py:1363} INFO - Starting attempt 1 of 1
[2025-11-23T10:20:59.689+0000] {taskinstance.py:1364} INFO - 
--------------------------------------------------------------------------------
[2025-11-23T10:20:59.716+0000] {taskinstance.py:1383} INFO - Executing <Task(ShortCircuitOperator): check_even> on 2025-11-23 10:20:57.633062+00:00
[2025-11-23T10:20:59.725+0000] {standard_task_runner.py:55} INFO - Started process 1141 to run task
[2025-11-23T10:20:59.732+0000] {standard_task_runner.py:82} INFO - Running: ['***', 'tasks', 'run', 'short_circuit_example', 'check_even', 'manual__2025-11-23T10:20:57.633062+00:00', '--job-id', '81', '--raw', '--subdir', 'DAGS_FOLDER/python_shortcircuit_dag.py', '--cfg-path', '/tmp/tmp1l4zofxn']
[2025-11-23T10:20:59.733+0000] {standard_task_runner.py:83} INFO - Job 81: Subtask check_even
[2025-11-23T10:20:59.834+0000] {task_command.py:376} INFO - Running <TaskInstance: short_circuit_example.check_even manual__2025-11-23T10:20:57.633062+00:00 [running]> on host c29f43dc8107
[2025-11-23T10:20:59.912+0000] {taskinstance.py:1592} INFO - Exporting the following env vars:
AIRFLOW_CTX_DAG_OWNER=***
AIRFLOW_CTX_DAG_ID=short_circuit_example
AIRFLOW_CTX_TASK_ID=check_even
AIRFLOW_CTX_EXECUTION_DATE=2025-11-23T10:20:57.633062+00:00
AIRFLOW_CTX_TRY_NUMBER=1
AIRFLOW_CTX_DAG_RUN_ID=manual__2025-11-23T10:20:57.633062+00:00
[2025-11-23T10:20:59.915+0000] {python.py:177} INFO - Done. Returned value was: False
[2025-11-23T10:20:59.917+0000] {python.py:263} INFO - Condition result is False
[2025-11-23T10:20:59.917+0000] {python.py:277} INFO - Skipping all downstream tasks...
[2025-11-23T10:20:59.949+0000] {python.py:285} INFO - Done.
[2025-11-23T10:20:59.959+0000] {taskinstance.py:1406} INFO - Marking task as SUCCESS. dag_id=short_circuit_example, task_id=check_even, execution_date=20251123T102057, start_date=20251123T102059, end_date=20251123T102059
[2025-11-23T10:20:59.984+0000] {local_task_job.py:164} INFO - Task exited with return code 0
[2025-11-23T10:21:00.005+0000] {local_task_job.py:273} INFO - 0 downstream tasks scheduled from follow-on schedule check
