[2025-11-29T09:32:08.752+0000] {taskinstance.py:1165} INFO - Dependencies all met for <TaskInstance: task_flow.intro scheduled__2025-11-27T00:00:00+00:00 [queued]>
[2025-11-29T09:32:10.030+0000] {taskinstance.py:1165} INFO - Dependencies all met for <TaskInstance: task_flow.intro scheduled__2025-11-27T00:00:00+00:00 [queued]>
[2025-11-29T09:32:10.042+0000] {taskinstance.py:1362} INFO - 
--------------------------------------------------------------------------------
[2025-11-29T09:32:10.050+0000] {taskinstance.py:1363} INFO - Starting attempt 1 of 1
[2025-11-29T09:32:10.055+0000] {taskinstance.py:1364} INFO - 
--------------------------------------------------------------------------------
[2025-11-29T09:32:10.835+0000] {taskinstance.py:1383} INFO - Executing <Task(_PythonDecoratedOperator): intro> on 2025-11-27 00:00:00+00:00
[2025-11-29T09:32:10.896+0000] {standard_task_runner.py:55} INFO - Started process 514 to run task
[2025-11-29T09:32:11.010+0000] {standard_task_runner.py:82} INFO - Running: ['***', 'tasks', 'run', 'task_flow', 'intro', 'scheduled__2025-11-27T00:00:00+00:00', '--job-id', '147', '--raw', '--subdir', 'DAGS_FOLDER/task_flow_api.py', '--cfg-path', '/tmp/tmplw6yjwod']
[2025-11-29T09:32:11.025+0000] {standard_task_runner.py:83} INFO - Job 147: Subtask intro
[2025-11-29T09:32:13.496+0000] {task_command.py:376} INFO - Running <TaskInstance: task_flow.intro scheduled__2025-11-27T00:00:00+00:00 [running]> on host e6234453012c
[2025-11-29T09:32:15.276+0000] {taskinstance.py:1592} INFO - Exporting the following env vars:
AIRFLOW_CTX_DAG_OWNER=***
AIRFLOW_CTX_DAG_ID=task_flow
AIRFLOW_CTX_TASK_ID=intro
AIRFLOW_CTX_EXECUTION_DATE=2025-11-27T00:00:00+00:00
AIRFLOW_CTX_TRY_NUMBER=1
AIRFLOW_CTX_DAG_RUN_ID=scheduled__2025-11-27T00:00:00+00:00
[2025-11-29T09:32:15.295+0000] {logging_mixin.py:120} INFO - my name is Suresh, age is 24 and company is tredence
[2025-11-29T09:32:15.297+0000] {python.py:177} INFO - Done. Returned value was: None
[2025-11-29T09:32:15.496+0000] {taskinstance.py:1406} INFO - Marking task as SUCCESS. dag_id=task_flow, task_id=intro, execution_date=20251127T000000, start_date=20251129T093209, end_date=20251129T093215
[2025-11-29T09:32:16.840+0000] {local_task_job.py:164} INFO - Task exited with return code 0
[2025-11-29T09:32:17.398+0000] {local_task_job.py:273} INFO - 0 downstream tasks scheduled from follow-on schedule check
