[2025-11-23T10:06:00.150+0000] {taskinstance.py:1165} INFO - Dependencies all met for <TaskInstance: python_branch_operator_ex.start manual__2025-11-23T10:05:57.815019+00:00 [queued]>
[2025-11-23T10:06:00.176+0000] {taskinstance.py:1165} INFO - Dependencies all met for <TaskInstance: python_branch_operator_ex.start manual__2025-11-23T10:05:57.815019+00:00 [queued]>
[2025-11-23T10:06:00.177+0000] {taskinstance.py:1362} INFO - 
--------------------------------------------------------------------------------
[2025-11-23T10:06:00.178+0000] {taskinstance.py:1363} INFO - Starting attempt 1 of 1
[2025-11-23T10:06:00.179+0000] {taskinstance.py:1364} INFO - 
--------------------------------------------------------------------------------
[2025-11-23T10:06:00.745+0000] {taskinstance.py:1383} INFO - Executing <Task(PythonOperator): start> on 2025-11-23 10:05:57.815019+00:00
[2025-11-23T10:06:00.755+0000] {standard_task_runner.py:55} INFO - Started process 464 to run task
[2025-11-23T10:06:00.762+0000] {standard_task_runner.py:82} INFO - Running: ['***', 'tasks', 'run', 'python_branch_operator_ex', 'start', 'manual__2025-11-23T10:05:57.815019+00:00', '--job-id', '73', '--raw', '--subdir', 'DAGS_FOLDER/python_branch_operator.py', '--cfg-path', '/tmp/tmpryz_i0xw']
[2025-11-23T10:06:00.765+0000] {standard_task_runner.py:83} INFO - Job 73: Subtask start
[2025-11-23T10:06:01.537+0000] {task_command.py:376} INFO - Running <TaskInstance: python_branch_operator_ex.start manual__2025-11-23T10:05:57.815019+00:00 [running]> on host c29f43dc8107
[2025-11-23T10:06:02.416+0000] {taskinstance.py:1592} INFO - Exporting the following env vars:
AIRFLOW_CTX_DAG_OWNER=***
AIRFLOW_CTX_DAG_ID=python_branch_operator_ex
AIRFLOW_CTX_TASK_ID=start
AIRFLOW_CTX_EXECUTION_DATE=2025-11-23T10:05:57.815019+00:00
AIRFLOW_CTX_TRY_NUMBER=1
AIRFLOW_CTX_DAG_RUN_ID=manual__2025-11-23T10:05:57.815019+00:00
[2025-11-23T10:06:02.431+0000] {logging_mixin.py:120} INFO - starting
[2025-11-23T10:06:02.432+0000] {python.py:177} INFO - Done. Returned value was: None
[2025-11-23T10:06:02.521+0000] {taskinstance.py:1406} INFO - Marking task as SUCCESS. dag_id=python_branch_operator_ex, task_id=start, execution_date=20251123T100557, start_date=20251123T100600, end_date=20251123T100602
[2025-11-23T10:06:02.787+0000] {local_task_job.py:164} INFO - Task exited with return code 0
[2025-11-23T10:06:02.996+0000] {local_task_job.py:273} INFO - 1 downstream tasks scheduled from follow-on schedule check
