[2025-11-29T09:23:32.062+0000] {taskinstance.py:1165} INFO - Dependencies all met for <TaskInstance: dag2.first_task scheduled__2025-11-23T00:00:00+00:00 [queued]>
[2025-11-29T09:23:32.144+0000] {taskinstance.py:1165} INFO - Dependencies all met for <TaskInstance: dag2.first_task scheduled__2025-11-23T00:00:00+00:00 [queued]>
[2025-11-29T09:23:32.146+0000] {taskinstance.py:1362} INFO - 
--------------------------------------------------------------------------------
[2025-11-29T09:23:32.147+0000] {taskinstance.py:1363} INFO - Starting attempt 2 of 6
[2025-11-29T09:23:32.148+0000] {taskinstance.py:1364} INFO - 
--------------------------------------------------------------------------------
[2025-11-29T09:23:32.228+0000] {taskinstance.py:1383} INFO - Executing <Task(BashOperator): first_task> on 2025-11-23 00:00:00+00:00
[2025-11-29T09:23:32.272+0000] {standard_task_runner.py:55} INFO - Started process 152 to run task
[2025-11-29T09:23:32.297+0000] {standard_task_runner.py:82} INFO - Running: ['***', 'tasks', 'run', 'dag2', 'first_task', 'scheduled__2025-11-23T00:00:00+00:00', '--job-id', '135', '--raw', '--subdir', 'DAGS_FOLDER/dag2.py', '--cfg-path', '/tmp/tmp3vk2bznm']
[2025-11-29T09:23:32.304+0000] {standard_task_runner.py:83} INFO - Job 135: Subtask first_task
[2025-11-29T09:23:32.537+0000] {task_command.py:376} INFO - Running <TaskInstance: dag2.first_task scheduled__2025-11-23T00:00:00+00:00 [running]> on host e6234453012c
[2025-11-29T09:23:32.750+0000] {taskinstance.py:1592} INFO - Exporting the following env vars:
AIRFLOW_CTX_DAG_OWNER=admin
AIRFLOW_CTX_DAG_ID=dag2
AIRFLOW_CTX_TASK_ID=first_task
AIRFLOW_CTX_EXECUTION_DATE=2025-11-23T00:00:00+00:00
AIRFLOW_CTX_TRY_NUMBER=2
AIRFLOW_CTX_DAG_RUN_ID=scheduled__2025-11-23T00:00:00+00:00
[2025-11-29T09:23:32.757+0000] {subprocess.py:63} INFO - Tmp dir root location: 
 /tmp
[2025-11-29T09:23:32.761+0000] {subprocess.py:75} INFO - Running command: ['/bin/bash', '-c', 'echo "hello, lets learn Airflow..."']
[2025-11-29T09:23:32.796+0000] {subprocess.py:86} INFO - Output:
[2025-11-29T09:23:32.800+0000] {subprocess.py:93} INFO - hello, lets learn Airflow...
[2025-11-29T09:23:32.802+0000] {subprocess.py:97} INFO - Command exited with return code 0
[2025-11-29T09:23:32.898+0000] {taskinstance.py:1406} INFO - Marking task as SUCCESS. dag_id=dag2, task_id=first_task, execution_date=20251123T000000, start_date=20251129T092332, end_date=20251129T092332
[2025-11-29T09:23:32.967+0000] {local_task_job.py:164} INFO - Task exited with return code 0
[2025-11-29T09:23:33.033+0000] {local_task_job.py:273} INFO - 1 downstream tasks scheduled from follow-on schedule check
