[2025-11-29T09:33:59.896+0000] {taskinstance.py:1165} INFO - Dependencies all met for <TaskInstance: catch-up_backfill_dag.task1 scheduled__2025-11-23T00:00:00+00:00 [queued]>
[2025-11-29T09:33:59.950+0000] {taskinstance.py:1165} INFO - Dependencies all met for <TaskInstance: catch-up_backfill_dag.task1 scheduled__2025-11-23T00:00:00+00:00 [queued]>
[2025-11-29T09:33:59.959+0000] {taskinstance.py:1362} INFO - 
--------------------------------------------------------------------------------
[2025-11-29T09:33:59.971+0000] {taskinstance.py:1363} INFO - Starting attempt 1 of 6
[2025-11-29T09:33:59.973+0000] {taskinstance.py:1364} INFO - 
--------------------------------------------------------------------------------
[2025-11-29T09:34:00.346+0000] {taskinstance.py:1383} INFO - Executing <Task(BashOperator): task1> on 2025-11-23 00:00:00+00:00
[2025-11-29T09:34:00.449+0000] {standard_task_runner.py:55} INFO - Started process 603 to run task
[2025-11-29T09:34:00.503+0000] {standard_task_runner.py:82} INFO - Running: ['***', 'tasks', 'run', 'catch-up_backfill_dag', 'task1', 'scheduled__2025-11-23T00:00:00+00:00', '--job-id', '160', '--raw', '--subdir', 'DAGS_FOLDER/cathcup_and_backfill.py', '--cfg-path', '/tmp/tmpvh90ihva']
[2025-11-29T09:34:00.524+0000] {standard_task_runner.py:83} INFO - Job 160: Subtask task1
[2025-11-29T09:34:01.337+0000] {task_command.py:376} INFO - Running <TaskInstance: catch-up_backfill_dag.task1 scheduled__2025-11-23T00:00:00+00:00 [running]> on host e6234453012c
[2025-11-29T09:34:02.372+0000] {taskinstance.py:1592} INFO - Exporting the following env vars:
AIRFLOW_CTX_DAG_OWNER=admin
AIRFLOW_CTX_DAG_ID=catch-up_backfill_dag
AIRFLOW_CTX_TASK_ID=task1
AIRFLOW_CTX_EXECUTION_DATE=2025-11-23T00:00:00+00:00
AIRFLOW_CTX_TRY_NUMBER=1
AIRFLOW_CTX_DAG_RUN_ID=scheduled__2025-11-23T00:00:00+00:00
[2025-11-29T09:34:02.427+0000] {subprocess.py:63} INFO - Tmp dir root location: 
 /tmp
[2025-11-29T09:34:02.450+0000] {subprocess.py:75} INFO - Running command: ['/bin/bash', '-c', 'echo this is simple backfill dag']
[2025-11-29T09:34:02.766+0000] {subprocess.py:86} INFO - Output:
[2025-11-29T09:34:02.883+0000] {subprocess.py:93} INFO - this is simple backfill dag
[2025-11-29T09:34:02.884+0000] {subprocess.py:97} INFO - Command exited with return code 0
[2025-11-29T09:34:02.988+0000] {taskinstance.py:1406} INFO - Marking task as SUCCESS. dag_id=catch-up_backfill_dag, task_id=task1, execution_date=20251123T000000, start_date=20251129T093359, end_date=20251129T093402
[2025-11-29T09:34:03.094+0000] {local_task_job.py:164} INFO - Task exited with return code 0
[2025-11-29T09:34:03.211+0000] {local_task_job.py:273} INFO - 0 downstream tasks scheduled from follow-on schedule check
