[2025-11-23T07:16:17.746+0000] {taskinstance.py:1165} INFO - Dependencies all met for <TaskInstance: example_bash_dag.simple_bash_command manual__2025-11-23T07:16:05.417381+00:00 [queued]>
[2025-11-23T07:16:17.798+0000] {taskinstance.py:1165} INFO - Dependencies all met for <TaskInstance: example_bash_dag.simple_bash_command manual__2025-11-23T07:16:05.417381+00:00 [queued]>
[2025-11-23T07:16:17.798+0000] {taskinstance.py:1362} INFO - 
--------------------------------------------------------------------------------
[2025-11-23T07:16:17.799+0000] {taskinstance.py:1363} INFO - Starting attempt 1 of 1
[2025-11-23T07:16:17.799+0000] {taskinstance.py:1364} INFO - 
--------------------------------------------------------------------------------
[2025-11-23T07:16:17.840+0000] {taskinstance.py:1383} INFO - Executing <Task(BashOperator): simple_bash_command> on 2025-11-23 07:16:05.417381+00:00
[2025-11-23T07:16:17.848+0000] {standard_task_runner.py:55} INFO - Started process 1827 to run task
[2025-11-23T07:16:17.859+0000] {standard_task_runner.py:82} INFO - Running: ['***', 'tasks', 'run', 'example_bash_dag', 'simple_bash_command', 'manual__2025-11-23T07:16:05.417381+00:00', '--job-id', '54', '--raw', '--subdir', 'DAGS_FOLDER/example_bash_dag.py', '--cfg-path', '/tmp/tmpw9obp7_u']
[2025-11-23T07:16:17.861+0000] {standard_task_runner.py:83} INFO - Job 54: Subtask simple_bash_command
[2025-11-23T07:16:18.044+0000] {task_command.py:376} INFO - Running <TaskInstance: example_bash_dag.simple_bash_command manual__2025-11-23T07:16:05.417381+00:00 [running]> on host 59d580eb23f8
[2025-11-23T07:16:18.295+0000] {taskinstance.py:1592} INFO - Exporting the following env vars:
AIRFLOW_CTX_DAG_OWNER=***
AIRFLOW_CTX_DAG_ID=example_bash_dag
AIRFLOW_CTX_TASK_ID=simple_bash_command
AIRFLOW_CTX_EXECUTION_DATE=2025-11-23T07:16:05.417381+00:00
AIRFLOW_CTX_TRY_NUMBER=1
AIRFLOW_CTX_DAG_RUN_ID=manual__2025-11-23T07:16:05.417381+00:00
[2025-11-23T07:16:18.314+0000] {subprocess.py:63} INFO - Tmp dir root location: 
 /tmp
[2025-11-23T07:16:18.321+0000] {subprocess.py:75} INFO - Running command: ['/bin/bash', '-c', 'echo hello ***']
[2025-11-23T07:16:18.355+0000] {subprocess.py:86} INFO - Output:
[2025-11-23T07:16:18.396+0000] {subprocess.py:93} INFO - hello ***
[2025-11-23T07:16:18.398+0000] {subprocess.py:97} INFO - Command exited with return code 0
[2025-11-23T07:16:18.444+0000] {taskinstance.py:1406} INFO - Marking task as SUCCESS. dag_id=example_bash_dag, task_id=simple_bash_command, execution_date=20251123T071605, start_date=20251123T071617, end_date=20251123T071618
[2025-11-23T07:16:18.534+0000] {local_task_job.py:164} INFO - Task exited with return code 0
[2025-11-23T07:16:18.587+0000] {local_task_job.py:273} INFO - 0 downstream tasks scheduled from follow-on schedule check
