[2025-11-23T12:58:15.561+0000] {taskinstance.py:1165} INFO - Dependencies all met for <TaskInstance: task_flow.getname manual__2025-11-23T12:58:12.856615+00:00 [queued]>
[2025-11-23T12:58:15.624+0000] {taskinstance.py:1165} INFO - Dependencies all met for <TaskInstance: task_flow.getname manual__2025-11-23T12:58:12.856615+00:00 [queued]>
[2025-11-23T12:58:15.625+0000] {taskinstance.py:1362} INFO - 
--------------------------------------------------------------------------------
[2025-11-23T12:58:15.626+0000] {taskinstance.py:1363} INFO - Starting attempt 1 of 1
[2025-11-23T12:58:15.627+0000] {taskinstance.py:1364} INFO - 
--------------------------------------------------------------------------------
[2025-11-23T12:58:15.677+0000] {taskinstance.py:1383} INFO - Executing <Task(_PythonDecoratedOperator): getname> on 2025-11-23 12:58:12.856615+00:00
[2025-11-23T12:58:15.712+0000] {standard_task_runner.py:55} INFO - Started process 2610 to run task
[2025-11-23T12:58:15.795+0000] {standard_task_runner.py:82} INFO - Running: ['***', 'tasks', 'run', 'task_flow', 'getname', 'manual__2025-11-23T12:58:12.856615+00:00', '--job-id', '97', '--raw', '--subdir', 'DAGS_FOLDER/task_flow_api.py', '--cfg-path', '/tmp/tmpgi1gl6vq']
[2025-11-23T12:58:15.805+0000] {standard_task_runner.py:83} INFO - Job 97: Subtask getname
[2025-11-23T12:58:17.020+0000] {task_command.py:376} INFO - Running <TaskInstance: task_flow.getname manual__2025-11-23T12:58:12.856615+00:00 [running]> on host 782f86c5e75f
[2025-11-23T12:58:18.763+0000] {taskinstance.py:1592} INFO - Exporting the following env vars:
AIRFLOW_CTX_DAG_OWNER=***
AIRFLOW_CTX_DAG_ID=task_flow
AIRFLOW_CTX_TASK_ID=getname
AIRFLOW_CTX_EXECUTION_DATE=2025-11-23T12:58:12.856615+00:00
AIRFLOW_CTX_TRY_NUMBER=1
AIRFLOW_CTX_DAG_RUN_ID=manual__2025-11-23T12:58:12.856615+00:00
[2025-11-23T12:58:18.766+0000] {python.py:177} INFO - Done. Returned value was: Suresh
[2025-11-23T12:58:19.006+0000] {taskinstance.py:1406} INFO - Marking task as SUCCESS. dag_id=task_flow, task_id=getname, execution_date=20251123T125812, start_date=20251123T125815, end_date=20251123T125819
[2025-11-23T12:58:19.187+0000] {local_task_job.py:164} INFO - Task exited with return code 0
[2025-11-23T12:58:19.395+0000] {local_task_job.py:273} INFO - 1 downstream tasks scheduled from follow-on schedule check
