[2025-11-23T12:58:20.620+0000] {taskinstance.py:1165} INFO - Dependencies all met for <TaskInstance: task_flow.intro manual__2025-11-23T12:58:12.856615+00:00 [queued]>
[2025-11-23T12:58:20.711+0000] {taskinstance.py:1165} INFO - Dependencies all met for <TaskInstance: task_flow.intro manual__2025-11-23T12:58:12.856615+00:00 [queued]>
[2025-11-23T12:58:20.712+0000] {taskinstance.py:1362} INFO - 
--------------------------------------------------------------------------------
[2025-11-23T12:58:20.713+0000] {taskinstance.py:1363} INFO - Starting attempt 1 of 1
[2025-11-23T12:58:20.713+0000] {taskinstance.py:1364} INFO - 
--------------------------------------------------------------------------------
[2025-11-23T12:58:20.760+0000] {taskinstance.py:1383} INFO - Executing <Task(_PythonDecoratedOperator): intro> on 2025-11-23 12:58:12.856615+00:00
[2025-11-23T12:58:20.777+0000] {standard_task_runner.py:55} INFO - Started process 2613 to run task
[2025-11-23T12:58:20.785+0000] {standard_task_runner.py:82} INFO - Running: ['***', 'tasks', 'run', 'task_flow', 'intro', 'manual__2025-11-23T12:58:12.856615+00:00', '--job-id', '99', '--raw', '--subdir', 'DAGS_FOLDER/task_flow_api.py', '--cfg-path', '/tmp/tmpgcbq8flw']
[2025-11-23T12:58:20.790+0000] {standard_task_runner.py:83} INFO - Job 99: Subtask intro
[2025-11-23T12:58:21.376+0000] {task_command.py:376} INFO - Running <TaskInstance: task_flow.intro manual__2025-11-23T12:58:12.856615+00:00 [running]> on host 782f86c5e75f
[2025-11-23T12:58:22.167+0000] {taskinstance.py:1592} INFO - Exporting the following env vars:
AIRFLOW_CTX_DAG_OWNER=***
AIRFLOW_CTX_DAG_ID=task_flow
AIRFLOW_CTX_TASK_ID=intro
AIRFLOW_CTX_EXECUTION_DATE=2025-11-23T12:58:12.856615+00:00
AIRFLOW_CTX_TRY_NUMBER=1
AIRFLOW_CTX_DAG_RUN_ID=manual__2025-11-23T12:58:12.856615+00:00
[2025-11-23T12:58:22.256+0000] {logging_mixin.py:120} INFO - my name is Suresh, age is 24 and company is tredence
[2025-11-23T12:58:22.262+0000] {python.py:177} INFO - Done. Returned value was: None
[2025-11-23T12:58:22.322+0000] {taskinstance.py:1406} INFO - Marking task as SUCCESS. dag_id=task_flow, task_id=intro, execution_date=20251123T125812, start_date=20251123T125820, end_date=20251123T125822
[2025-11-23T12:58:22.498+0000] {local_task_job.py:164} INFO - Task exited with return code 0
[2025-11-23T12:58:22.572+0000] {local_task_job.py:273} INFO - 0 downstream tasks scheduled from follow-on schedule check
