[2025-12-06T16:55:08.461+0000] {processor.py:161} INFO - Started process (PID=84) to work on /opt/airflow/dags/cathcup_and_backfill.py
[2025-12-06T16:55:08.465+0000] {processor.py:830} INFO - Processing file /opt/airflow/dags/cathcup_and_backfill.py for tasks to queue
[2025-12-06T16:55:08.482+0000] {logging_mixin.py:188} INFO - [2025-12-06T16:55:08.481+0000] {dagbag.py:540} INFO - Filling up the DagBag from /opt/airflow/dags/cathcup_and_backfill.py
[2025-12-06T16:55:08.778+0000] {processor.py:840} INFO - DAG(s) 'catch-up_backfill_dag' retrieved from /opt/airflow/dags/cathcup_and_backfill.py
[2025-12-06T16:55:12.328+0000] {logging_mixin.py:188} INFO - [2025-12-06T16:55:12.327+0000] {dag.py:3047} INFO - Sync 1 DAGs
[2025-12-06T16:55:12.962+0000] {logging_mixin.py:188} INFO - [2025-12-06T16:55:12.961+0000] {dag.py:3834} INFO - Setting next_dagrun for catch-up_backfill_dag to 2025-11-30 04:00:00+00:00, run_after=2025-12-31 04:00:00+00:00
[2025-12-06T16:55:13.624+0000] {processor.py:183} INFO - Processing /opt/airflow/dags/cathcup_and_backfill.py took 5.203 seconds
[2025-12-06T16:55:44.341+0000] {processor.py:161} INFO - Started process (PID=109) to work on /opt/airflow/dags/cathcup_and_backfill.py
[2025-12-06T16:55:44.346+0000] {processor.py:830} INFO - Processing file /opt/airflow/dags/cathcup_and_backfill.py for tasks to queue
[2025-12-06T16:55:44.380+0000] {logging_mixin.py:188} INFO - [2025-12-06T16:55:44.371+0000] {dagbag.py:540} INFO - Filling up the DagBag from /opt/airflow/dags/cathcup_and_backfill.py
[2025-12-06T16:55:45.125+0000] {processor.py:840} INFO - DAG(s) 'catch-up_backfill_dag' retrieved from /opt/airflow/dags/cathcup_and_backfill.py
[2025-12-06T16:55:46.198+0000] {logging_mixin.py:188} INFO - [2025-12-06T16:55:46.198+0000] {dag.py:3047} INFO - Sync 1 DAGs
[2025-12-06T16:55:46.819+0000] {logging_mixin.py:188} INFO - [2025-12-06T16:55:46.818+0000] {dag.py:3834} INFO - Setting next_dagrun for catch-up_backfill_dag to 2025-11-30 04:00:00+00:00, run_after=2025-12-31 04:00:00+00:00
[2025-12-06T16:55:48.601+0000] {processor.py:183} INFO - Processing /opt/airflow/dags/cathcup_and_backfill.py took 4.293 seconds
[2025-12-06T16:56:21.238+0000] {processor.py:161} INFO - Started process (PID=135) to work on /opt/airflow/dags/cathcup_and_backfill.py
[2025-12-06T16:56:21.344+0000] {processor.py:830} INFO - Processing file /opt/airflow/dags/cathcup_and_backfill.py for tasks to queue
[2025-12-06T16:56:21.395+0000] {logging_mixin.py:188} INFO - [2025-12-06T16:56:21.395+0000] {dagbag.py:540} INFO - Filling up the DagBag from /opt/airflow/dags/cathcup_and_backfill.py
[2025-12-06T16:56:22.531+0000] {processor.py:840} INFO - DAG(s) 'catch-up_backfill_dag' retrieved from /opt/airflow/dags/cathcup_and_backfill.py
[2025-12-06T16:56:23.793+0000] {logging_mixin.py:188} INFO - [2025-12-06T16:56:23.792+0000] {dag.py:3047} INFO - Sync 1 DAGs
[2025-12-06T16:56:25.558+0000] {logging_mixin.py:188} INFO - [2025-12-06T16:56:25.558+0000] {dag.py:3834} INFO - Setting next_dagrun for catch-up_backfill_dag to 2025-11-30 04:00:00+00:00, run_after=2025-12-31 04:00:00+00:00
[2025-12-06T16:56:28.525+0000] {processor.py:183} INFO - Processing /opt/airflow/dags/cathcup_and_backfill.py took 7.160 seconds
[2025-12-06T16:57:03.060+0000] {processor.py:161} INFO - Started process (PID=162) to work on /opt/airflow/dags/cathcup_and_backfill.py
[2025-12-06T16:57:03.160+0000] {processor.py:830} INFO - Processing file /opt/airflow/dags/cathcup_and_backfill.py for tasks to queue
[2025-12-06T16:57:03.192+0000] {logging_mixin.py:188} INFO - [2025-12-06T16:57:03.176+0000] {dagbag.py:540} INFO - Filling up the DagBag from /opt/airflow/dags/cathcup_and_backfill.py
[2025-12-06T16:57:03.652+0000] {processor.py:840} INFO - DAG(s) 'catch-up_backfill_dag' retrieved from /opt/airflow/dags/cathcup_and_backfill.py
[2025-12-06T16:57:07.007+0000] {logging_mixin.py:188} INFO - [2025-12-06T16:57:07.006+0000] {dag.py:3047} INFO - Sync 1 DAGs
[2025-12-06T16:57:07.726+0000] {logging_mixin.py:188} INFO - [2025-12-06T16:57:07.722+0000] {dag.py:3834} INFO - Setting next_dagrun for catch-up_backfill_dag to 2025-11-30 04:00:00+00:00, run_after=2025-12-31 04:00:00+00:00
[2025-12-06T16:57:09.349+0000] {processor.py:183} INFO - Processing /opt/airflow/dags/cathcup_and_backfill.py took 7.763 seconds
[2025-12-06T17:01:46.886+0000] {processor.py:161} INFO - Started process (PID=66) to work on /opt/airflow/dags/cathcup_and_backfill.py
[2025-12-06T17:01:46.894+0000] {processor.py:830} INFO - Processing file /opt/airflow/dags/cathcup_and_backfill.py for tasks to queue
[2025-12-06T17:01:46.905+0000] {logging_mixin.py:188} INFO - [2025-12-06T17:01:46.904+0000] {dagbag.py:540} INFO - Filling up the DagBag from /opt/airflow/dags/cathcup_and_backfill.py
[2025-12-06T17:01:46.966+0000] {processor.py:840} INFO - DAG(s) 'catch-up_backfill_dag' retrieved from /opt/airflow/dags/cathcup_and_backfill.py
[2025-12-06T17:01:47.375+0000] {logging_mixin.py:188} INFO - [2025-12-06T17:01:47.374+0000] {dag.py:3047} INFO - Sync 1 DAGs
[2025-12-06T17:01:47.422+0000] {logging_mixin.py:188} INFO - [2025-12-06T17:01:47.422+0000] {dag.py:3834} INFO - Setting next_dagrun for catch-up_backfill_dag to 2025-11-30 04:00:00+00:00, run_after=2025-12-31 04:00:00+00:00
[2025-12-06T17:01:47.467+0000] {processor.py:183} INFO - Processing /opt/airflow/dags/cathcup_and_backfill.py took 0.596 seconds
[2025-12-06T17:02:18.810+0000] {processor.py:161} INFO - Started process (PID=91) to work on /opt/airflow/dags/cathcup_and_backfill.py
[2025-12-06T17:02:18.818+0000] {processor.py:830} INFO - Processing file /opt/airflow/dags/cathcup_and_backfill.py for tasks to queue
[2025-12-06T17:02:18.829+0000] {logging_mixin.py:188} INFO - [2025-12-06T17:02:18.828+0000] {dagbag.py:540} INFO - Filling up the DagBag from /opt/airflow/dags/cathcup_and_backfill.py
[2025-12-06T17:02:19.065+0000] {processor.py:840} INFO - DAG(s) 'catch-up_backfill_dag' retrieved from /opt/airflow/dags/cathcup_and_backfill.py
[2025-12-06T17:02:19.479+0000] {logging_mixin.py:188} INFO - [2025-12-06T17:02:19.478+0000] {dag.py:3047} INFO - Sync 1 DAGs
[2025-12-06T17:02:20.011+0000] {logging_mixin.py:188} INFO - [2025-12-06T17:02:19.999+0000] {dag.py:3834} INFO - Setting next_dagrun for catch-up_backfill_dag to 2025-11-30 04:00:00+00:00, run_after=2025-12-31 04:00:00+00:00
[2025-12-06T17:02:20.168+0000] {processor.py:183} INFO - Processing /opt/airflow/dags/cathcup_and_backfill.py took 1.364 seconds
[2025-12-06T17:02:50.700+0000] {processor.py:161} INFO - Started process (PID=120) to work on /opt/airflow/dags/cathcup_and_backfill.py
[2025-12-06T17:02:50.719+0000] {processor.py:830} INFO - Processing file /opt/airflow/dags/cathcup_and_backfill.py for tasks to queue
[2025-12-06T17:02:50.732+0000] {logging_mixin.py:188} INFO - [2025-12-06T17:02:50.731+0000] {dagbag.py:540} INFO - Filling up the DagBag from /opt/airflow/dags/cathcup_and_backfill.py
[2025-12-06T17:02:50.939+0000] {processor.py:840} INFO - DAG(s) 'catch-up_backfill_dag' retrieved from /opt/airflow/dags/cathcup_and_backfill.py
[2025-12-06T17:02:51.546+0000] {logging_mixin.py:188} INFO - [2025-12-06T17:02:51.503+0000] {dag.py:3047} INFO - Sync 1 DAGs
[2025-12-06T17:02:51.847+0000] {logging_mixin.py:188} INFO - [2025-12-06T17:02:51.829+0000] {dag.py:3834} INFO - Setting next_dagrun for catch-up_backfill_dag to 2025-11-30 04:00:00+00:00, run_after=2025-12-31 04:00:00+00:00
[2025-12-06T17:02:52.021+0000] {processor.py:183} INFO - Processing /opt/airflow/dags/cathcup_and_backfill.py took 1.342 seconds
[2025-12-06T17:03:23.342+0000] {processor.py:161} INFO - Started process (PID=151) to work on /opt/airflow/dags/cathcup_and_backfill.py
[2025-12-06T17:03:23.351+0000] {processor.py:830} INFO - Processing file /opt/airflow/dags/cathcup_and_backfill.py for tasks to queue
[2025-12-06T17:03:23.370+0000] {logging_mixin.py:188} INFO - [2025-12-06T17:03:23.369+0000] {dagbag.py:540} INFO - Filling up the DagBag from /opt/airflow/dags/cathcup_and_backfill.py
[2025-12-06T17:03:24.192+0000] {processor.py:840} INFO - DAG(s) 'catch-up_backfill_dag' retrieved from /opt/airflow/dags/cathcup_and_backfill.py
[2025-12-06T17:03:24.383+0000] {logging_mixin.py:188} INFO - [2025-12-06T17:03:24.382+0000] {dag.py:3047} INFO - Sync 1 DAGs
[2025-12-06T17:03:24.721+0000] {logging_mixin.py:188} INFO - [2025-12-06T17:03:24.721+0000] {dag.py:3834} INFO - Setting next_dagrun for catch-up_backfill_dag to 2025-11-30 04:00:00+00:00, run_after=2025-12-31 04:00:00+00:00
[2025-12-06T17:03:24.926+0000] {processor.py:183} INFO - Processing /opt/airflow/dags/cathcup_and_backfill.py took 1.651 seconds
[2025-12-06T17:03:55.156+0000] {processor.py:161} INFO - Started process (PID=177) to work on /opt/airflow/dags/cathcup_and_backfill.py
[2025-12-06T17:03:55.165+0000] {processor.py:830} INFO - Processing file /opt/airflow/dags/cathcup_and_backfill.py for tasks to queue
[2025-12-06T17:03:55.172+0000] {logging_mixin.py:188} INFO - [2025-12-06T17:03:55.171+0000] {dagbag.py:540} INFO - Filling up the DagBag from /opt/airflow/dags/cathcup_and_backfill.py
[2025-12-06T17:03:55.243+0000] {processor.py:840} INFO - DAG(s) 'catch-up_backfill_dag' retrieved from /opt/airflow/dags/cathcup_and_backfill.py
[2025-12-06T17:03:55.344+0000] {logging_mixin.py:188} INFO - [2025-12-06T17:03:55.344+0000] {dag.py:3047} INFO - Sync 1 DAGs
[2025-12-06T17:03:55.445+0000] {logging_mixin.py:188} INFO - [2025-12-06T17:03:55.444+0000] {dag.py:3834} INFO - Setting next_dagrun for catch-up_backfill_dag to 2025-11-30 04:00:00+00:00, run_after=2025-12-31 04:00:00+00:00
[2025-12-06T17:03:56.386+0000] {processor.py:183} INFO - Processing /opt/airflow/dags/cathcup_and_backfill.py took 1.236 seconds
[2025-12-06T17:04:27.037+0000] {processor.py:161} INFO - Started process (PID=203) to work on /opt/airflow/dags/cathcup_and_backfill.py
[2025-12-06T17:04:27.063+0000] {processor.py:830} INFO - Processing file /opt/airflow/dags/cathcup_and_backfill.py for tasks to queue
[2025-12-06T17:04:27.093+0000] {logging_mixin.py:188} INFO - [2025-12-06T17:04:27.092+0000] {dagbag.py:540} INFO - Filling up the DagBag from /opt/airflow/dags/cathcup_and_backfill.py
[2025-12-06T17:04:27.158+0000] {processor.py:840} INFO - DAG(s) 'catch-up_backfill_dag' retrieved from /opt/airflow/dags/cathcup_and_backfill.py
[2025-12-06T17:04:27.199+0000] {logging_mixin.py:188} INFO - [2025-12-06T17:04:27.198+0000] {dag.py:3047} INFO - Sync 1 DAGs
[2025-12-06T17:04:27.237+0000] {logging_mixin.py:188} INFO - [2025-12-06T17:04:27.237+0000] {dag.py:3834} INFO - Setting next_dagrun for catch-up_backfill_dag to 2025-11-30 04:00:00+00:00, run_after=2025-12-31 04:00:00+00:00
[2025-12-06T17:04:27.303+0000] {processor.py:183} INFO - Processing /opt/airflow/dags/cathcup_and_backfill.py took 0.274 seconds
[2025-12-06T17:04:57.463+0000] {processor.py:161} INFO - Started process (PID=227) to work on /opt/airflow/dags/cathcup_and_backfill.py
[2025-12-06T17:04:57.465+0000] {processor.py:830} INFO - Processing file /opt/airflow/dags/cathcup_and_backfill.py for tasks to queue
[2025-12-06T17:04:57.471+0000] {logging_mixin.py:188} INFO - [2025-12-06T17:04:57.471+0000] {dagbag.py:540} INFO - Filling up the DagBag from /opt/airflow/dags/cathcup_and_backfill.py
[2025-12-06T17:04:57.504+0000] {processor.py:840} INFO - DAG(s) 'catch-up_backfill_dag' retrieved from /opt/airflow/dags/cathcup_and_backfill.py
[2025-12-06T17:04:57.561+0000] {logging_mixin.py:188} INFO - [2025-12-06T17:04:57.560+0000] {dag.py:3047} INFO - Sync 1 DAGs
[2025-12-06T17:04:57.620+0000] {logging_mixin.py:188} INFO - [2025-12-06T17:04:57.619+0000] {dag.py:3834} INFO - Setting next_dagrun for catch-up_backfill_dag to 2025-11-30 04:00:00+00:00, run_after=2025-12-31 04:00:00+00:00
[2025-12-06T17:04:57.668+0000] {processor.py:183} INFO - Processing /opt/airflow/dags/cathcup_and_backfill.py took 0.216 seconds
[2025-12-06T17:05:28.427+0000] {processor.py:161} INFO - Started process (PID=252) to work on /opt/airflow/dags/cathcup_and_backfill.py
[2025-12-06T17:05:28.428+0000] {processor.py:830} INFO - Processing file /opt/airflow/dags/cathcup_and_backfill.py for tasks to queue
[2025-12-06T17:05:28.432+0000] {logging_mixin.py:188} INFO - [2025-12-06T17:05:28.432+0000] {dagbag.py:540} INFO - Filling up the DagBag from /opt/airflow/dags/cathcup_and_backfill.py
[2025-12-06T17:05:28.459+0000] {processor.py:840} INFO - DAG(s) 'catch-up_backfill_dag' retrieved from /opt/airflow/dags/cathcup_and_backfill.py
[2025-12-06T17:05:28.494+0000] {logging_mixin.py:188} INFO - [2025-12-06T17:05:28.494+0000] {dag.py:3047} INFO - Sync 1 DAGs
[2025-12-06T17:05:28.522+0000] {logging_mixin.py:188} INFO - [2025-12-06T17:05:28.521+0000] {dag.py:3834} INFO - Setting next_dagrun for catch-up_backfill_dag to 2025-11-30 04:00:00+00:00, run_after=2025-12-31 04:00:00+00:00
[2025-12-06T17:05:28.561+0000] {processor.py:183} INFO - Processing /opt/airflow/dags/cathcup_and_backfill.py took 0.139 seconds
[2025-12-06T17:05:59.617+0000] {processor.py:161} INFO - Started process (PID=283) to work on /opt/airflow/dags/cathcup_and_backfill.py
[2025-12-06T17:05:59.624+0000] {processor.py:830} INFO - Processing file /opt/airflow/dags/cathcup_and_backfill.py for tasks to queue
[2025-12-06T17:05:59.650+0000] {logging_mixin.py:188} INFO - [2025-12-06T17:05:59.650+0000] {dagbag.py:540} INFO - Filling up the DagBag from /opt/airflow/dags/cathcup_and_backfill.py
[2025-12-06T17:05:59.710+0000] {processor.py:840} INFO - DAG(s) 'catch-up_backfill_dag' retrieved from /opt/airflow/dags/cathcup_and_backfill.py
[2025-12-06T17:05:59.818+0000] {logging_mixin.py:188} INFO - [2025-12-06T17:05:59.817+0000] {dag.py:3047} INFO - Sync 1 DAGs
[2025-12-06T17:05:59.909+0000] {logging_mixin.py:188} INFO - [2025-12-06T17:05:59.908+0000] {dag.py:3834} INFO - Setting next_dagrun for catch-up_backfill_dag to 2025-11-30 04:00:00+00:00, run_after=2025-12-31 04:00:00+00:00
[2025-12-06T17:05:59.997+0000] {processor.py:183} INFO - Processing /opt/airflow/dags/cathcup_and_backfill.py took 0.395 seconds
[2025-12-06T17:06:30.223+0000] {processor.py:161} INFO - Started process (PID=310) to work on /opt/airflow/dags/cathcup_and_backfill.py
[2025-12-06T17:06:30.225+0000] {processor.py:830} INFO - Processing file /opt/airflow/dags/cathcup_and_backfill.py for tasks to queue
[2025-12-06T17:06:30.229+0000] {logging_mixin.py:188} INFO - [2025-12-06T17:06:30.228+0000] {dagbag.py:540} INFO - Filling up the DagBag from /opt/airflow/dags/cathcup_and_backfill.py
[2025-12-06T17:06:30.273+0000] {processor.py:840} INFO - DAG(s) 'catch-up_backfill_dag' retrieved from /opt/airflow/dags/cathcup_and_backfill.py
[2025-12-06T17:06:30.327+0000] {logging_mixin.py:188} INFO - [2025-12-06T17:06:30.327+0000] {dag.py:3047} INFO - Sync 1 DAGs
[2025-12-06T17:06:30.364+0000] {logging_mixin.py:188} INFO - [2025-12-06T17:06:30.364+0000] {dag.py:3834} INFO - Setting next_dagrun for catch-up_backfill_dag to 2025-11-30 04:00:00+00:00, run_after=2025-12-31 04:00:00+00:00
[2025-12-06T17:06:30.403+0000] {processor.py:183} INFO - Processing /opt/airflow/dags/cathcup_and_backfill.py took 0.187 seconds
[2025-12-06T17:07:00.837+0000] {processor.py:161} INFO - Started process (PID=336) to work on /opt/airflow/dags/cathcup_and_backfill.py
[2025-12-06T17:07:00.839+0000] {processor.py:830} INFO - Processing file /opt/airflow/dags/cathcup_and_backfill.py for tasks to queue
[2025-12-06T17:07:00.843+0000] {logging_mixin.py:188} INFO - [2025-12-06T17:07:00.842+0000] {dagbag.py:540} INFO - Filling up the DagBag from /opt/airflow/dags/cathcup_and_backfill.py
[2025-12-06T17:07:00.925+0000] {processor.py:840} INFO - DAG(s) 'catch-up_backfill_dag' retrieved from /opt/airflow/dags/cathcup_and_backfill.py
[2025-12-06T17:07:01.020+0000] {logging_mixin.py:188} INFO - [2025-12-06T17:07:01.019+0000] {dag.py:3047} INFO - Sync 1 DAGs
[2025-12-06T17:07:01.100+0000] {logging_mixin.py:188} INFO - [2025-12-06T17:07:01.100+0000] {dag.py:3834} INFO - Setting next_dagrun for catch-up_backfill_dag to 2025-11-30 04:00:00+00:00, run_after=2025-12-31 04:00:00+00:00
[2025-12-06T17:07:01.283+0000] {processor.py:183} INFO - Processing /opt/airflow/dags/cathcup_and_backfill.py took 0.455 seconds
[2025-12-06T17:07:31.399+0000] {processor.py:161} INFO - Started process (PID=362) to work on /opt/airflow/dags/cathcup_and_backfill.py
[2025-12-06T17:07:31.400+0000] {processor.py:830} INFO - Processing file /opt/airflow/dags/cathcup_and_backfill.py for tasks to queue
[2025-12-06T17:07:31.403+0000] {logging_mixin.py:188} INFO - [2025-12-06T17:07:31.402+0000] {dagbag.py:540} INFO - Filling up the DagBag from /opt/airflow/dags/cathcup_and_backfill.py
[2025-12-06T17:07:31.423+0000] {processor.py:840} INFO - DAG(s) 'catch-up_backfill_dag' retrieved from /opt/airflow/dags/cathcup_and_backfill.py
[2025-12-06T17:07:31.454+0000] {logging_mixin.py:188} INFO - [2025-12-06T17:07:31.454+0000] {dag.py:3047} INFO - Sync 1 DAGs
[2025-12-06T17:07:31.487+0000] {logging_mixin.py:188} INFO - [2025-12-06T17:07:31.487+0000] {dag.py:3834} INFO - Setting next_dagrun for catch-up_backfill_dag to 2025-11-30 04:00:00+00:00, run_after=2025-12-31 04:00:00+00:00
[2025-12-06T17:07:31.511+0000] {processor.py:183} INFO - Processing /opt/airflow/dags/cathcup_and_backfill.py took 0.118 seconds
[2025-12-06T17:08:02.146+0000] {processor.py:161} INFO - Started process (PID=389) to work on /opt/airflow/dags/cathcup_and_backfill.py
[2025-12-06T17:08:02.148+0000] {processor.py:830} INFO - Processing file /opt/airflow/dags/cathcup_and_backfill.py for tasks to queue
[2025-12-06T17:08:02.150+0000] {logging_mixin.py:188} INFO - [2025-12-06T17:08:02.150+0000] {dagbag.py:540} INFO - Filling up the DagBag from /opt/airflow/dags/cathcup_and_backfill.py
[2025-12-06T17:08:02.173+0000] {processor.py:840} INFO - DAG(s) 'catch-up_backfill_dag' retrieved from /opt/airflow/dags/cathcup_and_backfill.py
[2025-12-06T17:08:02.206+0000] {logging_mixin.py:188} INFO - [2025-12-06T17:08:02.205+0000] {dag.py:3047} INFO - Sync 1 DAGs
[2025-12-06T17:08:02.240+0000] {logging_mixin.py:188} INFO - [2025-12-06T17:08:02.239+0000] {dag.py:3834} INFO - Setting next_dagrun for catch-up_backfill_dag to 2025-11-30 04:00:00+00:00, run_after=2025-12-31 04:00:00+00:00
[2025-12-06T17:08:02.270+0000] {processor.py:183} INFO - Processing /opt/airflow/dags/cathcup_and_backfill.py took 0.129 seconds
[2025-12-06T17:08:32.915+0000] {processor.py:161} INFO - Started process (PID=422) to work on /opt/airflow/dags/cathcup_and_backfill.py
[2025-12-06T17:08:32.917+0000] {processor.py:830} INFO - Processing file /opt/airflow/dags/cathcup_and_backfill.py for tasks to queue
[2025-12-06T17:08:32.921+0000] {logging_mixin.py:188} INFO - [2025-12-06T17:08:32.920+0000] {dagbag.py:540} INFO - Filling up the DagBag from /opt/airflow/dags/cathcup_and_backfill.py
[2025-12-06T17:08:32.960+0000] {processor.py:840} INFO - DAG(s) 'catch-up_backfill_dag' retrieved from /opt/airflow/dags/cathcup_and_backfill.py
[2025-12-06T17:08:33.004+0000] {logging_mixin.py:188} INFO - [2025-12-06T17:08:33.003+0000] {dag.py:3047} INFO - Sync 1 DAGs
[2025-12-06T17:08:33.041+0000] {logging_mixin.py:188} INFO - [2025-12-06T17:08:33.041+0000] {dag.py:3834} INFO - Setting next_dagrun for catch-up_backfill_dag to 2025-11-30 04:00:00+00:00, run_after=2025-12-31 04:00:00+00:00
[2025-12-06T17:08:33.082+0000] {processor.py:183} INFO - Processing /opt/airflow/dags/cathcup_and_backfill.py took 0.174 seconds
[2025-12-06T17:09:03.428+0000] {processor.py:161} INFO - Started process (PID=448) to work on /opt/airflow/dags/cathcup_and_backfill.py
[2025-12-06T17:09:03.438+0000] {processor.py:830} INFO - Processing file /opt/airflow/dags/cathcup_and_backfill.py for tasks to queue
[2025-12-06T17:09:03.445+0000] {logging_mixin.py:188} INFO - [2025-12-06T17:09:03.445+0000] {dagbag.py:540} INFO - Filling up the DagBag from /opt/airflow/dags/cathcup_and_backfill.py
[2025-12-06T17:09:03.597+0000] {processor.py:840} INFO - DAG(s) 'catch-up_backfill_dag' retrieved from /opt/airflow/dags/cathcup_and_backfill.py
[2025-12-06T17:09:03.654+0000] {logging_mixin.py:188} INFO - [2025-12-06T17:09:03.653+0000] {dag.py:3047} INFO - Sync 1 DAGs
[2025-12-06T17:09:03.716+0000] {logging_mixin.py:188} INFO - [2025-12-06T17:09:03.716+0000] {dag.py:3834} INFO - Setting next_dagrun for catch-up_backfill_dag to 2025-11-30 04:00:00+00:00, run_after=2025-12-31 04:00:00+00:00
[2025-12-06T17:09:04.402+0000] {processor.py:183} INFO - Processing /opt/airflow/dags/cathcup_and_backfill.py took 0.980 seconds
[2025-12-06T17:09:35.032+0000] {processor.py:161} INFO - Started process (PID=474) to work on /opt/airflow/dags/cathcup_and_backfill.py
[2025-12-06T17:09:35.034+0000] {processor.py:830} INFO - Processing file /opt/airflow/dags/cathcup_and_backfill.py for tasks to queue
[2025-12-06T17:09:35.039+0000] {logging_mixin.py:188} INFO - [2025-12-06T17:09:35.038+0000] {dagbag.py:540} INFO - Filling up the DagBag from /opt/airflow/dags/cathcup_and_backfill.py
[2025-12-06T17:09:35.079+0000] {processor.py:840} INFO - DAG(s) 'catch-up_backfill_dag' retrieved from /opt/airflow/dags/cathcup_and_backfill.py
[2025-12-06T17:09:35.137+0000] {logging_mixin.py:188} INFO - [2025-12-06T17:09:35.136+0000] {dag.py:3047} INFO - Sync 1 DAGs
[2025-12-06T17:09:35.238+0000] {logging_mixin.py:188} INFO - [2025-12-06T17:09:35.235+0000] {dag.py:3834} INFO - Setting next_dagrun for catch-up_backfill_dag to 2025-11-30 04:00:00+00:00, run_after=2025-12-31 04:00:00+00:00
[2025-12-06T17:09:35.344+0000] {processor.py:183} INFO - Processing /opt/airflow/dags/cathcup_and_backfill.py took 0.321 seconds
[2025-12-06T17:10:06.506+0000] {processor.py:161} INFO - Started process (PID=501) to work on /opt/airflow/dags/cathcup_and_backfill.py
[2025-12-06T17:10:06.512+0000] {processor.py:830} INFO - Processing file /opt/airflow/dags/cathcup_and_backfill.py for tasks to queue
[2025-12-06T17:10:06.519+0000] {logging_mixin.py:188} INFO - [2025-12-06T17:10:06.518+0000] {dagbag.py:540} INFO - Filling up the DagBag from /opt/airflow/dags/cathcup_and_backfill.py
[2025-12-06T17:10:06.699+0000] {processor.py:840} INFO - DAG(s) 'catch-up_backfill_dag' retrieved from /opt/airflow/dags/cathcup_and_backfill.py
[2025-12-06T17:10:06.792+0000] {logging_mixin.py:188} INFO - [2025-12-06T17:10:06.791+0000] {dag.py:3047} INFO - Sync 1 DAGs
[2025-12-06T17:10:06.853+0000] {logging_mixin.py:188} INFO - [2025-12-06T17:10:06.853+0000] {dag.py:3834} INFO - Setting next_dagrun for catch-up_backfill_dag to 2025-11-30 04:00:00+00:00, run_after=2025-12-31 04:00:00+00:00
[2025-12-06T17:10:06.902+0000] {processor.py:183} INFO - Processing /opt/airflow/dags/cathcup_and_backfill.py took 0.448 seconds
[2025-12-06T17:10:37.722+0000] {processor.py:161} INFO - Started process (PID=527) to work on /opt/airflow/dags/cathcup_and_backfill.py
[2025-12-06T17:10:37.728+0000] {processor.py:830} INFO - Processing file /opt/airflow/dags/cathcup_and_backfill.py for tasks to queue
[2025-12-06T17:10:37.732+0000] {logging_mixin.py:188} INFO - [2025-12-06T17:10:37.732+0000] {dagbag.py:540} INFO - Filling up the DagBag from /opt/airflow/dags/cathcup_and_backfill.py
[2025-12-06T17:10:37.771+0000] {processor.py:840} INFO - DAG(s) 'catch-up_backfill_dag' retrieved from /opt/airflow/dags/cathcup_and_backfill.py
[2025-12-06T17:10:37.840+0000] {logging_mixin.py:188} INFO - [2025-12-06T17:10:37.839+0000] {dag.py:3047} INFO - Sync 1 DAGs
[2025-12-06T17:10:37.892+0000] {logging_mixin.py:188} INFO - [2025-12-06T17:10:37.892+0000] {dag.py:3834} INFO - Setting next_dagrun for catch-up_backfill_dag to 2025-11-30 04:00:00+00:00, run_after=2025-12-31 04:00:00+00:00
[2025-12-06T17:10:37.941+0000] {processor.py:183} INFO - Processing /opt/airflow/dags/cathcup_and_backfill.py took 0.227 seconds
[2025-12-06T17:11:08.966+0000] {processor.py:161} INFO - Started process (PID=561) to work on /opt/airflow/dags/cathcup_and_backfill.py
[2025-12-06T17:11:08.970+0000] {processor.py:830} INFO - Processing file /opt/airflow/dags/cathcup_and_backfill.py for tasks to queue
[2025-12-06T17:11:08.974+0000] {logging_mixin.py:188} INFO - [2025-12-06T17:11:08.973+0000] {dagbag.py:540} INFO - Filling up the DagBag from /opt/airflow/dags/cathcup_and_backfill.py
[2025-12-06T17:11:09.010+0000] {processor.py:840} INFO - DAG(s) 'catch-up_backfill_dag' retrieved from /opt/airflow/dags/cathcup_and_backfill.py
[2025-12-06T17:11:09.063+0000] {logging_mixin.py:188} INFO - [2025-12-06T17:11:09.063+0000] {dag.py:3047} INFO - Sync 1 DAGs
[2025-12-06T17:11:09.116+0000] {logging_mixin.py:188} INFO - [2025-12-06T17:11:09.115+0000] {dag.py:3834} INFO - Setting next_dagrun for catch-up_backfill_dag to 2025-11-30 04:00:00+00:00, run_after=2025-12-31 04:00:00+00:00
[2025-12-06T17:11:09.168+0000] {processor.py:183} INFO - Processing /opt/airflow/dags/cathcup_and_backfill.py took 0.208 seconds
[2025-12-06T17:11:40.173+0000] {processor.py:161} INFO - Started process (PID=587) to work on /opt/airflow/dags/cathcup_and_backfill.py
[2025-12-06T17:11:40.175+0000] {processor.py:830} INFO - Processing file /opt/airflow/dags/cathcup_and_backfill.py for tasks to queue
[2025-12-06T17:11:40.180+0000] {logging_mixin.py:188} INFO - [2025-12-06T17:11:40.179+0000] {dagbag.py:540} INFO - Filling up the DagBag from /opt/airflow/dags/cathcup_and_backfill.py
[2025-12-06T17:11:40.216+0000] {processor.py:840} INFO - DAG(s) 'catch-up_backfill_dag' retrieved from /opt/airflow/dags/cathcup_and_backfill.py
[2025-12-06T17:11:40.269+0000] {logging_mixin.py:188} INFO - [2025-12-06T17:11:40.268+0000] {dag.py:3047} INFO - Sync 1 DAGs
[2025-12-06T17:11:40.312+0000] {logging_mixin.py:188} INFO - [2025-12-06T17:11:40.312+0000] {dag.py:3834} INFO - Setting next_dagrun for catch-up_backfill_dag to 2025-11-30 04:00:00+00:00, run_after=2025-12-31 04:00:00+00:00
[2025-12-06T17:11:40.355+0000] {processor.py:183} INFO - Processing /opt/airflow/dags/cathcup_and_backfill.py took 0.189 seconds
[2025-12-06T17:12:11.071+0000] {processor.py:161} INFO - Started process (PID=612) to work on /opt/airflow/dags/cathcup_and_backfill.py
[2025-12-06T17:12:11.074+0000] {processor.py:830} INFO - Processing file /opt/airflow/dags/cathcup_and_backfill.py for tasks to queue
[2025-12-06T17:12:11.078+0000] {logging_mixin.py:188} INFO - [2025-12-06T17:12:11.077+0000] {dagbag.py:540} INFO - Filling up the DagBag from /opt/airflow/dags/cathcup_and_backfill.py
[2025-12-06T17:12:11.114+0000] {processor.py:840} INFO - DAG(s) 'catch-up_backfill_dag' retrieved from /opt/airflow/dags/cathcup_and_backfill.py
[2025-12-06T17:12:11.179+0000] {logging_mixin.py:188} INFO - [2025-12-06T17:12:11.179+0000] {dag.py:3047} INFO - Sync 1 DAGs
[2025-12-06T17:12:11.253+0000] {logging_mixin.py:188} INFO - [2025-12-06T17:12:11.252+0000] {dag.py:3834} INFO - Setting next_dagrun for catch-up_backfill_dag to 2025-11-30 04:00:00+00:00, run_after=2025-12-31 04:00:00+00:00
[2025-12-06T17:12:11.321+0000] {processor.py:183} INFO - Processing /opt/airflow/dags/cathcup_and_backfill.py took 0.259 seconds
[2025-12-06T17:12:41.784+0000] {processor.py:161} INFO - Started process (PID=645) to work on /opt/airflow/dags/cathcup_and_backfill.py
[2025-12-06T17:12:41.786+0000] {processor.py:830} INFO - Processing file /opt/airflow/dags/cathcup_and_backfill.py for tasks to queue
[2025-12-06T17:12:41.792+0000] {logging_mixin.py:188} INFO - [2025-12-06T17:12:41.791+0000] {dagbag.py:540} INFO - Filling up the DagBag from /opt/airflow/dags/cathcup_and_backfill.py
[2025-12-06T17:12:41.833+0000] {processor.py:840} INFO - DAG(s) 'catch-up_backfill_dag' retrieved from /opt/airflow/dags/cathcup_and_backfill.py
[2025-12-06T17:12:41.890+0000] {logging_mixin.py:188} INFO - [2025-12-06T17:12:41.890+0000] {dag.py:3047} INFO - Sync 1 DAGs
[2025-12-06T17:12:41.949+0000] {logging_mixin.py:188} INFO - [2025-12-06T17:12:41.948+0000] {dag.py:3834} INFO - Setting next_dagrun for catch-up_backfill_dag to 2025-11-30 04:00:00+00:00, run_after=2025-12-31 04:00:00+00:00
[2025-12-06T17:12:42.012+0000] {processor.py:183} INFO - Processing /opt/airflow/dags/cathcup_and_backfill.py took 0.235 seconds
[2025-12-06T17:13:12.956+0000] {processor.py:161} INFO - Started process (PID=672) to work on /opt/airflow/dags/cathcup_and_backfill.py
[2025-12-06T17:13:12.969+0000] {processor.py:830} INFO - Processing file /opt/airflow/dags/cathcup_and_backfill.py for tasks to queue
[2025-12-06T17:13:12.983+0000] {logging_mixin.py:188} INFO - [2025-12-06T17:13:12.979+0000] {dagbag.py:540} INFO - Filling up the DagBag from /opt/airflow/dags/cathcup_and_backfill.py
[2025-12-06T17:13:13.316+0000] {processor.py:840} INFO - DAG(s) 'catch-up_backfill_dag' retrieved from /opt/airflow/dags/cathcup_and_backfill.py
[2025-12-06T17:13:13.425+0000] {logging_mixin.py:188} INFO - [2025-12-06T17:13:13.425+0000] {dag.py:3047} INFO - Sync 1 DAGs
[2025-12-06T17:13:13.516+0000] {logging_mixin.py:188} INFO - [2025-12-06T17:13:13.516+0000] {dag.py:3834} INFO - Setting next_dagrun for catch-up_backfill_dag to 2025-11-30 04:00:00+00:00, run_after=2025-12-31 04:00:00+00:00
[2025-12-06T17:13:13.758+0000] {processor.py:183} INFO - Processing /opt/airflow/dags/cathcup_and_backfill.py took 0.852 seconds
[2025-12-06T17:13:44.562+0000] {processor.py:161} INFO - Started process (PID=697) to work on /opt/airflow/dags/cathcup_and_backfill.py
[2025-12-06T17:13:44.565+0000] {processor.py:830} INFO - Processing file /opt/airflow/dags/cathcup_and_backfill.py for tasks to queue
[2025-12-06T17:13:44.571+0000] {logging_mixin.py:188} INFO - [2025-12-06T17:13:44.570+0000] {dagbag.py:540} INFO - Filling up the DagBag from /opt/airflow/dags/cathcup_and_backfill.py
[2025-12-06T17:13:44.723+0000] {processor.py:840} INFO - DAG(s) 'catch-up_backfill_dag' retrieved from /opt/airflow/dags/cathcup_and_backfill.py
[2025-12-06T17:13:44.852+0000] {logging_mixin.py:188} INFO - [2025-12-06T17:13:44.852+0000] {dag.py:3047} INFO - Sync 1 DAGs
[2025-12-06T17:13:45.038+0000] {logging_mixin.py:188} INFO - [2025-12-06T17:13:45.037+0000] {dag.py:3834} INFO - Setting next_dagrun for catch-up_backfill_dag to 2025-11-30 04:00:00+00:00, run_after=2025-12-31 04:00:00+00:00
[2025-12-06T17:13:45.186+0000] {processor.py:183} INFO - Processing /opt/airflow/dags/cathcup_and_backfill.py took 0.642 seconds
[2025-12-06T17:14:15.541+0000] {processor.py:161} INFO - Started process (PID=716) to work on /opt/airflow/dags/cathcup_and_backfill.py
[2025-12-06T17:14:15.550+0000] {processor.py:830} INFO - Processing file /opt/airflow/dags/cathcup_and_backfill.py for tasks to queue
[2025-12-06T17:14:15.556+0000] {logging_mixin.py:188} INFO - [2025-12-06T17:14:15.555+0000] {dagbag.py:540} INFO - Filling up the DagBag from /opt/airflow/dags/cathcup_and_backfill.py
[2025-12-06T17:14:15.602+0000] {processor.py:840} INFO - DAG(s) 'catch-up_backfill_dag' retrieved from /opt/airflow/dags/cathcup_and_backfill.py
[2025-12-06T17:14:15.722+0000] {logging_mixin.py:188} INFO - [2025-12-06T17:14:15.721+0000] {dag.py:3047} INFO - Sync 1 DAGs
[2025-12-06T17:14:15.798+0000] {logging_mixin.py:188} INFO - [2025-12-06T17:14:15.798+0000] {dag.py:3834} INFO - Setting next_dagrun for catch-up_backfill_dag to 2025-11-30 04:00:00+00:00, run_after=2025-12-31 04:00:00+00:00
[2025-12-06T17:14:15.842+0000] {processor.py:183} INFO - Processing /opt/airflow/dags/cathcup_and_backfill.py took 0.311 seconds
[2025-12-06T17:14:47.285+0000] {processor.py:161} INFO - Started process (PID=742) to work on /opt/airflow/dags/cathcup_and_backfill.py
[2025-12-06T17:14:47.299+0000] {processor.py:830} INFO - Processing file /opt/airflow/dags/cathcup_and_backfill.py for tasks to queue
[2025-12-06T17:14:47.315+0000] {logging_mixin.py:188} INFO - [2025-12-06T17:14:47.315+0000] {dagbag.py:540} INFO - Filling up the DagBag from /opt/airflow/dags/cathcup_and_backfill.py
[2025-12-06T17:14:47.938+0000] {processor.py:840} INFO - DAG(s) 'catch-up_backfill_dag' retrieved from /opt/airflow/dags/cathcup_and_backfill.py
[2025-12-06T17:14:48.701+0000] {logging_mixin.py:188} INFO - [2025-12-06T17:14:48.701+0000] {dag.py:3047} INFO - Sync 1 DAGs
[2025-12-06T17:14:49.035+0000] {logging_mixin.py:188} INFO - [2025-12-06T17:14:49.020+0000] {dag.py:3834} INFO - Setting next_dagrun for catch-up_backfill_dag to 2025-11-30 04:00:00+00:00, run_after=2025-12-31 04:00:00+00:00
[2025-12-06T17:14:49.262+0000] {processor.py:183} INFO - Processing /opt/airflow/dags/cathcup_and_backfill.py took 1.995 seconds
[2025-12-06T17:15:19.823+0000] {processor.py:161} INFO - Started process (PID=760) to work on /opt/airflow/dags/cathcup_and_backfill.py
[2025-12-06T17:15:19.827+0000] {processor.py:830} INFO - Processing file /opt/airflow/dags/cathcup_and_backfill.py for tasks to queue
[2025-12-06T17:15:19.830+0000] {logging_mixin.py:188} INFO - [2025-12-06T17:15:19.830+0000] {dagbag.py:540} INFO - Filling up the DagBag from /opt/airflow/dags/cathcup_and_backfill.py
[2025-12-06T17:15:19.958+0000] {processor.py:840} INFO - DAG(s) 'catch-up_backfill_dag' retrieved from /opt/airflow/dags/cathcup_and_backfill.py
[2025-12-06T17:15:20.049+0000] {logging_mixin.py:188} INFO - [2025-12-06T17:15:20.049+0000] {dag.py:3047} INFO - Sync 1 DAGs
[2025-12-06T17:15:20.169+0000] {logging_mixin.py:188} INFO - [2025-12-06T17:15:20.168+0000] {dag.py:3834} INFO - Setting next_dagrun for catch-up_backfill_dag to 2025-11-30 04:00:00+00:00, run_after=2025-12-31 04:00:00+00:00
[2025-12-06T17:15:20.286+0000] {processor.py:183} INFO - Processing /opt/airflow/dags/cathcup_and_backfill.py took 0.480 seconds
[2025-12-06T17:15:51.114+0000] {processor.py:161} INFO - Started process (PID=786) to work on /opt/airflow/dags/cathcup_and_backfill.py
[2025-12-06T17:15:51.117+0000] {processor.py:830} INFO - Processing file /opt/airflow/dags/cathcup_and_backfill.py for tasks to queue
[2025-12-06T17:15:51.123+0000] {logging_mixin.py:188} INFO - [2025-12-06T17:15:51.122+0000] {dagbag.py:540} INFO - Filling up the DagBag from /opt/airflow/dags/cathcup_and_backfill.py
[2025-12-06T17:15:51.165+0000] {processor.py:840} INFO - DAG(s) 'catch-up_backfill_dag' retrieved from /opt/airflow/dags/cathcup_and_backfill.py
[2025-12-06T17:15:51.217+0000] {logging_mixin.py:188} INFO - [2025-12-06T17:15:51.216+0000] {dag.py:3047} INFO - Sync 1 DAGs
[2025-12-06T17:15:51.253+0000] {logging_mixin.py:188} INFO - [2025-12-06T17:15:51.253+0000] {dag.py:3834} INFO - Setting next_dagrun for catch-up_backfill_dag to 2025-11-30 04:00:00+00:00, run_after=2025-12-31 04:00:00+00:00
[2025-12-06T17:15:51.292+0000] {processor.py:183} INFO - Processing /opt/airflow/dags/cathcup_and_backfill.py took 0.186 seconds
[2025-12-06T17:16:21.484+0000] {processor.py:161} INFO - Started process (PID=812) to work on /opt/airflow/dags/cathcup_and_backfill.py
[2025-12-06T17:16:21.486+0000] {processor.py:830} INFO - Processing file /opt/airflow/dags/cathcup_and_backfill.py for tasks to queue
[2025-12-06T17:16:21.489+0000] {logging_mixin.py:188} INFO - [2025-12-06T17:16:21.489+0000] {dagbag.py:540} INFO - Filling up the DagBag from /opt/airflow/dags/cathcup_and_backfill.py
[2025-12-06T17:16:21.536+0000] {processor.py:840} INFO - DAG(s) 'catch-up_backfill_dag' retrieved from /opt/airflow/dags/cathcup_and_backfill.py
[2025-12-06T17:16:21.577+0000] {logging_mixin.py:188} INFO - [2025-12-06T17:16:21.577+0000] {dag.py:3047} INFO - Sync 1 DAGs
[2025-12-06T17:16:21.616+0000] {logging_mixin.py:188} INFO - [2025-12-06T17:16:21.615+0000] {dag.py:3834} INFO - Setting next_dagrun for catch-up_backfill_dag to 2025-11-30 04:00:00+00:00, run_after=2025-12-31 04:00:00+00:00
[2025-12-06T17:16:21.654+0000] {processor.py:183} INFO - Processing /opt/airflow/dags/cathcup_and_backfill.py took 0.175 seconds
[2025-12-06T17:16:52.064+0000] {processor.py:161} INFO - Started process (PID=837) to work on /opt/airflow/dags/cathcup_and_backfill.py
[2025-12-06T17:16:52.067+0000] {processor.py:830} INFO - Processing file /opt/airflow/dags/cathcup_and_backfill.py for tasks to queue
[2025-12-06T17:16:52.072+0000] {logging_mixin.py:188} INFO - [2025-12-06T17:16:52.072+0000] {dagbag.py:540} INFO - Filling up the DagBag from /opt/airflow/dags/cathcup_and_backfill.py
[2025-12-06T17:16:52.110+0000] {processor.py:840} INFO - DAG(s) 'catch-up_backfill_dag' retrieved from /opt/airflow/dags/cathcup_and_backfill.py
[2025-12-06T17:16:52.161+0000] {logging_mixin.py:188} INFO - [2025-12-06T17:16:52.160+0000] {dag.py:3047} INFO - Sync 1 DAGs
[2025-12-06T17:16:52.214+0000] {logging_mixin.py:188} INFO - [2025-12-06T17:16:52.214+0000] {dag.py:3834} INFO - Setting next_dagrun for catch-up_backfill_dag to 2025-11-30 04:00:00+00:00, run_after=2025-12-31 04:00:00+00:00
[2025-12-06T17:16:52.254+0000] {processor.py:183} INFO - Processing /opt/airflow/dags/cathcup_and_backfill.py took 0.198 seconds
[2025-12-06T17:17:22.326+0000] {processor.py:161} INFO - Started process (PID=862) to work on /opt/airflow/dags/cathcup_and_backfill.py
[2025-12-06T17:17:22.329+0000] {processor.py:830} INFO - Processing file /opt/airflow/dags/cathcup_and_backfill.py for tasks to queue
[2025-12-06T17:17:22.336+0000] {logging_mixin.py:188} INFO - [2025-12-06T17:17:22.335+0000] {dagbag.py:540} INFO - Filling up the DagBag from /opt/airflow/dags/cathcup_and_backfill.py
[2025-12-06T17:17:22.389+0000] {processor.py:840} INFO - DAG(s) 'catch-up_backfill_dag' retrieved from /opt/airflow/dags/cathcup_and_backfill.py
[2025-12-06T17:17:22.467+0000] {logging_mixin.py:188} INFO - [2025-12-06T17:17:22.466+0000] {dag.py:3047} INFO - Sync 1 DAGs
[2025-12-06T17:17:22.510+0000] {logging_mixin.py:188} INFO - [2025-12-06T17:17:22.510+0000] {dag.py:3834} INFO - Setting next_dagrun for catch-up_backfill_dag to 2025-11-30 04:00:00+00:00, run_after=2025-12-31 04:00:00+00:00
[2025-12-06T17:17:22.547+0000] {processor.py:183} INFO - Processing /opt/airflow/dags/cathcup_and_backfill.py took 0.229 seconds
[2025-12-06T17:17:53.417+0000] {processor.py:161} INFO - Started process (PID=888) to work on /opt/airflow/dags/cathcup_and_backfill.py
[2025-12-06T17:17:53.420+0000] {processor.py:830} INFO - Processing file /opt/airflow/dags/cathcup_and_backfill.py for tasks to queue
[2025-12-06T17:17:53.424+0000] {logging_mixin.py:188} INFO - [2025-12-06T17:17:53.423+0000] {dagbag.py:540} INFO - Filling up the DagBag from /opt/airflow/dags/cathcup_and_backfill.py
[2025-12-06T17:17:53.467+0000] {processor.py:840} INFO - DAG(s) 'catch-up_backfill_dag' retrieved from /opt/airflow/dags/cathcup_and_backfill.py
[2025-12-06T17:17:53.510+0000] {logging_mixin.py:188} INFO - [2025-12-06T17:17:53.509+0000] {dag.py:3047} INFO - Sync 1 DAGs
[2025-12-06T17:17:53.551+0000] {logging_mixin.py:188} INFO - [2025-12-06T17:17:53.550+0000] {dag.py:3834} INFO - Setting next_dagrun for catch-up_backfill_dag to 2025-11-30 04:00:00+00:00, run_after=2025-12-31 04:00:00+00:00
[2025-12-06T17:17:53.589+0000] {processor.py:183} INFO - Processing /opt/airflow/dags/cathcup_and_backfill.py took 0.178 seconds
[2025-12-06T17:18:24.163+0000] {processor.py:161} INFO - Started process (PID=914) to work on /opt/airflow/dags/cathcup_and_backfill.py
[2025-12-06T17:18:24.168+0000] {processor.py:830} INFO - Processing file /opt/airflow/dags/cathcup_and_backfill.py for tasks to queue
[2025-12-06T17:18:24.173+0000] {logging_mixin.py:188} INFO - [2025-12-06T17:18:24.172+0000] {dagbag.py:540} INFO - Filling up the DagBag from /opt/airflow/dags/cathcup_and_backfill.py
[2025-12-06T17:18:24.228+0000] {processor.py:840} INFO - DAG(s) 'catch-up_backfill_dag' retrieved from /opt/airflow/dags/cathcup_and_backfill.py
[2025-12-06T17:18:24.274+0000] {logging_mixin.py:188} INFO - [2025-12-06T17:18:24.274+0000] {dag.py:3047} INFO - Sync 1 DAGs
[2025-12-06T17:18:24.312+0000] {logging_mixin.py:188} INFO - [2025-12-06T17:18:24.312+0000] {dag.py:3834} INFO - Setting next_dagrun for catch-up_backfill_dag to 2025-11-30 04:00:00+00:00, run_after=2025-12-31 04:00:00+00:00
[2025-12-06T17:18:24.361+0000] {processor.py:183} INFO - Processing /opt/airflow/dags/cathcup_and_backfill.py took 0.211 seconds
[2025-12-06T17:18:54.626+0000] {processor.py:161} INFO - Started process (PID=939) to work on /opt/airflow/dags/cathcup_and_backfill.py
[2025-12-06T17:18:54.631+0000] {processor.py:830} INFO - Processing file /opt/airflow/dags/cathcup_and_backfill.py for tasks to queue
[2025-12-06T17:18:54.636+0000] {logging_mixin.py:188} INFO - [2025-12-06T17:18:54.635+0000] {dagbag.py:540} INFO - Filling up the DagBag from /opt/airflow/dags/cathcup_and_backfill.py
[2025-12-06T17:18:54.694+0000] {processor.py:840} INFO - DAG(s) 'catch-up_backfill_dag' retrieved from /opt/airflow/dags/cathcup_and_backfill.py
[2025-12-06T17:18:54.740+0000] {logging_mixin.py:188} INFO - [2025-12-06T17:18:54.739+0000] {dag.py:3047} INFO - Sync 1 DAGs
[2025-12-06T17:18:54.781+0000] {logging_mixin.py:188} INFO - [2025-12-06T17:18:54.780+0000] {dag.py:3834} INFO - Setting next_dagrun for catch-up_backfill_dag to 2025-11-30 04:00:00+00:00, run_after=2025-12-31 04:00:00+00:00
[2025-12-06T17:18:54.821+0000] {processor.py:183} INFO - Processing /opt/airflow/dags/cathcup_and_backfill.py took 0.206 seconds
[2025-12-06T17:19:25.298+0000] {processor.py:161} INFO - Started process (PID=971) to work on /opt/airflow/dags/cathcup_and_backfill.py
[2025-12-06T17:19:25.302+0000] {processor.py:830} INFO - Processing file /opt/airflow/dags/cathcup_and_backfill.py for tasks to queue
[2025-12-06T17:19:25.309+0000] {logging_mixin.py:188} INFO - [2025-12-06T17:19:25.308+0000] {dagbag.py:540} INFO - Filling up the DagBag from /opt/airflow/dags/cathcup_and_backfill.py
[2025-12-06T17:19:25.347+0000] {processor.py:840} INFO - DAG(s) 'catch-up_backfill_dag' retrieved from /opt/airflow/dags/cathcup_and_backfill.py
[2025-12-06T17:19:25.407+0000] {logging_mixin.py:188} INFO - [2025-12-06T17:19:25.407+0000] {dag.py:3047} INFO - Sync 1 DAGs
[2025-12-06T17:19:25.460+0000] {logging_mixin.py:188} INFO - [2025-12-06T17:19:25.459+0000] {dag.py:3834} INFO - Setting next_dagrun for catch-up_backfill_dag to 2025-11-30 04:00:00+00:00, run_after=2025-12-31 04:00:00+00:00
[2025-12-06T17:19:25.505+0000] {processor.py:183} INFO - Processing /opt/airflow/dags/cathcup_and_backfill.py took 0.213 seconds
[2025-12-06T17:19:56.242+0000] {processor.py:161} INFO - Started process (PID=997) to work on /opt/airflow/dags/cathcup_and_backfill.py
[2025-12-06T17:19:56.244+0000] {processor.py:830} INFO - Processing file /opt/airflow/dags/cathcup_and_backfill.py for tasks to queue
[2025-12-06T17:19:56.248+0000] {logging_mixin.py:188} INFO - [2025-12-06T17:19:56.247+0000] {dagbag.py:540} INFO - Filling up the DagBag from /opt/airflow/dags/cathcup_and_backfill.py
[2025-12-06T17:19:56.282+0000] {processor.py:840} INFO - DAG(s) 'catch-up_backfill_dag' retrieved from /opt/airflow/dags/cathcup_and_backfill.py
[2025-12-06T17:19:56.330+0000] {logging_mixin.py:188} INFO - [2025-12-06T17:19:56.329+0000] {dag.py:3047} INFO - Sync 1 DAGs
[2025-12-06T17:19:56.382+0000] {logging_mixin.py:188} INFO - [2025-12-06T17:19:56.381+0000] {dag.py:3834} INFO - Setting next_dagrun for catch-up_backfill_dag to 2025-11-30 04:00:00+00:00, run_after=2025-12-31 04:00:00+00:00
[2025-12-06T17:19:56.427+0000] {processor.py:183} INFO - Processing /opt/airflow/dags/cathcup_and_backfill.py took 0.193 seconds
[2025-12-06T17:20:26.823+0000] {processor.py:161} INFO - Started process (PID=1023) to work on /opt/airflow/dags/cathcup_and_backfill.py
[2025-12-06T17:20:26.827+0000] {processor.py:830} INFO - Processing file /opt/airflow/dags/cathcup_and_backfill.py for tasks to queue
[2025-12-06T17:20:26.833+0000] {logging_mixin.py:188} INFO - [2025-12-06T17:20:26.832+0000] {dagbag.py:540} INFO - Filling up the DagBag from /opt/airflow/dags/cathcup_and_backfill.py
[2025-12-06T17:20:26.872+0000] {processor.py:840} INFO - DAG(s) 'catch-up_backfill_dag' retrieved from /opt/airflow/dags/cathcup_and_backfill.py
[2025-12-06T17:20:26.920+0000] {logging_mixin.py:188} INFO - [2025-12-06T17:20:26.920+0000] {dag.py:3047} INFO - Sync 1 DAGs
[2025-12-06T17:20:26.957+0000] {logging_mixin.py:188} INFO - [2025-12-06T17:20:26.956+0000] {dag.py:3834} INFO - Setting next_dagrun for catch-up_backfill_dag to 2025-11-30 04:00:00+00:00, run_after=2025-12-31 04:00:00+00:00
[2025-12-06T17:20:26.989+0000] {processor.py:183} INFO - Processing /opt/airflow/dags/cathcup_and_backfill.py took 0.176 seconds
[2025-12-06T17:20:57.534+0000] {processor.py:161} INFO - Started process (PID=1049) to work on /opt/airflow/dags/cathcup_and_backfill.py
[2025-12-06T17:20:57.536+0000] {processor.py:830} INFO - Processing file /opt/airflow/dags/cathcup_and_backfill.py for tasks to queue
[2025-12-06T17:20:57.539+0000] {logging_mixin.py:188} INFO - [2025-12-06T17:20:57.539+0000] {dagbag.py:540} INFO - Filling up the DagBag from /opt/airflow/dags/cathcup_and_backfill.py
[2025-12-06T17:20:57.583+0000] {processor.py:840} INFO - DAG(s) 'catch-up_backfill_dag' retrieved from /opt/airflow/dags/cathcup_and_backfill.py
[2025-12-06T17:20:57.625+0000] {logging_mixin.py:188} INFO - [2025-12-06T17:20:57.625+0000] {dag.py:3047} INFO - Sync 1 DAGs
[2025-12-06T17:20:57.661+0000] {logging_mixin.py:188} INFO - [2025-12-06T17:20:57.661+0000] {dag.py:3834} INFO - Setting next_dagrun for catch-up_backfill_dag to 2025-11-30 04:00:00+00:00, run_after=2025-12-31 04:00:00+00:00
[2025-12-06T17:20:57.704+0000] {processor.py:183} INFO - Processing /opt/airflow/dags/cathcup_and_backfill.py took 0.176 seconds
[2025-12-06T17:21:28.064+0000] {processor.py:161} INFO - Started process (PID=1075) to work on /opt/airflow/dags/cathcup_and_backfill.py
[2025-12-06T17:21:28.066+0000] {processor.py:830} INFO - Processing file /opt/airflow/dags/cathcup_and_backfill.py for tasks to queue
[2025-12-06T17:21:28.071+0000] {logging_mixin.py:188} INFO - [2025-12-06T17:21:28.071+0000] {dagbag.py:540} INFO - Filling up the DagBag from /opt/airflow/dags/cathcup_and_backfill.py
[2025-12-06T17:21:28.111+0000] {processor.py:840} INFO - DAG(s) 'catch-up_backfill_dag' retrieved from /opt/airflow/dags/cathcup_and_backfill.py
[2025-12-06T17:21:28.158+0000] {logging_mixin.py:188} INFO - [2025-12-06T17:21:28.158+0000] {dag.py:3047} INFO - Sync 1 DAGs
[2025-12-06T17:21:28.195+0000] {logging_mixin.py:188} INFO - [2025-12-06T17:21:28.195+0000] {dag.py:3834} INFO - Setting next_dagrun for catch-up_backfill_dag to 2025-11-30 04:00:00+00:00, run_after=2025-12-31 04:00:00+00:00
[2025-12-06T17:21:28.235+0000] {processor.py:183} INFO - Processing /opt/airflow/dags/cathcup_and_backfill.py took 0.177 seconds
[2025-12-06T17:21:58.465+0000] {processor.py:161} INFO - Started process (PID=1101) to work on /opt/airflow/dags/cathcup_and_backfill.py
[2025-12-06T17:21:58.468+0000] {processor.py:830} INFO - Processing file /opt/airflow/dags/cathcup_and_backfill.py for tasks to queue
[2025-12-06T17:21:58.475+0000] {logging_mixin.py:188} INFO - [2025-12-06T17:21:58.474+0000] {dagbag.py:540} INFO - Filling up the DagBag from /opt/airflow/dags/cathcup_and_backfill.py
[2025-12-06T17:21:58.518+0000] {processor.py:840} INFO - DAG(s) 'catch-up_backfill_dag' retrieved from /opt/airflow/dags/cathcup_and_backfill.py
[2025-12-06T17:21:58.584+0000] {logging_mixin.py:188} INFO - [2025-12-06T17:21:58.583+0000] {dag.py:3047} INFO - Sync 1 DAGs
[2025-12-06T17:21:58.660+0000] {logging_mixin.py:188} INFO - [2025-12-06T17:21:58.660+0000] {dag.py:3834} INFO - Setting next_dagrun for catch-up_backfill_dag to 2025-11-30 04:00:00+00:00, run_after=2025-12-31 04:00:00+00:00
[2025-12-06T17:21:58.706+0000] {processor.py:183} INFO - Processing /opt/airflow/dags/cathcup_and_backfill.py took 0.249 seconds
[2025-12-06T17:22:28.921+0000] {processor.py:161} INFO - Started process (PID=1127) to work on /opt/airflow/dags/cathcup_and_backfill.py
[2025-12-06T17:22:28.924+0000] {processor.py:830} INFO - Processing file /opt/airflow/dags/cathcup_and_backfill.py for tasks to queue
[2025-12-06T17:22:28.930+0000] {logging_mixin.py:188} INFO - [2025-12-06T17:22:28.929+0000] {dagbag.py:540} INFO - Filling up the DagBag from /opt/airflow/dags/cathcup_and_backfill.py
[2025-12-06T17:22:28.971+0000] {processor.py:840} INFO - DAG(s) 'catch-up_backfill_dag' retrieved from /opt/airflow/dags/cathcup_and_backfill.py
[2025-12-06T17:22:29.018+0000] {logging_mixin.py:188} INFO - [2025-12-06T17:22:29.018+0000] {dag.py:3047} INFO - Sync 1 DAGs
[2025-12-06T17:22:29.056+0000] {logging_mixin.py:188} INFO - [2025-12-06T17:22:29.056+0000] {dag.py:3834} INFO - Setting next_dagrun for catch-up_backfill_dag to 2025-11-30 04:00:00+00:00, run_after=2025-12-31 04:00:00+00:00
[2025-12-06T17:22:29.099+0000] {processor.py:183} INFO - Processing /opt/airflow/dags/cathcup_and_backfill.py took 0.186 seconds
[2025-12-06T17:22:59.298+0000] {processor.py:161} INFO - Started process (PID=1154) to work on /opt/airflow/dags/cathcup_and_backfill.py
[2025-12-06T17:22:59.303+0000] {processor.py:830} INFO - Processing file /opt/airflow/dags/cathcup_and_backfill.py for tasks to queue
[2025-12-06T17:22:59.307+0000] {logging_mixin.py:188} INFO - [2025-12-06T17:22:59.306+0000] {dagbag.py:540} INFO - Filling up the DagBag from /opt/airflow/dags/cathcup_and_backfill.py
[2025-12-06T17:22:59.350+0000] {processor.py:840} INFO - DAG(s) 'catch-up_backfill_dag' retrieved from /opt/airflow/dags/cathcup_and_backfill.py
[2025-12-06T17:22:59.402+0000] {logging_mixin.py:188} INFO - [2025-12-06T17:22:59.401+0000] {dag.py:3047} INFO - Sync 1 DAGs
[2025-12-06T17:22:59.453+0000] {logging_mixin.py:188} INFO - [2025-12-06T17:22:59.452+0000] {dag.py:3834} INFO - Setting next_dagrun for catch-up_backfill_dag to 2025-11-30 04:00:00+00:00, run_after=2025-12-31 04:00:00+00:00
[2025-12-06T17:22:59.501+0000] {processor.py:183} INFO - Processing /opt/airflow/dags/cathcup_and_backfill.py took 0.211 seconds
[2025-12-06T17:23:29.651+0000] {processor.py:161} INFO - Started process (PID=1180) to work on /opt/airflow/dags/cathcup_and_backfill.py
[2025-12-06T17:23:29.653+0000] {processor.py:830} INFO - Processing file /opt/airflow/dags/cathcup_and_backfill.py for tasks to queue
[2025-12-06T17:23:29.657+0000] {logging_mixin.py:188} INFO - [2025-12-06T17:23:29.656+0000] {dagbag.py:540} INFO - Filling up the DagBag from /opt/airflow/dags/cathcup_and_backfill.py
[2025-12-06T17:23:29.692+0000] {processor.py:840} INFO - DAG(s) 'catch-up_backfill_dag' retrieved from /opt/airflow/dags/cathcup_and_backfill.py
[2025-12-06T17:23:29.738+0000] {logging_mixin.py:188} INFO - [2025-12-06T17:23:29.737+0000] {dag.py:3047} INFO - Sync 1 DAGs
[2025-12-06T17:23:29.772+0000] {logging_mixin.py:188} INFO - [2025-12-06T17:23:29.772+0000] {dag.py:3834} INFO - Setting next_dagrun for catch-up_backfill_dag to 2025-11-30 04:00:00+00:00, run_after=2025-12-31 04:00:00+00:00
[2025-12-06T17:23:29.818+0000] {processor.py:183} INFO - Processing /opt/airflow/dags/cathcup_and_backfill.py took 0.172 seconds
[2025-12-06T17:24:00.769+0000] {processor.py:161} INFO - Started process (PID=1208) to work on /opt/airflow/dags/cathcup_and_backfill.py
[2025-12-06T17:24:00.770+0000] {processor.py:830} INFO - Processing file /opt/airflow/dags/cathcup_and_backfill.py for tasks to queue
[2025-12-06T17:24:00.774+0000] {logging_mixin.py:188} INFO - [2025-12-06T17:24:00.773+0000] {dagbag.py:540} INFO - Filling up the DagBag from /opt/airflow/dags/cathcup_and_backfill.py
[2025-12-06T17:24:00.835+0000] {processor.py:840} INFO - DAG(s) 'catch-up_backfill_dag' retrieved from /opt/airflow/dags/cathcup_and_backfill.py
[2025-12-06T17:24:00.888+0000] {logging_mixin.py:188} INFO - [2025-12-06T17:24:00.887+0000] {dag.py:3047} INFO - Sync 1 DAGs
[2025-12-06T17:24:00.933+0000] {logging_mixin.py:188} INFO - [2025-12-06T17:24:00.932+0000] {dag.py:3834} INFO - Setting next_dagrun for catch-up_backfill_dag to 2025-11-30 04:00:00+00:00, run_after=2025-12-31 04:00:00+00:00
[2025-12-06T17:24:00.969+0000] {processor.py:183} INFO - Processing /opt/airflow/dags/cathcup_and_backfill.py took 0.207 seconds
[2025-12-06T17:24:31.575+0000] {processor.py:161} INFO - Started process (PID=1235) to work on /opt/airflow/dags/cathcup_and_backfill.py
[2025-12-06T17:24:31.579+0000] {processor.py:830} INFO - Processing file /opt/airflow/dags/cathcup_and_backfill.py for tasks to queue
[2025-12-06T17:24:31.584+0000] {logging_mixin.py:188} INFO - [2025-12-06T17:24:31.583+0000] {dagbag.py:540} INFO - Filling up the DagBag from /opt/airflow/dags/cathcup_and_backfill.py
[2025-12-06T17:24:31.629+0000] {processor.py:840} INFO - DAG(s) 'catch-up_backfill_dag' retrieved from /opt/airflow/dags/cathcup_and_backfill.py
[2025-12-06T17:24:31.690+0000] {logging_mixin.py:188} INFO - [2025-12-06T17:24:31.690+0000] {dag.py:3047} INFO - Sync 1 DAGs
[2025-12-06T17:24:31.769+0000] {logging_mixin.py:188} INFO - [2025-12-06T17:24:31.768+0000] {dag.py:3834} INFO - Setting next_dagrun for catch-up_backfill_dag to 2025-11-30 04:00:00+00:00, run_after=2025-12-31 04:00:00+00:00
[2025-12-06T17:24:31.833+0000] {processor.py:183} INFO - Processing /opt/airflow/dags/cathcup_and_backfill.py took 0.264 seconds
[2025-12-06T17:25:02.503+0000] {processor.py:161} INFO - Started process (PID=1269) to work on /opt/airflow/dags/cathcup_and_backfill.py
[2025-12-06T17:25:02.506+0000] {processor.py:830} INFO - Processing file /opt/airflow/dags/cathcup_and_backfill.py for tasks to queue
[2025-12-06T17:25:02.513+0000] {logging_mixin.py:188} INFO - [2025-12-06T17:25:02.512+0000] {dagbag.py:540} INFO - Filling up the DagBag from /opt/airflow/dags/cathcup_and_backfill.py
[2025-12-06T17:25:02.592+0000] {processor.py:840} INFO - DAG(s) 'catch-up_backfill_dag' retrieved from /opt/airflow/dags/cathcup_and_backfill.py
[2025-12-06T17:25:02.740+0000] {logging_mixin.py:188} INFO - [2025-12-06T17:25:02.737+0000] {dag.py:3047} INFO - Sync 1 DAGs
[2025-12-06T17:25:02.810+0000] {logging_mixin.py:188} INFO - [2025-12-06T17:25:02.809+0000] {dag.py:3834} INFO - Setting next_dagrun for catch-up_backfill_dag to 2025-11-30 04:00:00+00:00, run_after=2025-12-31 04:00:00+00:00
[2025-12-06T17:25:02.890+0000] {processor.py:183} INFO - Processing /opt/airflow/dags/cathcup_and_backfill.py took 0.399 seconds
[2025-12-06T17:25:33.336+0000] {processor.py:161} INFO - Started process (PID=1294) to work on /opt/airflow/dags/cathcup_and_backfill.py
[2025-12-06T17:25:33.338+0000] {processor.py:830} INFO - Processing file /opt/airflow/dags/cathcup_and_backfill.py for tasks to queue
[2025-12-06T17:25:33.343+0000] {logging_mixin.py:188} INFO - [2025-12-06T17:25:33.343+0000] {dagbag.py:540} INFO - Filling up the DagBag from /opt/airflow/dags/cathcup_and_backfill.py
[2025-12-06T17:25:33.406+0000] {processor.py:840} INFO - DAG(s) 'catch-up_backfill_dag' retrieved from /opt/airflow/dags/cathcup_and_backfill.py
[2025-12-06T17:25:33.490+0000] {logging_mixin.py:188} INFO - [2025-12-06T17:25:33.489+0000] {dag.py:3047} INFO - Sync 1 DAGs
[2025-12-06T17:25:33.552+0000] {logging_mixin.py:188} INFO - [2025-12-06T17:25:33.551+0000] {dag.py:3834} INFO - Setting next_dagrun for catch-up_backfill_dag to 2025-11-30 04:00:00+00:00, run_after=2025-12-31 04:00:00+00:00
[2025-12-06T17:25:33.633+0000] {processor.py:183} INFO - Processing /opt/airflow/dags/cathcup_and_backfill.py took 0.305 seconds
[2025-12-06T17:26:03.781+0000] {processor.py:161} INFO - Started process (PID=1319) to work on /opt/airflow/dags/cathcup_and_backfill.py
[2025-12-06T17:26:03.791+0000] {processor.py:830} INFO - Processing file /opt/airflow/dags/cathcup_and_backfill.py for tasks to queue
[2025-12-06T17:26:03.796+0000] {logging_mixin.py:188} INFO - [2025-12-06T17:26:03.795+0000] {dagbag.py:540} INFO - Filling up the DagBag from /opt/airflow/dags/cathcup_and_backfill.py
[2025-12-06T17:26:03.836+0000] {processor.py:840} INFO - DAG(s) 'catch-up_backfill_dag' retrieved from /opt/airflow/dags/cathcup_and_backfill.py
[2025-12-06T17:26:03.896+0000] {logging_mixin.py:188} INFO - [2025-12-06T17:26:03.895+0000] {dag.py:3047} INFO - Sync 1 DAGs
[2025-12-06T17:26:03.947+0000] {logging_mixin.py:188} INFO - [2025-12-06T17:26:03.947+0000] {dag.py:3834} INFO - Setting next_dagrun for catch-up_backfill_dag to 2025-11-30 04:00:00+00:00, run_after=2025-12-31 04:00:00+00:00
[2025-12-06T17:26:03.993+0000] {processor.py:183} INFO - Processing /opt/airflow/dags/cathcup_and_backfill.py took 0.217 seconds
[2025-12-06T17:26:34.573+0000] {processor.py:161} INFO - Started process (PID=1345) to work on /opt/airflow/dags/cathcup_and_backfill.py
[2025-12-06T17:26:34.574+0000] {processor.py:830} INFO - Processing file /opt/airflow/dags/cathcup_and_backfill.py for tasks to queue
[2025-12-06T17:26:34.581+0000] {logging_mixin.py:188} INFO - [2025-12-06T17:26:34.580+0000] {dagbag.py:540} INFO - Filling up the DagBag from /opt/airflow/dags/cathcup_and_backfill.py
[2025-12-06T17:26:34.621+0000] {processor.py:840} INFO - DAG(s) 'catch-up_backfill_dag' retrieved from /opt/airflow/dags/cathcup_and_backfill.py
[2025-12-06T17:26:34.667+0000] {logging_mixin.py:188} INFO - [2025-12-06T17:26:34.666+0000] {dag.py:3047} INFO - Sync 1 DAGs
[2025-12-06T17:26:34.708+0000] {logging_mixin.py:188} INFO - [2025-12-06T17:26:34.708+0000] {dag.py:3834} INFO - Setting next_dagrun for catch-up_backfill_dag to 2025-11-30 04:00:00+00:00, run_after=2025-12-31 04:00:00+00:00
[2025-12-06T17:26:34.744+0000] {processor.py:183} INFO - Processing /opt/airflow/dags/cathcup_and_backfill.py took 0.178 seconds
[2025-12-06T17:27:05.480+0000] {processor.py:161} INFO - Started process (PID=1373) to work on /opt/airflow/dags/cathcup_and_backfill.py
[2025-12-06T17:27:05.483+0000] {processor.py:830} INFO - Processing file /opt/airflow/dags/cathcup_and_backfill.py for tasks to queue
[2025-12-06T17:27:05.487+0000] {logging_mixin.py:188} INFO - [2025-12-06T17:27:05.486+0000] {dagbag.py:540} INFO - Filling up the DagBag from /opt/airflow/dags/cathcup_and_backfill.py
[2025-12-06T17:27:05.536+0000] {processor.py:840} INFO - DAG(s) 'catch-up_backfill_dag' retrieved from /opt/airflow/dags/cathcup_and_backfill.py
[2025-12-06T17:27:05.586+0000] {logging_mixin.py:188} INFO - [2025-12-06T17:27:05.586+0000] {dag.py:3047} INFO - Sync 1 DAGs
[2025-12-06T17:27:05.630+0000] {logging_mixin.py:188} INFO - [2025-12-06T17:27:05.629+0000] {dag.py:3834} INFO - Setting next_dagrun for catch-up_backfill_dag to 2025-11-30 04:00:00+00:00, run_after=2025-12-31 04:00:00+00:00
[2025-12-06T17:27:05.675+0000] {processor.py:183} INFO - Processing /opt/airflow/dags/cathcup_and_backfill.py took 0.202 seconds
[2025-12-06T17:27:36.626+0000] {processor.py:161} INFO - Started process (PID=1399) to work on /opt/airflow/dags/cathcup_and_backfill.py
[2025-12-06T17:27:36.628+0000] {processor.py:830} INFO - Processing file /opt/airflow/dags/cathcup_and_backfill.py for tasks to queue
[2025-12-06T17:27:36.633+0000] {logging_mixin.py:188} INFO - [2025-12-06T17:27:36.632+0000] {dagbag.py:540} INFO - Filling up the DagBag from /opt/airflow/dags/cathcup_and_backfill.py
[2025-12-06T17:27:36.674+0000] {processor.py:840} INFO - DAG(s) 'catch-up_backfill_dag' retrieved from /opt/airflow/dags/cathcup_and_backfill.py
[2025-12-06T17:27:36.717+0000] {logging_mixin.py:188} INFO - [2025-12-06T17:27:36.717+0000] {dag.py:3047} INFO - Sync 1 DAGs
[2025-12-06T17:27:36.754+0000] {logging_mixin.py:188} INFO - [2025-12-06T17:27:36.754+0000] {dag.py:3834} INFO - Setting next_dagrun for catch-up_backfill_dag to 2025-11-30 04:00:00+00:00, run_after=2025-12-31 04:00:00+00:00
[2025-12-06T17:27:36.795+0000] {processor.py:183} INFO - Processing /opt/airflow/dags/cathcup_and_backfill.py took 0.176 seconds
[2025-12-06T17:28:06.980+0000] {processor.py:161} INFO - Started process (PID=1425) to work on /opt/airflow/dags/cathcup_and_backfill.py
[2025-12-06T17:28:06.984+0000] {processor.py:830} INFO - Processing file /opt/airflow/dags/cathcup_and_backfill.py for tasks to queue
[2025-12-06T17:28:06.989+0000] {logging_mixin.py:188} INFO - [2025-12-06T17:28:06.988+0000] {dagbag.py:540} INFO - Filling up the DagBag from /opt/airflow/dags/cathcup_and_backfill.py
[2025-12-06T17:28:07.046+0000] {processor.py:840} INFO - DAG(s) 'catch-up_backfill_dag' retrieved from /opt/airflow/dags/cathcup_and_backfill.py
[2025-12-06T17:28:07.099+0000] {logging_mixin.py:188} INFO - [2025-12-06T17:28:07.098+0000] {dag.py:3047} INFO - Sync 1 DAGs
[2025-12-06T17:28:07.144+0000] {logging_mixin.py:188} INFO - [2025-12-06T17:28:07.144+0000] {dag.py:3834} INFO - Setting next_dagrun for catch-up_backfill_dag to 2025-11-30 04:00:00+00:00, run_after=2025-12-31 04:00:00+00:00
[2025-12-06T17:28:07.183+0000] {processor.py:183} INFO - Processing /opt/airflow/dags/cathcup_and_backfill.py took 0.211 seconds
[2025-12-06T17:28:37.440+0000] {processor.py:161} INFO - Started process (PID=1450) to work on /opt/airflow/dags/cathcup_and_backfill.py
[2025-12-06T17:28:37.443+0000] {processor.py:830} INFO - Processing file /opt/airflow/dags/cathcup_and_backfill.py for tasks to queue
[2025-12-06T17:28:37.447+0000] {logging_mixin.py:188} INFO - [2025-12-06T17:28:37.446+0000] {dagbag.py:540} INFO - Filling up the DagBag from /opt/airflow/dags/cathcup_and_backfill.py
[2025-12-06T17:28:37.530+0000] {processor.py:840} INFO - DAG(s) 'catch-up_backfill_dag' retrieved from /opt/airflow/dags/cathcup_and_backfill.py
[2025-12-06T17:28:37.587+0000] {logging_mixin.py:188} INFO - [2025-12-06T17:28:37.586+0000] {dag.py:3047} INFO - Sync 1 DAGs
[2025-12-06T17:28:37.628+0000] {logging_mixin.py:188} INFO - [2025-12-06T17:28:37.627+0000] {dag.py:3834} INFO - Setting next_dagrun for catch-up_backfill_dag to 2025-11-30 04:00:00+00:00, run_after=2025-12-31 04:00:00+00:00
[2025-12-06T17:28:37.667+0000] {processor.py:183} INFO - Processing /opt/airflow/dags/cathcup_and_backfill.py took 0.241 seconds
[2025-12-06T17:29:07.826+0000] {processor.py:161} INFO - Started process (PID=1476) to work on /opt/airflow/dags/cathcup_and_backfill.py
[2025-12-06T17:29:07.829+0000] {processor.py:830} INFO - Processing file /opt/airflow/dags/cathcup_and_backfill.py for tasks to queue
[2025-12-06T17:29:07.834+0000] {logging_mixin.py:188} INFO - [2025-12-06T17:29:07.833+0000] {dagbag.py:540} INFO - Filling up the DagBag from /opt/airflow/dags/cathcup_and_backfill.py
[2025-12-06T17:29:07.884+0000] {processor.py:840} INFO - DAG(s) 'catch-up_backfill_dag' retrieved from /opt/airflow/dags/cathcup_and_backfill.py
[2025-12-06T17:29:07.959+0000] {logging_mixin.py:188} INFO - [2025-12-06T17:29:07.959+0000] {dag.py:3047} INFO - Sync 1 DAGs
[2025-12-06T17:29:08.024+0000] {logging_mixin.py:188} INFO - [2025-12-06T17:29:08.023+0000] {dag.py:3834} INFO - Setting next_dagrun for catch-up_backfill_dag to 2025-11-30 04:00:00+00:00, run_after=2025-12-31 04:00:00+00:00
[2025-12-06T17:29:08.094+0000] {processor.py:183} INFO - Processing /opt/airflow/dags/cathcup_and_backfill.py took 0.280 seconds
[2025-12-06T17:29:38.680+0000] {processor.py:161} INFO - Started process (PID=1502) to work on /opt/airflow/dags/cathcup_and_backfill.py
[2025-12-06T17:29:38.694+0000] {processor.py:830} INFO - Processing file /opt/airflow/dags/cathcup_and_backfill.py for tasks to queue
[2025-12-06T17:29:38.700+0000] {logging_mixin.py:188} INFO - [2025-12-06T17:29:38.699+0000] {dagbag.py:540} INFO - Filling up the DagBag from /opt/airflow/dags/cathcup_and_backfill.py
[2025-12-06T17:29:38.755+0000] {processor.py:840} INFO - DAG(s) 'catch-up_backfill_dag' retrieved from /opt/airflow/dags/cathcup_and_backfill.py
[2025-12-06T17:29:38.851+0000] {logging_mixin.py:188} INFO - [2025-12-06T17:29:38.850+0000] {dag.py:3047} INFO - Sync 1 DAGs
[2025-12-06T17:29:38.943+0000] {logging_mixin.py:188} INFO - [2025-12-06T17:29:38.942+0000] {dag.py:3834} INFO - Setting next_dagrun for catch-up_backfill_dag to 2025-11-30 04:00:00+00:00, run_after=2025-12-31 04:00:00+00:00
[2025-12-06T17:29:38.997+0000] {processor.py:183} INFO - Processing /opt/airflow/dags/cathcup_and_backfill.py took 0.331 seconds
[2025-12-06T17:30:09.278+0000] {processor.py:161} INFO - Started process (PID=1529) to work on /opt/airflow/dags/cathcup_and_backfill.py
[2025-12-06T17:30:09.280+0000] {processor.py:830} INFO - Processing file /opt/airflow/dags/cathcup_and_backfill.py for tasks to queue
[2025-12-06T17:30:09.287+0000] {logging_mixin.py:188} INFO - [2025-12-06T17:30:09.284+0000] {dagbag.py:540} INFO - Filling up the DagBag from /opt/airflow/dags/cathcup_and_backfill.py
[2025-12-06T17:30:09.334+0000] {processor.py:840} INFO - DAG(s) 'catch-up_backfill_dag' retrieved from /opt/airflow/dags/cathcup_and_backfill.py
[2025-12-06T17:30:09.394+0000] {logging_mixin.py:188} INFO - [2025-12-06T17:30:09.393+0000] {dag.py:3047} INFO - Sync 1 DAGs
[2025-12-06T17:30:09.441+0000] {logging_mixin.py:188} INFO - [2025-12-06T17:30:09.441+0000] {dag.py:3834} INFO - Setting next_dagrun for catch-up_backfill_dag to 2025-11-30 04:00:00+00:00, run_after=2025-12-31 04:00:00+00:00
[2025-12-06T17:30:09.487+0000] {processor.py:183} INFO - Processing /opt/airflow/dags/cathcup_and_backfill.py took 0.218 seconds
[2025-12-06T17:30:39.744+0000] {processor.py:161} INFO - Started process (PID=1553) to work on /opt/airflow/dags/cathcup_and_backfill.py
[2025-12-06T17:30:39.747+0000] {processor.py:830} INFO - Processing file /opt/airflow/dags/cathcup_and_backfill.py for tasks to queue
[2025-12-06T17:30:39.753+0000] {logging_mixin.py:188} INFO - [2025-12-06T17:30:39.752+0000] {dagbag.py:540} INFO - Filling up the DagBag from /opt/airflow/dags/cathcup_and_backfill.py
[2025-12-06T17:30:39.860+0000] {processor.py:840} INFO - DAG(s) 'catch-up_backfill_dag' retrieved from /opt/airflow/dags/cathcup_and_backfill.py
[2025-12-06T17:30:40.005+0000] {logging_mixin.py:188} INFO - [2025-12-06T17:30:40.005+0000] {dag.py:3047} INFO - Sync 1 DAGs
[2025-12-06T17:30:40.245+0000] {logging_mixin.py:188} INFO - [2025-12-06T17:30:40.244+0000] {dag.py:3834} INFO - Setting next_dagrun for catch-up_backfill_dag to 2025-11-30 04:00:00+00:00, run_after=2025-12-31 04:00:00+00:00
[2025-12-06T17:30:40.545+0000] {processor.py:183} INFO - Processing /opt/airflow/dags/cathcup_and_backfill.py took 0.814 seconds
[2025-12-06T17:31:11.265+0000] {processor.py:161} INFO - Started process (PID=1580) to work on /opt/airflow/dags/cathcup_and_backfill.py
[2025-12-06T17:31:11.267+0000] {processor.py:830} INFO - Processing file /opt/airflow/dags/cathcup_and_backfill.py for tasks to queue
[2025-12-06T17:31:11.270+0000] {logging_mixin.py:188} INFO - [2025-12-06T17:31:11.270+0000] {dagbag.py:540} INFO - Filling up the DagBag from /opt/airflow/dags/cathcup_and_backfill.py
[2025-12-06T17:31:11.310+0000] {processor.py:840} INFO - DAG(s) 'catch-up_backfill_dag' retrieved from /opt/airflow/dags/cathcup_and_backfill.py
[2025-12-06T17:31:11.356+0000] {logging_mixin.py:188} INFO - [2025-12-06T17:31:11.356+0000] {dag.py:3047} INFO - Sync 1 DAGs
[2025-12-06T17:31:11.395+0000] {logging_mixin.py:188} INFO - [2025-12-06T17:31:11.395+0000] {dag.py:3834} INFO - Setting next_dagrun for catch-up_backfill_dag to 2025-11-30 04:00:00+00:00, run_after=2025-12-31 04:00:00+00:00
[2025-12-06T17:31:11.435+0000] {processor.py:183} INFO - Processing /opt/airflow/dags/cathcup_and_backfill.py took 0.179 seconds
[2025-12-06T17:31:42.602+0000] {processor.py:161} INFO - Started process (PID=1605) to work on /opt/airflow/dags/cathcup_and_backfill.py
[2025-12-06T17:31:42.635+0000] {processor.py:830} INFO - Processing file /opt/airflow/dags/cathcup_and_backfill.py for tasks to queue
[2025-12-06T17:31:42.645+0000] {logging_mixin.py:188} INFO - [2025-12-06T17:31:42.644+0000] {dagbag.py:540} INFO - Filling up the DagBag from /opt/airflow/dags/cathcup_and_backfill.py
[2025-12-06T17:31:44.101+0000] {processor.py:840} INFO - DAG(s) 'catch-up_backfill_dag' retrieved from /opt/airflow/dags/cathcup_and_backfill.py
[2025-12-06T17:31:44.460+0000] {logging_mixin.py:188} INFO - [2025-12-06T17:31:44.460+0000] {dag.py:3047} INFO - Sync 1 DAGs
[2025-12-06T17:31:44.819+0000] {logging_mixin.py:188} INFO - [2025-12-06T17:31:44.819+0000] {dag.py:3834} INFO - Setting next_dagrun for catch-up_backfill_dag to 2025-11-30 04:00:00+00:00, run_after=2025-12-31 04:00:00+00:00
[2025-12-06T17:31:44.999+0000] {processor.py:183} INFO - Processing /opt/airflow/dags/cathcup_and_backfill.py took 2.444 seconds
[2025-12-06T17:32:16.245+0000] {processor.py:161} INFO - Started process (PID=1631) to work on /opt/airflow/dags/cathcup_and_backfill.py
[2025-12-06T17:32:16.248+0000] {processor.py:830} INFO - Processing file /opt/airflow/dags/cathcup_and_backfill.py for tasks to queue
[2025-12-06T17:32:16.253+0000] {logging_mixin.py:188} INFO - [2025-12-06T17:32:16.252+0000] {dagbag.py:540} INFO - Filling up the DagBag from /opt/airflow/dags/cathcup_and_backfill.py
[2025-12-06T17:32:16.294+0000] {processor.py:840} INFO - DAG(s) 'catch-up_backfill_dag' retrieved from /opt/airflow/dags/cathcup_and_backfill.py
[2025-12-06T17:32:16.359+0000] {logging_mixin.py:188} INFO - [2025-12-06T17:32:16.358+0000] {dag.py:3047} INFO - Sync 1 DAGs
[2025-12-06T17:32:16.408+0000] {logging_mixin.py:188} INFO - [2025-12-06T17:32:16.408+0000] {dag.py:3834} INFO - Setting next_dagrun for catch-up_backfill_dag to 2025-11-30 04:00:00+00:00, run_after=2025-12-31 04:00:00+00:00
[2025-12-06T17:32:16.448+0000] {processor.py:183} INFO - Processing /opt/airflow/dags/cathcup_and_backfill.py took 0.209 seconds
[2025-12-06T17:32:46.838+0000] {processor.py:161} INFO - Started process (PID=1657) to work on /opt/airflow/dags/cathcup_and_backfill.py
[2025-12-06T17:32:46.841+0000] {processor.py:830} INFO - Processing file /opt/airflow/dags/cathcup_and_backfill.py for tasks to queue
[2025-12-06T17:32:46.847+0000] {logging_mixin.py:188} INFO - [2025-12-06T17:32:46.846+0000] {dagbag.py:540} INFO - Filling up the DagBag from /opt/airflow/dags/cathcup_and_backfill.py
[2025-12-06T17:32:46.905+0000] {processor.py:840} INFO - DAG(s) 'catch-up_backfill_dag' retrieved from /opt/airflow/dags/cathcup_and_backfill.py
[2025-12-06T17:32:46.961+0000] {logging_mixin.py:188} INFO - [2025-12-06T17:32:46.961+0000] {dag.py:3047} INFO - Sync 1 DAGs
[2025-12-06T17:32:47.023+0000] {logging_mixin.py:188} INFO - [2025-12-06T17:32:47.022+0000] {dag.py:3834} INFO - Setting next_dagrun for catch-up_backfill_dag to 2025-11-30 04:00:00+00:00, run_after=2025-12-31 04:00:00+00:00
[2025-12-06T17:32:47.061+0000] {processor.py:183} INFO - Processing /opt/airflow/dags/cathcup_and_backfill.py took 0.234 seconds
