[2025-12-06T16:55:33.246+0000] {processor.py:161} INFO - Started process (PID=99) to work on /opt/airflow/dags/dag2.py
[2025-12-06T16:55:33.265+0000] {processor.py:830} INFO - Processing file /opt/airflow/dags/dag2.py for tasks to queue
[2025-12-06T16:55:33.274+0000] {logging_mixin.py:188} INFO - [2025-12-06T16:55:33.272+0000] {dagbag.py:540} INFO - Filling up the DagBag from /opt/airflow/dags/dag2.py
[2025-12-06T16:55:33.438+0000] {processor.py:840} INFO - DAG(s) 'dag2' retrieved from /opt/airflow/dags/dag2.py
[2025-12-06T16:55:35.965+0000] {logging_mixin.py:188} INFO - [2025-12-06T16:55:35.950+0000] {dag.py:3047} INFO - Sync 1 DAGs
[2025-12-06T16:55:36.369+0000] {logging_mixin.py:188} INFO - [2025-12-06T16:55:36.369+0000] {dag.py:3834} INFO - Setting next_dagrun for dag2 to 2025-11-29 00:00:00+00:00, run_after=2025-11-30 00:00:00+00:00
[2025-12-06T16:55:36.777+0000] {processor.py:183} INFO - Processing /opt/airflow/dags/dag2.py took 3.620 seconds
[2025-12-06T16:56:09.704+0000] {processor.py:161} INFO - Started process (PID=127) to work on /opt/airflow/dags/dag2.py
[2025-12-06T16:56:09.729+0000] {processor.py:830} INFO - Processing file /opt/airflow/dags/dag2.py for tasks to queue
[2025-12-06T16:56:09.784+0000] {logging_mixin.py:188} INFO - [2025-12-06T16:56:09.774+0000] {dagbag.py:540} INFO - Filling up the DagBag from /opt/airflow/dags/dag2.py
[2025-12-06T16:56:10.513+0000] {processor.py:840} INFO - DAG(s) 'dag2' retrieved from /opt/airflow/dags/dag2.py
[2025-12-06T16:56:11.168+0000] {logging_mixin.py:188} INFO - [2025-12-06T16:56:11.153+0000] {dag.py:3047} INFO - Sync 1 DAGs
[2025-12-06T16:56:12.192+0000] {logging_mixin.py:188} INFO - [2025-12-06T16:56:12.192+0000] {dag.py:3834} INFO - Setting next_dagrun for dag2 to 2025-11-29 00:00:00+00:00, run_after=2025-11-30 00:00:00+00:00
[2025-12-06T16:56:12.567+0000] {processor.py:183} INFO - Processing /opt/airflow/dags/dag2.py took 2.980 seconds
[2025-12-06T16:56:48.682+0000] {processor.py:161} INFO - Started process (PID=151) to work on /opt/airflow/dags/dag2.py
[2025-12-06T16:56:48.720+0000] {processor.py:830} INFO - Processing file /opt/airflow/dags/dag2.py for tasks to queue
[2025-12-06T16:56:48.872+0000] {logging_mixin.py:188} INFO - [2025-12-06T16:56:48.871+0000] {dagbag.py:540} INFO - Filling up the DagBag from /opt/airflow/dags/dag2.py
[2025-12-06T16:56:52.392+0000] {processor.py:840} INFO - DAG(s) 'dag2' retrieved from /opt/airflow/dags/dag2.py
[2025-12-06T16:56:55.019+0000] {logging_mixin.py:188} INFO - [2025-12-06T16:56:55.016+0000] {dag.py:3047} INFO - Sync 1 DAGs
[2025-12-06T16:56:56.744+0000] {logging_mixin.py:188} INFO - [2025-12-06T16:56:56.716+0000] {dag.py:3834} INFO - Setting next_dagrun for dag2 to 2025-11-29 00:00:00+00:00, run_after=2025-11-30 00:00:00+00:00
[2025-12-06T16:56:57.800+0000] {processor.py:183} INFO - Processing /opt/airflow/dags/dag2.py took 9.539 seconds
[2025-12-06T17:01:51.301+0000] {processor.py:161} INFO - Started process (PID=74) to work on /opt/airflow/dags/dag2.py
[2025-12-06T17:01:51.304+0000] {processor.py:830} INFO - Processing file /opt/airflow/dags/dag2.py for tasks to queue
[2025-12-06T17:01:51.308+0000] {logging_mixin.py:188} INFO - [2025-12-06T17:01:51.307+0000] {dagbag.py:540} INFO - Filling up the DagBag from /opt/airflow/dags/dag2.py
[2025-12-06T17:01:51.334+0000] {processor.py:840} INFO - DAG(s) 'dag2' retrieved from /opt/airflow/dags/dag2.py
[2025-12-06T17:01:51.506+0000] {logging_mixin.py:188} INFO - [2025-12-06T17:01:51.505+0000] {dag.py:3047} INFO - Sync 1 DAGs
[2025-12-06T17:01:51.532+0000] {logging_mixin.py:188} INFO - [2025-12-06T17:01:51.532+0000] {dag.py:3834} INFO - Setting next_dagrun for dag2 to 2025-11-29 00:00:00+00:00, run_after=2025-11-30 00:00:00+00:00
[2025-12-06T17:01:53.129+0000] {processor.py:183} INFO - Processing /opt/airflow/dags/dag2.py took 1.834 seconds
[2025-12-06T17:02:23.760+0000] {processor.py:161} INFO - Started process (PID=99) to work on /opt/airflow/dags/dag2.py
[2025-12-06T17:02:23.766+0000] {processor.py:830} INFO - Processing file /opt/airflow/dags/dag2.py for tasks to queue
[2025-12-06T17:02:23.770+0000] {logging_mixin.py:188} INFO - [2025-12-06T17:02:23.769+0000] {dagbag.py:540} INFO - Filling up the DagBag from /opt/airflow/dags/dag2.py
[2025-12-06T17:02:23.829+0000] {processor.py:840} INFO - DAG(s) 'dag2' retrieved from /opt/airflow/dags/dag2.py
[2025-12-06T17:02:23.924+0000] {logging_mixin.py:188} INFO - [2025-12-06T17:02:23.923+0000] {dag.py:3047} INFO - Sync 1 DAGs
[2025-12-06T17:02:24.013+0000] {logging_mixin.py:188} INFO - [2025-12-06T17:02:24.013+0000] {dag.py:3834} INFO - Setting next_dagrun for dag2 to 2025-11-29 00:00:00+00:00, run_after=2025-11-30 00:00:00+00:00
[2025-12-06T17:02:24.248+0000] {processor.py:183} INFO - Processing /opt/airflow/dags/dag2.py took 0.494 seconds
[2025-12-06T17:02:55.548+0000] {processor.py:161} INFO - Started process (PID=133) to work on /opt/airflow/dags/dag2.py
[2025-12-06T17:02:55.558+0000] {processor.py:830} INFO - Processing file /opt/airflow/dags/dag2.py for tasks to queue
[2025-12-06T17:02:55.580+0000] {logging_mixin.py:188} INFO - [2025-12-06T17:02:55.574+0000] {dagbag.py:540} INFO - Filling up the DagBag from /opt/airflow/dags/dag2.py
[2025-12-06T17:02:55.753+0000] {processor.py:840} INFO - DAG(s) 'dag2' retrieved from /opt/airflow/dags/dag2.py
[2025-12-06T17:02:56.017+0000] {logging_mixin.py:188} INFO - [2025-12-06T17:02:56.016+0000] {dag.py:3047} INFO - Sync 1 DAGs
[2025-12-06T17:02:56.359+0000] {logging_mixin.py:188} INFO - [2025-12-06T17:02:56.359+0000] {dag.py:3834} INFO - Setting next_dagrun for dag2 to 2025-12-05 00:00:00+00:00, run_after=2025-12-06 00:00:00+00:00
[2025-12-06T17:02:56.571+0000] {processor.py:183} INFO - Processing /opt/airflow/dags/dag2.py took 1.045 seconds
[2025-12-06T17:03:27.334+0000] {processor.py:161} INFO - Started process (PID=159) to work on /opt/airflow/dags/dag2.py
[2025-12-06T17:03:27.342+0000] {processor.py:830} INFO - Processing file /opt/airflow/dags/dag2.py for tasks to queue
[2025-12-06T17:03:27.345+0000] {logging_mixin.py:188} INFO - [2025-12-06T17:03:27.345+0000] {dagbag.py:540} INFO - Filling up the DagBag from /opt/airflow/dags/dag2.py
[2025-12-06T17:03:27.424+0000] {processor.py:840} INFO - DAG(s) 'dag2' retrieved from /opt/airflow/dags/dag2.py
[2025-12-06T17:03:27.515+0000] {logging_mixin.py:188} INFO - [2025-12-06T17:03:27.515+0000] {dag.py:3047} INFO - Sync 1 DAGs
[2025-12-06T17:03:27.583+0000] {logging_mixin.py:188} INFO - [2025-12-06T17:03:27.583+0000] {dag.py:3834} INFO - Setting next_dagrun for dag2 to 2025-12-06 00:00:00+00:00, run_after=2025-12-07 00:00:00+00:00
[2025-12-06T17:03:27.633+0000] {processor.py:183} INFO - Processing /opt/airflow/dags/dag2.py took 0.308 seconds
[2025-12-06T17:03:58.787+0000] {processor.py:161} INFO - Started process (PID=185) to work on /opt/airflow/dags/dag2.py
[2025-12-06T17:03:58.790+0000] {processor.py:830} INFO - Processing file /opt/airflow/dags/dag2.py for tasks to queue
[2025-12-06T17:03:58.793+0000] {logging_mixin.py:188} INFO - [2025-12-06T17:03:58.793+0000] {dagbag.py:540} INFO - Filling up the DagBag from /opt/airflow/dags/dag2.py
[2025-12-06T17:03:58.831+0000] {processor.py:840} INFO - DAG(s) 'dag2' retrieved from /opt/airflow/dags/dag2.py
[2025-12-06T17:03:58.914+0000] {logging_mixin.py:188} INFO - [2025-12-06T17:03:58.914+0000] {dag.py:3047} INFO - Sync 1 DAGs
[2025-12-06T17:03:59.046+0000] {logging_mixin.py:188} INFO - [2025-12-06T17:03:59.045+0000] {dag.py:3834} INFO - Setting next_dagrun for dag2 to 2025-12-06 00:00:00+00:00, run_after=2025-12-07 00:00:00+00:00
[2025-12-06T17:03:59.128+0000] {processor.py:183} INFO - Processing /opt/airflow/dags/dag2.py took 0.353 seconds
[2025-12-06T17:04:29.296+0000] {processor.py:161} INFO - Started process (PID=211) to work on /opt/airflow/dags/dag2.py
[2025-12-06T17:04:29.298+0000] {processor.py:830} INFO - Processing file /opt/airflow/dags/dag2.py for tasks to queue
[2025-12-06T17:04:29.301+0000] {logging_mixin.py:188} INFO - [2025-12-06T17:04:29.301+0000] {dagbag.py:540} INFO - Filling up the DagBag from /opt/airflow/dags/dag2.py
[2025-12-06T17:04:29.333+0000] {processor.py:840} INFO - DAG(s) 'dag2' retrieved from /opt/airflow/dags/dag2.py
[2025-12-06T17:04:29.415+0000] {logging_mixin.py:188} INFO - [2025-12-06T17:04:29.415+0000] {dag.py:3047} INFO - Sync 1 DAGs
[2025-12-06T17:04:29.465+0000] {logging_mixin.py:188} INFO - [2025-12-06T17:04:29.464+0000] {dag.py:3834} INFO - Setting next_dagrun for dag2 to 2025-12-06 00:00:00+00:00, run_after=2025-12-07 00:00:00+00:00
[2025-12-06T17:04:29.553+0000] {processor.py:183} INFO - Processing /opt/airflow/dags/dag2.py took 0.263 seconds
[2025-12-06T17:04:59.713+0000] {processor.py:161} INFO - Started process (PID=235) to work on /opt/airflow/dags/dag2.py
[2025-12-06T17:04:59.716+0000] {processor.py:830} INFO - Processing file /opt/airflow/dags/dag2.py for tasks to queue
[2025-12-06T17:04:59.720+0000] {logging_mixin.py:188} INFO - [2025-12-06T17:04:59.719+0000] {dagbag.py:540} INFO - Filling up the DagBag from /opt/airflow/dags/dag2.py
[2025-12-06T17:04:59.749+0000] {processor.py:840} INFO - DAG(s) 'dag2' retrieved from /opt/airflow/dags/dag2.py
[2025-12-06T17:04:59.783+0000] {logging_mixin.py:188} INFO - [2025-12-06T17:04:59.783+0000] {dag.py:3047} INFO - Sync 1 DAGs
[2025-12-06T17:04:59.814+0000] {logging_mixin.py:188} INFO - [2025-12-06T17:04:59.813+0000] {dag.py:3834} INFO - Setting next_dagrun for dag2 to 2025-12-06 00:00:00+00:00, run_after=2025-12-07 00:00:00+00:00
[2025-12-06T17:04:59.846+0000] {processor.py:183} INFO - Processing /opt/airflow/dags/dag2.py took 0.139 seconds
[2025-12-06T17:05:31.471+0000] {processor.py:161} INFO - Started process (PID=266) to work on /opt/airflow/dags/dag2.py
[2025-12-06T17:05:31.475+0000] {processor.py:830} INFO - Processing file /opt/airflow/dags/dag2.py for tasks to queue
[2025-12-06T17:05:31.488+0000] {logging_mixin.py:188} INFO - [2025-12-06T17:05:31.487+0000] {dagbag.py:540} INFO - Filling up the DagBag from /opt/airflow/dags/dag2.py
[2025-12-06T17:05:31.550+0000] {processor.py:840} INFO - DAG(s) 'dag2' retrieved from /opt/airflow/dags/dag2.py
[2025-12-06T17:05:31.641+0000] {logging_mixin.py:188} INFO - [2025-12-06T17:05:31.641+0000] {dag.py:3047} INFO - Sync 1 DAGs
[2025-12-06T17:05:31.748+0000] {logging_mixin.py:188} INFO - [2025-12-06T17:05:31.747+0000] {dag.py:3834} INFO - Setting next_dagrun for dag2 to 2025-12-06 00:00:00+00:00, run_after=2025-12-07 00:00:00+00:00
[2025-12-06T17:05:31.801+0000] {processor.py:183} INFO - Processing /opt/airflow/dags/dag2.py took 0.344 seconds
[2025-12-06T17:06:02.025+0000] {processor.py:161} INFO - Started process (PID=292) to work on /opt/airflow/dags/dag2.py
[2025-12-06T17:06:02.027+0000] {processor.py:830} INFO - Processing file /opt/airflow/dags/dag2.py for tasks to queue
[2025-12-06T17:06:02.037+0000] {logging_mixin.py:188} INFO - [2025-12-06T17:06:02.035+0000] {dagbag.py:540} INFO - Filling up the DagBag from /opt/airflow/dags/dag2.py
[2025-12-06T17:06:02.085+0000] {processor.py:840} INFO - DAG(s) 'dag2' retrieved from /opt/airflow/dags/dag2.py
[2025-12-06T17:06:02.164+0000] {logging_mixin.py:188} INFO - [2025-12-06T17:06:02.163+0000] {dag.py:3047} INFO - Sync 1 DAGs
[2025-12-06T17:06:02.246+0000] {logging_mixin.py:188} INFO - [2025-12-06T17:06:02.245+0000] {dag.py:3834} INFO - Setting next_dagrun for dag2 to 2025-12-06 00:00:00+00:00, run_after=2025-12-07 00:00:00+00:00
[2025-12-06T17:06:02.374+0000] {processor.py:183} INFO - Processing /opt/airflow/dags/dag2.py took 0.359 seconds
[2025-12-06T17:06:32.582+0000] {processor.py:161} INFO - Started process (PID=318) to work on /opt/airflow/dags/dag2.py
[2025-12-06T17:06:32.592+0000] {processor.py:830} INFO - Processing file /opt/airflow/dags/dag2.py for tasks to queue
[2025-12-06T17:06:32.597+0000] {logging_mixin.py:188} INFO - [2025-12-06T17:06:32.596+0000] {dagbag.py:540} INFO - Filling up the DagBag from /opt/airflow/dags/dag2.py
[2025-12-06T17:06:32.653+0000] {processor.py:840} INFO - DAG(s) 'dag2' retrieved from /opt/airflow/dags/dag2.py
[2025-12-06T17:06:32.715+0000] {logging_mixin.py:188} INFO - [2025-12-06T17:06:32.714+0000] {dag.py:3047} INFO - Sync 1 DAGs
[2025-12-06T17:06:32.787+0000] {logging_mixin.py:188} INFO - [2025-12-06T17:06:32.785+0000] {dag.py:3834} INFO - Setting next_dagrun for dag2 to 2025-12-06 00:00:00+00:00, run_after=2025-12-07 00:00:00+00:00
[2025-12-06T17:06:32.846+0000] {processor.py:183} INFO - Processing /opt/airflow/dags/dag2.py took 0.275 seconds
[2025-12-06T17:07:03.614+0000] {processor.py:161} INFO - Started process (PID=344) to work on /opt/airflow/dags/dag2.py
[2025-12-06T17:07:03.620+0000] {processor.py:830} INFO - Processing file /opt/airflow/dags/dag2.py for tasks to queue
[2025-12-06T17:07:03.624+0000] {logging_mixin.py:188} INFO - [2025-12-06T17:07:03.623+0000] {dagbag.py:540} INFO - Filling up the DagBag from /opt/airflow/dags/dag2.py
[2025-12-06T17:07:03.677+0000] {processor.py:840} INFO - DAG(s) 'dag2' retrieved from /opt/airflow/dags/dag2.py
[2025-12-06T17:07:03.743+0000] {logging_mixin.py:188} INFO - [2025-12-06T17:07:03.742+0000] {dag.py:3047} INFO - Sync 1 DAGs
[2025-12-06T17:07:03.775+0000] {logging_mixin.py:188} INFO - [2025-12-06T17:07:03.774+0000] {dag.py:3834} INFO - Setting next_dagrun for dag2 to 2025-12-06 00:00:00+00:00, run_after=2025-12-07 00:00:00+00:00
[2025-12-06T17:07:03.812+0000] {processor.py:183} INFO - Processing /opt/airflow/dags/dag2.py took 0.206 seconds
[2025-12-06T17:07:34.628+0000] {processor.py:161} INFO - Started process (PID=370) to work on /opt/airflow/dags/dag2.py
[2025-12-06T17:07:34.636+0000] {processor.py:830} INFO - Processing file /opt/airflow/dags/dag2.py for tasks to queue
[2025-12-06T17:07:34.642+0000] {logging_mixin.py:188} INFO - [2025-12-06T17:07:34.642+0000] {dagbag.py:540} INFO - Filling up the DagBag from /opt/airflow/dags/dag2.py
[2025-12-06T17:07:34.686+0000] {processor.py:840} INFO - DAG(s) 'dag2' retrieved from /opt/airflow/dags/dag2.py
[2025-12-06T17:07:34.736+0000] {logging_mixin.py:188} INFO - [2025-12-06T17:07:34.735+0000] {dag.py:3047} INFO - Sync 1 DAGs
[2025-12-06T17:07:34.776+0000] {logging_mixin.py:188} INFO - [2025-12-06T17:07:34.776+0000] {dag.py:3834} INFO - Setting next_dagrun for dag2 to 2025-12-06 00:00:00+00:00, run_after=2025-12-07 00:00:00+00:00
[2025-12-06T17:07:34.813+0000] {processor.py:183} INFO - Processing /opt/airflow/dags/dag2.py took 0.195 seconds
[2025-12-06T17:08:04.987+0000] {processor.py:161} INFO - Started process (PID=404) to work on /opt/airflow/dags/dag2.py
[2025-12-06T17:08:04.990+0000] {processor.py:830} INFO - Processing file /opt/airflow/dags/dag2.py for tasks to queue
[2025-12-06T17:08:04.998+0000] {logging_mixin.py:188} INFO - [2025-12-06T17:08:04.994+0000] {dagbag.py:540} INFO - Filling up the DagBag from /opt/airflow/dags/dag2.py
[2025-12-06T17:08:05.033+0000] {processor.py:840} INFO - DAG(s) 'dag2' retrieved from /opt/airflow/dags/dag2.py
[2025-12-06T17:08:05.096+0000] {logging_mixin.py:188} INFO - [2025-12-06T17:08:05.096+0000] {dag.py:3047} INFO - Sync 1 DAGs
[2025-12-06T17:08:05.148+0000] {logging_mixin.py:188} INFO - [2025-12-06T17:08:05.147+0000] {dag.py:3834} INFO - Setting next_dagrun for dag2 to 2025-12-06 00:00:00+00:00, run_after=2025-12-07 00:00:00+00:00
[2025-12-06T17:08:05.235+0000] {processor.py:183} INFO - Processing /opt/airflow/dags/dag2.py took 0.264 seconds
[2025-12-06T17:08:35.996+0000] {processor.py:161} INFO - Started process (PID=430) to work on /opt/airflow/dags/dag2.py
[2025-12-06T17:08:35.998+0000] {processor.py:830} INFO - Processing file /opt/airflow/dags/dag2.py for tasks to queue
[2025-12-06T17:08:36.002+0000] {logging_mixin.py:188} INFO - [2025-12-06T17:08:36.002+0000] {dagbag.py:540} INFO - Filling up the DagBag from /opt/airflow/dags/dag2.py
[2025-12-06T17:08:36.061+0000] {processor.py:840} INFO - DAG(s) 'dag2' retrieved from /opt/airflow/dags/dag2.py
[2025-12-06T17:08:36.119+0000] {logging_mixin.py:188} INFO - [2025-12-06T17:08:36.119+0000] {dag.py:3047} INFO - Sync 1 DAGs
[2025-12-06T17:08:36.177+0000] {logging_mixin.py:188} INFO - [2025-12-06T17:08:36.177+0000] {dag.py:3834} INFO - Setting next_dagrun for dag2 to 2025-12-06 00:00:00+00:00, run_after=2025-12-07 00:00:00+00:00
[2025-12-06T17:08:36.373+0000] {processor.py:183} INFO - Processing /opt/airflow/dags/dag2.py took 0.386 seconds
[2025-12-06T17:09:07.054+0000] {processor.py:161} INFO - Started process (PID=456) to work on /opt/airflow/dags/dag2.py
[2025-12-06T17:09:07.058+0000] {processor.py:830} INFO - Processing file /opt/airflow/dags/dag2.py for tasks to queue
[2025-12-06T17:09:07.063+0000] {logging_mixin.py:188} INFO - [2025-12-06T17:09:07.062+0000] {dagbag.py:540} INFO - Filling up the DagBag from /opt/airflow/dags/dag2.py
[2025-12-06T17:09:07.118+0000] {processor.py:840} INFO - DAG(s) 'dag2' retrieved from /opt/airflow/dags/dag2.py
[2025-12-06T17:09:07.173+0000] {logging_mixin.py:188} INFO - [2025-12-06T17:09:07.172+0000] {dag.py:3047} INFO - Sync 1 DAGs
[2025-12-06T17:09:07.226+0000] {logging_mixin.py:188} INFO - [2025-12-06T17:09:07.225+0000] {dag.py:3834} INFO - Setting next_dagrun for dag2 to 2025-12-06 00:00:00+00:00, run_after=2025-12-07 00:00:00+00:00
[2025-12-06T17:09:07.275+0000] {processor.py:183} INFO - Processing /opt/airflow/dags/dag2.py took 0.229 seconds
[2025-12-06T17:09:37.851+0000] {processor.py:161} INFO - Started process (PID=482) to work on /opt/airflow/dags/dag2.py
[2025-12-06T17:09:37.854+0000] {processor.py:830} INFO - Processing file /opt/airflow/dags/dag2.py for tasks to queue
[2025-12-06T17:09:37.859+0000] {logging_mixin.py:188} INFO - [2025-12-06T17:09:37.858+0000] {dagbag.py:540} INFO - Filling up the DagBag from /opt/airflow/dags/dag2.py
[2025-12-06T17:09:37.936+0000] {processor.py:840} INFO - DAG(s) 'dag2' retrieved from /opt/airflow/dags/dag2.py
[2025-12-06T17:09:38.033+0000] {logging_mixin.py:188} INFO - [2025-12-06T17:09:38.033+0000] {dag.py:3047} INFO - Sync 1 DAGs
[2025-12-06T17:09:38.092+0000] {logging_mixin.py:188} INFO - [2025-12-06T17:09:38.092+0000] {dag.py:3834} INFO - Setting next_dagrun for dag2 to 2025-12-06 00:00:00+00:00, run_after=2025-12-07 00:00:00+00:00
[2025-12-06T17:09:38.158+0000] {processor.py:183} INFO - Processing /opt/airflow/dags/dag2.py took 0.318 seconds
[2025-12-06T17:10:08.541+0000] {processor.py:161} INFO - Started process (PID=509) to work on /opt/airflow/dags/dag2.py
[2025-12-06T17:10:08.544+0000] {processor.py:830} INFO - Processing file /opt/airflow/dags/dag2.py for tasks to queue
[2025-12-06T17:10:08.551+0000] {logging_mixin.py:188} INFO - [2025-12-06T17:10:08.549+0000] {dagbag.py:540} INFO - Filling up the DagBag from /opt/airflow/dags/dag2.py
[2025-12-06T17:10:08.655+0000] {processor.py:840} INFO - DAG(s) 'dag2' retrieved from /opt/airflow/dags/dag2.py
[2025-12-06T17:10:08.717+0000] {logging_mixin.py:188} INFO - [2025-12-06T17:10:08.716+0000] {dag.py:3047} INFO - Sync 1 DAGs
[2025-12-06T17:10:08.812+0000] {logging_mixin.py:188} INFO - [2025-12-06T17:10:08.812+0000] {dag.py:3834} INFO - Setting next_dagrun for dag2 to 2025-12-06 00:00:00+00:00, run_after=2025-12-07 00:00:00+00:00
[2025-12-06T17:10:08.902+0000] {processor.py:183} INFO - Processing /opt/airflow/dags/dag2.py took 0.369 seconds
[2025-12-06T17:10:39.025+0000] {processor.py:161} INFO - Started process (PID=535) to work on /opt/airflow/dags/dag2.py
[2025-12-06T17:10:39.028+0000] {processor.py:830} INFO - Processing file /opt/airflow/dags/dag2.py for tasks to queue
[2025-12-06T17:10:39.032+0000] {logging_mixin.py:188} INFO - [2025-12-06T17:10:39.032+0000] {dagbag.py:540} INFO - Filling up the DagBag from /opt/airflow/dags/dag2.py
[2025-12-06T17:10:39.071+0000] {processor.py:840} INFO - DAG(s) 'dag2' retrieved from /opt/airflow/dags/dag2.py
[2025-12-06T17:10:39.125+0000] {logging_mixin.py:188} INFO - [2025-12-06T17:10:39.125+0000] {dag.py:3047} INFO - Sync 1 DAGs
[2025-12-06T17:10:39.169+0000] {logging_mixin.py:188} INFO - [2025-12-06T17:10:39.169+0000] {dag.py:3834} INFO - Setting next_dagrun for dag2 to 2025-12-06 00:00:00+00:00, run_after=2025-12-07 00:00:00+00:00
[2025-12-06T17:10:39.212+0000] {processor.py:183} INFO - Processing /opt/airflow/dags/dag2.py took 0.198 seconds
[2025-12-06T17:11:10.086+0000] {processor.py:161} INFO - Started process (PID=569) to work on /opt/airflow/dags/dag2.py
[2025-12-06T17:11:10.088+0000] {processor.py:830} INFO - Processing file /opt/airflow/dags/dag2.py for tasks to queue
[2025-12-06T17:11:10.092+0000] {logging_mixin.py:188} INFO - [2025-12-06T17:11:10.092+0000] {dagbag.py:540} INFO - Filling up the DagBag from /opt/airflow/dags/dag2.py
[2025-12-06T17:11:10.132+0000] {processor.py:840} INFO - DAG(s) 'dag2' retrieved from /opt/airflow/dags/dag2.py
[2025-12-06T17:11:10.271+0000] {logging_mixin.py:188} INFO - [2025-12-06T17:11:10.270+0000] {dag.py:3047} INFO - Sync 1 DAGs
[2025-12-06T17:11:10.396+0000] {logging_mixin.py:188} INFO - [2025-12-06T17:11:10.395+0000] {dag.py:3834} INFO - Setting next_dagrun for dag2 to 2025-12-06 00:00:00+00:00, run_after=2025-12-07 00:00:00+00:00
[2025-12-06T17:11:10.440+0000] {processor.py:183} INFO - Processing /opt/airflow/dags/dag2.py took 0.360 seconds
[2025-12-06T17:11:41.505+0000] {processor.py:161} INFO - Started process (PID=595) to work on /opt/airflow/dags/dag2.py
[2025-12-06T17:11:41.509+0000] {processor.py:830} INFO - Processing file /opt/airflow/dags/dag2.py for tasks to queue
[2025-12-06T17:11:41.514+0000] {logging_mixin.py:188} INFO - [2025-12-06T17:11:41.513+0000] {dagbag.py:540} INFO - Filling up the DagBag from /opt/airflow/dags/dag2.py
[2025-12-06T17:11:41.577+0000] {processor.py:840} INFO - DAG(s) 'dag2' retrieved from /opt/airflow/dags/dag2.py
[2025-12-06T17:11:41.634+0000] {logging_mixin.py:188} INFO - [2025-12-06T17:11:41.633+0000] {dag.py:3047} INFO - Sync 1 DAGs
[2025-12-06T17:11:41.735+0000] {logging_mixin.py:188} INFO - [2025-12-06T17:11:41.732+0000] {dag.py:3834} INFO - Setting next_dagrun for dag2 to 2025-12-06 00:00:00+00:00, run_after=2025-12-07 00:00:00+00:00
[2025-12-06T17:11:41.820+0000] {processor.py:183} INFO - Processing /opt/airflow/dags/dag2.py took 0.327 seconds
[2025-12-06T17:12:12.585+0000] {processor.py:161} INFO - Started process (PID=620) to work on /opt/airflow/dags/dag2.py
[2025-12-06T17:12:12.588+0000] {processor.py:830} INFO - Processing file /opt/airflow/dags/dag2.py for tasks to queue
[2025-12-06T17:12:12.593+0000] {logging_mixin.py:188} INFO - [2025-12-06T17:12:12.592+0000] {dagbag.py:540} INFO - Filling up the DagBag from /opt/airflow/dags/dag2.py
[2025-12-06T17:12:12.656+0000] {processor.py:840} INFO - DAG(s) 'dag2' retrieved from /opt/airflow/dags/dag2.py
[2025-12-06T17:12:12.783+0000] {logging_mixin.py:188} INFO - [2025-12-06T17:12:12.782+0000] {dag.py:3047} INFO - Sync 1 DAGs
[2025-12-06T17:12:12.863+0000] {logging_mixin.py:188} INFO - [2025-12-06T17:12:12.862+0000] {dag.py:3834} INFO - Setting next_dagrun for dag2 to 2025-12-06 00:00:00+00:00, run_after=2025-12-07 00:00:00+00:00
[2025-12-06T17:12:12.915+0000] {processor.py:183} INFO - Processing /opt/airflow/dags/dag2.py took 0.339 seconds
[2025-12-06T17:12:43.114+0000] {processor.py:161} INFO - Started process (PID=654) to work on /opt/airflow/dags/dag2.py
[2025-12-06T17:12:43.117+0000] {processor.py:830} INFO - Processing file /opt/airflow/dags/dag2.py for tasks to queue
[2025-12-06T17:12:43.122+0000] {logging_mixin.py:188} INFO - [2025-12-06T17:12:43.121+0000] {dagbag.py:540} INFO - Filling up the DagBag from /opt/airflow/dags/dag2.py
[2025-12-06T17:12:43.188+0000] {processor.py:840} INFO - DAG(s) 'dag2' retrieved from /opt/airflow/dags/dag2.py
[2025-12-06T17:12:43.233+0000] {logging_mixin.py:188} INFO - [2025-12-06T17:12:43.233+0000] {dag.py:3047} INFO - Sync 1 DAGs
[2025-12-06T17:12:43.278+0000] {logging_mixin.py:188} INFO - [2025-12-06T17:12:43.278+0000] {dag.py:3834} INFO - Setting next_dagrun for dag2 to 2025-12-06 00:00:00+00:00, run_after=2025-12-07 00:00:00+00:00
[2025-12-06T17:12:43.317+0000] {processor.py:183} INFO - Processing /opt/airflow/dags/dag2.py took 0.213 seconds
[2025-12-06T17:13:16.901+0000] {processor.py:161} INFO - Started process (PID=680) to work on /opt/airflow/dags/dag2.py
[2025-12-06T17:13:16.903+0000] {processor.py:830} INFO - Processing file /opt/airflow/dags/dag2.py for tasks to queue
[2025-12-06T17:13:16.908+0000] {logging_mixin.py:188} INFO - [2025-12-06T17:13:16.907+0000] {dagbag.py:540} INFO - Filling up the DagBag from /opt/airflow/dags/dag2.py
[2025-12-06T17:13:16.978+0000] {processor.py:840} INFO - DAG(s) 'dag2' retrieved from /opt/airflow/dags/dag2.py
[2025-12-06T17:13:17.087+0000] {logging_mixin.py:188} INFO - [2025-12-06T17:13:17.086+0000] {dag.py:3047} INFO - Sync 1 DAGs
[2025-12-06T17:13:17.203+0000] {logging_mixin.py:188} INFO - [2025-12-06T17:13:17.198+0000] {dag.py:3834} INFO - Setting next_dagrun for dag2 to 2025-12-06 00:00:00+00:00, run_after=2025-12-07 00:00:00+00:00
[2025-12-06T17:13:17.282+0000] {processor.py:183} INFO - Processing /opt/airflow/dags/dag2.py took 0.389 seconds
[2025-12-06T17:13:51.122+0000] {processor.py:161} INFO - Started process (PID=706) to work on /opt/airflow/dags/dag2.py
[2025-12-06T17:13:51.125+0000] {processor.py:830} INFO - Processing file /opt/airflow/dags/dag2.py for tasks to queue
[2025-12-06T17:13:51.133+0000] {logging_mixin.py:188} INFO - [2025-12-06T17:13:51.132+0000] {dagbag.py:540} INFO - Filling up the DagBag from /opt/airflow/dags/dag2.py
[2025-12-06T17:13:51.210+0000] {processor.py:840} INFO - DAG(s) 'dag2' retrieved from /opt/airflow/dags/dag2.py
[2025-12-06T17:13:51.298+0000] {logging_mixin.py:188} INFO - [2025-12-06T17:13:51.298+0000] {dag.py:3047} INFO - Sync 1 DAGs
[2025-12-06T17:13:51.415+0000] {logging_mixin.py:188} INFO - [2025-12-06T17:13:51.414+0000] {dag.py:3834} INFO - Setting next_dagrun for dag2 to 2025-12-06 00:00:00+00:00, run_after=2025-12-07 00:00:00+00:00
[2025-12-06T17:13:51.566+0000] {processor.py:183} INFO - Processing /opt/airflow/dags/dag2.py took 0.458 seconds
[2025-12-06T17:14:22.302+0000] {processor.py:161} INFO - Started process (PID=724) to work on /opt/airflow/dags/dag2.py
[2025-12-06T17:14:22.335+0000] {processor.py:830} INFO - Processing file /opt/airflow/dags/dag2.py for tasks to queue
[2025-12-06T17:14:22.352+0000] {logging_mixin.py:188} INFO - [2025-12-06T17:14:22.352+0000] {dagbag.py:540} INFO - Filling up the DagBag from /opt/airflow/dags/dag2.py
[2025-12-06T17:14:22.491+0000] {processor.py:840} INFO - DAG(s) 'dag2' retrieved from /opt/airflow/dags/dag2.py
[2025-12-06T17:14:22.590+0000] {logging_mixin.py:188} INFO - [2025-12-06T17:14:22.589+0000] {dag.py:3047} INFO - Sync 1 DAGs
[2025-12-06T17:14:22.712+0000] {logging_mixin.py:188} INFO - [2025-12-06T17:14:22.711+0000] {dag.py:3834} INFO - Setting next_dagrun for dag2 to 2025-12-06 00:00:00+00:00, run_after=2025-12-07 00:00:00+00:00
[2025-12-06T17:14:22.858+0000] {processor.py:183} INFO - Processing /opt/airflow/dags/dag2.py took 0.599 seconds
[2025-12-06T17:14:54.445+0000] {processor.py:161} INFO - Started process (PID=750) to work on /opt/airflow/dags/dag2.py
[2025-12-06T17:14:54.448+0000] {processor.py:830} INFO - Processing file /opt/airflow/dags/dag2.py for tasks to queue
[2025-12-06T17:14:54.464+0000] {logging_mixin.py:188} INFO - [2025-12-06T17:14:54.463+0000] {dagbag.py:540} INFO - Filling up the DagBag from /opt/airflow/dags/dag2.py
[2025-12-06T17:14:54.752+0000] {processor.py:840} INFO - DAG(s) 'dag2' retrieved from /opt/airflow/dags/dag2.py
[2025-12-06T17:14:54.857+0000] {logging_mixin.py:188} INFO - [2025-12-06T17:14:54.857+0000] {dag.py:3047} INFO - Sync 1 DAGs
[2025-12-06T17:14:54.976+0000] {logging_mixin.py:188} INFO - [2025-12-06T17:14:54.975+0000] {dag.py:3834} INFO - Setting next_dagrun for dag2 to 2025-12-06 00:00:00+00:00, run_after=2025-12-07 00:00:00+00:00
[2025-12-06T17:14:55.094+0000] {processor.py:183} INFO - Processing /opt/airflow/dags/dag2.py took 0.669 seconds
[2025-12-06T17:15:26.260+0000] {processor.py:161} INFO - Started process (PID=774) to work on /opt/airflow/dags/dag2.py
[2025-12-06T17:15:26.289+0000] {processor.py:830} INFO - Processing file /opt/airflow/dags/dag2.py for tasks to queue
[2025-12-06T17:15:26.306+0000] {logging_mixin.py:188} INFO - [2025-12-06T17:15:26.305+0000] {dagbag.py:540} INFO - Filling up the DagBag from /opt/airflow/dags/dag2.py
[2025-12-06T17:15:26.738+0000] {processor.py:840} INFO - DAG(s) 'dag2' retrieved from /opt/airflow/dags/dag2.py
[2025-12-06T17:15:26.917+0000] {logging_mixin.py:188} INFO - [2025-12-06T17:15:26.901+0000] {dag.py:3047} INFO - Sync 1 DAGs
[2025-12-06T17:15:27.083+0000] {logging_mixin.py:188} INFO - [2025-12-06T17:15:27.082+0000] {dag.py:3834} INFO - Setting next_dagrun for dag2 to 2025-12-06 00:00:00+00:00, run_after=2025-12-07 00:00:00+00:00
[2025-12-06T17:15:27.198+0000] {processor.py:183} INFO - Processing /opt/airflow/dags/dag2.py took 0.956 seconds
[2025-12-06T17:15:57.358+0000] {processor.py:161} INFO - Started process (PID=794) to work on /opt/airflow/dags/dag2.py
[2025-12-06T17:15:57.360+0000] {processor.py:830} INFO - Processing file /opt/airflow/dags/dag2.py for tasks to queue
[2025-12-06T17:15:57.364+0000] {logging_mixin.py:188} INFO - [2025-12-06T17:15:57.364+0000] {dagbag.py:540} INFO - Filling up the DagBag from /opt/airflow/dags/dag2.py
[2025-12-06T17:15:57.408+0000] {processor.py:840} INFO - DAG(s) 'dag2' retrieved from /opt/airflow/dags/dag2.py
[2025-12-06T17:15:57.457+0000] {logging_mixin.py:188} INFO - [2025-12-06T17:15:57.456+0000] {dag.py:3047} INFO - Sync 1 DAGs
[2025-12-06T17:15:57.519+0000] {logging_mixin.py:188} INFO - [2025-12-06T17:15:57.518+0000] {dag.py:3834} INFO - Setting next_dagrun for dag2 to 2025-12-06 00:00:00+00:00, run_after=2025-12-07 00:00:00+00:00
[2025-12-06T17:15:57.561+0000] {processor.py:183} INFO - Processing /opt/airflow/dags/dag2.py took 0.212 seconds
[2025-12-06T17:16:27.792+0000] {processor.py:161} INFO - Started process (PID=819) to work on /opt/airflow/dags/dag2.py
[2025-12-06T17:16:27.796+0000] {processor.py:830} INFO - Processing file /opt/airflow/dags/dag2.py for tasks to queue
[2025-12-06T17:16:27.801+0000] {logging_mixin.py:188} INFO - [2025-12-06T17:16:27.801+0000] {dagbag.py:540} INFO - Filling up the DagBag from /opt/airflow/dags/dag2.py
[2025-12-06T17:16:27.856+0000] {processor.py:840} INFO - DAG(s) 'dag2' retrieved from /opt/airflow/dags/dag2.py
[2025-12-06T17:16:27.909+0000] {logging_mixin.py:188} INFO - [2025-12-06T17:16:27.908+0000] {dag.py:3047} INFO - Sync 1 DAGs
[2025-12-06T17:16:27.957+0000] {logging_mixin.py:188} INFO - [2025-12-06T17:16:27.957+0000] {dag.py:3834} INFO - Setting next_dagrun for dag2 to 2025-12-06 00:00:00+00:00, run_after=2025-12-07 00:00:00+00:00
[2025-12-06T17:16:28.001+0000] {processor.py:183} INFO - Processing /opt/airflow/dags/dag2.py took 0.221 seconds
[2025-12-06T17:16:58.239+0000] {processor.py:161} INFO - Started process (PID=845) to work on /opt/airflow/dags/dag2.py
[2025-12-06T17:16:58.241+0000] {processor.py:830} INFO - Processing file /opt/airflow/dags/dag2.py for tasks to queue
[2025-12-06T17:16:58.246+0000] {logging_mixin.py:188} INFO - [2025-12-06T17:16:58.245+0000] {dagbag.py:540} INFO - Filling up the DagBag from /opt/airflow/dags/dag2.py
[2025-12-06T17:16:58.282+0000] {processor.py:840} INFO - DAG(s) 'dag2' retrieved from /opt/airflow/dags/dag2.py
[2025-12-06T17:16:58.336+0000] {logging_mixin.py:188} INFO - [2025-12-06T17:16:58.336+0000] {dag.py:3047} INFO - Sync 1 DAGs
[2025-12-06T17:16:58.387+0000] {logging_mixin.py:188} INFO - [2025-12-06T17:16:58.387+0000] {dag.py:3834} INFO - Setting next_dagrun for dag2 to 2025-12-06 00:00:00+00:00, run_after=2025-12-07 00:00:00+00:00
[2025-12-06T17:16:58.427+0000] {processor.py:183} INFO - Processing /opt/airflow/dags/dag2.py took 0.196 seconds
[2025-12-06T17:17:28.671+0000] {processor.py:161} INFO - Started process (PID=870) to work on /opt/airflow/dags/dag2.py
[2025-12-06T17:17:28.673+0000] {processor.py:830} INFO - Processing file /opt/airflow/dags/dag2.py for tasks to queue
[2025-12-06T17:17:28.677+0000] {logging_mixin.py:188} INFO - [2025-12-06T17:17:28.677+0000] {dagbag.py:540} INFO - Filling up the DagBag from /opt/airflow/dags/dag2.py
[2025-12-06T17:17:28.715+0000] {processor.py:840} INFO - DAG(s) 'dag2' retrieved from /opt/airflow/dags/dag2.py
[2025-12-06T17:17:28.755+0000] {logging_mixin.py:188} INFO - [2025-12-06T17:17:28.755+0000] {dag.py:3047} INFO - Sync 1 DAGs
[2025-12-06T17:17:28.789+0000] {logging_mixin.py:188} INFO - [2025-12-06T17:17:28.789+0000] {dag.py:3834} INFO - Setting next_dagrun for dag2 to 2025-12-06 00:00:00+00:00, run_after=2025-12-07 00:00:00+00:00
[2025-12-06T17:17:28.826+0000] {processor.py:183} INFO - Processing /opt/airflow/dags/dag2.py took 0.161 seconds
[2025-12-06T17:17:59.467+0000] {processor.py:161} INFO - Started process (PID=896) to work on /opt/airflow/dags/dag2.py
[2025-12-06T17:17:59.469+0000] {processor.py:830} INFO - Processing file /opt/airflow/dags/dag2.py for tasks to queue
[2025-12-06T17:17:59.474+0000] {logging_mixin.py:188} INFO - [2025-12-06T17:17:59.473+0000] {dagbag.py:540} INFO - Filling up the DagBag from /opt/airflow/dags/dag2.py
[2025-12-06T17:17:59.511+0000] {processor.py:840} INFO - DAG(s) 'dag2' retrieved from /opt/airflow/dags/dag2.py
[2025-12-06T17:17:59.565+0000] {logging_mixin.py:188} INFO - [2025-12-06T17:17:59.564+0000] {dag.py:3047} INFO - Sync 1 DAGs
[2025-12-06T17:17:59.605+0000] {logging_mixin.py:188} INFO - [2025-12-06T17:17:59.605+0000] {dag.py:3834} INFO - Setting next_dagrun for dag2 to 2025-12-06 00:00:00+00:00, run_after=2025-12-07 00:00:00+00:00
[2025-12-06T17:17:59.644+0000] {processor.py:183} INFO - Processing /opt/airflow/dags/dag2.py took 0.183 seconds
[2025-12-06T17:18:30.311+0000] {processor.py:161} INFO - Started process (PID=929) to work on /opt/airflow/dags/dag2.py
[2025-12-06T17:18:30.313+0000] {processor.py:830} INFO - Processing file /opt/airflow/dags/dag2.py for tasks to queue
[2025-12-06T17:18:30.318+0000] {logging_mixin.py:188} INFO - [2025-12-06T17:18:30.317+0000] {dagbag.py:540} INFO - Filling up the DagBag from /opt/airflow/dags/dag2.py
[2025-12-06T17:18:30.360+0000] {processor.py:840} INFO - DAG(s) 'dag2' retrieved from /opt/airflow/dags/dag2.py
[2025-12-06T17:18:30.421+0000] {logging_mixin.py:188} INFO - [2025-12-06T17:18:30.421+0000] {dag.py:3047} INFO - Sync 1 DAGs
[2025-12-06T17:18:30.471+0000] {logging_mixin.py:188} INFO - [2025-12-06T17:18:30.471+0000] {dag.py:3834} INFO - Setting next_dagrun for dag2 to 2025-12-06 00:00:00+00:00, run_after=2025-12-07 00:00:00+00:00
[2025-12-06T17:18:30.520+0000] {processor.py:183} INFO - Processing /opt/airflow/dags/dag2.py took 0.216 seconds
[2025-12-06T17:19:00.661+0000] {processor.py:161} INFO - Started process (PID=954) to work on /opt/airflow/dags/dag2.py
[2025-12-06T17:19:00.662+0000] {processor.py:830} INFO - Processing file /opt/airflow/dags/dag2.py for tasks to queue
[2025-12-06T17:19:00.669+0000] {logging_mixin.py:188} INFO - [2025-12-06T17:19:00.668+0000] {dagbag.py:540} INFO - Filling up the DagBag from /opt/airflow/dags/dag2.py
[2025-12-06T17:19:00.735+0000] {processor.py:840} INFO - DAG(s) 'dag2' retrieved from /opt/airflow/dags/dag2.py
[2025-12-06T17:19:00.790+0000] {logging_mixin.py:188} INFO - [2025-12-06T17:19:00.789+0000] {dag.py:3047} INFO - Sync 1 DAGs
[2025-12-06T17:19:00.844+0000] {logging_mixin.py:188} INFO - [2025-12-06T17:19:00.843+0000] {dag.py:3834} INFO - Setting next_dagrun for dag2 to 2025-12-06 00:00:00+00:00, run_after=2025-12-07 00:00:00+00:00
[2025-12-06T17:19:00.884+0000] {processor.py:183} INFO - Processing /opt/airflow/dags/dag2.py took 0.230 seconds
[2025-12-06T17:19:31.299+0000] {processor.py:161} INFO - Started process (PID=980) to work on /opt/airflow/dags/dag2.py
[2025-12-06T17:19:31.301+0000] {processor.py:830} INFO - Processing file /opt/airflow/dags/dag2.py for tasks to queue
[2025-12-06T17:19:31.306+0000] {logging_mixin.py:188} INFO - [2025-12-06T17:19:31.305+0000] {dagbag.py:540} INFO - Filling up the DagBag from /opt/airflow/dags/dag2.py
[2025-12-06T17:19:31.348+0000] {processor.py:840} INFO - DAG(s) 'dag2' retrieved from /opt/airflow/dags/dag2.py
[2025-12-06T17:19:31.421+0000] {logging_mixin.py:188} INFO - [2025-12-06T17:19:31.420+0000] {dag.py:3047} INFO - Sync 1 DAGs
[2025-12-06T17:19:31.528+0000] {logging_mixin.py:188} INFO - [2025-12-06T17:19:31.528+0000] {dag.py:3834} INFO - Setting next_dagrun for dag2 to 2025-12-06 00:00:00+00:00, run_after=2025-12-07 00:00:00+00:00
[2025-12-06T17:19:31.571+0000] {processor.py:183} INFO - Processing /opt/airflow/dags/dag2.py took 0.279 seconds
[2025-12-06T17:20:02.146+0000] {processor.py:161} INFO - Started process (PID=1005) to work on /opt/airflow/dags/dag2.py
[2025-12-06T17:20:02.150+0000] {processor.py:830} INFO - Processing file /opt/airflow/dags/dag2.py for tasks to queue
[2025-12-06T17:20:02.155+0000] {logging_mixin.py:188} INFO - [2025-12-06T17:20:02.154+0000] {dagbag.py:540} INFO - Filling up the DagBag from /opt/airflow/dags/dag2.py
[2025-12-06T17:20:02.194+0000] {processor.py:840} INFO - DAG(s) 'dag2' retrieved from /opt/airflow/dags/dag2.py
[2025-12-06T17:20:02.239+0000] {logging_mixin.py:188} INFO - [2025-12-06T17:20:02.239+0000] {dag.py:3047} INFO - Sync 1 DAGs
[2025-12-06T17:20:02.276+0000] {logging_mixin.py:188} INFO - [2025-12-06T17:20:02.275+0000] {dag.py:3834} INFO - Setting next_dagrun for dag2 to 2025-12-06 00:00:00+00:00, run_after=2025-12-07 00:00:00+00:00
[2025-12-06T17:20:02.312+0000] {processor.py:183} INFO - Processing /opt/airflow/dags/dag2.py took 0.182 seconds
[2025-12-06T17:20:32.821+0000] {processor.py:161} INFO - Started process (PID=1031) to work on /opt/airflow/dags/dag2.py
[2025-12-06T17:20:32.823+0000] {processor.py:830} INFO - Processing file /opt/airflow/dags/dag2.py for tasks to queue
[2025-12-06T17:20:32.827+0000] {logging_mixin.py:188} INFO - [2025-12-06T17:20:32.827+0000] {dagbag.py:540} INFO - Filling up the DagBag from /opt/airflow/dags/dag2.py
[2025-12-06T17:20:32.873+0000] {processor.py:840} INFO - DAG(s) 'dag2' retrieved from /opt/airflow/dags/dag2.py
[2025-12-06T17:20:32.920+0000] {logging_mixin.py:188} INFO - [2025-12-06T17:20:32.920+0000] {dag.py:3047} INFO - Sync 1 DAGs
[2025-12-06T17:20:32.955+0000] {logging_mixin.py:188} INFO - [2025-12-06T17:20:32.954+0000] {dag.py:3834} INFO - Setting next_dagrun for dag2 to 2025-12-06 00:00:00+00:00, run_after=2025-12-07 00:00:00+00:00
[2025-12-06T17:20:32.991+0000] {processor.py:183} INFO - Processing /opt/airflow/dags/dag2.py took 0.178 seconds
[2025-12-06T17:21:03.365+0000] {processor.py:161} INFO - Started process (PID=1057) to work on /opt/airflow/dags/dag2.py
[2025-12-06T17:21:03.367+0000] {processor.py:830} INFO - Processing file /opt/airflow/dags/dag2.py for tasks to queue
[2025-12-06T17:21:03.371+0000] {logging_mixin.py:188} INFO - [2025-12-06T17:21:03.370+0000] {dagbag.py:540} INFO - Filling up the DagBag from /opt/airflow/dags/dag2.py
[2025-12-06T17:21:03.421+0000] {processor.py:840} INFO - DAG(s) 'dag2' retrieved from /opt/airflow/dags/dag2.py
[2025-12-06T17:21:03.469+0000] {logging_mixin.py:188} INFO - [2025-12-06T17:21:03.468+0000] {dag.py:3047} INFO - Sync 1 DAGs
[2025-12-06T17:21:03.524+0000] {logging_mixin.py:188} INFO - [2025-12-06T17:21:03.524+0000] {dag.py:3834} INFO - Setting next_dagrun for dag2 to 2025-12-06 00:00:00+00:00, run_after=2025-12-07 00:00:00+00:00
[2025-12-06T17:21:03.561+0000] {processor.py:183} INFO - Processing /opt/airflow/dags/dag2.py took 0.203 seconds
[2025-12-06T17:21:34.314+0000] {processor.py:161} INFO - Started process (PID=1091) to work on /opt/airflow/dags/dag2.py
[2025-12-06T17:21:34.319+0000] {processor.py:830} INFO - Processing file /opt/airflow/dags/dag2.py for tasks to queue
[2025-12-06T17:21:34.324+0000] {logging_mixin.py:188} INFO - [2025-12-06T17:21:34.323+0000] {dagbag.py:540} INFO - Filling up the DagBag from /opt/airflow/dags/dag2.py
[2025-12-06T17:21:34.365+0000] {processor.py:840} INFO - DAG(s) 'dag2' retrieved from /opt/airflow/dags/dag2.py
[2025-12-06T17:21:34.427+0000] {logging_mixin.py:188} INFO - [2025-12-06T17:21:34.426+0000] {dag.py:3047} INFO - Sync 1 DAGs
[2025-12-06T17:21:34.491+0000] {logging_mixin.py:188} INFO - [2025-12-06T17:21:34.490+0000] {dag.py:3834} INFO - Setting next_dagrun for dag2 to 2025-12-06 00:00:00+00:00, run_after=2025-12-07 00:00:00+00:00
[2025-12-06T17:21:34.536+0000] {processor.py:183} INFO - Processing /opt/airflow/dags/dag2.py took 0.229 seconds
[2025-12-06T17:22:04.925+0000] {processor.py:161} INFO - Started process (PID=1117) to work on /opt/airflow/dags/dag2.py
[2025-12-06T17:22:04.929+0000] {processor.py:830} INFO - Processing file /opt/airflow/dags/dag2.py for tasks to queue
[2025-12-06T17:22:04.937+0000] {logging_mixin.py:188} INFO - [2025-12-06T17:22:04.937+0000] {dagbag.py:540} INFO - Filling up the DagBag from /opt/airflow/dags/dag2.py
[2025-12-06T17:22:04.999+0000] {processor.py:840} INFO - DAG(s) 'dag2' retrieved from /opt/airflow/dags/dag2.py
[2025-12-06T17:22:05.113+0000] {logging_mixin.py:188} INFO - [2025-12-06T17:22:05.112+0000] {dag.py:3047} INFO - Sync 1 DAGs
[2025-12-06T17:22:05.181+0000] {logging_mixin.py:188} INFO - [2025-12-06T17:22:05.180+0000] {dag.py:3834} INFO - Setting next_dagrun for dag2 to 2025-12-06 00:00:00+00:00, run_after=2025-12-07 00:00:00+00:00
[2025-12-06T17:22:05.236+0000] {processor.py:183} INFO - Processing /opt/airflow/dags/dag2.py took 0.321 seconds
[2025-12-06T17:22:36.125+0000] {processor.py:161} INFO - Started process (PID=1144) to work on /opt/airflow/dags/dag2.py
[2025-12-06T17:22:36.128+0000] {processor.py:830} INFO - Processing file /opt/airflow/dags/dag2.py for tasks to queue
[2025-12-06T17:22:36.132+0000] {logging_mixin.py:188} INFO - [2025-12-06T17:22:36.131+0000] {dagbag.py:540} INFO - Filling up the DagBag from /opt/airflow/dags/dag2.py
[2025-12-06T17:22:36.177+0000] {processor.py:840} INFO - DAG(s) 'dag2' retrieved from /opt/airflow/dags/dag2.py
[2025-12-06T17:22:36.231+0000] {logging_mixin.py:188} INFO - [2025-12-06T17:22:36.230+0000] {dag.py:3047} INFO - Sync 1 DAGs
[2025-12-06T17:22:36.273+0000] {logging_mixin.py:188} INFO - [2025-12-06T17:22:36.272+0000] {dag.py:3834} INFO - Setting next_dagrun for dag2 to 2025-12-06 00:00:00+00:00, run_after=2025-12-07 00:00:00+00:00
[2025-12-06T17:22:36.322+0000] {processor.py:183} INFO - Processing /opt/airflow/dags/dag2.py took 0.204 seconds
[2025-12-06T17:23:07.008+0000] {processor.py:161} INFO - Started process (PID=1170) to work on /opt/airflow/dags/dag2.py
[2025-12-06T17:23:07.011+0000] {processor.py:830} INFO - Processing file /opt/airflow/dags/dag2.py for tasks to queue
[2025-12-06T17:23:07.016+0000] {logging_mixin.py:188} INFO - [2025-12-06T17:23:07.015+0000] {dagbag.py:540} INFO - Filling up the DagBag from /opt/airflow/dags/dag2.py
[2025-12-06T17:23:07.070+0000] {processor.py:840} INFO - DAG(s) 'dag2' retrieved from /opt/airflow/dags/dag2.py
[2025-12-06T17:23:07.158+0000] {logging_mixin.py:188} INFO - [2025-12-06T17:23:07.157+0000] {dag.py:3047} INFO - Sync 1 DAGs
[2025-12-06T17:23:07.266+0000] {logging_mixin.py:188} INFO - [2025-12-06T17:23:07.265+0000] {dag.py:3834} INFO - Setting next_dagrun for dag2 to 2025-12-06 00:00:00+00:00, run_after=2025-12-07 00:00:00+00:00
[2025-12-06T17:23:07.328+0000] {processor.py:183} INFO - Processing /opt/airflow/dags/dag2.py took 0.335 seconds
[2025-12-06T17:23:37.709+0000] {processor.py:161} INFO - Started process (PID=1197) to work on /opt/airflow/dags/dag2.py
[2025-12-06T17:23:37.716+0000] {processor.py:830} INFO - Processing file /opt/airflow/dags/dag2.py for tasks to queue
[2025-12-06T17:23:37.723+0000] {logging_mixin.py:188} INFO - [2025-12-06T17:23:37.722+0000] {dagbag.py:540} INFO - Filling up the DagBag from /opt/airflow/dags/dag2.py
[2025-12-06T17:23:37.809+0000] {processor.py:840} INFO - DAG(s) 'dag2' retrieved from /opt/airflow/dags/dag2.py
[2025-12-06T17:23:37.915+0000] {logging_mixin.py:188} INFO - [2025-12-06T17:23:37.915+0000] {dag.py:3047} INFO - Sync 1 DAGs
[2025-12-06T17:23:38.042+0000] {logging_mixin.py:188} INFO - [2025-12-06T17:23:38.041+0000] {dag.py:3834} INFO - Setting next_dagrun for dag2 to 2025-12-06 00:00:00+00:00, run_after=2025-12-07 00:00:00+00:00
[2025-12-06T17:23:38.094+0000] {processor.py:183} INFO - Processing /opt/airflow/dags/dag2.py took 0.404 seconds
[2025-12-06T17:24:08.789+0000] {processor.py:161} INFO - Started process (PID=1225) to work on /opt/airflow/dags/dag2.py
[2025-12-06T17:24:08.792+0000] {processor.py:830} INFO - Processing file /opt/airflow/dags/dag2.py for tasks to queue
[2025-12-06T17:24:08.795+0000] {logging_mixin.py:188} INFO - [2025-12-06T17:24:08.794+0000] {dagbag.py:540} INFO - Filling up the DagBag from /opt/airflow/dags/dag2.py
[2025-12-06T17:24:08.836+0000] {processor.py:840} INFO - DAG(s) 'dag2' retrieved from /opt/airflow/dags/dag2.py
[2025-12-06T17:24:08.879+0000] {logging_mixin.py:188} INFO - [2025-12-06T17:24:08.879+0000] {dag.py:3047} INFO - Sync 1 DAGs
[2025-12-06T17:24:08.918+0000] {logging_mixin.py:188} INFO - [2025-12-06T17:24:08.917+0000] {dag.py:3834} INFO - Setting next_dagrun for dag2 to 2025-12-06 00:00:00+00:00, run_after=2025-12-07 00:00:00+00:00
[2025-12-06T17:24:08.955+0000] {processor.py:183} INFO - Processing /opt/airflow/dags/dag2.py took 0.172 seconds
[2025-12-06T17:24:39.920+0000] {processor.py:161} INFO - Started process (PID=1251) to work on /opt/airflow/dags/dag2.py
[2025-12-06T17:24:39.923+0000] {processor.py:830} INFO - Processing file /opt/airflow/dags/dag2.py for tasks to queue
[2025-12-06T17:24:39.928+0000] {logging_mixin.py:188} INFO - [2025-12-06T17:24:39.927+0000] {dagbag.py:540} INFO - Filling up the DagBag from /opt/airflow/dags/dag2.py
[2025-12-06T17:24:39.963+0000] {processor.py:840} INFO - DAG(s) 'dag2' retrieved from /opt/airflow/dags/dag2.py
[2025-12-06T17:24:40.012+0000] {logging_mixin.py:188} INFO - [2025-12-06T17:24:40.012+0000] {dag.py:3047} INFO - Sync 1 DAGs
[2025-12-06T17:24:40.084+0000] {logging_mixin.py:188} INFO - [2025-12-06T17:24:40.083+0000] {dag.py:3834} INFO - Setting next_dagrun for dag2 to 2025-12-06 00:00:00+00:00, run_after=2025-12-07 00:00:00+00:00
[2025-12-06T17:24:40.122+0000] {processor.py:183} INFO - Processing /opt/airflow/dags/dag2.py took 0.213 seconds
[2025-12-06T17:25:10.578+0000] {processor.py:161} INFO - Started process (PID=1277) to work on /opt/airflow/dags/dag2.py
[2025-12-06T17:25:10.581+0000] {processor.py:830} INFO - Processing file /opt/airflow/dags/dag2.py for tasks to queue
[2025-12-06T17:25:10.586+0000] {logging_mixin.py:188} INFO - [2025-12-06T17:25:10.585+0000] {dagbag.py:540} INFO - Filling up the DagBag from /opt/airflow/dags/dag2.py
[2025-12-06T17:25:10.633+0000] {processor.py:840} INFO - DAG(s) 'dag2' retrieved from /opt/airflow/dags/dag2.py
[2025-12-06T17:25:10.699+0000] {logging_mixin.py:188} INFO - [2025-12-06T17:25:10.699+0000] {dag.py:3047} INFO - Sync 1 DAGs
[2025-12-06T17:25:10.744+0000] {logging_mixin.py:188} INFO - [2025-12-06T17:25:10.744+0000] {dag.py:3834} INFO - Setting next_dagrun for dag2 to 2025-12-06 00:00:00+00:00, run_after=2025-12-07 00:00:00+00:00
[2025-12-06T17:25:10.782+0000] {processor.py:183} INFO - Processing /opt/airflow/dags/dag2.py took 0.211 seconds
[2025-12-06T17:25:40.902+0000] {processor.py:161} INFO - Started process (PID=1302) to work on /opt/airflow/dags/dag2.py
[2025-12-06T17:25:40.904+0000] {processor.py:830} INFO - Processing file /opt/airflow/dags/dag2.py for tasks to queue
[2025-12-06T17:25:40.910+0000] {logging_mixin.py:188} INFO - [2025-12-06T17:25:40.910+0000] {dagbag.py:540} INFO - Filling up the DagBag from /opt/airflow/dags/dag2.py
[2025-12-06T17:25:40.959+0000] {processor.py:840} INFO - DAG(s) 'dag2' retrieved from /opt/airflow/dags/dag2.py
[2025-12-06T17:25:41.007+0000] {logging_mixin.py:188} INFO - [2025-12-06T17:25:41.007+0000] {dag.py:3047} INFO - Sync 1 DAGs
[2025-12-06T17:25:41.046+0000] {logging_mixin.py:188} INFO - [2025-12-06T17:25:41.045+0000] {dag.py:3834} INFO - Setting next_dagrun for dag2 to 2025-12-06 00:00:00+00:00, run_after=2025-12-07 00:00:00+00:00
[2025-12-06T17:25:41.083+0000] {processor.py:183} INFO - Processing /opt/airflow/dags/dag2.py took 0.186 seconds
[2025-12-06T17:26:11.442+0000] {processor.py:161} INFO - Started process (PID=1327) to work on /opt/airflow/dags/dag2.py
[2025-12-06T17:26:11.444+0000] {processor.py:830} INFO - Processing file /opt/airflow/dags/dag2.py for tasks to queue
[2025-12-06T17:26:11.458+0000] {logging_mixin.py:188} INFO - [2025-12-06T17:26:11.457+0000] {dagbag.py:540} INFO - Filling up the DagBag from /opt/airflow/dags/dag2.py
[2025-12-06T17:26:11.521+0000] {processor.py:840} INFO - DAG(s) 'dag2' retrieved from /opt/airflow/dags/dag2.py
[2025-12-06T17:26:11.591+0000] {logging_mixin.py:188} INFO - [2025-12-06T17:26:11.590+0000] {dag.py:3047} INFO - Sync 1 DAGs
[2025-12-06T17:26:11.721+0000] {logging_mixin.py:188} INFO - [2025-12-06T17:26:11.721+0000] {dag.py:3834} INFO - Setting next_dagrun for dag2 to 2025-12-06 00:00:00+00:00, run_after=2025-12-07 00:00:00+00:00
[2025-12-06T17:26:11.919+0000] {processor.py:183} INFO - Processing /opt/airflow/dags/dag2.py took 0.492 seconds
[2025-12-06T17:26:42.625+0000] {processor.py:161} INFO - Started process (PID=1353) to work on /opt/airflow/dags/dag2.py
[2025-12-06T17:26:42.627+0000] {processor.py:830} INFO - Processing file /opt/airflow/dags/dag2.py for tasks to queue
[2025-12-06T17:26:42.632+0000] {logging_mixin.py:188} INFO - [2025-12-06T17:26:42.631+0000] {dagbag.py:540} INFO - Filling up the DagBag from /opt/airflow/dags/dag2.py
[2025-12-06T17:26:42.681+0000] {processor.py:840} INFO - DAG(s) 'dag2' retrieved from /opt/airflow/dags/dag2.py
[2025-12-06T17:26:42.767+0000] {logging_mixin.py:188} INFO - [2025-12-06T17:26:42.766+0000] {dag.py:3047} INFO - Sync 1 DAGs
[2025-12-06T17:26:42.819+0000] {logging_mixin.py:188} INFO - [2025-12-06T17:26:42.818+0000] {dag.py:3834} INFO - Setting next_dagrun for dag2 to 2025-12-06 00:00:00+00:00, run_after=2025-12-07 00:00:00+00:00
[2025-12-06T17:26:42.871+0000] {processor.py:183} INFO - Processing /opt/airflow/dags/dag2.py took 0.253 seconds
[2025-12-06T17:27:13.447+0000] {processor.py:161} INFO - Started process (PID=1381) to work on /opt/airflow/dags/dag2.py
[2025-12-06T17:27:13.449+0000] {processor.py:830} INFO - Processing file /opt/airflow/dags/dag2.py for tasks to queue
[2025-12-06T17:27:13.453+0000] {logging_mixin.py:188} INFO - [2025-12-06T17:27:13.452+0000] {dagbag.py:540} INFO - Filling up the DagBag from /opt/airflow/dags/dag2.py
[2025-12-06T17:27:13.503+0000] {processor.py:840} INFO - DAG(s) 'dag2' retrieved from /opt/airflow/dags/dag2.py
[2025-12-06T17:27:13.578+0000] {logging_mixin.py:188} INFO - [2025-12-06T17:27:13.578+0000] {dag.py:3047} INFO - Sync 1 DAGs
[2025-12-06T17:27:13.732+0000] {logging_mixin.py:188} INFO - [2025-12-06T17:27:13.732+0000] {dag.py:3834} INFO - Setting next_dagrun for dag2 to 2025-12-06 00:00:00+00:00, run_after=2025-12-07 00:00:00+00:00
[2025-12-06T17:27:13.790+0000] {processor.py:183} INFO - Processing /opt/airflow/dags/dag2.py took 0.350 seconds
[2025-12-06T17:27:43.934+0000] {processor.py:161} INFO - Started process (PID=1407) to work on /opt/airflow/dags/dag2.py
[2025-12-06T17:27:43.937+0000] {processor.py:830} INFO - Processing file /opt/airflow/dags/dag2.py for tasks to queue
[2025-12-06T17:27:43.940+0000] {logging_mixin.py:188} INFO - [2025-12-06T17:27:43.940+0000] {dagbag.py:540} INFO - Filling up the DagBag from /opt/airflow/dags/dag2.py
[2025-12-06T17:27:43.975+0000] {processor.py:840} INFO - DAG(s) 'dag2' retrieved from /opt/airflow/dags/dag2.py
[2025-12-06T17:27:44.020+0000] {logging_mixin.py:188} INFO - [2025-12-06T17:27:44.019+0000] {dag.py:3047} INFO - Sync 1 DAGs
[2025-12-06T17:27:44.068+0000] {logging_mixin.py:188} INFO - [2025-12-06T17:27:44.068+0000] {dag.py:3834} INFO - Setting next_dagrun for dag2 to 2025-12-06 00:00:00+00:00, run_after=2025-12-07 00:00:00+00:00
[2025-12-06T17:27:44.117+0000] {processor.py:183} INFO - Processing /opt/airflow/dags/dag2.py took 0.192 seconds
[2025-12-06T17:28:14.514+0000] {processor.py:161} INFO - Started process (PID=1433) to work on /opt/airflow/dags/dag2.py
[2025-12-06T17:28:14.516+0000] {processor.py:830} INFO - Processing file /opt/airflow/dags/dag2.py for tasks to queue
[2025-12-06T17:28:14.521+0000] {logging_mixin.py:188} INFO - [2025-12-06T17:28:14.520+0000] {dagbag.py:540} INFO - Filling up the DagBag from /opt/airflow/dags/dag2.py
[2025-12-06T17:28:14.556+0000] {processor.py:840} INFO - DAG(s) 'dag2' retrieved from /opt/airflow/dags/dag2.py
[2025-12-06T17:28:14.601+0000] {logging_mixin.py:188} INFO - [2025-12-06T17:28:14.601+0000] {dag.py:3047} INFO - Sync 1 DAGs
[2025-12-06T17:28:14.649+0000] {logging_mixin.py:188} INFO - [2025-12-06T17:28:14.649+0000] {dag.py:3834} INFO - Setting next_dagrun for dag2 to 2025-12-06 00:00:00+00:00, run_after=2025-12-07 00:00:00+00:00
[2025-12-06T17:28:14.693+0000] {processor.py:183} INFO - Processing /opt/airflow/dags/dag2.py took 0.184 seconds
[2025-12-06T17:28:44.823+0000] {processor.py:161} INFO - Started process (PID=1458) to work on /opt/airflow/dags/dag2.py
[2025-12-06T17:28:44.830+0000] {processor.py:830} INFO - Processing file /opt/airflow/dags/dag2.py for tasks to queue
[2025-12-06T17:28:44.844+0000] {logging_mixin.py:188} INFO - [2025-12-06T17:28:44.843+0000] {dagbag.py:540} INFO - Filling up the DagBag from /opt/airflow/dags/dag2.py
[2025-12-06T17:28:44.878+0000] {processor.py:840} INFO - DAG(s) 'dag2' retrieved from /opt/airflow/dags/dag2.py
[2025-12-06T17:28:44.920+0000] {logging_mixin.py:188} INFO - [2025-12-06T17:28:44.920+0000] {dag.py:3047} INFO - Sync 1 DAGs
[2025-12-06T17:28:45.014+0000] {logging_mixin.py:188} INFO - [2025-12-06T17:28:45.010+0000] {dag.py:3834} INFO - Setting next_dagrun for dag2 to 2025-12-06 00:00:00+00:00, run_after=2025-12-07 00:00:00+00:00
[2025-12-06T17:28:45.097+0000] {processor.py:183} INFO - Processing /opt/airflow/dags/dag2.py took 0.284 seconds
[2025-12-06T17:29:15.373+0000] {processor.py:161} INFO - Started process (PID=1484) to work on /opt/airflow/dags/dag2.py
[2025-12-06T17:29:15.375+0000] {processor.py:830} INFO - Processing file /opt/airflow/dags/dag2.py for tasks to queue
[2025-12-06T17:29:15.380+0000] {logging_mixin.py:188} INFO - [2025-12-06T17:29:15.379+0000] {dagbag.py:540} INFO - Filling up the DagBag from /opt/airflow/dags/dag2.py
[2025-12-06T17:29:15.418+0000] {processor.py:840} INFO - DAG(s) 'dag2' retrieved from /opt/airflow/dags/dag2.py
[2025-12-06T17:29:15.462+0000] {logging_mixin.py:188} INFO - [2025-12-06T17:29:15.461+0000] {dag.py:3047} INFO - Sync 1 DAGs
[2025-12-06T17:29:15.500+0000] {logging_mixin.py:188} INFO - [2025-12-06T17:29:15.500+0000] {dag.py:3834} INFO - Setting next_dagrun for dag2 to 2025-12-06 00:00:00+00:00, run_after=2025-12-07 00:00:00+00:00
[2025-12-06T17:29:15.549+0000] {processor.py:183} INFO - Processing /opt/airflow/dags/dag2.py took 0.182 seconds
[2025-12-06T17:29:46.138+0000] {processor.py:161} INFO - Started process (PID=1510) to work on /opt/airflow/dags/dag2.py
[2025-12-06T17:29:46.152+0000] {processor.py:830} INFO - Processing file /opt/airflow/dags/dag2.py for tasks to queue
[2025-12-06T17:29:46.171+0000] {logging_mixin.py:188} INFO - [2025-12-06T17:29:46.168+0000] {dagbag.py:540} INFO - Filling up the DagBag from /opt/airflow/dags/dag2.py
[2025-12-06T17:29:46.294+0000] {processor.py:840} INFO - DAG(s) 'dag2' retrieved from /opt/airflow/dags/dag2.py
[2025-12-06T17:29:46.390+0000] {logging_mixin.py:188} INFO - [2025-12-06T17:29:46.389+0000] {dag.py:3047} INFO - Sync 1 DAGs
[2025-12-06T17:29:46.476+0000] {logging_mixin.py:188} INFO - [2025-12-06T17:29:46.475+0000] {dag.py:3834} INFO - Setting next_dagrun for dag2 to 2025-12-06 00:00:00+00:00, run_after=2025-12-07 00:00:00+00:00
[2025-12-06T17:29:46.731+0000] {processor.py:183} INFO - Processing /opt/airflow/dags/dag2.py took 0.602 seconds
[2025-12-06T17:30:17.615+0000] {processor.py:161} INFO - Started process (PID=1537) to work on /opt/airflow/dags/dag2.py
[2025-12-06T17:30:17.629+0000] {processor.py:830} INFO - Processing file /opt/airflow/dags/dag2.py for tasks to queue
[2025-12-06T17:30:17.644+0000] {logging_mixin.py:188} INFO - [2025-12-06T17:30:17.643+0000] {dagbag.py:540} INFO - Filling up the DagBag from /opt/airflow/dags/dag2.py
[2025-12-06T17:30:17.730+0000] {processor.py:840} INFO - DAG(s) 'dag2' retrieved from /opt/airflow/dags/dag2.py
[2025-12-06T17:30:17.829+0000] {logging_mixin.py:188} INFO - [2025-12-06T17:30:17.828+0000] {dag.py:3047} INFO - Sync 1 DAGs
[2025-12-06T17:30:17.894+0000] {logging_mixin.py:188} INFO - [2025-12-06T17:30:17.894+0000] {dag.py:3834} INFO - Setting next_dagrun for dag2 to 2025-12-06 00:00:00+00:00, run_after=2025-12-07 00:00:00+00:00
[2025-12-06T17:30:17.952+0000] {processor.py:183} INFO - Processing /opt/airflow/dags/dag2.py took 0.355 seconds
[2025-12-06T17:30:48.380+0000] {processor.py:161} INFO - Started process (PID=1561) to work on /opt/airflow/dags/dag2.py
[2025-12-06T17:30:48.391+0000] {processor.py:830} INFO - Processing file /opt/airflow/dags/dag2.py for tasks to queue
[2025-12-06T17:30:48.410+0000] {logging_mixin.py:188} INFO - [2025-12-06T17:30:48.409+0000] {dagbag.py:540} INFO - Filling up the DagBag from /opt/airflow/dags/dag2.py
[2025-12-06T17:30:48.479+0000] {processor.py:840} INFO - DAG(s) 'dag2' retrieved from /opt/airflow/dags/dag2.py
[2025-12-06T17:30:48.530+0000] {logging_mixin.py:188} INFO - [2025-12-06T17:30:48.529+0000] {dag.py:3047} INFO - Sync 1 DAGs
[2025-12-06T17:30:48.581+0000] {logging_mixin.py:188} INFO - [2025-12-06T17:30:48.580+0000] {dag.py:3834} INFO - Setting next_dagrun for dag2 to 2025-12-06 00:00:00+00:00, run_after=2025-12-07 00:00:00+00:00
[2025-12-06T17:30:48.626+0000] {processor.py:183} INFO - Processing /opt/airflow/dags/dag2.py took 0.252 seconds
[2025-12-06T17:31:19.344+0000] {processor.py:161} INFO - Started process (PID=1595) to work on /opt/airflow/dags/dag2.py
[2025-12-06T17:31:19.348+0000] {processor.py:830} INFO - Processing file /opt/airflow/dags/dag2.py for tasks to queue
[2025-12-06T17:31:19.351+0000] {logging_mixin.py:188} INFO - [2025-12-06T17:31:19.351+0000] {dagbag.py:540} INFO - Filling up the DagBag from /opt/airflow/dags/dag2.py
[2025-12-06T17:31:19.409+0000] {processor.py:840} INFO - DAG(s) 'dag2' retrieved from /opt/airflow/dags/dag2.py
[2025-12-06T17:31:19.484+0000] {logging_mixin.py:188} INFO - [2025-12-06T17:31:19.483+0000] {dag.py:3047} INFO - Sync 1 DAGs
[2025-12-06T17:31:19.575+0000] {logging_mixin.py:188} INFO - [2025-12-06T17:31:19.574+0000] {dag.py:3834} INFO - Setting next_dagrun for dag2 to 2025-12-06 00:00:00+00:00, run_after=2025-12-07 00:00:00+00:00
[2025-12-06T17:31:19.647+0000] {processor.py:183} INFO - Processing /opt/airflow/dags/dag2.py took 0.310 seconds
[2025-12-06T17:31:50.776+0000] {processor.py:161} INFO - Started process (PID=1613) to work on /opt/airflow/dags/dag2.py
[2025-12-06T17:31:50.779+0000] {processor.py:830} INFO - Processing file /opt/airflow/dags/dag2.py for tasks to queue
[2025-12-06T17:31:50.784+0000] {logging_mixin.py:188} INFO - [2025-12-06T17:31:50.783+0000] {dagbag.py:540} INFO - Filling up the DagBag from /opt/airflow/dags/dag2.py
[2025-12-06T17:31:50.841+0000] {processor.py:840} INFO - DAG(s) 'dag2' retrieved from /opt/airflow/dags/dag2.py
[2025-12-06T17:31:50.985+0000] {logging_mixin.py:188} INFO - [2025-12-06T17:31:50.984+0000] {dag.py:3047} INFO - Sync 1 DAGs
[2025-12-06T17:31:51.122+0000] {logging_mixin.py:188} INFO - [2025-12-06T17:31:51.121+0000] {dag.py:3834} INFO - Setting next_dagrun for dag2 to 2025-12-06 00:00:00+00:00, run_after=2025-12-07 00:00:00+00:00
[2025-12-06T17:31:51.195+0000] {processor.py:183} INFO - Processing /opt/airflow/dags/dag2.py took 0.451 seconds
[2025-12-06T17:32:21.522+0000] {processor.py:161} INFO - Started process (PID=1638) to work on /opt/airflow/dags/dag2.py
[2025-12-06T17:32:21.524+0000] {processor.py:830} INFO - Processing file /opt/airflow/dags/dag2.py for tasks to queue
[2025-12-06T17:32:21.527+0000] {logging_mixin.py:188} INFO - [2025-12-06T17:32:21.527+0000] {dagbag.py:540} INFO - Filling up the DagBag from /opt/airflow/dags/dag2.py
[2025-12-06T17:32:21.551+0000] {processor.py:840} INFO - DAG(s) 'dag2' retrieved from /opt/airflow/dags/dag2.py
[2025-12-06T17:32:21.594+0000] {logging_mixin.py:188} INFO - [2025-12-06T17:32:21.593+0000] {dag.py:3047} INFO - Sync 1 DAGs
[2025-12-06T17:32:21.627+0000] {logging_mixin.py:188} INFO - [2025-12-06T17:32:21.627+0000] {dag.py:3834} INFO - Setting next_dagrun for dag2 to 2025-12-06 00:00:00+00:00, run_after=2025-12-07 00:00:00+00:00
[2025-12-06T17:32:21.659+0000] {processor.py:183} INFO - Processing /opt/airflow/dags/dag2.py took 0.143 seconds
[2025-12-06T17:32:52.327+0000] {processor.py:161} INFO - Started process (PID=1664) to work on /opt/airflow/dags/dag2.py
[2025-12-06T17:32:52.330+0000] {processor.py:830} INFO - Processing file /opt/airflow/dags/dag2.py for tasks to queue
[2025-12-06T17:32:52.337+0000] {logging_mixin.py:188} INFO - [2025-12-06T17:32:52.336+0000] {dagbag.py:540} INFO - Filling up the DagBag from /opt/airflow/dags/dag2.py
[2025-12-06T17:32:52.412+0000] {processor.py:840} INFO - DAG(s) 'dag2' retrieved from /opt/airflow/dags/dag2.py
[2025-12-06T17:32:52.465+0000] {logging_mixin.py:188} INFO - [2025-12-06T17:32:52.465+0000] {dag.py:3047} INFO - Sync 1 DAGs
[2025-12-06T17:32:52.493+0000] {logging_mixin.py:188} INFO - [2025-12-06T17:32:52.492+0000] {dag.py:3834} INFO - Setting next_dagrun for dag2 to 2025-12-06 00:00:00+00:00, run_after=2025-12-07 00:00:00+00:00
[2025-12-06T17:32:52.520+0000] {processor.py:183} INFO - Processing /opt/airflow/dags/dag2.py took 0.202 seconds
