[2025-12-06T16:55:28.557+0000] {processor.py:161} INFO - Started process (PID=97) to work on /opt/airflow/dags/example_bash_dag.py
[2025-12-06T16:55:28.562+0000] {processor.py:830} INFO - Processing file /opt/airflow/dags/example_bash_dag.py for tasks to queue
[2025-12-06T16:55:28.613+0000] {logging_mixin.py:188} INFO - [2025-12-06T16:55:28.611+0000] {dagbag.py:540} INFO - Filling up the DagBag from /opt/airflow/dags/example_bash_dag.py
[2025-12-06T16:55:28.911+0000] {processor.py:840} INFO - DAG(s) 'example_bash_dag' retrieved from /opt/airflow/dags/example_bash_dag.py
[2025-12-06T16:55:31.350+0000] {logging_mixin.py:188} INFO - [2025-12-06T16:55:31.349+0000] {dag.py:3047} INFO - Sync 1 DAGs
[2025-12-06T16:55:32.013+0000] {logging_mixin.py:188} INFO - [2025-12-06T16:55:32.013+0000] {dag.py:3834} INFO - Setting next_dagrun for example_bash_dag to 2025-11-29 00:00:00+00:00, run_after=2025-11-30 00:00:00+00:00
[2025-12-06T16:55:32.694+0000] {processor.py:183} INFO - Processing /opt/airflow/dags/example_bash_dag.py took 4.193 seconds
[2025-12-06T16:56:04.912+0000] {processor.py:161} INFO - Started process (PID=124) to work on /opt/airflow/dags/example_bash_dag.py
[2025-12-06T16:56:04.943+0000] {processor.py:830} INFO - Processing file /opt/airflow/dags/example_bash_dag.py for tasks to queue
[2025-12-06T16:56:04.960+0000] {logging_mixin.py:188} INFO - [2025-12-06T16:56:04.959+0000] {dagbag.py:540} INFO - Filling up the DagBag from /opt/airflow/dags/example_bash_dag.py
[2025-12-06T16:56:05.973+0000] {processor.py:840} INFO - DAG(s) 'example_bash_dag' retrieved from /opt/airflow/dags/example_bash_dag.py
[2025-12-06T16:56:06.413+0000] {logging_mixin.py:188} INFO - [2025-12-06T16:56:06.412+0000] {dag.py:3047} INFO - Sync 1 DAGs
[2025-12-06T16:56:06.947+0000] {logging_mixin.py:188} INFO - [2025-12-06T16:56:06.946+0000] {dag.py:3834} INFO - Setting next_dagrun for example_bash_dag to 2025-11-29 00:00:00+00:00, run_after=2025-11-30 00:00:00+00:00
[2025-12-06T16:56:08.036+0000] {processor.py:183} INFO - Processing /opt/airflow/dags/example_bash_dag.py took 3.160 seconds
[2025-12-06T16:56:44.751+0000] {processor.py:161} INFO - Started process (PID=150) to work on /opt/airflow/dags/example_bash_dag.py
[2025-12-06T16:56:44.796+0000] {processor.py:830} INFO - Processing file /opt/airflow/dags/example_bash_dag.py for tasks to queue
[2025-12-06T16:56:44.858+0000] {logging_mixin.py:188} INFO - [2025-12-06T16:56:44.826+0000] {dagbag.py:540} INFO - Filling up the DagBag from /opt/airflow/dags/example_bash_dag.py
[2025-12-06T16:56:45.598+0000] {processor.py:840} INFO - DAG(s) 'example_bash_dag' retrieved from /opt/airflow/dags/example_bash_dag.py
[2025-12-06T16:56:46.739+0000] {logging_mixin.py:188} INFO - [2025-12-06T16:56:46.739+0000] {dag.py:3047} INFO - Sync 1 DAGs
[2025-12-06T16:56:47.611+0000] {logging_mixin.py:188} INFO - [2025-12-06T16:56:47.544+0000] {dag.py:3834} INFO - Setting next_dagrun for example_bash_dag to 2025-11-29 00:00:00+00:00, run_after=2025-11-30 00:00:00+00:00
[2025-12-06T16:56:48.779+0000] {processor.py:183} INFO - Processing /opt/airflow/dags/example_bash_dag.py took 4.082 seconds
[2025-12-06T17:01:48.919+0000] {processor.py:161} INFO - Started process (PID=72) to work on /opt/airflow/dags/example_bash_dag.py
[2025-12-06T17:01:48.930+0000] {processor.py:830} INFO - Processing file /opt/airflow/dags/example_bash_dag.py for tasks to queue
[2025-12-06T17:01:48.939+0000] {logging_mixin.py:188} INFO - [2025-12-06T17:01:48.938+0000] {dagbag.py:540} INFO - Filling up the DagBag from /opt/airflow/dags/example_bash_dag.py
[2025-12-06T17:01:49.034+0000] {processor.py:840} INFO - DAG(s) 'example_bash_dag' retrieved from /opt/airflow/dags/example_bash_dag.py
[2025-12-06T17:01:49.491+0000] {logging_mixin.py:188} INFO - [2025-12-06T17:01:49.491+0000] {dag.py:3047} INFO - Sync 1 DAGs
[2025-12-06T17:01:49.551+0000] {logging_mixin.py:188} INFO - [2025-12-06T17:01:49.550+0000] {dag.py:3834} INFO - Setting next_dagrun for example_bash_dag to 2025-11-29 00:00:00+00:00, run_after=2025-11-30 00:00:00+00:00
[2025-12-06T17:01:51.021+0000] {processor.py:183} INFO - Processing /opt/airflow/dags/example_bash_dag.py took 2.153 seconds
[2025-12-06T17:02:21.949+0000] {processor.py:161} INFO - Started process (PID=97) to work on /opt/airflow/dags/example_bash_dag.py
[2025-12-06T17:02:21.962+0000] {processor.py:830} INFO - Processing file /opt/airflow/dags/example_bash_dag.py for tasks to queue
[2025-12-06T17:02:21.971+0000] {logging_mixin.py:188} INFO - [2025-12-06T17:02:21.970+0000] {dagbag.py:540} INFO - Filling up the DagBag from /opt/airflow/dags/example_bash_dag.py
[2025-12-06T17:02:22.013+0000] {processor.py:840} INFO - DAG(s) 'example_bash_dag' retrieved from /opt/airflow/dags/example_bash_dag.py
[2025-12-06T17:02:22.053+0000] {logging_mixin.py:188} INFO - [2025-12-06T17:02:22.052+0000] {dag.py:3047} INFO - Sync 1 DAGs
[2025-12-06T17:02:22.110+0000] {logging_mixin.py:188} INFO - [2025-12-06T17:02:22.109+0000] {dag.py:3834} INFO - Setting next_dagrun for example_bash_dag to 2025-11-29 00:00:00+00:00, run_after=2025-11-30 00:00:00+00:00
[2025-12-06T17:02:22.652+0000] {processor.py:183} INFO - Processing /opt/airflow/dags/example_bash_dag.py took 0.720 seconds
[2025-12-06T17:02:54.136+0000] {processor.py:161} INFO - Started process (PID=131) to work on /opt/airflow/dags/example_bash_dag.py
[2025-12-06T17:02:54.172+0000] {processor.py:830} INFO - Processing file /opt/airflow/dags/example_bash_dag.py for tasks to queue
[2025-12-06T17:02:54.225+0000] {logging_mixin.py:188} INFO - [2025-12-06T17:02:54.210+0000] {dagbag.py:540} INFO - Filling up the DagBag from /opt/airflow/dags/example_bash_dag.py
[2025-12-06T17:02:54.487+0000] {processor.py:840} INFO - DAG(s) 'example_bash_dag' retrieved from /opt/airflow/dags/example_bash_dag.py
[2025-12-06T17:02:54.682+0000] {logging_mixin.py:188} INFO - [2025-12-06T17:02:54.682+0000] {dag.py:3047} INFO - Sync 1 DAGs
[2025-12-06T17:02:54.861+0000] {logging_mixin.py:188} INFO - [2025-12-06T17:02:54.861+0000] {dag.py:3834} INFO - Setting next_dagrun for example_bash_dag to 2025-11-29 00:00:00+00:00, run_after=2025-11-30 00:00:00+00:00
[2025-12-06T17:02:55.048+0000] {processor.py:183} INFO - Processing /opt/airflow/dags/example_bash_dag.py took 0.953 seconds
[2025-12-06T17:03:26.878+0000] {processor.py:161} INFO - Started process (PID=157) to work on /opt/airflow/dags/example_bash_dag.py
[2025-12-06T17:03:26.896+0000] {processor.py:830} INFO - Processing file /opt/airflow/dags/example_bash_dag.py for tasks to queue
[2025-12-06T17:03:26.906+0000] {logging_mixin.py:188} INFO - [2025-12-06T17:03:26.901+0000] {dagbag.py:540} INFO - Filling up the DagBag from /opt/airflow/dags/example_bash_dag.py
[2025-12-06T17:03:27.029+0000] {processor.py:840} INFO - DAG(s) 'example_bash_dag' retrieved from /opt/airflow/dags/example_bash_dag.py
[2025-12-06T17:03:27.094+0000] {logging_mixin.py:188} INFO - [2025-12-06T17:03:27.092+0000] {dag.py:3047} INFO - Sync 1 DAGs
[2025-12-06T17:03:27.151+0000] {logging_mixin.py:188} INFO - [2025-12-06T17:03:27.150+0000] {dag.py:3834} INFO - Setting next_dagrun for example_bash_dag to 2025-11-29 00:00:00+00:00, run_after=2025-11-30 00:00:00+00:00
[2025-12-06T17:03:27.200+0000] {processor.py:183} INFO - Processing /opt/airflow/dags/example_bash_dag.py took 0.345 seconds
[2025-12-06T17:03:58.365+0000] {processor.py:161} INFO - Started process (PID=183) to work on /opt/airflow/dags/example_bash_dag.py
[2025-12-06T17:03:58.372+0000] {processor.py:830} INFO - Processing file /opt/airflow/dags/example_bash_dag.py for tasks to queue
[2025-12-06T17:03:58.382+0000] {logging_mixin.py:188} INFO - [2025-12-06T17:03:58.381+0000] {dagbag.py:540} INFO - Filling up the DagBag from /opt/airflow/dags/example_bash_dag.py
[2025-12-06T17:03:58.443+0000] {processor.py:840} INFO - DAG(s) 'example_bash_dag' retrieved from /opt/airflow/dags/example_bash_dag.py
[2025-12-06T17:03:58.537+0000] {logging_mixin.py:188} INFO - [2025-12-06T17:03:58.537+0000] {dag.py:3047} INFO - Sync 1 DAGs
[2025-12-06T17:03:58.585+0000] {logging_mixin.py:188} INFO - [2025-12-06T17:03:58.585+0000] {dag.py:3834} INFO - Setting next_dagrun for example_bash_dag to 2025-11-29 00:00:00+00:00, run_after=2025-11-30 00:00:00+00:00
[2025-12-06T17:03:58.630+0000] {processor.py:183} INFO - Processing /opt/airflow/dags/example_bash_dag.py took 0.278 seconds
[2025-12-06T17:04:28.931+0000] {processor.py:161} INFO - Started process (PID=209) to work on /opt/airflow/dags/example_bash_dag.py
[2025-12-06T17:04:28.933+0000] {processor.py:830} INFO - Processing file /opt/airflow/dags/example_bash_dag.py for tasks to queue
[2025-12-06T17:04:28.938+0000] {logging_mixin.py:188} INFO - [2025-12-06T17:04:28.937+0000] {dagbag.py:540} INFO - Filling up the DagBag from /opt/airflow/dags/example_bash_dag.py
[2025-12-06T17:04:28.972+0000] {processor.py:840} INFO - DAG(s) 'example_bash_dag' retrieved from /opt/airflow/dags/example_bash_dag.py
[2025-12-06T17:04:29.021+0000] {logging_mixin.py:188} INFO - [2025-12-06T17:04:29.020+0000] {dag.py:3047} INFO - Sync 1 DAGs
[2025-12-06T17:04:29.067+0000] {logging_mixin.py:188} INFO - [2025-12-06T17:04:29.066+0000] {dag.py:3834} INFO - Setting next_dagrun for example_bash_dag to 2025-11-29 00:00:00+00:00, run_after=2025-11-30 00:00:00+00:00
[2025-12-06T17:04:29.103+0000] {processor.py:183} INFO - Processing /opt/airflow/dags/example_bash_dag.py took 0.179 seconds
[2025-12-06T17:04:59.299+0000] {processor.py:161} INFO - Started process (PID=233) to work on /opt/airflow/dags/example_bash_dag.py
[2025-12-06T17:04:59.302+0000] {processor.py:830} INFO - Processing file /opt/airflow/dags/example_bash_dag.py for tasks to queue
[2025-12-06T17:04:59.305+0000] {logging_mixin.py:188} INFO - [2025-12-06T17:04:59.305+0000] {dagbag.py:540} INFO - Filling up the DagBag from /opt/airflow/dags/example_bash_dag.py
[2025-12-06T17:04:59.333+0000] {processor.py:840} INFO - DAG(s) 'example_bash_dag' retrieved from /opt/airflow/dags/example_bash_dag.py
[2025-12-06T17:04:59.375+0000] {logging_mixin.py:188} INFO - [2025-12-06T17:04:59.375+0000] {dag.py:3047} INFO - Sync 1 DAGs
[2025-12-06T17:04:59.426+0000] {logging_mixin.py:188} INFO - [2025-12-06T17:04:59.425+0000] {dag.py:3834} INFO - Setting next_dagrun for example_bash_dag to 2025-11-29 00:00:00+00:00, run_after=2025-11-30 00:00:00+00:00
[2025-12-06T17:04:59.473+0000] {processor.py:183} INFO - Processing /opt/airflow/dags/example_bash_dag.py took 0.182 seconds
[2025-12-06T17:05:30.280+0000] {processor.py:161} INFO - Started process (PID=263) to work on /opt/airflow/dags/example_bash_dag.py
[2025-12-06T17:05:30.283+0000] {processor.py:830} INFO - Processing file /opt/airflow/dags/example_bash_dag.py for tasks to queue
[2025-12-06T17:05:30.294+0000] {logging_mixin.py:188} INFO - [2025-12-06T17:05:30.293+0000] {dagbag.py:540} INFO - Filling up the DagBag from /opt/airflow/dags/example_bash_dag.py
[2025-12-06T17:05:30.384+0000] {processor.py:840} INFO - DAG(s) 'example_bash_dag' retrieved from /opt/airflow/dags/example_bash_dag.py
[2025-12-06T17:05:30.456+0000] {logging_mixin.py:188} INFO - [2025-12-06T17:05:30.456+0000] {dag.py:3047} INFO - Sync 1 DAGs
[2025-12-06T17:05:30.532+0000] {logging_mixin.py:188} INFO - [2025-12-06T17:05:30.531+0000] {dag.py:3834} INFO - Setting next_dagrun for example_bash_dag to 2025-11-29 00:00:00+00:00, run_after=2025-11-30 00:00:00+00:00
[2025-12-06T17:05:30.607+0000] {processor.py:183} INFO - Processing /opt/airflow/dags/example_bash_dag.py took 0.341 seconds
[2025-12-06T17:06:01.204+0000] {processor.py:161} INFO - Started process (PID=290) to work on /opt/airflow/dags/example_bash_dag.py
[2025-12-06T17:06:01.211+0000] {processor.py:830} INFO - Processing file /opt/airflow/dags/example_bash_dag.py for tasks to queue
[2025-12-06T17:06:01.225+0000] {logging_mixin.py:188} INFO - [2025-12-06T17:06:01.224+0000] {dagbag.py:540} INFO - Filling up the DagBag from /opt/airflow/dags/example_bash_dag.py
[2025-12-06T17:06:01.398+0000] {processor.py:840} INFO - DAG(s) 'example_bash_dag' retrieved from /opt/airflow/dags/example_bash_dag.py
[2025-12-06T17:06:01.529+0000] {logging_mixin.py:188} INFO - [2025-12-06T17:06:01.529+0000] {dag.py:3047} INFO - Sync 1 DAGs
[2025-12-06T17:06:01.602+0000] {logging_mixin.py:188} INFO - [2025-12-06T17:06:01.601+0000] {dag.py:3834} INFO - Setting next_dagrun for example_bash_dag to 2025-11-29 00:00:00+00:00, run_after=2025-11-30 00:00:00+00:00
[2025-12-06T17:06:01.646+0000] {processor.py:183} INFO - Processing /opt/airflow/dags/example_bash_dag.py took 0.450 seconds
[2025-12-06T17:06:32.153+0000] {processor.py:161} INFO - Started process (PID=316) to work on /opt/airflow/dags/example_bash_dag.py
[2025-12-06T17:06:32.156+0000] {processor.py:830} INFO - Processing file /opt/airflow/dags/example_bash_dag.py for tasks to queue
[2025-12-06T17:06:32.167+0000] {logging_mixin.py:188} INFO - [2025-12-06T17:06:32.167+0000] {dagbag.py:540} INFO - Filling up the DagBag from /opt/airflow/dags/example_bash_dag.py
[2025-12-06T17:06:32.216+0000] {processor.py:840} INFO - DAG(s) 'example_bash_dag' retrieved from /opt/airflow/dags/example_bash_dag.py
[2025-12-06T17:06:32.265+0000] {logging_mixin.py:188} INFO - [2025-12-06T17:06:32.264+0000] {dag.py:3047} INFO - Sync 1 DAGs
[2025-12-06T17:06:32.315+0000] {logging_mixin.py:188} INFO - [2025-12-06T17:06:32.315+0000] {dag.py:3834} INFO - Setting next_dagrun for example_bash_dag to 2025-11-29 00:00:00+00:00, run_after=2025-11-30 00:00:00+00:00
[2025-12-06T17:06:32.376+0000] {processor.py:183} INFO - Processing /opt/airflow/dags/example_bash_dag.py took 0.244 seconds
[2025-12-06T17:07:03.067+0000] {processor.py:161} INFO - Started process (PID=342) to work on /opt/airflow/dags/example_bash_dag.py
[2025-12-06T17:07:03.073+0000] {processor.py:830} INFO - Processing file /opt/airflow/dags/example_bash_dag.py for tasks to queue
[2025-12-06T17:07:03.076+0000] {logging_mixin.py:188} INFO - [2025-12-06T17:07:03.076+0000] {dagbag.py:540} INFO - Filling up the DagBag from /opt/airflow/dags/example_bash_dag.py
[2025-12-06T17:07:03.107+0000] {processor.py:840} INFO - DAG(s) 'example_bash_dag' retrieved from /opt/airflow/dags/example_bash_dag.py
[2025-12-06T17:07:03.165+0000] {logging_mixin.py:188} INFO - [2025-12-06T17:07:03.165+0000] {dag.py:3047} INFO - Sync 1 DAGs
[2025-12-06T17:07:03.229+0000] {logging_mixin.py:188} INFO - [2025-12-06T17:07:03.228+0000] {dag.py:3834} INFO - Setting next_dagrun for example_bash_dag to 2025-11-29 00:00:00+00:00, run_after=2025-11-30 00:00:00+00:00
[2025-12-06T17:07:03.268+0000] {processor.py:183} INFO - Processing /opt/airflow/dags/example_bash_dag.py took 0.206 seconds
[2025-12-06T17:07:34.075+0000] {processor.py:161} INFO - Started process (PID=368) to work on /opt/airflow/dags/example_bash_dag.py
[2025-12-06T17:07:34.079+0000] {processor.py:830} INFO - Processing file /opt/airflow/dags/example_bash_dag.py for tasks to queue
[2025-12-06T17:07:34.085+0000] {logging_mixin.py:188} INFO - [2025-12-06T17:07:34.084+0000] {dagbag.py:540} INFO - Filling up the DagBag from /opt/airflow/dags/example_bash_dag.py
[2025-12-06T17:07:34.173+0000] {processor.py:840} INFO - DAG(s) 'example_bash_dag' retrieved from /opt/airflow/dags/example_bash_dag.py
[2025-12-06T17:07:34.227+0000] {logging_mixin.py:188} INFO - [2025-12-06T17:07:34.227+0000] {dag.py:3047} INFO - Sync 1 DAGs
[2025-12-06T17:07:34.278+0000] {logging_mixin.py:188} INFO - [2025-12-06T17:07:34.277+0000] {dag.py:3834} INFO - Setting next_dagrun for example_bash_dag to 2025-11-29 00:00:00+00:00, run_after=2025-11-30 00:00:00+00:00
[2025-12-06T17:07:34.330+0000] {processor.py:183} INFO - Processing /opt/airflow/dags/example_bash_dag.py took 0.272 seconds
[2025-12-06T17:08:04.685+0000] {processor.py:161} INFO - Started process (PID=401) to work on /opt/airflow/dags/example_bash_dag.py
[2025-12-06T17:08:04.687+0000] {processor.py:830} INFO - Processing file /opt/airflow/dags/example_bash_dag.py for tasks to queue
[2025-12-06T17:08:04.694+0000] {logging_mixin.py:188} INFO - [2025-12-06T17:08:04.692+0000] {dagbag.py:540} INFO - Filling up the DagBag from /opt/airflow/dags/example_bash_dag.py
[2025-12-06T17:08:04.720+0000] {processor.py:840} INFO - DAG(s) 'example_bash_dag' retrieved from /opt/airflow/dags/example_bash_dag.py
[2025-12-06T17:08:04.762+0000] {logging_mixin.py:188} INFO - [2025-12-06T17:08:04.761+0000] {dag.py:3047} INFO - Sync 1 DAGs
[2025-12-06T17:08:04.800+0000] {logging_mixin.py:188} INFO - [2025-12-06T17:08:04.799+0000] {dag.py:3834} INFO - Setting next_dagrun for example_bash_dag to 2025-11-29 00:00:00+00:00, run_after=2025-11-30 00:00:00+00:00
[2025-12-06T17:08:04.844+0000] {processor.py:183} INFO - Processing /opt/airflow/dags/example_bash_dag.py took 0.164 seconds
[2025-12-06T17:08:35.729+0000] {processor.py:161} INFO - Started process (PID=428) to work on /opt/airflow/dags/example_bash_dag.py
[2025-12-06T17:08:35.731+0000] {processor.py:830} INFO - Processing file /opt/airflow/dags/example_bash_dag.py for tasks to queue
[2025-12-06T17:08:35.734+0000] {logging_mixin.py:188} INFO - [2025-12-06T17:08:35.733+0000] {dagbag.py:540} INFO - Filling up the DagBag from /opt/airflow/dags/example_bash_dag.py
[2025-12-06T17:08:35.757+0000] {processor.py:840} INFO - DAG(s) 'example_bash_dag' retrieved from /opt/airflow/dags/example_bash_dag.py
[2025-12-06T17:08:35.795+0000] {logging_mixin.py:188} INFO - [2025-12-06T17:08:35.795+0000] {dag.py:3047} INFO - Sync 1 DAGs
[2025-12-06T17:08:35.831+0000] {logging_mixin.py:188} INFO - [2025-12-06T17:08:35.831+0000] {dag.py:3834} INFO - Setting next_dagrun for example_bash_dag to 2025-11-29 00:00:00+00:00, run_after=2025-11-30 00:00:00+00:00
[2025-12-06T17:08:35.868+0000] {processor.py:183} INFO - Processing /opt/airflow/dags/example_bash_dag.py took 0.147 seconds
[2025-12-06T17:09:06.700+0000] {processor.py:161} INFO - Started process (PID=454) to work on /opt/airflow/dags/example_bash_dag.py
[2025-12-06T17:09:06.702+0000] {processor.py:830} INFO - Processing file /opt/airflow/dags/example_bash_dag.py for tasks to queue
[2025-12-06T17:09:06.706+0000] {logging_mixin.py:188} INFO - [2025-12-06T17:09:06.705+0000] {dagbag.py:540} INFO - Filling up the DagBag from /opt/airflow/dags/example_bash_dag.py
[2025-12-06T17:09:06.753+0000] {processor.py:840} INFO - DAG(s) 'example_bash_dag' retrieved from /opt/airflow/dags/example_bash_dag.py
[2025-12-06T17:09:06.802+0000] {logging_mixin.py:188} INFO - [2025-12-06T17:09:06.802+0000] {dag.py:3047} INFO - Sync 1 DAGs
[2025-12-06T17:09:06.859+0000] {logging_mixin.py:188} INFO - [2025-12-06T17:09:06.858+0000] {dag.py:3834} INFO - Setting next_dagrun for example_bash_dag to 2025-11-29 00:00:00+00:00, run_after=2025-11-30 00:00:00+00:00
[2025-12-06T17:09:06.897+0000] {processor.py:183} INFO - Processing /opt/airflow/dags/example_bash_dag.py took 0.205 seconds
[2025-12-06T17:09:37.508+0000] {processor.py:161} INFO - Started process (PID=480) to work on /opt/airflow/dags/example_bash_dag.py
[2025-12-06T17:09:37.510+0000] {processor.py:830} INFO - Processing file /opt/airflow/dags/example_bash_dag.py for tasks to queue
[2025-12-06T17:09:37.514+0000] {logging_mixin.py:188} INFO - [2025-12-06T17:09:37.514+0000] {dagbag.py:540} INFO - Filling up the DagBag from /opt/airflow/dags/example_bash_dag.py
[2025-12-06T17:09:37.545+0000] {processor.py:840} INFO - DAG(s) 'example_bash_dag' retrieved from /opt/airflow/dags/example_bash_dag.py
[2025-12-06T17:09:37.596+0000] {logging_mixin.py:188} INFO - [2025-12-06T17:09:37.596+0000] {dag.py:3047} INFO - Sync 1 DAGs
[2025-12-06T17:09:37.656+0000] {logging_mixin.py:188} INFO - [2025-12-06T17:09:37.655+0000] {dag.py:3834} INFO - Setting next_dagrun for example_bash_dag to 2025-11-29 00:00:00+00:00, run_after=2025-11-30 00:00:00+00:00
[2025-12-06T17:09:37.703+0000] {processor.py:183} INFO - Processing /opt/airflow/dags/example_bash_dag.py took 0.201 seconds
[2025-12-06T17:10:08.159+0000] {processor.py:161} INFO - Started process (PID=507) to work on /opt/airflow/dags/example_bash_dag.py
[2025-12-06T17:10:08.163+0000] {processor.py:830} INFO - Processing file /opt/airflow/dags/example_bash_dag.py for tasks to queue
[2025-12-06T17:10:08.171+0000] {logging_mixin.py:188} INFO - [2025-12-06T17:10:08.170+0000] {dagbag.py:540} INFO - Filling up the DagBag from /opt/airflow/dags/example_bash_dag.py
[2025-12-06T17:10:08.240+0000] {processor.py:840} INFO - DAG(s) 'example_bash_dag' retrieved from /opt/airflow/dags/example_bash_dag.py
[2025-12-06T17:10:08.291+0000] {logging_mixin.py:188} INFO - [2025-12-06T17:10:08.291+0000] {dag.py:3047} INFO - Sync 1 DAGs
[2025-12-06T17:10:08.332+0000] {logging_mixin.py:188} INFO - [2025-12-06T17:10:08.331+0000] {dag.py:3834} INFO - Setting next_dagrun for example_bash_dag to 2025-11-29 00:00:00+00:00, run_after=2025-11-30 00:00:00+00:00
[2025-12-06T17:10:08.390+0000] {processor.py:183} INFO - Processing /opt/airflow/dags/example_bash_dag.py took 0.241 seconds
[2025-12-06T17:10:38.710+0000] {processor.py:161} INFO - Started process (PID=533) to work on /opt/airflow/dags/example_bash_dag.py
[2025-12-06T17:10:38.713+0000] {processor.py:830} INFO - Processing file /opt/airflow/dags/example_bash_dag.py for tasks to queue
[2025-12-06T17:10:38.718+0000] {logging_mixin.py:188} INFO - [2025-12-06T17:10:38.717+0000] {dagbag.py:540} INFO - Filling up the DagBag from /opt/airflow/dags/example_bash_dag.py
[2025-12-06T17:10:38.775+0000] {processor.py:840} INFO - DAG(s) 'example_bash_dag' retrieved from /opt/airflow/dags/example_bash_dag.py
[2025-12-06T17:10:38.820+0000] {logging_mixin.py:188} INFO - [2025-12-06T17:10:38.820+0000] {dag.py:3047} INFO - Sync 1 DAGs
[2025-12-06T17:10:38.859+0000] {logging_mixin.py:188} INFO - [2025-12-06T17:10:38.858+0000] {dag.py:3834} INFO - Setting next_dagrun for example_bash_dag to 2025-11-29 00:00:00+00:00, run_after=2025-11-30 00:00:00+00:00
[2025-12-06T17:10:38.903+0000] {processor.py:183} INFO - Processing /opt/airflow/dags/example_bash_dag.py took 0.199 seconds
[2025-12-06T17:11:09.829+0000] {processor.py:161} INFO - Started process (PID=567) to work on /opt/airflow/dags/example_bash_dag.py
[2025-12-06T17:11:09.831+0000] {processor.py:830} INFO - Processing file /opt/airflow/dags/example_bash_dag.py for tasks to queue
[2025-12-06T17:11:09.836+0000] {logging_mixin.py:188} INFO - [2025-12-06T17:11:09.836+0000] {dagbag.py:540} INFO - Filling up the DagBag from /opt/airflow/dags/example_bash_dag.py
[2025-12-06T17:11:09.870+0000] {processor.py:840} INFO - DAG(s) 'example_bash_dag' retrieved from /opt/airflow/dags/example_bash_dag.py
[2025-12-06T17:11:09.921+0000] {logging_mixin.py:188} INFO - [2025-12-06T17:11:09.920+0000] {dag.py:3047} INFO - Sync 1 DAGs
[2025-12-06T17:11:09.969+0000] {logging_mixin.py:188} INFO - [2025-12-06T17:11:09.968+0000] {dag.py:3834} INFO - Setting next_dagrun for example_bash_dag to 2025-11-29 00:00:00+00:00, run_after=2025-11-30 00:00:00+00:00
[2025-12-06T17:11:10.018+0000] {processor.py:183} INFO - Processing /opt/airflow/dags/example_bash_dag.py took 0.197 seconds
[2025-12-06T17:11:40.927+0000] {processor.py:161} INFO - Started process (PID=593) to work on /opt/airflow/dags/example_bash_dag.py
[2025-12-06T17:11:40.930+0000] {processor.py:830} INFO - Processing file /opt/airflow/dags/example_bash_dag.py for tasks to queue
[2025-12-06T17:11:40.935+0000] {logging_mixin.py:188} INFO - [2025-12-06T17:11:40.934+0000] {dagbag.py:540} INFO - Filling up the DagBag from /opt/airflow/dags/example_bash_dag.py
[2025-12-06T17:11:40.974+0000] {processor.py:840} INFO - DAG(s) 'example_bash_dag' retrieved from /opt/airflow/dags/example_bash_dag.py
[2025-12-06T17:11:41.028+0000] {logging_mixin.py:188} INFO - [2025-12-06T17:11:41.027+0000] {dag.py:3047} INFO - Sync 1 DAGs
[2025-12-06T17:11:41.081+0000] {logging_mixin.py:188} INFO - [2025-12-06T17:11:41.080+0000] {dag.py:3834} INFO - Setting next_dagrun for example_bash_dag to 2025-11-29 00:00:00+00:00, run_after=2025-11-30 00:00:00+00:00
[2025-12-06T17:11:41.138+0000] {processor.py:183} INFO - Processing /opt/airflow/dags/example_bash_dag.py took 0.218 seconds
[2025-12-06T17:12:12.171+0000] {processor.py:161} INFO - Started process (PID=618) to work on /opt/airflow/dags/example_bash_dag.py
[2025-12-06T17:12:12.173+0000] {processor.py:830} INFO - Processing file /opt/airflow/dags/example_bash_dag.py for tasks to queue
[2025-12-06T17:12:12.177+0000] {logging_mixin.py:188} INFO - [2025-12-06T17:12:12.177+0000] {dagbag.py:540} INFO - Filling up the DagBag from /opt/airflow/dags/example_bash_dag.py
[2025-12-06T17:12:12.230+0000] {processor.py:840} INFO - DAG(s) 'example_bash_dag' retrieved from /opt/airflow/dags/example_bash_dag.py
[2025-12-06T17:12:12.361+0000] {logging_mixin.py:188} INFO - [2025-12-06T17:12:12.360+0000] {dag.py:3047} INFO - Sync 1 DAGs
[2025-12-06T17:12:12.450+0000] {logging_mixin.py:188} INFO - [2025-12-06T17:12:12.449+0000] {dag.py:3834} INFO - Setting next_dagrun for example_bash_dag to 2025-11-29 00:00:00+00:00, run_after=2025-11-30 00:00:00+00:00
[2025-12-06T17:12:12.494+0000] {processor.py:183} INFO - Processing /opt/airflow/dags/example_bash_dag.py took 0.329 seconds
[2025-12-06T17:12:42.841+0000] {processor.py:161} INFO - Started process (PID=652) to work on /opt/airflow/dags/example_bash_dag.py
[2025-12-06T17:12:42.843+0000] {processor.py:830} INFO - Processing file /opt/airflow/dags/example_bash_dag.py for tasks to queue
[2025-12-06T17:12:42.846+0000] {logging_mixin.py:188} INFO - [2025-12-06T17:12:42.846+0000] {dagbag.py:540} INFO - Filling up the DagBag from /opt/airflow/dags/example_bash_dag.py
[2025-12-06T17:12:42.880+0000] {processor.py:840} INFO - DAG(s) 'example_bash_dag' retrieved from /opt/airflow/dags/example_bash_dag.py
[2025-12-06T17:12:42.925+0000] {logging_mixin.py:188} INFO - [2025-12-06T17:12:42.925+0000] {dag.py:3047} INFO - Sync 1 DAGs
[2025-12-06T17:12:42.963+0000] {logging_mixin.py:188} INFO - [2025-12-06T17:12:42.963+0000] {dag.py:3834} INFO - Setting next_dagrun for example_bash_dag to 2025-11-29 00:00:00+00:00, run_after=2025-11-30 00:00:00+00:00
[2025-12-06T17:12:42.994+0000] {processor.py:183} INFO - Processing /opt/airflow/dags/example_bash_dag.py took 0.159 seconds
[2025-12-06T17:13:16.204+0000] {processor.py:161} INFO - Started process (PID=678) to work on /opt/airflow/dags/example_bash_dag.py
[2025-12-06T17:13:16.217+0000] {processor.py:830} INFO - Processing file /opt/airflow/dags/example_bash_dag.py for tasks to queue
[2025-12-06T17:13:16.232+0000] {logging_mixin.py:188} INFO - [2025-12-06T17:13:16.231+0000] {dagbag.py:540} INFO - Filling up the DagBag from /opt/airflow/dags/example_bash_dag.py
[2025-12-06T17:13:16.277+0000] {processor.py:840} INFO - DAG(s) 'example_bash_dag' retrieved from /opt/airflow/dags/example_bash_dag.py
[2025-12-06T17:13:16.420+0000] {logging_mixin.py:188} INFO - [2025-12-06T17:13:16.419+0000] {dag.py:3047} INFO - Sync 1 DAGs
[2025-12-06T17:13:16.633+0000] {logging_mixin.py:188} INFO - [2025-12-06T17:13:16.632+0000] {dag.py:3834} INFO - Setting next_dagrun for example_bash_dag to 2025-11-29 00:00:00+00:00, run_after=2025-11-30 00:00:00+00:00
[2025-12-06T17:13:16.819+0000] {processor.py:183} INFO - Processing /opt/airflow/dags/example_bash_dag.py took 0.623 seconds
[2025-12-06T17:13:49.036+0000] {processor.py:161} INFO - Started process (PID=704) to work on /opt/airflow/dags/example_bash_dag.py
[2025-12-06T17:13:49.039+0000] {processor.py:830} INFO - Processing file /opt/airflow/dags/example_bash_dag.py for tasks to queue
[2025-12-06T17:13:49.056+0000] {logging_mixin.py:188} INFO - [2025-12-06T17:13:49.042+0000] {dagbag.py:540} INFO - Filling up the DagBag from /opt/airflow/dags/example_bash_dag.py
[2025-12-06T17:13:49.939+0000] {processor.py:840} INFO - DAG(s) 'example_bash_dag' retrieved from /opt/airflow/dags/example_bash_dag.py
[2025-12-06T17:13:50.146+0000] {logging_mixin.py:188} INFO - [2025-12-06T17:13:50.146+0000] {dag.py:3047} INFO - Sync 1 DAGs
[2025-12-06T17:13:50.414+0000] {logging_mixin.py:188} INFO - [2025-12-06T17:13:50.413+0000] {dag.py:3834} INFO - Setting next_dagrun for example_bash_dag to 2025-11-29 00:00:00+00:00, run_after=2025-11-30 00:00:00+00:00
[2025-12-06T17:13:50.840+0000] {processor.py:183} INFO - Processing /opt/airflow/dags/example_bash_dag.py took 1.820 seconds
[2025-12-06T17:14:21.573+0000] {processor.py:161} INFO - Started process (PID=722) to work on /opt/airflow/dags/example_bash_dag.py
[2025-12-06T17:14:21.575+0000] {processor.py:830} INFO - Processing file /opt/airflow/dags/example_bash_dag.py for tasks to queue
[2025-12-06T17:14:21.581+0000] {logging_mixin.py:188} INFO - [2025-12-06T17:14:21.580+0000] {dagbag.py:540} INFO - Filling up the DagBag from /opt/airflow/dags/example_bash_dag.py
[2025-12-06T17:14:21.718+0000] {processor.py:840} INFO - DAG(s) 'example_bash_dag' retrieved from /opt/airflow/dags/example_bash_dag.py
[2025-12-06T17:14:21.914+0000] {logging_mixin.py:188} INFO - [2025-12-06T17:14:21.913+0000] {dag.py:3047} INFO - Sync 1 DAGs
[2025-12-06T17:14:22.035+0000] {logging_mixin.py:188} INFO - [2025-12-06T17:14:22.035+0000] {dag.py:3834} INFO - Setting next_dagrun for example_bash_dag to 2025-11-29 00:00:00+00:00, run_after=2025-11-30 00:00:00+00:00
[2025-12-06T17:14:22.145+0000] {processor.py:183} INFO - Processing /opt/airflow/dags/example_bash_dag.py took 0.580 seconds
[2025-12-06T17:14:52.651+0000] {processor.py:161} INFO - Started process (PID=748) to work on /opt/airflow/dags/example_bash_dag.py
[2025-12-06T17:14:52.668+0000] {processor.py:830} INFO - Processing file /opt/airflow/dags/example_bash_dag.py for tasks to queue
[2025-12-06T17:14:52.685+0000] {logging_mixin.py:188} INFO - [2025-12-06T17:14:52.682+0000] {dagbag.py:540} INFO - Filling up the DagBag from /opt/airflow/dags/example_bash_dag.py
[2025-12-06T17:14:53.083+0000] {processor.py:840} INFO - DAG(s) 'example_bash_dag' retrieved from /opt/airflow/dags/example_bash_dag.py
[2025-12-06T17:14:53.295+0000] {logging_mixin.py:188} INFO - [2025-12-06T17:14:53.294+0000] {dag.py:3047} INFO - Sync 1 DAGs
[2025-12-06T17:14:53.638+0000] {logging_mixin.py:188} INFO - [2025-12-06T17:14:53.637+0000] {dag.py:3834} INFO - Setting next_dagrun for example_bash_dag to 2025-11-29 00:00:00+00:00, run_after=2025-11-30 00:00:00+00:00
[2025-12-06T17:14:53.831+0000] {processor.py:183} INFO - Processing /opt/airflow/dags/example_bash_dag.py took 1.201 seconds
[2025-12-06T17:15:24.441+0000] {processor.py:161} INFO - Started process (PID=772) to work on /opt/airflow/dags/example_bash_dag.py
[2025-12-06T17:15:24.447+0000] {processor.py:830} INFO - Processing file /opt/airflow/dags/example_bash_dag.py for tasks to queue
[2025-12-06T17:15:24.474+0000] {logging_mixin.py:188} INFO - [2025-12-06T17:15:24.473+0000] {dagbag.py:540} INFO - Filling up the DagBag from /opt/airflow/dags/example_bash_dag.py
[2025-12-06T17:15:24.751+0000] {processor.py:840} INFO - DAG(s) 'example_bash_dag' retrieved from /opt/airflow/dags/example_bash_dag.py
[2025-12-06T17:15:24.908+0000] {logging_mixin.py:188} INFO - [2025-12-06T17:15:24.908+0000] {dag.py:3047} INFO - Sync 1 DAGs
[2025-12-06T17:15:25.078+0000] {logging_mixin.py:188} INFO - [2025-12-06T17:15:25.058+0000] {dag.py:3834} INFO - Setting next_dagrun for example_bash_dag to 2025-11-29 00:00:00+00:00, run_after=2025-11-30 00:00:00+00:00
[2025-12-06T17:15:25.435+0000] {processor.py:183} INFO - Processing /opt/airflow/dags/example_bash_dag.py took 1.016 seconds
[2025-12-06T17:15:55.815+0000] {processor.py:161} INFO - Started process (PID=791) to work on /opt/airflow/dags/example_bash_dag.py
[2025-12-06T17:15:55.821+0000] {processor.py:830} INFO - Processing file /opt/airflow/dags/example_bash_dag.py for tasks to queue
[2025-12-06T17:15:55.834+0000] {logging_mixin.py:188} INFO - [2025-12-06T17:15:55.833+0000] {dagbag.py:540} INFO - Filling up the DagBag from /opt/airflow/dags/example_bash_dag.py
[2025-12-06T17:15:55.887+0000] {processor.py:840} INFO - DAG(s) 'example_bash_dag' retrieved from /opt/airflow/dags/example_bash_dag.py
[2025-12-06T17:15:55.999+0000] {logging_mixin.py:188} INFO - [2025-12-06T17:15:55.998+0000] {dag.py:3047} INFO - Sync 1 DAGs
[2025-12-06T17:15:56.122+0000] {logging_mixin.py:188} INFO - [2025-12-06T17:15:56.122+0000] {dag.py:3834} INFO - Setting next_dagrun for example_bash_dag to 2025-11-29 00:00:00+00:00, run_after=2025-11-30 00:00:00+00:00
[2025-12-06T17:15:56.170+0000] {processor.py:183} INFO - Processing /opt/airflow/dags/example_bash_dag.py took 0.363 seconds
[2025-12-06T17:16:26.380+0000] {processor.py:161} INFO - Started process (PID=817) to work on /opt/airflow/dags/example_bash_dag.py
[2025-12-06T17:16:26.382+0000] {processor.py:830} INFO - Processing file /opt/airflow/dags/example_bash_dag.py for tasks to queue
[2025-12-06T17:16:26.388+0000] {logging_mixin.py:188} INFO - [2025-12-06T17:16:26.387+0000] {dagbag.py:540} INFO - Filling up the DagBag from /opt/airflow/dags/example_bash_dag.py
[2025-12-06T17:16:26.425+0000] {processor.py:840} INFO - DAG(s) 'example_bash_dag' retrieved from /opt/airflow/dags/example_bash_dag.py
[2025-12-06T17:16:26.481+0000] {logging_mixin.py:188} INFO - [2025-12-06T17:16:26.480+0000] {dag.py:3047} INFO - Sync 1 DAGs
[2025-12-06T17:16:26.542+0000] {logging_mixin.py:188} INFO - [2025-12-06T17:16:26.542+0000] {dag.py:3834} INFO - Setting next_dagrun for example_bash_dag to 2025-11-29 00:00:00+00:00, run_after=2025-11-30 00:00:00+00:00
[2025-12-06T17:16:26.608+0000] {processor.py:183} INFO - Processing /opt/airflow/dags/example_bash_dag.py took 0.234 seconds
[2025-12-06T17:16:56.929+0000] {processor.py:161} INFO - Started process (PID=843) to work on /opt/airflow/dags/example_bash_dag.py
[2025-12-06T17:16:56.932+0000] {processor.py:830} INFO - Processing file /opt/airflow/dags/example_bash_dag.py for tasks to queue
[2025-12-06T17:16:56.937+0000] {logging_mixin.py:188} INFO - [2025-12-06T17:16:56.936+0000] {dagbag.py:540} INFO - Filling up the DagBag from /opt/airflow/dags/example_bash_dag.py
[2025-12-06T17:16:56.975+0000] {processor.py:840} INFO - DAG(s) 'example_bash_dag' retrieved from /opt/airflow/dags/example_bash_dag.py
[2025-12-06T17:16:57.021+0000] {logging_mixin.py:188} INFO - [2025-12-06T17:16:57.021+0000] {dag.py:3047} INFO - Sync 1 DAGs
[2025-12-06T17:16:57.066+0000] {logging_mixin.py:188} INFO - [2025-12-06T17:16:57.065+0000] {dag.py:3834} INFO - Setting next_dagrun for example_bash_dag to 2025-11-29 00:00:00+00:00, run_after=2025-11-30 00:00:00+00:00
[2025-12-06T17:16:57.104+0000] {processor.py:183} INFO - Processing /opt/airflow/dags/example_bash_dag.py took 0.182 seconds
[2025-12-06T17:17:27.374+0000] {processor.py:161} INFO - Started process (PID=868) to work on /opt/airflow/dags/example_bash_dag.py
[2025-12-06T17:17:27.377+0000] {processor.py:830} INFO - Processing file /opt/airflow/dags/example_bash_dag.py for tasks to queue
[2025-12-06T17:17:27.383+0000] {logging_mixin.py:188} INFO - [2025-12-06T17:17:27.383+0000] {dagbag.py:540} INFO - Filling up the DagBag from /opt/airflow/dags/example_bash_dag.py
[2025-12-06T17:17:27.431+0000] {processor.py:840} INFO - DAG(s) 'example_bash_dag' retrieved from /opt/airflow/dags/example_bash_dag.py
[2025-12-06T17:17:27.480+0000] {logging_mixin.py:188} INFO - [2025-12-06T17:17:27.479+0000] {dag.py:3047} INFO - Sync 1 DAGs
[2025-12-06T17:17:27.518+0000] {logging_mixin.py:188} INFO - [2025-12-06T17:17:27.517+0000] {dag.py:3834} INFO - Setting next_dagrun for example_bash_dag to 2025-11-29 00:00:00+00:00, run_after=2025-11-30 00:00:00+00:00
[2025-12-06T17:17:27.555+0000] {processor.py:183} INFO - Processing /opt/airflow/dags/example_bash_dag.py took 0.190 seconds
[2025-12-06T17:17:58.167+0000] {processor.py:161} INFO - Started process (PID=894) to work on /opt/airflow/dags/example_bash_dag.py
[2025-12-06T17:17:58.169+0000] {processor.py:830} INFO - Processing file /opt/airflow/dags/example_bash_dag.py for tasks to queue
[2025-12-06T17:17:58.174+0000] {logging_mixin.py:188} INFO - [2025-12-06T17:17:58.173+0000] {dagbag.py:540} INFO - Filling up the DagBag from /opt/airflow/dags/example_bash_dag.py
[2025-12-06T17:17:58.213+0000] {processor.py:840} INFO - DAG(s) 'example_bash_dag' retrieved from /opt/airflow/dags/example_bash_dag.py
[2025-12-06T17:17:58.281+0000] {logging_mixin.py:188} INFO - [2025-12-06T17:17:58.281+0000] {dag.py:3047} INFO - Sync 1 DAGs
[2025-12-06T17:17:58.339+0000] {logging_mixin.py:188} INFO - [2025-12-06T17:17:58.339+0000] {dag.py:3834} INFO - Setting next_dagrun for example_bash_dag to 2025-11-29 00:00:00+00:00, run_after=2025-11-30 00:00:00+00:00
[2025-12-06T17:17:58.390+0000] {processor.py:183} INFO - Processing /opt/airflow/dags/example_bash_dag.py took 0.231 seconds
[2025-12-06T17:18:28.980+0000] {processor.py:161} INFO - Started process (PID=926) to work on /opt/airflow/dags/example_bash_dag.py
[2025-12-06T17:18:28.984+0000] {processor.py:830} INFO - Processing file /opt/airflow/dags/example_bash_dag.py for tasks to queue
[2025-12-06T17:18:28.987+0000] {logging_mixin.py:188} INFO - [2025-12-06T17:18:28.987+0000] {dagbag.py:540} INFO - Filling up the DagBag from /opt/airflow/dags/example_bash_dag.py
[2025-12-06T17:18:29.044+0000] {processor.py:840} INFO - DAG(s) 'example_bash_dag' retrieved from /opt/airflow/dags/example_bash_dag.py
[2025-12-06T17:18:29.115+0000] {logging_mixin.py:188} INFO - [2025-12-06T17:18:29.115+0000] {dag.py:3047} INFO - Sync 1 DAGs
[2025-12-06T17:18:29.171+0000] {logging_mixin.py:188} INFO - [2025-12-06T17:18:29.171+0000] {dag.py:3834} INFO - Setting next_dagrun for example_bash_dag to 2025-11-29 00:00:00+00:00, run_after=2025-11-30 00:00:00+00:00
[2025-12-06T17:18:29.225+0000] {processor.py:183} INFO - Processing /opt/airflow/dags/example_bash_dag.py took 0.253 seconds
[2025-12-06T17:18:59.452+0000] {processor.py:161} INFO - Started process (PID=952) to work on /opt/airflow/dags/example_bash_dag.py
[2025-12-06T17:18:59.455+0000] {processor.py:830} INFO - Processing file /opt/airflow/dags/example_bash_dag.py for tasks to queue
[2025-12-06T17:18:59.490+0000] {logging_mixin.py:188} INFO - [2025-12-06T17:18:59.479+0000] {dagbag.py:540} INFO - Filling up the DagBag from /opt/airflow/dags/example_bash_dag.py
[2025-12-06T17:18:59.655+0000] {processor.py:840} INFO - DAG(s) 'example_bash_dag' retrieved from /opt/airflow/dags/example_bash_dag.py
[2025-12-06T17:18:59.774+0000] {logging_mixin.py:188} INFO - [2025-12-06T17:18:59.773+0000] {dag.py:3047} INFO - Sync 1 DAGs
[2025-12-06T17:18:59.853+0000] {logging_mixin.py:188} INFO - [2025-12-06T17:18:59.852+0000] {dag.py:3834} INFO - Setting next_dagrun for example_bash_dag to 2025-11-29 00:00:00+00:00, run_after=2025-11-30 00:00:00+00:00
[2025-12-06T17:18:59.907+0000] {processor.py:183} INFO - Processing /opt/airflow/dags/example_bash_dag.py took 0.470 seconds
[2025-12-06T17:19:30.218+0000] {processor.py:161} INFO - Started process (PID=978) to work on /opt/airflow/dags/example_bash_dag.py
[2025-12-06T17:19:30.221+0000] {processor.py:830} INFO - Processing file /opt/airflow/dags/example_bash_dag.py for tasks to queue
[2025-12-06T17:19:30.225+0000] {logging_mixin.py:188} INFO - [2025-12-06T17:19:30.224+0000] {dagbag.py:540} INFO - Filling up the DagBag from /opt/airflow/dags/example_bash_dag.py
[2025-12-06T17:19:30.259+0000] {processor.py:840} INFO - DAG(s) 'example_bash_dag' retrieved from /opt/airflow/dags/example_bash_dag.py
[2025-12-06T17:19:30.301+0000] {logging_mixin.py:188} INFO - [2025-12-06T17:19:30.300+0000] {dag.py:3047} INFO - Sync 1 DAGs
[2025-12-06T17:19:30.350+0000] {logging_mixin.py:188} INFO - [2025-12-06T17:19:30.349+0000] {dag.py:3834} INFO - Setting next_dagrun for example_bash_dag to 2025-11-29 00:00:00+00:00, run_after=2025-11-30 00:00:00+00:00
[2025-12-06T17:19:30.446+0000] {processor.py:183} INFO - Processing /opt/airflow/dags/example_bash_dag.py took 0.234 seconds
[2025-12-06T17:20:00.895+0000] {processor.py:161} INFO - Started process (PID=1003) to work on /opt/airflow/dags/example_bash_dag.py
[2025-12-06T17:20:00.897+0000] {processor.py:830} INFO - Processing file /opt/airflow/dags/example_bash_dag.py for tasks to queue
[2025-12-06T17:20:00.902+0000] {logging_mixin.py:188} INFO - [2025-12-06T17:20:00.901+0000] {dagbag.py:540} INFO - Filling up the DagBag from /opt/airflow/dags/example_bash_dag.py
[2025-12-06T17:20:00.943+0000] {processor.py:840} INFO - DAG(s) 'example_bash_dag' retrieved from /opt/airflow/dags/example_bash_dag.py
[2025-12-06T17:20:00.996+0000] {logging_mixin.py:188} INFO - [2025-12-06T17:20:00.995+0000] {dag.py:3047} INFO - Sync 1 DAGs
[2025-12-06T17:20:01.040+0000] {logging_mixin.py:188} INFO - [2025-12-06T17:20:01.040+0000] {dag.py:3834} INFO - Setting next_dagrun for example_bash_dag to 2025-11-29 00:00:00+00:00, run_after=2025-11-30 00:00:00+00:00
[2025-12-06T17:20:01.074+0000] {processor.py:183} INFO - Processing /opt/airflow/dags/example_bash_dag.py took 0.187 seconds
[2025-12-06T17:20:31.666+0000] {processor.py:161} INFO - Started process (PID=1029) to work on /opt/airflow/dags/example_bash_dag.py
[2025-12-06T17:20:31.668+0000] {processor.py:830} INFO - Processing file /opt/airflow/dags/example_bash_dag.py for tasks to queue
[2025-12-06T17:20:31.672+0000] {logging_mixin.py:188} INFO - [2025-12-06T17:20:31.671+0000] {dagbag.py:540} INFO - Filling up the DagBag from /opt/airflow/dags/example_bash_dag.py
[2025-12-06T17:20:31.719+0000] {processor.py:840} INFO - DAG(s) 'example_bash_dag' retrieved from /opt/airflow/dags/example_bash_dag.py
[2025-12-06T17:20:31.767+0000] {logging_mixin.py:188} INFO - [2025-12-06T17:20:31.766+0000] {dag.py:3047} INFO - Sync 1 DAGs
[2025-12-06T17:20:31.804+0000] {logging_mixin.py:188} INFO - [2025-12-06T17:20:31.803+0000] {dag.py:3834} INFO - Setting next_dagrun for example_bash_dag to 2025-11-29 00:00:00+00:00, run_after=2025-11-30 00:00:00+00:00
[2025-12-06T17:20:31.838+0000] {processor.py:183} INFO - Processing /opt/airflow/dags/example_bash_dag.py took 0.180 seconds
[2025-12-06T17:21:02.150+0000] {processor.py:161} INFO - Started process (PID=1055) to work on /opt/airflow/dags/example_bash_dag.py
[2025-12-06T17:21:02.152+0000] {processor.py:830} INFO - Processing file /opt/airflow/dags/example_bash_dag.py for tasks to queue
[2025-12-06T17:21:02.156+0000] {logging_mixin.py:188} INFO - [2025-12-06T17:21:02.156+0000] {dagbag.py:540} INFO - Filling up the DagBag from /opt/airflow/dags/example_bash_dag.py
[2025-12-06T17:21:02.194+0000] {processor.py:840} INFO - DAG(s) 'example_bash_dag' retrieved from /opt/airflow/dags/example_bash_dag.py
[2025-12-06T17:21:02.242+0000] {logging_mixin.py:188} INFO - [2025-12-06T17:21:02.242+0000] {dag.py:3047} INFO - Sync 1 DAGs
[2025-12-06T17:21:02.286+0000] {logging_mixin.py:188} INFO - [2025-12-06T17:21:02.285+0000] {dag.py:3834} INFO - Setting next_dagrun for example_bash_dag to 2025-11-29 00:00:00+00:00, run_after=2025-11-30 00:00:00+00:00
[2025-12-06T17:21:02.330+0000] {processor.py:183} INFO - Processing /opt/airflow/dags/example_bash_dag.py took 0.185 seconds
[2025-12-06T17:21:32.885+0000] {processor.py:161} INFO - Started process (PID=1089) to work on /opt/airflow/dags/example_bash_dag.py
[2025-12-06T17:21:32.888+0000] {processor.py:830} INFO - Processing file /opt/airflow/dags/example_bash_dag.py for tasks to queue
[2025-12-06T17:21:32.905+0000] {logging_mixin.py:188} INFO - [2025-12-06T17:21:32.903+0000] {dagbag.py:540} INFO - Filling up the DagBag from /opt/airflow/dags/example_bash_dag.py
[2025-12-06T17:21:32.972+0000] {processor.py:840} INFO - DAG(s) 'example_bash_dag' retrieved from /opt/airflow/dags/example_bash_dag.py
[2025-12-06T17:21:33.044+0000] {logging_mixin.py:188} INFO - [2025-12-06T17:21:33.044+0000] {dag.py:3047} INFO - Sync 1 DAGs
[2025-12-06T17:21:33.109+0000] {logging_mixin.py:188} INFO - [2025-12-06T17:21:33.108+0000] {dag.py:3834} INFO - Setting next_dagrun for example_bash_dag to 2025-11-29 00:00:00+00:00, run_after=2025-11-30 00:00:00+00:00
[2025-12-06T17:21:33.159+0000] {processor.py:183} INFO - Processing /opt/airflow/dags/example_bash_dag.py took 0.290 seconds
[2025-12-06T17:22:03.479+0000] {processor.py:161} INFO - Started process (PID=1115) to work on /opt/airflow/dags/example_bash_dag.py
[2025-12-06T17:22:03.482+0000] {processor.py:830} INFO - Processing file /opt/airflow/dags/example_bash_dag.py for tasks to queue
[2025-12-06T17:22:03.488+0000] {logging_mixin.py:188} INFO - [2025-12-06T17:22:03.487+0000] {dagbag.py:540} INFO - Filling up the DagBag from /opt/airflow/dags/example_bash_dag.py
[2025-12-06T17:22:03.529+0000] {processor.py:840} INFO - DAG(s) 'example_bash_dag' retrieved from /opt/airflow/dags/example_bash_dag.py
[2025-12-06T17:22:03.602+0000] {logging_mixin.py:188} INFO - [2025-12-06T17:22:03.602+0000] {dag.py:3047} INFO - Sync 1 DAGs
[2025-12-06T17:22:03.658+0000] {logging_mixin.py:188} INFO - [2025-12-06T17:22:03.658+0000] {dag.py:3834} INFO - Setting next_dagrun for example_bash_dag to 2025-11-29 00:00:00+00:00, run_after=2025-11-30 00:00:00+00:00
[2025-12-06T17:22:03.713+0000] {processor.py:183} INFO - Processing /opt/airflow/dags/example_bash_dag.py took 0.241 seconds
[2025-12-06T17:22:33.907+0000] {processor.py:161} INFO - Started process (PID=1143) to work on /opt/airflow/dags/example_bash_dag.py
[2025-12-06T17:22:33.910+0000] {processor.py:830} INFO - Processing file /opt/airflow/dags/example_bash_dag.py for tasks to queue
[2025-12-06T17:22:33.914+0000] {logging_mixin.py:188} INFO - [2025-12-06T17:22:33.914+0000] {dagbag.py:540} INFO - Filling up the DagBag from /opt/airflow/dags/example_bash_dag.py
[2025-12-06T17:22:33.957+0000] {processor.py:840} INFO - DAG(s) 'example_bash_dag' retrieved from /opt/airflow/dags/example_bash_dag.py
[2025-12-06T17:22:34.008+0000] {logging_mixin.py:188} INFO - [2025-12-06T17:22:34.008+0000] {dag.py:3047} INFO - Sync 1 DAGs
[2025-12-06T17:22:34.047+0000] {logging_mixin.py:188} INFO - [2025-12-06T17:22:34.046+0000] {dag.py:3834} INFO - Setting next_dagrun for example_bash_dag to 2025-11-29 00:00:00+00:00, run_after=2025-11-30 00:00:00+00:00
[2025-12-06T17:22:34.094+0000] {processor.py:183} INFO - Processing /opt/airflow/dags/example_bash_dag.py took 0.193 seconds
[2025-12-06T17:23:04.302+0000] {processor.py:161} INFO - Started process (PID=1168) to work on /opt/airflow/dags/example_bash_dag.py
[2025-12-06T17:23:04.304+0000] {processor.py:830} INFO - Processing file /opt/airflow/dags/example_bash_dag.py for tasks to queue
[2025-12-06T17:23:04.309+0000] {logging_mixin.py:188} INFO - [2025-12-06T17:23:04.308+0000] {dagbag.py:540} INFO - Filling up the DagBag from /opt/airflow/dags/example_bash_dag.py
[2025-12-06T17:23:04.396+0000] {processor.py:840} INFO - DAG(s) 'example_bash_dag' retrieved from /opt/airflow/dags/example_bash_dag.py
[2025-12-06T17:23:04.493+0000] {logging_mixin.py:188} INFO - [2025-12-06T17:23:04.493+0000] {dag.py:3047} INFO - Sync 1 DAGs
[2025-12-06T17:23:04.631+0000] {logging_mixin.py:188} INFO - [2025-12-06T17:23:04.631+0000] {dag.py:3834} INFO - Setting next_dagrun for example_bash_dag to 2025-11-29 00:00:00+00:00, run_after=2025-11-30 00:00:00+00:00
[2025-12-06T17:23:04.763+0000] {processor.py:183} INFO - Processing /opt/airflow/dags/example_bash_dag.py took 0.475 seconds
[2025-12-06T17:23:35.025+0000] {processor.py:161} INFO - Started process (PID=1195) to work on /opt/airflow/dags/example_bash_dag.py
[2025-12-06T17:23:35.027+0000] {processor.py:830} INFO - Processing file /opt/airflow/dags/example_bash_dag.py for tasks to queue
[2025-12-06T17:23:35.036+0000] {logging_mixin.py:188} INFO - [2025-12-06T17:23:35.036+0000] {dagbag.py:540} INFO - Filling up the DagBag from /opt/airflow/dags/example_bash_dag.py
[2025-12-06T17:23:35.108+0000] {processor.py:840} INFO - DAG(s) 'example_bash_dag' retrieved from /opt/airflow/dags/example_bash_dag.py
[2025-12-06T17:23:35.225+0000] {logging_mixin.py:188} INFO - [2025-12-06T17:23:35.224+0000] {dag.py:3047} INFO - Sync 1 DAGs
[2025-12-06T17:23:35.320+0000] {logging_mixin.py:188} INFO - [2025-12-06T17:23:35.319+0000] {dag.py:3834} INFO - Setting next_dagrun for example_bash_dag to 2025-11-29 00:00:00+00:00, run_after=2025-11-30 00:00:00+00:00
[2025-12-06T17:23:35.425+0000] {processor.py:183} INFO - Processing /opt/airflow/dags/example_bash_dag.py took 0.416 seconds
[2025-12-06T17:24:05.672+0000] {processor.py:161} INFO - Started process (PID=1223) to work on /opt/airflow/dags/example_bash_dag.py
[2025-12-06T17:24:05.674+0000] {processor.py:830} INFO - Processing file /opt/airflow/dags/example_bash_dag.py for tasks to queue
[2025-12-06T17:24:05.678+0000] {logging_mixin.py:188} INFO - [2025-12-06T17:24:05.677+0000] {dagbag.py:540} INFO - Filling up the DagBag from /opt/airflow/dags/example_bash_dag.py
[2025-12-06T17:24:05.715+0000] {processor.py:840} INFO - DAG(s) 'example_bash_dag' retrieved from /opt/airflow/dags/example_bash_dag.py
[2025-12-06T17:24:05.764+0000] {logging_mixin.py:188} INFO - [2025-12-06T17:24:05.763+0000] {dag.py:3047} INFO - Sync 1 DAGs
[2025-12-06T17:24:05.818+0000] {logging_mixin.py:188} INFO - [2025-12-06T17:24:05.817+0000] {dag.py:3834} INFO - Setting next_dagrun for example_bash_dag to 2025-11-29 00:00:00+00:00, run_after=2025-11-30 00:00:00+00:00
[2025-12-06T17:24:05.865+0000] {processor.py:183} INFO - Processing /opt/airflow/dags/example_bash_dag.py took 0.204 seconds
[2025-12-06T17:24:36.596+0000] {processor.py:161} INFO - Started process (PID=1249) to work on /opt/airflow/dags/example_bash_dag.py
[2025-12-06T17:24:36.598+0000] {processor.py:830} INFO - Processing file /opt/airflow/dags/example_bash_dag.py for tasks to queue
[2025-12-06T17:24:36.602+0000] {logging_mixin.py:188} INFO - [2025-12-06T17:24:36.601+0000] {dagbag.py:540} INFO - Filling up the DagBag from /opt/airflow/dags/example_bash_dag.py
[2025-12-06T17:24:36.642+0000] {processor.py:840} INFO - DAG(s) 'example_bash_dag' retrieved from /opt/airflow/dags/example_bash_dag.py
[2025-12-06T17:24:36.685+0000] {logging_mixin.py:188} INFO - [2025-12-06T17:24:36.685+0000] {dag.py:3047} INFO - Sync 1 DAGs
[2025-12-06T17:24:36.724+0000] {logging_mixin.py:188} INFO - [2025-12-06T17:24:36.723+0000] {dag.py:3834} INFO - Setting next_dagrun for example_bash_dag to 2025-11-29 00:00:00+00:00, run_after=2025-11-30 00:00:00+00:00
[2025-12-06T17:24:36.760+0000] {processor.py:183} INFO - Processing /opt/airflow/dags/example_bash_dag.py took 0.170 seconds
[2025-12-06T17:25:07.424+0000] {processor.py:161} INFO - Started process (PID=1275) to work on /opt/airflow/dags/example_bash_dag.py
[2025-12-06T17:25:07.426+0000] {processor.py:830} INFO - Processing file /opt/airflow/dags/example_bash_dag.py for tasks to queue
[2025-12-06T17:25:07.431+0000] {logging_mixin.py:188} INFO - [2025-12-06T17:25:07.430+0000] {dagbag.py:540} INFO - Filling up the DagBag from /opt/airflow/dags/example_bash_dag.py
[2025-12-06T17:25:07.468+0000] {processor.py:840} INFO - DAG(s) 'example_bash_dag' retrieved from /opt/airflow/dags/example_bash_dag.py
[2025-12-06T17:25:07.573+0000] {logging_mixin.py:188} INFO - [2025-12-06T17:25:07.572+0000] {dag.py:3047} INFO - Sync 1 DAGs
[2025-12-06T17:25:07.639+0000] {logging_mixin.py:188} INFO - [2025-12-06T17:25:07.638+0000] {dag.py:3834} INFO - Setting next_dagrun for example_bash_dag to 2025-11-29 00:00:00+00:00, run_after=2025-11-30 00:00:00+00:00
[2025-12-06T17:25:07.696+0000] {processor.py:183} INFO - Processing /opt/airflow/dags/example_bash_dag.py took 0.279 seconds
[2025-12-06T17:25:38.593+0000] {processor.py:161} INFO - Started process (PID=1300) to work on /opt/airflow/dags/example_bash_dag.py
[2025-12-06T17:25:38.595+0000] {processor.py:830} INFO - Processing file /opt/airflow/dags/example_bash_dag.py for tasks to queue
[2025-12-06T17:25:38.598+0000] {logging_mixin.py:188} INFO - [2025-12-06T17:25:38.597+0000] {dagbag.py:540} INFO - Filling up the DagBag from /opt/airflow/dags/example_bash_dag.py
[2025-12-06T17:25:38.639+0000] {processor.py:840} INFO - DAG(s) 'example_bash_dag' retrieved from /opt/airflow/dags/example_bash_dag.py
[2025-12-06T17:25:38.687+0000] {logging_mixin.py:188} INFO - [2025-12-06T17:25:38.686+0000] {dag.py:3047} INFO - Sync 1 DAGs
[2025-12-06T17:25:38.730+0000] {logging_mixin.py:188} INFO - [2025-12-06T17:25:38.730+0000] {dag.py:3834} INFO - Setting next_dagrun for example_bash_dag to 2025-11-29 00:00:00+00:00, run_after=2025-11-30 00:00:00+00:00
[2025-12-06T17:25:38.769+0000] {processor.py:183} INFO - Processing /opt/airflow/dags/example_bash_dag.py took 0.185 seconds
[2025-12-06T17:26:09.029+0000] {processor.py:161} INFO - Started process (PID=1325) to work on /opt/airflow/dags/example_bash_dag.py
[2025-12-06T17:26:09.031+0000] {processor.py:830} INFO - Processing file /opt/airflow/dags/example_bash_dag.py for tasks to queue
[2025-12-06T17:26:09.037+0000] {logging_mixin.py:188} INFO - [2025-12-06T17:26:09.036+0000] {dagbag.py:540} INFO - Filling up the DagBag from /opt/airflow/dags/example_bash_dag.py
[2025-12-06T17:26:09.079+0000] {processor.py:840} INFO - DAG(s) 'example_bash_dag' retrieved from /opt/airflow/dags/example_bash_dag.py
[2025-12-06T17:26:09.139+0000] {logging_mixin.py:188} INFO - [2025-12-06T17:26:09.139+0000] {dag.py:3047} INFO - Sync 1 DAGs
[2025-12-06T17:26:09.187+0000] {logging_mixin.py:188} INFO - [2025-12-06T17:26:09.187+0000] {dag.py:3834} INFO - Setting next_dagrun for example_bash_dag to 2025-11-29 00:00:00+00:00, run_after=2025-11-30 00:00:00+00:00
[2025-12-06T17:26:09.249+0000] {processor.py:183} INFO - Processing /opt/airflow/dags/example_bash_dag.py took 0.227 seconds
[2025-12-06T17:26:39.467+0000] {processor.py:161} INFO - Started process (PID=1351) to work on /opt/airflow/dags/example_bash_dag.py
[2025-12-06T17:26:39.471+0000] {processor.py:830} INFO - Processing file /opt/airflow/dags/example_bash_dag.py for tasks to queue
[2025-12-06T17:26:39.480+0000] {logging_mixin.py:188} INFO - [2025-12-06T17:26:39.479+0000] {dagbag.py:540} INFO - Filling up the DagBag from /opt/airflow/dags/example_bash_dag.py
[2025-12-06T17:26:39.515+0000] {processor.py:840} INFO - DAG(s) 'example_bash_dag' retrieved from /opt/airflow/dags/example_bash_dag.py
[2025-12-06T17:26:39.555+0000] {logging_mixin.py:188} INFO - [2025-12-06T17:26:39.554+0000] {dag.py:3047} INFO - Sync 1 DAGs
[2025-12-06T17:26:39.589+0000] {logging_mixin.py:188} INFO - [2025-12-06T17:26:39.589+0000] {dag.py:3834} INFO - Setting next_dagrun for example_bash_dag to 2025-11-29 00:00:00+00:00, run_after=2025-11-30 00:00:00+00:00
[2025-12-06T17:26:39.624+0000] {processor.py:183} INFO - Processing /opt/airflow/dags/example_bash_dag.py took 0.163 seconds
[2025-12-06T17:27:10.343+0000] {processor.py:161} INFO - Started process (PID=1379) to work on /opt/airflow/dags/example_bash_dag.py
[2025-12-06T17:27:10.345+0000] {processor.py:830} INFO - Processing file /opt/airflow/dags/example_bash_dag.py for tasks to queue
[2025-12-06T17:27:10.349+0000] {logging_mixin.py:188} INFO - [2025-12-06T17:27:10.349+0000] {dagbag.py:540} INFO - Filling up the DagBag from /opt/airflow/dags/example_bash_dag.py
[2025-12-06T17:27:10.389+0000] {processor.py:840} INFO - DAG(s) 'example_bash_dag' retrieved from /opt/airflow/dags/example_bash_dag.py
[2025-12-06T17:27:10.441+0000] {logging_mixin.py:188} INFO - [2025-12-06T17:27:10.441+0000] {dag.py:3047} INFO - Sync 1 DAGs
[2025-12-06T17:27:10.489+0000] {logging_mixin.py:188} INFO - [2025-12-06T17:27:10.489+0000] {dag.py:3834} INFO - Setting next_dagrun for example_bash_dag to 2025-11-29 00:00:00+00:00, run_after=2025-11-30 00:00:00+00:00
[2025-12-06T17:27:10.526+0000] {processor.py:183} INFO - Processing /opt/airflow/dags/example_bash_dag.py took 0.190 seconds
[2025-12-06T17:27:40.803+0000] {processor.py:161} INFO - Started process (PID=1405) to work on /opt/airflow/dags/example_bash_dag.py
[2025-12-06T17:27:40.809+0000] {processor.py:830} INFO - Processing file /opt/airflow/dags/example_bash_dag.py for tasks to queue
[2025-12-06T17:27:40.822+0000] {logging_mixin.py:188} INFO - [2025-12-06T17:27:40.820+0000] {dagbag.py:540} INFO - Filling up the DagBag from /opt/airflow/dags/example_bash_dag.py
[2025-12-06T17:27:40.904+0000] {processor.py:840} INFO - DAG(s) 'example_bash_dag' retrieved from /opt/airflow/dags/example_bash_dag.py
[2025-12-06T17:27:40.963+0000] {logging_mixin.py:188} INFO - [2025-12-06T17:27:40.963+0000] {dag.py:3047} INFO - Sync 1 DAGs
[2025-12-06T17:27:41.000+0000] {logging_mixin.py:188} INFO - [2025-12-06T17:27:40.999+0000] {dag.py:3834} INFO - Setting next_dagrun for example_bash_dag to 2025-11-29 00:00:00+00:00, run_after=2025-11-30 00:00:00+00:00
[2025-12-06T17:27:41.037+0000] {processor.py:183} INFO - Processing /opt/airflow/dags/example_bash_dag.py took 0.250 seconds
[2025-12-06T17:28:11.151+0000] {processor.py:161} INFO - Started process (PID=1431) to work on /opt/airflow/dags/example_bash_dag.py
[2025-12-06T17:28:11.153+0000] {processor.py:830} INFO - Processing file /opt/airflow/dags/example_bash_dag.py for tasks to queue
[2025-12-06T17:28:11.157+0000] {logging_mixin.py:188} INFO - [2025-12-06T17:28:11.156+0000] {dagbag.py:540} INFO - Filling up the DagBag from /opt/airflow/dags/example_bash_dag.py
[2025-12-06T17:28:11.202+0000] {processor.py:840} INFO - DAG(s) 'example_bash_dag' retrieved from /opt/airflow/dags/example_bash_dag.py
[2025-12-06T17:28:11.244+0000] {logging_mixin.py:188} INFO - [2025-12-06T17:28:11.243+0000] {dag.py:3047} INFO - Sync 1 DAGs
[2025-12-06T17:28:11.288+0000] {logging_mixin.py:188} INFO - [2025-12-06T17:28:11.288+0000] {dag.py:3834} INFO - Setting next_dagrun for example_bash_dag to 2025-11-29 00:00:00+00:00, run_after=2025-11-30 00:00:00+00:00
[2025-12-06T17:28:11.328+0000] {processor.py:183} INFO - Processing /opt/airflow/dags/example_bash_dag.py took 0.185 seconds
[2025-12-06T17:28:41.537+0000] {processor.py:161} INFO - Started process (PID=1456) to work on /opt/airflow/dags/example_bash_dag.py
[2025-12-06T17:28:41.539+0000] {processor.py:830} INFO - Processing file /opt/airflow/dags/example_bash_dag.py for tasks to queue
[2025-12-06T17:28:41.542+0000] {logging_mixin.py:188} INFO - [2025-12-06T17:28:41.542+0000] {dagbag.py:540} INFO - Filling up the DagBag from /opt/airflow/dags/example_bash_dag.py
[2025-12-06T17:28:41.570+0000] {processor.py:840} INFO - DAG(s) 'example_bash_dag' retrieved from /opt/airflow/dags/example_bash_dag.py
[2025-12-06T17:28:41.608+0000] {logging_mixin.py:188} INFO - [2025-12-06T17:28:41.608+0000] {dag.py:3047} INFO - Sync 1 DAGs
[2025-12-06T17:28:41.643+0000] {logging_mixin.py:188} INFO - [2025-12-06T17:28:41.643+0000] {dag.py:3834} INFO - Setting next_dagrun for example_bash_dag to 2025-11-29 00:00:00+00:00, run_after=2025-11-30 00:00:00+00:00
[2025-12-06T17:28:41.696+0000] {processor.py:183} INFO - Processing /opt/airflow/dags/example_bash_dag.py took 0.167 seconds
[2025-12-06T17:29:12.014+0000] {processor.py:161} INFO - Started process (PID=1482) to work on /opt/airflow/dags/example_bash_dag.py
[2025-12-06T17:29:12.016+0000] {processor.py:830} INFO - Processing file /opt/airflow/dags/example_bash_dag.py for tasks to queue
[2025-12-06T17:29:12.019+0000] {logging_mixin.py:188} INFO - [2025-12-06T17:29:12.019+0000] {dagbag.py:540} INFO - Filling up the DagBag from /opt/airflow/dags/example_bash_dag.py
[2025-12-06T17:29:12.082+0000] {processor.py:840} INFO - DAG(s) 'example_bash_dag' retrieved from /opt/airflow/dags/example_bash_dag.py
[2025-12-06T17:29:12.137+0000] {logging_mixin.py:188} INFO - [2025-12-06T17:29:12.137+0000] {dag.py:3047} INFO - Sync 1 DAGs
[2025-12-06T17:29:12.181+0000] {logging_mixin.py:188} INFO - [2025-12-06T17:29:12.181+0000] {dag.py:3834} INFO - Setting next_dagrun for example_bash_dag to 2025-11-29 00:00:00+00:00, run_after=2025-11-30 00:00:00+00:00
[2025-12-06T17:29:12.228+0000] {processor.py:183} INFO - Processing /opt/airflow/dags/example_bash_dag.py took 0.222 seconds
[2025-12-06T17:29:42.890+0000] {processor.py:161} INFO - Started process (PID=1508) to work on /opt/airflow/dags/example_bash_dag.py
[2025-12-06T17:29:42.895+0000] {processor.py:830} INFO - Processing file /opt/airflow/dags/example_bash_dag.py for tasks to queue
[2025-12-06T17:29:42.901+0000] {logging_mixin.py:188} INFO - [2025-12-06T17:29:42.900+0000] {dagbag.py:540} INFO - Filling up the DagBag from /opt/airflow/dags/example_bash_dag.py
[2025-12-06T17:29:42.944+0000] {processor.py:840} INFO - DAG(s) 'example_bash_dag' retrieved from /opt/airflow/dags/example_bash_dag.py
[2025-12-06T17:29:42.991+0000] {logging_mixin.py:188} INFO - [2025-12-06T17:29:42.991+0000] {dag.py:3047} INFO - Sync 1 DAGs
[2025-12-06T17:29:43.034+0000] {logging_mixin.py:188} INFO - [2025-12-06T17:29:43.033+0000] {dag.py:3834} INFO - Setting next_dagrun for example_bash_dag to 2025-11-29 00:00:00+00:00, run_after=2025-11-30 00:00:00+00:00
[2025-12-06T17:29:43.083+0000] {processor.py:183} INFO - Processing /opt/airflow/dags/example_bash_dag.py took 0.200 seconds
[2025-12-06T17:30:13.282+0000] {processor.py:161} INFO - Started process (PID=1535) to work on /opt/airflow/dags/example_bash_dag.py
[2025-12-06T17:30:13.285+0000] {processor.py:830} INFO - Processing file /opt/airflow/dags/example_bash_dag.py for tasks to queue
[2025-12-06T17:30:13.288+0000] {logging_mixin.py:188} INFO - [2025-12-06T17:30:13.287+0000] {dagbag.py:540} INFO - Filling up the DagBag from /opt/airflow/dags/example_bash_dag.py
[2025-12-06T17:30:13.334+0000] {processor.py:840} INFO - DAG(s) 'example_bash_dag' retrieved from /opt/airflow/dags/example_bash_dag.py
[2025-12-06T17:30:13.392+0000] {logging_mixin.py:188} INFO - [2025-12-06T17:30:13.391+0000] {dag.py:3047} INFO - Sync 1 DAGs
[2025-12-06T17:30:13.431+0000] {logging_mixin.py:188} INFO - [2025-12-06T17:30:13.431+0000] {dag.py:3834} INFO - Setting next_dagrun for example_bash_dag to 2025-11-29 00:00:00+00:00, run_after=2025-11-30 00:00:00+00:00
[2025-12-06T17:30:13.468+0000] {processor.py:183} INFO - Processing /opt/airflow/dags/example_bash_dag.py took 0.192 seconds
[2025-12-06T17:30:44.161+0000] {processor.py:161} INFO - Started process (PID=1559) to work on /opt/airflow/dags/example_bash_dag.py
[2025-12-06T17:30:44.165+0000] {processor.py:830} INFO - Processing file /opt/airflow/dags/example_bash_dag.py for tasks to queue
[2025-12-06T17:30:44.172+0000] {logging_mixin.py:188} INFO - [2025-12-06T17:30:44.171+0000] {dagbag.py:540} INFO - Filling up the DagBag from /opt/airflow/dags/example_bash_dag.py
[2025-12-06T17:30:44.240+0000] {processor.py:840} INFO - DAG(s) 'example_bash_dag' retrieved from /opt/airflow/dags/example_bash_dag.py
[2025-12-06T17:30:44.335+0000] {logging_mixin.py:188} INFO - [2025-12-06T17:30:44.334+0000] {dag.py:3047} INFO - Sync 1 DAGs
[2025-12-06T17:30:44.425+0000] {logging_mixin.py:188} INFO - [2025-12-06T17:30:44.425+0000] {dag.py:3834} INFO - Setting next_dagrun for example_bash_dag to 2025-11-29 00:00:00+00:00, run_after=2025-11-30 00:00:00+00:00
[2025-12-06T17:30:44.516+0000] {processor.py:183} INFO - Processing /opt/airflow/dags/example_bash_dag.py took 0.364 seconds
[2025-12-06T17:31:14.996+0000] {processor.py:161} INFO - Started process (PID=1586) to work on /opt/airflow/dags/example_bash_dag.py
[2025-12-06T17:31:14.999+0000] {processor.py:830} INFO - Processing file /opt/airflow/dags/example_bash_dag.py for tasks to queue
[2025-12-06T17:31:15.002+0000] {logging_mixin.py:188} INFO - [2025-12-06T17:31:15.001+0000] {dagbag.py:540} INFO - Filling up the DagBag from /opt/airflow/dags/example_bash_dag.py
[2025-12-06T17:31:15.070+0000] {processor.py:840} INFO - DAG(s) 'example_bash_dag' retrieved from /opt/airflow/dags/example_bash_dag.py
[2025-12-06T17:31:15.206+0000] {logging_mixin.py:188} INFO - [2025-12-06T17:31:15.203+0000] {dag.py:3047} INFO - Sync 1 DAGs
[2025-12-06T17:31:15.304+0000] {logging_mixin.py:188} INFO - [2025-12-06T17:31:15.303+0000] {dag.py:3834} INFO - Setting next_dagrun for example_bash_dag to 2025-11-29 00:00:00+00:00, run_after=2025-11-30 00:00:00+00:00
[2025-12-06T17:31:15.336+0000] {processor.py:183} INFO - Processing /opt/airflow/dags/example_bash_dag.py took 0.352 seconds
[2025-12-06T17:31:49.885+0000] {processor.py:161} INFO - Started process (PID=1611) to work on /opt/airflow/dags/example_bash_dag.py
[2025-12-06T17:31:49.887+0000] {processor.py:830} INFO - Processing file /opt/airflow/dags/example_bash_dag.py for tasks to queue
[2025-12-06T17:31:49.894+0000] {logging_mixin.py:188} INFO - [2025-12-06T17:31:49.893+0000] {dagbag.py:540} INFO - Filling up the DagBag from /opt/airflow/dags/example_bash_dag.py
[2025-12-06T17:31:49.994+0000] {processor.py:840} INFO - DAG(s) 'example_bash_dag' retrieved from /opt/airflow/dags/example_bash_dag.py
[2025-12-06T17:31:50.138+0000] {logging_mixin.py:188} INFO - [2025-12-06T17:31:50.128+0000] {dag.py:3047} INFO - Sync 1 DAGs
[2025-12-06T17:31:50.317+0000] {logging_mixin.py:188} INFO - [2025-12-06T17:31:50.316+0000] {dag.py:3834} INFO - Setting next_dagrun for example_bash_dag to 2025-11-29 00:00:00+00:00, run_after=2025-11-30 00:00:00+00:00
[2025-12-06T17:31:50.568+0000] {processor.py:183} INFO - Processing /opt/airflow/dags/example_bash_dag.py took 0.693 seconds
[2025-12-06T17:32:21.286+0000] {processor.py:161} INFO - Started process (PID=1636) to work on /opt/airflow/dags/example_bash_dag.py
[2025-12-06T17:32:21.290+0000] {processor.py:830} INFO - Processing file /opt/airflow/dags/example_bash_dag.py for tasks to queue
[2025-12-06T17:32:21.297+0000] {logging_mixin.py:188} INFO - [2025-12-06T17:32:21.296+0000] {dagbag.py:540} INFO - Filling up the DagBag from /opt/airflow/dags/example_bash_dag.py
[2025-12-06T17:32:21.346+0000] {processor.py:840} INFO - DAG(s) 'example_bash_dag' retrieved from /opt/airflow/dags/example_bash_dag.py
[2025-12-06T17:32:21.393+0000] {logging_mixin.py:188} INFO - [2025-12-06T17:32:21.393+0000] {dag.py:3047} INFO - Sync 1 DAGs
[2025-12-06T17:32:21.428+0000] {logging_mixin.py:188} INFO - [2025-12-06T17:32:21.427+0000] {dag.py:3834} INFO - Setting next_dagrun for example_bash_dag to 2025-11-29 00:00:00+00:00, run_after=2025-11-30 00:00:00+00:00
[2025-12-06T17:32:21.462+0000] {processor.py:183} INFO - Processing /opt/airflow/dags/example_bash_dag.py took 0.181 seconds
[2025-12-06T17:32:51.903+0000] {processor.py:161} INFO - Started process (PID=1662) to work on /opt/airflow/dags/example_bash_dag.py
[2025-12-06T17:32:51.905+0000] {processor.py:830} INFO - Processing file /opt/airflow/dags/example_bash_dag.py for tasks to queue
[2025-12-06T17:32:51.912+0000] {logging_mixin.py:188} INFO - [2025-12-06T17:32:51.911+0000] {dagbag.py:540} INFO - Filling up the DagBag from /opt/airflow/dags/example_bash_dag.py
[2025-12-06T17:32:51.975+0000] {processor.py:840} INFO - DAG(s) 'example_bash_dag' retrieved from /opt/airflow/dags/example_bash_dag.py
[2025-12-06T17:32:52.044+0000] {logging_mixin.py:188} INFO - [2025-12-06T17:32:52.043+0000] {dag.py:3047} INFO - Sync 1 DAGs
[2025-12-06T17:32:52.105+0000] {logging_mixin.py:188} INFO - [2025-12-06T17:32:52.104+0000] {dag.py:3834} INFO - Setting next_dagrun for example_bash_dag to 2025-11-29 00:00:00+00:00, run_after=2025-11-30 00:00:00+00:00
[2025-12-06T17:32:52.143+0000] {processor.py:183} INFO - Processing /opt/airflow/dags/example_bash_dag.py took 0.252 seconds
