[2025-12-06T16:55:15.588+0000] {processor.py:161} INFO - Started process (PID=93) to work on /opt/airflow/dags/python_shortcircuit_dag.py
[2025-12-06T16:55:15.860+0000] {processor.py:830} INFO - Processing file /opt/airflow/dags/python_shortcircuit_dag.py for tasks to queue
[2025-12-06T16:55:15.880+0000] {logging_mixin.py:188} INFO - [2025-12-06T16:55:15.879+0000] {dagbag.py:540} INFO - Filling up the DagBag from /opt/airflow/dags/python_shortcircuit_dag.py
[2025-12-06T16:55:16.636+0000] {processor.py:840} INFO - DAG(s) 'short_circuit_example' retrieved from /opt/airflow/dags/python_shortcircuit_dag.py
[2025-12-06T16:55:22.961+0000] {logging_mixin.py:188} INFO - [2025-12-06T16:55:22.960+0000] {dag.py:3047} INFO - Sync 1 DAGs
[2025-12-06T16:55:23.244+0000] {logging_mixin.py:188} INFO - [2025-12-06T16:55:23.244+0000] {dag.py:3834} INFO - Setting next_dagrun for short_circuit_example to None, run_after=None
[2025-12-06T16:55:24.586+0000] {processor.py:183} INFO - Processing /opt/airflow/dags/python_shortcircuit_dag.py took 9.157 seconds
[2025-12-06T16:55:56.334+0000] {processor.py:161} INFO - Started process (PID=120) to work on /opt/airflow/dags/python_shortcircuit_dag.py
[2025-12-06T16:55:56.367+0000] {processor.py:830} INFO - Processing file /opt/airflow/dags/python_shortcircuit_dag.py for tasks to queue
[2025-12-06T16:55:56.383+0000] {logging_mixin.py:188} INFO - [2025-12-06T16:55:56.383+0000] {dagbag.py:540} INFO - Filling up the DagBag from /opt/airflow/dags/python_shortcircuit_dag.py
[2025-12-06T16:55:56.800+0000] {processor.py:840} INFO - DAG(s) 'short_circuit_example' retrieved from /opt/airflow/dags/python_shortcircuit_dag.py
[2025-12-06T16:55:57.208+0000] {logging_mixin.py:188} INFO - [2025-12-06T16:55:57.207+0000] {dag.py:3047} INFO - Sync 1 DAGs
[2025-12-06T16:55:57.411+0000] {logging_mixin.py:188} INFO - [2025-12-06T16:55:57.410+0000] {dag.py:3834} INFO - Setting next_dagrun for short_circuit_example to None, run_after=None
[2025-12-06T16:55:57.728+0000] {processor.py:183} INFO - Processing /opt/airflow/dags/python_shortcircuit_dag.py took 1.464 seconds
[2025-12-06T16:56:31.375+0000] {processor.py:161} INFO - Started process (PID=138) to work on /opt/airflow/dags/python_shortcircuit_dag.py
[2025-12-06T16:56:31.407+0000] {processor.py:830} INFO - Processing file /opt/airflow/dags/python_shortcircuit_dag.py for tasks to queue
[2025-12-06T16:56:31.450+0000] {logging_mixin.py:188} INFO - [2025-12-06T16:56:31.449+0000] {dagbag.py:540} INFO - Filling up the DagBag from /opt/airflow/dags/python_shortcircuit_dag.py
[2025-12-06T16:56:32.103+0000] {processor.py:840} INFO - DAG(s) 'short_circuit_example' retrieved from /opt/airflow/dags/python_shortcircuit_dag.py
[2025-12-06T16:56:32.610+0000] {logging_mixin.py:188} INFO - [2025-12-06T16:56:32.610+0000] {dag.py:3047} INFO - Sync 1 DAGs
[2025-12-06T16:56:32.857+0000] {logging_mixin.py:188} INFO - [2025-12-06T16:56:32.857+0000] {dag.py:3834} INFO - Setting next_dagrun for short_circuit_example to None, run_after=None
[2025-12-06T16:56:33.311+0000] {processor.py:183} INFO - Processing /opt/airflow/dags/python_shortcircuit_dag.py took 2.111 seconds
[2025-12-06T16:57:11.379+0000] {processor.py:161} INFO - Started process (PID=164) to work on /opt/airflow/dags/python_shortcircuit_dag.py
[2025-12-06T16:57:11.529+0000] {processor.py:830} INFO - Processing file /opt/airflow/dags/python_shortcircuit_dag.py for tasks to queue
[2025-12-06T16:57:11.984+0000] {logging_mixin.py:188} INFO - [2025-12-06T16:57:11.965+0000] {dagbag.py:540} INFO - Filling up the DagBag from /opt/airflow/dags/python_shortcircuit_dag.py
[2025-12-06T16:57:20.327+0000] {processor.py:840} INFO - DAG(s) 'short_circuit_example' retrieved from /opt/airflow/dags/python_shortcircuit_dag.py
[2025-12-06T16:57:25.621+0000] {logging_mixin.py:188} INFO - [2025-12-06T16:57:25.619+0000] {dag.py:3047} INFO - Sync 1 DAGs
[2025-12-06T16:57:28.031+0000] {logging_mixin.py:188} INFO - [2025-12-06T16:57:28.028+0000] {dag.py:3834} INFO - Setting next_dagrun for short_circuit_example to None, run_after=None
[2025-12-06T17:01:47.671+0000] {processor.py:161} INFO - Started process (PID=69) to work on /opt/airflow/dags/python_shortcircuit_dag.py
[2025-12-06T17:01:47.674+0000] {processor.py:830} INFO - Processing file /opt/airflow/dags/python_shortcircuit_dag.py for tasks to queue
[2025-12-06T17:01:47.679+0000] {logging_mixin.py:188} INFO - [2025-12-06T17:01:47.678+0000] {dagbag.py:540} INFO - Filling up the DagBag from /opt/airflow/dags/python_shortcircuit_dag.py
[2025-12-06T17:01:47.729+0000] {processor.py:840} INFO - DAG(s) 'short_circuit_example' retrieved from /opt/airflow/dags/python_shortcircuit_dag.py
[2025-12-06T17:01:48.119+0000] {logging_mixin.py:188} INFO - [2025-12-06T17:01:48.117+0000] {dag.py:3047} INFO - Sync 1 DAGs
[2025-12-06T17:01:48.163+0000] {logging_mixin.py:188} INFO - [2025-12-06T17:01:48.160+0000] {dag.py:3834} INFO - Setting next_dagrun for short_circuit_example to None, run_after=None
[2025-12-06T17:01:48.245+0000] {processor.py:183} INFO - Processing /opt/airflow/dags/python_shortcircuit_dag.py took 0.584 seconds
[2025-12-06T17:02:21.026+0000] {processor.py:161} INFO - Started process (PID=94) to work on /opt/airflow/dags/python_shortcircuit_dag.py
[2025-12-06T17:02:21.034+0000] {processor.py:830} INFO - Processing file /opt/airflow/dags/python_shortcircuit_dag.py for tasks to queue
[2025-12-06T17:02:21.040+0000] {logging_mixin.py:188} INFO - [2025-12-06T17:02:21.039+0000] {dagbag.py:540} INFO - Filling up the DagBag from /opt/airflow/dags/python_shortcircuit_dag.py
[2025-12-06T17:02:21.118+0000] {processor.py:840} INFO - DAG(s) 'short_circuit_example' retrieved from /opt/airflow/dags/python_shortcircuit_dag.py
[2025-12-06T17:02:21.237+0000] {logging_mixin.py:188} INFO - [2025-12-06T17:02:21.237+0000] {dag.py:3047} INFO - Sync 1 DAGs
[2025-12-06T17:02:21.295+0000] {logging_mixin.py:188} INFO - [2025-12-06T17:02:21.294+0000] {dag.py:3834} INFO - Setting next_dagrun for short_circuit_example to None, run_after=None
[2025-12-06T17:02:21.420+0000] {processor.py:183} INFO - Processing /opt/airflow/dags/python_shortcircuit_dag.py took 0.417 seconds
[2025-12-06T17:02:52.947+0000] {processor.py:161} INFO - Started process (PID=128) to work on /opt/airflow/dags/python_shortcircuit_dag.py
[2025-12-06T17:02:52.955+0000] {processor.py:830} INFO - Processing file /opt/airflow/dags/python_shortcircuit_dag.py for tasks to queue
[2025-12-06T17:02:52.962+0000] {logging_mixin.py:188} INFO - [2025-12-06T17:02:52.961+0000] {dagbag.py:540} INFO - Filling up the DagBag from /opt/airflow/dags/python_shortcircuit_dag.py
[2025-12-06T17:02:53.121+0000] {processor.py:840} INFO - DAG(s) 'short_circuit_example' retrieved from /opt/airflow/dags/python_shortcircuit_dag.py
[2025-12-06T17:02:53.212+0000] {logging_mixin.py:188} INFO - [2025-12-06T17:02:53.211+0000] {dag.py:3047} INFO - Sync 1 DAGs
[2025-12-06T17:02:53.265+0000] {logging_mixin.py:188} INFO - [2025-12-06T17:02:53.265+0000] {dag.py:3834} INFO - Setting next_dagrun for short_circuit_example to None, run_after=None
[2025-12-06T17:02:53.433+0000] {processor.py:183} INFO - Processing /opt/airflow/dags/python_shortcircuit_dag.py took 0.499 seconds
[2025-12-06T17:03:25.227+0000] {processor.py:161} INFO - Started process (PID=154) to work on /opt/airflow/dags/python_shortcircuit_dag.py
[2025-12-06T17:03:25.235+0000] {processor.py:830} INFO - Processing file /opt/airflow/dags/python_shortcircuit_dag.py for tasks to queue
[2025-12-06T17:03:25.246+0000] {logging_mixin.py:188} INFO - [2025-12-06T17:03:25.245+0000] {dagbag.py:540} INFO - Filling up the DagBag from /opt/airflow/dags/python_shortcircuit_dag.py
[2025-12-06T17:03:25.326+0000] {processor.py:840} INFO - DAG(s) 'short_circuit_example' retrieved from /opt/airflow/dags/python_shortcircuit_dag.py
[2025-12-06T17:03:25.635+0000] {logging_mixin.py:188} INFO - [2025-12-06T17:03:25.625+0000] {dag.py:3047} INFO - Sync 1 DAGs
[2025-12-06T17:03:25.745+0000] {logging_mixin.py:188} INFO - [2025-12-06T17:03:25.745+0000] {dag.py:3834} INFO - Setting next_dagrun for short_circuit_example to None, run_after=None
[2025-12-06T17:03:25.892+0000] {processor.py:183} INFO - Processing /opt/airflow/dags/python_shortcircuit_dag.py took 0.695 seconds
[2025-12-06T17:03:57.299+0000] {processor.py:161} INFO - Started process (PID=180) to work on /opt/airflow/dags/python_shortcircuit_dag.py
[2025-12-06T17:03:57.302+0000] {processor.py:830} INFO - Processing file /opt/airflow/dags/python_shortcircuit_dag.py for tasks to queue
[2025-12-06T17:03:57.315+0000] {logging_mixin.py:188} INFO - [2025-12-06T17:03:57.314+0000] {dagbag.py:540} INFO - Filling up the DagBag from /opt/airflow/dags/python_shortcircuit_dag.py
[2025-12-06T17:03:57.391+0000] {processor.py:840} INFO - DAG(s) 'short_circuit_example' retrieved from /opt/airflow/dags/python_shortcircuit_dag.py
[2025-12-06T17:03:57.500+0000] {logging_mixin.py:188} INFO - [2025-12-06T17:03:57.499+0000] {dag.py:3047} INFO - Sync 1 DAGs
[2025-12-06T17:03:57.579+0000] {logging_mixin.py:188} INFO - [2025-12-06T17:03:57.578+0000] {dag.py:3834} INFO - Setting next_dagrun for short_circuit_example to None, run_after=None
[2025-12-06T17:03:57.656+0000] {processor.py:183} INFO - Processing /opt/airflow/dags/python_shortcircuit_dag.py took 0.373 seconds
[2025-12-06T17:04:28.423+0000] {processor.py:161} INFO - Started process (PID=206) to work on /opt/airflow/dags/python_shortcircuit_dag.py
[2025-12-06T17:04:28.426+0000] {processor.py:830} INFO - Processing file /opt/airflow/dags/python_shortcircuit_dag.py for tasks to queue
[2025-12-06T17:04:28.431+0000] {logging_mixin.py:188} INFO - [2025-12-06T17:04:28.430+0000] {dagbag.py:540} INFO - Filling up the DagBag from /opt/airflow/dags/python_shortcircuit_dag.py
[2025-12-06T17:04:28.563+0000] {processor.py:840} INFO - DAG(s) 'short_circuit_example' retrieved from /opt/airflow/dags/python_shortcircuit_dag.py
[2025-12-06T17:04:28.711+0000] {logging_mixin.py:188} INFO - [2025-12-06T17:04:28.711+0000] {dag.py:3047} INFO - Sync 1 DAGs
[2025-12-06T17:04:28.731+0000] {logging_mixin.py:188} INFO - [2025-12-06T17:04:28.731+0000] {dag.py:3834} INFO - Setting next_dagrun for short_circuit_example to None, run_after=None
[2025-12-06T17:04:28.770+0000] {processor.py:183} INFO - Processing /opt/airflow/dags/python_shortcircuit_dag.py took 0.353 seconds
[2025-12-06T17:04:59.014+0000] {processor.py:161} INFO - Started process (PID=230) to work on /opt/airflow/dags/python_shortcircuit_dag.py
[2025-12-06T17:04:59.017+0000] {processor.py:830} INFO - Processing file /opt/airflow/dags/python_shortcircuit_dag.py for tasks to queue
[2025-12-06T17:04:59.021+0000] {logging_mixin.py:188} INFO - [2025-12-06T17:04:59.020+0000] {dagbag.py:540} INFO - Filling up the DagBag from /opt/airflow/dags/python_shortcircuit_dag.py
[2025-12-06T17:04:59.064+0000] {processor.py:840} INFO - DAG(s) 'short_circuit_example' retrieved from /opt/airflow/dags/python_shortcircuit_dag.py
[2025-12-06T17:04:59.147+0000] {logging_mixin.py:188} INFO - [2025-12-06T17:04:59.147+0000] {dag.py:3047} INFO - Sync 1 DAGs
[2025-12-06T17:04:59.168+0000] {logging_mixin.py:188} INFO - [2025-12-06T17:04:59.168+0000] {dag.py:3834} INFO - Setting next_dagrun for short_circuit_example to None, run_after=None
[2025-12-06T17:04:59.206+0000] {processor.py:183} INFO - Processing /opt/airflow/dags/python_shortcircuit_dag.py took 0.203 seconds
[2025-12-06T17:05:29.686+0000] {processor.py:161} INFO - Started process (PID=255) to work on /opt/airflow/dags/python_shortcircuit_dag.py
[2025-12-06T17:05:29.688+0000] {processor.py:830} INFO - Processing file /opt/airflow/dags/python_shortcircuit_dag.py for tasks to queue
[2025-12-06T17:05:29.692+0000] {logging_mixin.py:188} INFO - [2025-12-06T17:05:29.691+0000] {dagbag.py:540} INFO - Filling up the DagBag from /opt/airflow/dags/python_shortcircuit_dag.py
[2025-12-06T17:05:29.731+0000] {processor.py:840} INFO - DAG(s) 'short_circuit_example' retrieved from /opt/airflow/dags/python_shortcircuit_dag.py
[2025-12-06T17:05:29.843+0000] {logging_mixin.py:188} INFO - [2025-12-06T17:05:29.842+0000] {dag.py:3047} INFO - Sync 1 DAGs
[2025-12-06T17:05:29.902+0000] {logging_mixin.py:188} INFO - [2025-12-06T17:05:29.901+0000] {dag.py:3834} INFO - Setting next_dagrun for short_circuit_example to None, run_after=None
[2025-12-06T17:05:29.954+0000] {processor.py:183} INFO - Processing /opt/airflow/dags/python_shortcircuit_dag.py took 0.275 seconds
[2025-12-06T17:06:00.348+0000] {processor.py:161} INFO - Started process (PID=286) to work on /opt/airflow/dags/python_shortcircuit_dag.py
[2025-12-06T17:06:00.350+0000] {processor.py:830} INFO - Processing file /opt/airflow/dags/python_shortcircuit_dag.py for tasks to queue
[2025-12-06T17:06:00.354+0000] {logging_mixin.py:188} INFO - [2025-12-06T17:06:00.353+0000] {dagbag.py:540} INFO - Filling up the DagBag from /opt/airflow/dags/python_shortcircuit_dag.py
[2025-12-06T17:06:00.393+0000] {processor.py:840} INFO - DAG(s) 'short_circuit_example' retrieved from /opt/airflow/dags/python_shortcircuit_dag.py
[2025-12-06T17:06:00.504+0000] {logging_mixin.py:188} INFO - [2025-12-06T17:06:00.503+0000] {dag.py:3047} INFO - Sync 1 DAGs
[2025-12-06T17:06:00.561+0000] {logging_mixin.py:188} INFO - [2025-12-06T17:06:00.561+0000] {dag.py:3834} INFO - Setting next_dagrun for short_circuit_example to None, run_after=None
[2025-12-06T17:06:00.622+0000] {processor.py:183} INFO - Processing /opt/airflow/dags/python_shortcircuit_dag.py took 0.280 seconds
[2025-12-06T17:06:31.402+0000] {processor.py:161} INFO - Started process (PID=313) to work on /opt/airflow/dags/python_shortcircuit_dag.py
[2025-12-06T17:06:31.414+0000] {processor.py:830} INFO - Processing file /opt/airflow/dags/python_shortcircuit_dag.py for tasks to queue
[2025-12-06T17:06:31.417+0000] {logging_mixin.py:188} INFO - [2025-12-06T17:06:31.416+0000] {dagbag.py:540} INFO - Filling up the DagBag from /opt/airflow/dags/python_shortcircuit_dag.py
[2025-12-06T17:06:31.481+0000] {processor.py:840} INFO - DAG(s) 'short_circuit_example' retrieved from /opt/airflow/dags/python_shortcircuit_dag.py
[2025-12-06T17:06:31.561+0000] {logging_mixin.py:188} INFO - [2025-12-06T17:06:31.561+0000] {dag.py:3047} INFO - Sync 1 DAGs
[2025-12-06T17:06:31.597+0000] {logging_mixin.py:188} INFO - [2025-12-06T17:06:31.596+0000] {dag.py:3834} INFO - Setting next_dagrun for short_circuit_example to None, run_after=None
[2025-12-06T17:06:31.660+0000] {processor.py:183} INFO - Processing /opt/airflow/dags/python_shortcircuit_dag.py took 0.264 seconds
[2025-12-06T17:07:02.289+0000] {processor.py:161} INFO - Started process (PID=339) to work on /opt/airflow/dags/python_shortcircuit_dag.py
[2025-12-06T17:07:02.297+0000] {processor.py:830} INFO - Processing file /opt/airflow/dags/python_shortcircuit_dag.py for tasks to queue
[2025-12-06T17:07:02.303+0000] {logging_mixin.py:188} INFO - [2025-12-06T17:07:02.302+0000] {dagbag.py:540} INFO - Filling up the DagBag from /opt/airflow/dags/python_shortcircuit_dag.py
[2025-12-06T17:07:02.357+0000] {processor.py:840} INFO - DAG(s) 'short_circuit_example' retrieved from /opt/airflow/dags/python_shortcircuit_dag.py
[2025-12-06T17:07:02.433+0000] {logging_mixin.py:188} INFO - [2025-12-06T17:07:02.433+0000] {dag.py:3047} INFO - Sync 1 DAGs
[2025-12-06T17:07:02.531+0000] {logging_mixin.py:188} INFO - [2025-12-06T17:07:02.530+0000] {dag.py:3834} INFO - Setting next_dagrun for short_circuit_example to None, run_after=None
[2025-12-06T17:07:02.626+0000] {processor.py:183} INFO - Processing /opt/airflow/dags/python_shortcircuit_dag.py took 0.343 seconds
[2025-12-06T17:07:32.758+0000] {processor.py:161} INFO - Started process (PID=365) to work on /opt/airflow/dags/python_shortcircuit_dag.py
[2025-12-06T17:07:32.760+0000] {processor.py:830} INFO - Processing file /opt/airflow/dags/python_shortcircuit_dag.py for tasks to queue
[2025-12-06T17:07:32.763+0000] {logging_mixin.py:188} INFO - [2025-12-06T17:07:32.762+0000] {dagbag.py:540} INFO - Filling up the DagBag from /opt/airflow/dags/python_shortcircuit_dag.py
[2025-12-06T17:07:32.796+0000] {processor.py:840} INFO - DAG(s) 'short_circuit_example' retrieved from /opt/airflow/dags/python_shortcircuit_dag.py
[2025-12-06T17:07:32.837+0000] {logging_mixin.py:188} INFO - [2025-12-06T17:07:32.836+0000] {dag.py:3047} INFO - Sync 1 DAGs
[2025-12-06T17:07:32.854+0000] {logging_mixin.py:188} INFO - [2025-12-06T17:07:32.854+0000] {dag.py:3834} INFO - Setting next_dagrun for short_circuit_example to None, run_after=None
[2025-12-06T17:07:32.891+0000] {processor.py:183} INFO - Processing /opt/airflow/dags/python_shortcircuit_dag.py took 0.139 seconds
[2025-12-06T17:08:03.200+0000] {processor.py:161} INFO - Started process (PID=392) to work on /opt/airflow/dags/python_shortcircuit_dag.py
[2025-12-06T17:08:03.202+0000] {processor.py:830} INFO - Processing file /opt/airflow/dags/python_shortcircuit_dag.py for tasks to queue
[2025-12-06T17:08:03.207+0000] {logging_mixin.py:188} INFO - [2025-12-06T17:08:03.207+0000] {dagbag.py:540} INFO - Filling up the DagBag from /opt/airflow/dags/python_shortcircuit_dag.py
[2025-12-06T17:08:03.242+0000] {processor.py:840} INFO - DAG(s) 'short_circuit_example' retrieved from /opt/airflow/dags/python_shortcircuit_dag.py
[2025-12-06T17:08:03.290+0000] {logging_mixin.py:188} INFO - [2025-12-06T17:08:03.290+0000] {dag.py:3047} INFO - Sync 1 DAGs
[2025-12-06T17:08:03.322+0000] {logging_mixin.py:188} INFO - [2025-12-06T17:08:03.321+0000] {dag.py:3834} INFO - Setting next_dagrun for short_circuit_example to None, run_after=None
[2025-12-06T17:08:03.370+0000] {processor.py:183} INFO - Processing /opt/airflow/dags/python_shortcircuit_dag.py took 0.179 seconds
[2025-12-06T17:08:34.043+0000] {processor.py:161} INFO - Started process (PID=425) to work on /opt/airflow/dags/python_shortcircuit_dag.py
[2025-12-06T17:08:34.046+0000] {processor.py:830} INFO - Processing file /opt/airflow/dags/python_shortcircuit_dag.py for tasks to queue
[2025-12-06T17:08:34.059+0000] {logging_mixin.py:188} INFO - [2025-12-06T17:08:34.059+0000] {dagbag.py:540} INFO - Filling up the DagBag from /opt/airflow/dags/python_shortcircuit_dag.py
[2025-12-06T17:08:34.125+0000] {processor.py:840} INFO - DAG(s) 'short_circuit_example' retrieved from /opt/airflow/dags/python_shortcircuit_dag.py
[2025-12-06T17:08:34.308+0000] {logging_mixin.py:188} INFO - [2025-12-06T17:08:34.307+0000] {dag.py:3047} INFO - Sync 1 DAGs
[2025-12-06T17:08:34.342+0000] {logging_mixin.py:188} INFO - [2025-12-06T17:08:34.342+0000] {dag.py:3834} INFO - Setting next_dagrun for short_circuit_example to None, run_after=None
[2025-12-06T17:08:34.410+0000] {processor.py:183} INFO - Processing /opt/airflow/dags/python_shortcircuit_dag.py took 0.385 seconds
[2025-12-06T17:09:05.050+0000] {processor.py:161} INFO - Started process (PID=451) to work on /opt/airflow/dags/python_shortcircuit_dag.py
[2025-12-06T17:09:05.053+0000] {processor.py:830} INFO - Processing file /opt/airflow/dags/python_shortcircuit_dag.py for tasks to queue
[2025-12-06T17:09:05.057+0000] {logging_mixin.py:188} INFO - [2025-12-06T17:09:05.056+0000] {dagbag.py:540} INFO - Filling up the DagBag from /opt/airflow/dags/python_shortcircuit_dag.py
[2025-12-06T17:09:05.112+0000] {processor.py:840} INFO - DAG(s) 'short_circuit_example' retrieved from /opt/airflow/dags/python_shortcircuit_dag.py
[2025-12-06T17:09:05.188+0000] {logging_mixin.py:188} INFO - [2025-12-06T17:09:05.187+0000] {dag.py:3047} INFO - Sync 1 DAGs
[2025-12-06T17:09:05.229+0000] {logging_mixin.py:188} INFO - [2025-12-06T17:09:05.228+0000] {dag.py:3834} INFO - Setting next_dagrun for short_circuit_example to None, run_after=None
[2025-12-06T17:09:05.388+0000] {processor.py:183} INFO - Processing /opt/airflow/dags/python_shortcircuit_dag.py took 0.344 seconds
[2025-12-06T17:09:36.018+0000] {processor.py:161} INFO - Started process (PID=477) to work on /opt/airflow/dags/python_shortcircuit_dag.py
[2025-12-06T17:09:36.020+0000] {processor.py:830} INFO - Processing file /opt/airflow/dags/python_shortcircuit_dag.py for tasks to queue
[2025-12-06T17:09:36.024+0000] {logging_mixin.py:188} INFO - [2025-12-06T17:09:36.024+0000] {dagbag.py:540} INFO - Filling up the DagBag from /opt/airflow/dags/python_shortcircuit_dag.py
[2025-12-06T17:09:36.058+0000] {processor.py:840} INFO - DAG(s) 'short_circuit_example' retrieved from /opt/airflow/dags/python_shortcircuit_dag.py
[2025-12-06T17:09:36.109+0000] {logging_mixin.py:188} INFO - [2025-12-06T17:09:36.108+0000] {dag.py:3047} INFO - Sync 1 DAGs
[2025-12-06T17:09:36.135+0000] {logging_mixin.py:188} INFO - [2025-12-06T17:09:36.134+0000] {dag.py:3834} INFO - Setting next_dagrun for short_circuit_example to None, run_after=None
[2025-12-06T17:09:36.183+0000] {processor.py:183} INFO - Processing /opt/airflow/dags/python_shortcircuit_dag.py took 0.172 seconds
[2025-12-06T17:10:07.449+0000] {processor.py:161} INFO - Started process (PID=504) to work on /opt/airflow/dags/python_shortcircuit_dag.py
[2025-12-06T17:10:07.457+0000] {processor.py:830} INFO - Processing file /opt/airflow/dags/python_shortcircuit_dag.py for tasks to queue
[2025-12-06T17:10:07.462+0000] {logging_mixin.py:188} INFO - [2025-12-06T17:10:07.461+0000] {dagbag.py:540} INFO - Filling up the DagBag from /opt/airflow/dags/python_shortcircuit_dag.py
[2025-12-06T17:10:07.535+0000] {processor.py:840} INFO - DAG(s) 'short_circuit_example' retrieved from /opt/airflow/dags/python_shortcircuit_dag.py
[2025-12-06T17:10:07.647+0000] {logging_mixin.py:188} INFO - [2025-12-06T17:10:07.646+0000] {dag.py:3047} INFO - Sync 1 DAGs
[2025-12-06T17:10:07.674+0000] {logging_mixin.py:188} INFO - [2025-12-06T17:10:07.674+0000] {dag.py:3834} INFO - Setting next_dagrun for short_circuit_example to None, run_after=None
[2025-12-06T17:10:07.721+0000] {processor.py:183} INFO - Processing /opt/airflow/dags/python_shortcircuit_dag.py took 0.293 seconds
[2025-12-06T17:10:38.182+0000] {processor.py:161} INFO - Started process (PID=530) to work on /opt/airflow/dags/python_shortcircuit_dag.py
[2025-12-06T17:10:38.184+0000] {processor.py:830} INFO - Processing file /opt/airflow/dags/python_shortcircuit_dag.py for tasks to queue
[2025-12-06T17:10:38.188+0000] {logging_mixin.py:188} INFO - [2025-12-06T17:10:38.188+0000] {dagbag.py:540} INFO - Filling up the DagBag from /opt/airflow/dags/python_shortcircuit_dag.py
[2025-12-06T17:10:38.227+0000] {processor.py:840} INFO - DAG(s) 'short_circuit_example' retrieved from /opt/airflow/dags/python_shortcircuit_dag.py
[2025-12-06T17:10:38.269+0000] {logging_mixin.py:188} INFO - [2025-12-06T17:10:38.269+0000] {dag.py:3047} INFO - Sync 1 DAGs
[2025-12-06T17:10:38.292+0000] {logging_mixin.py:188} INFO - [2025-12-06T17:10:38.291+0000] {dag.py:3834} INFO - Setting next_dagrun for short_circuit_example to None, run_after=None
[2025-12-06T17:10:38.344+0000] {processor.py:183} INFO - Processing /opt/airflow/dags/python_shortcircuit_dag.py took 0.169 seconds
[2025-12-06T17:11:09.504+0000] {processor.py:161} INFO - Started process (PID=564) to work on /opt/airflow/dags/python_shortcircuit_dag.py
[2025-12-06T17:11:09.506+0000] {processor.py:830} INFO - Processing file /opt/airflow/dags/python_shortcircuit_dag.py for tasks to queue
[2025-12-06T17:11:09.511+0000] {logging_mixin.py:188} INFO - [2025-12-06T17:11:09.510+0000] {dagbag.py:540} INFO - Filling up the DagBag from /opt/airflow/dags/python_shortcircuit_dag.py
[2025-12-06T17:11:09.556+0000] {processor.py:840} INFO - DAG(s) 'short_circuit_example' retrieved from /opt/airflow/dags/python_shortcircuit_dag.py
[2025-12-06T17:11:09.629+0000] {logging_mixin.py:188} INFO - [2025-12-06T17:11:09.629+0000] {dag.py:3047} INFO - Sync 1 DAGs
[2025-12-06T17:11:09.655+0000] {logging_mixin.py:188} INFO - [2025-12-06T17:11:09.654+0000] {dag.py:3834} INFO - Setting next_dagrun for short_circuit_example to None, run_after=None
[2025-12-06T17:11:09.702+0000] {processor.py:183} INFO - Processing /opt/airflow/dags/python_shortcircuit_dag.py took 0.209 seconds
[2025-12-06T17:11:40.648+0000] {processor.py:161} INFO - Started process (PID=590) to work on /opt/airflow/dags/python_shortcircuit_dag.py
[2025-12-06T17:11:40.652+0000] {processor.py:830} INFO - Processing file /opt/airflow/dags/python_shortcircuit_dag.py for tasks to queue
[2025-12-06T17:11:40.660+0000] {logging_mixin.py:188} INFO - [2025-12-06T17:11:40.660+0000] {dagbag.py:540} INFO - Filling up the DagBag from /opt/airflow/dags/python_shortcircuit_dag.py
[2025-12-06T17:11:40.706+0000] {processor.py:840} INFO - DAG(s) 'short_circuit_example' retrieved from /opt/airflow/dags/python_shortcircuit_dag.py
[2025-12-06T17:11:40.761+0000] {logging_mixin.py:188} INFO - [2025-12-06T17:11:40.760+0000] {dag.py:3047} INFO - Sync 1 DAGs
[2025-12-06T17:11:40.787+0000] {logging_mixin.py:188} INFO - [2025-12-06T17:11:40.787+0000] {dag.py:3834} INFO - Setting next_dagrun for short_circuit_example to None, run_after=None
[2025-12-06T17:11:40.819+0000] {processor.py:183} INFO - Processing /opt/airflow/dags/python_shortcircuit_dag.py took 0.179 seconds
[2025-12-06T17:12:11.721+0000] {processor.py:161} INFO - Started process (PID=615) to work on /opt/airflow/dags/python_shortcircuit_dag.py
[2025-12-06T17:12:11.724+0000] {processor.py:830} INFO - Processing file /opt/airflow/dags/python_shortcircuit_dag.py for tasks to queue
[2025-12-06T17:12:11.729+0000] {logging_mixin.py:188} INFO - [2025-12-06T17:12:11.728+0000] {dagbag.py:540} INFO - Filling up the DagBag from /opt/airflow/dags/python_shortcircuit_dag.py
[2025-12-06T17:12:11.767+0000] {processor.py:840} INFO - DAG(s) 'short_circuit_example' retrieved from /opt/airflow/dags/python_shortcircuit_dag.py
[2025-12-06T17:12:11.864+0000] {logging_mixin.py:188} INFO - [2025-12-06T17:12:11.863+0000] {dag.py:3047} INFO - Sync 1 DAGs
[2025-12-06T17:12:11.923+0000] {logging_mixin.py:188} INFO - [2025-12-06T17:12:11.922+0000] {dag.py:3834} INFO - Setting next_dagrun for short_circuit_example to None, run_after=None
[2025-12-06T17:12:11.995+0000] {processor.py:183} INFO - Processing /opt/airflow/dags/python_shortcircuit_dag.py took 0.283 seconds
[2025-12-06T17:12:42.350+0000] {processor.py:161} INFO - Started process (PID=648) to work on /opt/airflow/dags/python_shortcircuit_dag.py
[2025-12-06T17:12:42.352+0000] {processor.py:830} INFO - Processing file /opt/airflow/dags/python_shortcircuit_dag.py for tasks to queue
[2025-12-06T17:12:42.357+0000] {logging_mixin.py:188} INFO - [2025-12-06T17:12:42.357+0000] {dagbag.py:540} INFO - Filling up the DagBag from /opt/airflow/dags/python_shortcircuit_dag.py
[2025-12-06T17:12:42.391+0000] {processor.py:840} INFO - DAG(s) 'short_circuit_example' retrieved from /opt/airflow/dags/python_shortcircuit_dag.py
[2025-12-06T17:12:42.459+0000] {logging_mixin.py:188} INFO - [2025-12-06T17:12:42.459+0000] {dag.py:3047} INFO - Sync 1 DAGs
[2025-12-06T17:12:42.496+0000] {logging_mixin.py:188} INFO - [2025-12-06T17:12:42.496+0000] {dag.py:3834} INFO - Setting next_dagrun for short_circuit_example to None, run_after=None
[2025-12-06T17:12:42.558+0000] {processor.py:183} INFO - Processing /opt/airflow/dags/python_shortcircuit_dag.py took 0.215 seconds
[2025-12-06T17:13:15.058+0000] {processor.py:161} INFO - Started process (PID=675) to work on /opt/airflow/dags/python_shortcircuit_dag.py
[2025-12-06T17:13:15.068+0000] {processor.py:830} INFO - Processing file /opt/airflow/dags/python_shortcircuit_dag.py for tasks to queue
[2025-12-06T17:13:15.111+0000] {logging_mixin.py:188} INFO - [2025-12-06T17:13:15.096+0000] {dagbag.py:540} INFO - Filling up the DagBag from /opt/airflow/dags/python_shortcircuit_dag.py
[2025-12-06T17:13:15.241+0000] {processor.py:840} INFO - DAG(s) 'short_circuit_example' retrieved from /opt/airflow/dags/python_shortcircuit_dag.py
[2025-12-06T17:13:15.567+0000] {logging_mixin.py:188} INFO - [2025-12-06T17:13:15.566+0000] {dag.py:3047} INFO - Sync 1 DAGs
[2025-12-06T17:13:15.670+0000] {logging_mixin.py:188} INFO - [2025-12-06T17:13:15.669+0000] {dag.py:3834} INFO - Setting next_dagrun for short_circuit_example to None, run_after=None
[2025-12-06T17:13:15.811+0000] {processor.py:183} INFO - Processing /opt/airflow/dags/python_shortcircuit_dag.py took 0.773 seconds
[2025-12-06T17:13:46.321+0000] {processor.py:161} INFO - Started process (PID=701) to work on /opt/airflow/dags/python_shortcircuit_dag.py
[2025-12-06T17:13:46.333+0000] {processor.py:830} INFO - Processing file /opt/airflow/dags/python_shortcircuit_dag.py for tasks to queue
[2025-12-06T17:13:46.345+0000] {logging_mixin.py:188} INFO - [2025-12-06T17:13:46.344+0000] {dagbag.py:540} INFO - Filling up the DagBag from /opt/airflow/dags/python_shortcircuit_dag.py
[2025-12-06T17:13:46.660+0000] {processor.py:840} INFO - DAG(s) 'short_circuit_example' retrieved from /opt/airflow/dags/python_shortcircuit_dag.py
[2025-12-06T17:13:46.857+0000] {logging_mixin.py:188} INFO - [2025-12-06T17:13:46.856+0000] {dag.py:3047} INFO - Sync 1 DAGs
[2025-12-06T17:13:47.060+0000] {logging_mixin.py:188} INFO - [2025-12-06T17:13:47.059+0000] {dag.py:3834} INFO - Setting next_dagrun for short_circuit_example to None, run_after=None
[2025-12-06T17:13:47.264+0000] {processor.py:183} INFO - Processing /opt/airflow/dags/python_shortcircuit_dag.py took 0.961 seconds
[2025-12-06T17:14:18.023+0000] {processor.py:161} INFO - Started process (PID=719) to work on /opt/airflow/dags/python_shortcircuit_dag.py
[2025-12-06T17:14:18.027+0000] {processor.py:830} INFO - Processing file /opt/airflow/dags/python_shortcircuit_dag.py for tasks to queue
[2025-12-06T17:14:18.031+0000] {logging_mixin.py:188} INFO - [2025-12-06T17:14:18.030+0000] {dagbag.py:540} INFO - Filling up the DagBag from /opt/airflow/dags/python_shortcircuit_dag.py
[2025-12-06T17:14:18.177+0000] {processor.py:840} INFO - DAG(s) 'short_circuit_example' retrieved from /opt/airflow/dags/python_shortcircuit_dag.py
[2025-12-06T17:14:18.257+0000] {logging_mixin.py:188} INFO - [2025-12-06T17:14:18.255+0000] {dag.py:3047} INFO - Sync 1 DAGs
[2025-12-06T17:14:18.288+0000] {logging_mixin.py:188} INFO - [2025-12-06T17:14:18.287+0000] {dag.py:3834} INFO - Setting next_dagrun for short_circuit_example to None, run_after=None
[2025-12-06T17:14:18.330+0000] {processor.py:183} INFO - Processing /opt/airflow/dags/python_shortcircuit_dag.py took 0.324 seconds
[2025-12-06T17:14:50.109+0000] {processor.py:161} INFO - Started process (PID=745) to work on /opt/airflow/dags/python_shortcircuit_dag.py
[2025-12-06T17:14:50.141+0000] {processor.py:830} INFO - Processing file /opt/airflow/dags/python_shortcircuit_dag.py for tasks to queue
[2025-12-06T17:14:50.174+0000] {logging_mixin.py:188} INFO - [2025-12-06T17:14:50.172+0000] {dagbag.py:540} INFO - Filling up the DagBag from /opt/airflow/dags/python_shortcircuit_dag.py
[2025-12-06T17:14:50.435+0000] {processor.py:840} INFO - DAG(s) 'short_circuit_example' retrieved from /opt/airflow/dags/python_shortcircuit_dag.py
[2025-12-06T17:14:50.594+0000] {logging_mixin.py:188} INFO - [2025-12-06T17:14:50.593+0000] {dag.py:3047} INFO - Sync 1 DAGs
[2025-12-06T17:14:50.838+0000] {logging_mixin.py:188} INFO - [2025-12-06T17:14:50.838+0000] {dag.py:3834} INFO - Setting next_dagrun for short_circuit_example to None, run_after=None
[2025-12-06T17:14:50.979+0000] {processor.py:183} INFO - Processing /opt/airflow/dags/python_shortcircuit_dag.py took 0.921 seconds
[2025-12-06T17:15:21.371+0000] {processor.py:161} INFO - Started process (PID=768) to work on /opt/airflow/dags/python_shortcircuit_dag.py
[2025-12-06T17:15:21.379+0000] {processor.py:830} INFO - Processing file /opt/airflow/dags/python_shortcircuit_dag.py for tasks to queue
[2025-12-06T17:15:21.383+0000] {logging_mixin.py:188} INFO - [2025-12-06T17:15:21.383+0000] {dagbag.py:540} INFO - Filling up the DagBag from /opt/airflow/dags/python_shortcircuit_dag.py
[2025-12-06T17:15:21.427+0000] {processor.py:840} INFO - DAG(s) 'short_circuit_example' retrieved from /opt/airflow/dags/python_shortcircuit_dag.py
[2025-12-06T17:15:21.505+0000] {logging_mixin.py:188} INFO - [2025-12-06T17:15:21.505+0000] {dag.py:3047} INFO - Sync 1 DAGs
[2025-12-06T17:15:21.562+0000] {logging_mixin.py:188} INFO - [2025-12-06T17:15:21.562+0000] {dag.py:3834} INFO - Setting next_dagrun for short_circuit_example to None, run_after=None
[2025-12-06T17:15:21.663+0000] {processor.py:183} INFO - Processing /opt/airflow/dags/python_shortcircuit_dag.py took 0.300 seconds
[2025-12-06T17:15:52.394+0000] {processor.py:161} INFO - Started process (PID=788) to work on /opt/airflow/dags/python_shortcircuit_dag.py
[2025-12-06T17:15:52.396+0000] {processor.py:830} INFO - Processing file /opt/airflow/dags/python_shortcircuit_dag.py for tasks to queue
[2025-12-06T17:15:52.405+0000] {logging_mixin.py:188} INFO - [2025-12-06T17:15:52.404+0000] {dagbag.py:540} INFO - Filling up the DagBag from /opt/airflow/dags/python_shortcircuit_dag.py
[2025-12-06T17:15:52.439+0000] {processor.py:840} INFO - DAG(s) 'short_circuit_example' retrieved from /opt/airflow/dags/python_shortcircuit_dag.py
[2025-12-06T17:15:52.488+0000] {logging_mixin.py:188} INFO - [2025-12-06T17:15:52.487+0000] {dag.py:3047} INFO - Sync 1 DAGs
[2025-12-06T17:15:52.508+0000] {logging_mixin.py:188} INFO - [2025-12-06T17:15:52.507+0000] {dag.py:3834} INFO - Setting next_dagrun for short_circuit_example to None, run_after=None
[2025-12-06T17:15:52.543+0000] {processor.py:183} INFO - Processing /opt/airflow/dags/python_shortcircuit_dag.py took 0.155 seconds
[2025-12-06T17:16:22.784+0000] {processor.py:161} INFO - Started process (PID=814) to work on /opt/airflow/dags/python_shortcircuit_dag.py
[2025-12-06T17:16:22.786+0000] {processor.py:830} INFO - Processing file /opt/airflow/dags/python_shortcircuit_dag.py for tasks to queue
[2025-12-06T17:16:22.789+0000] {logging_mixin.py:188} INFO - [2025-12-06T17:16:22.789+0000] {dagbag.py:540} INFO - Filling up the DagBag from /opt/airflow/dags/python_shortcircuit_dag.py
[2025-12-06T17:16:22.821+0000] {processor.py:840} INFO - DAG(s) 'short_circuit_example' retrieved from /opt/airflow/dags/python_shortcircuit_dag.py
[2025-12-06T17:16:22.859+0000] {logging_mixin.py:188} INFO - [2025-12-06T17:16:22.858+0000] {dag.py:3047} INFO - Sync 1 DAGs
[2025-12-06T17:16:22.876+0000] {logging_mixin.py:188} INFO - [2025-12-06T17:16:22.876+0000] {dag.py:3834} INFO - Setting next_dagrun for short_circuit_example to None, run_after=None
[2025-12-06T17:16:22.913+0000] {processor.py:183} INFO - Processing /opt/airflow/dags/python_shortcircuit_dag.py took 0.134 seconds
[2025-12-06T17:16:53.387+0000] {processor.py:161} INFO - Started process (PID=840) to work on /opt/airflow/dags/python_shortcircuit_dag.py
[2025-12-06T17:16:53.389+0000] {processor.py:830} INFO - Processing file /opt/airflow/dags/python_shortcircuit_dag.py for tasks to queue
[2025-12-06T17:16:53.392+0000] {logging_mixin.py:188} INFO - [2025-12-06T17:16:53.392+0000] {dagbag.py:540} INFO - Filling up the DagBag from /opt/airflow/dags/python_shortcircuit_dag.py
[2025-12-06T17:16:53.430+0000] {processor.py:840} INFO - DAG(s) 'short_circuit_example' retrieved from /opt/airflow/dags/python_shortcircuit_dag.py
[2025-12-06T17:16:53.474+0000] {logging_mixin.py:188} INFO - [2025-12-06T17:16:53.473+0000] {dag.py:3047} INFO - Sync 1 DAGs
[2025-12-06T17:16:53.493+0000] {logging_mixin.py:188} INFO - [2025-12-06T17:16:53.492+0000] {dag.py:3834} INFO - Setting next_dagrun for short_circuit_example to None, run_after=None
[2025-12-06T17:16:53.532+0000] {processor.py:183} INFO - Processing /opt/airflow/dags/python_shortcircuit_dag.py took 0.150 seconds
[2025-12-06T17:17:23.826+0000] {processor.py:161} INFO - Started process (PID=865) to work on /opt/airflow/dags/python_shortcircuit_dag.py
[2025-12-06T17:17:23.828+0000] {processor.py:830} INFO - Processing file /opt/airflow/dags/python_shortcircuit_dag.py for tasks to queue
[2025-12-06T17:17:23.833+0000] {logging_mixin.py:188} INFO - [2025-12-06T17:17:23.833+0000] {dagbag.py:540} INFO - Filling up the DagBag from /opt/airflow/dags/python_shortcircuit_dag.py
[2025-12-06T17:17:23.878+0000] {processor.py:840} INFO - DAG(s) 'short_circuit_example' retrieved from /opt/airflow/dags/python_shortcircuit_dag.py
[2025-12-06T17:17:23.918+0000] {logging_mixin.py:188} INFO - [2025-12-06T17:17:23.918+0000] {dag.py:3047} INFO - Sync 1 DAGs
[2025-12-06T17:17:23.934+0000] {logging_mixin.py:188} INFO - [2025-12-06T17:17:23.934+0000] {dag.py:3834} INFO - Setting next_dagrun for short_circuit_example to None, run_after=None
[2025-12-06T17:17:23.969+0000] {processor.py:183} INFO - Processing /opt/airflow/dags/python_shortcircuit_dag.py took 0.148 seconds
[2025-12-06T17:17:54.709+0000] {processor.py:161} INFO - Started process (PID=891) to work on /opt/airflow/dags/python_shortcircuit_dag.py
[2025-12-06T17:17:54.711+0000] {processor.py:830} INFO - Processing file /opt/airflow/dags/python_shortcircuit_dag.py for tasks to queue
[2025-12-06T17:17:54.715+0000] {logging_mixin.py:188} INFO - [2025-12-06T17:17:54.715+0000] {dagbag.py:540} INFO - Filling up the DagBag from /opt/airflow/dags/python_shortcircuit_dag.py
[2025-12-06T17:17:54.762+0000] {processor.py:840} INFO - DAG(s) 'short_circuit_example' retrieved from /opt/airflow/dags/python_shortcircuit_dag.py
[2025-12-06T17:17:54.800+0000] {logging_mixin.py:188} INFO - [2025-12-06T17:17:54.800+0000] {dag.py:3047} INFO - Sync 1 DAGs
[2025-12-06T17:17:54.826+0000] {logging_mixin.py:188} INFO - [2025-12-06T17:17:54.826+0000] {dag.py:3834} INFO - Setting next_dagrun for short_circuit_example to None, run_after=None
[2025-12-06T17:17:54.855+0000] {processor.py:183} INFO - Processing /opt/airflow/dags/python_shortcircuit_dag.py took 0.152 seconds
[2025-12-06T17:18:25.528+0000] {processor.py:161} INFO - Started process (PID=917) to work on /opt/airflow/dags/python_shortcircuit_dag.py
[2025-12-06T17:18:25.532+0000] {processor.py:830} INFO - Processing file /opt/airflow/dags/python_shortcircuit_dag.py for tasks to queue
[2025-12-06T17:18:25.537+0000] {logging_mixin.py:188} INFO - [2025-12-06T17:18:25.536+0000] {dagbag.py:540} INFO - Filling up the DagBag from /opt/airflow/dags/python_shortcircuit_dag.py
[2025-12-06T17:18:25.573+0000] {processor.py:840} INFO - DAG(s) 'short_circuit_example' retrieved from /opt/airflow/dags/python_shortcircuit_dag.py
[2025-12-06T17:18:25.619+0000] {logging_mixin.py:188} INFO - [2025-12-06T17:18:25.618+0000] {dag.py:3047} INFO - Sync 1 DAGs
[2025-12-06T17:18:25.646+0000] {logging_mixin.py:188} INFO - [2025-12-06T17:18:25.645+0000] {dag.py:3834} INFO - Setting next_dagrun for short_circuit_example to None, run_after=None
[2025-12-06T17:18:25.691+0000] {processor.py:183} INFO - Processing /opt/airflow/dags/python_shortcircuit_dag.py took 0.172 seconds
[2025-12-06T17:18:55.962+0000] {processor.py:161} INFO - Started process (PID=942) to work on /opt/airflow/dags/python_shortcircuit_dag.py
[2025-12-06T17:18:55.965+0000] {processor.py:830} INFO - Processing file /opt/airflow/dags/python_shortcircuit_dag.py for tasks to queue
[2025-12-06T17:18:55.973+0000] {logging_mixin.py:188} INFO - [2025-12-06T17:18:55.972+0000] {dagbag.py:540} INFO - Filling up the DagBag from /opt/airflow/dags/python_shortcircuit_dag.py
[2025-12-06T17:18:56.013+0000] {processor.py:840} INFO - DAG(s) 'short_circuit_example' retrieved from /opt/airflow/dags/python_shortcircuit_dag.py
[2025-12-06T17:18:56.065+0000] {logging_mixin.py:188} INFO - [2025-12-06T17:18:56.064+0000] {dag.py:3047} INFO - Sync 1 DAGs
[2025-12-06T17:18:56.087+0000] {logging_mixin.py:188} INFO - [2025-12-06T17:18:56.086+0000] {dag.py:3834} INFO - Setting next_dagrun for short_circuit_example to None, run_after=None
[2025-12-06T17:18:56.136+0000] {processor.py:183} INFO - Processing /opt/airflow/dags/python_shortcircuit_dag.py took 0.179 seconds
[2025-12-06T17:19:26.652+0000] {processor.py:161} INFO - Started process (PID=975) to work on /opt/airflow/dags/python_shortcircuit_dag.py
[2025-12-06T17:19:26.654+0000] {processor.py:830} INFO - Processing file /opt/airflow/dags/python_shortcircuit_dag.py for tasks to queue
[2025-12-06T17:19:26.660+0000] {logging_mixin.py:188} INFO - [2025-12-06T17:19:26.659+0000] {dagbag.py:540} INFO - Filling up the DagBag from /opt/airflow/dags/python_shortcircuit_dag.py
[2025-12-06T17:19:26.736+0000] {processor.py:840} INFO - DAG(s) 'short_circuit_example' retrieved from /opt/airflow/dags/python_shortcircuit_dag.py
[2025-12-06T17:19:26.790+0000] {logging_mixin.py:188} INFO - [2025-12-06T17:19:26.790+0000] {dag.py:3047} INFO - Sync 1 DAGs
[2025-12-06T17:19:26.819+0000] {logging_mixin.py:188} INFO - [2025-12-06T17:19:26.818+0000] {dag.py:3834} INFO - Setting next_dagrun for short_circuit_example to None, run_after=None
[2025-12-06T17:19:26.860+0000] {processor.py:183} INFO - Processing /opt/airflow/dags/python_shortcircuit_dag.py took 0.216 seconds
[2025-12-06T17:19:57.541+0000] {processor.py:161} INFO - Started process (PID=1000) to work on /opt/airflow/dags/python_shortcircuit_dag.py
[2025-12-06T17:19:57.544+0000] {processor.py:830} INFO - Processing file /opt/airflow/dags/python_shortcircuit_dag.py for tasks to queue
[2025-12-06T17:19:57.548+0000] {logging_mixin.py:188} INFO - [2025-12-06T17:19:57.548+0000] {dagbag.py:540} INFO - Filling up the DagBag from /opt/airflow/dags/python_shortcircuit_dag.py
[2025-12-06T17:19:57.585+0000] {processor.py:840} INFO - DAG(s) 'short_circuit_example' retrieved from /opt/airflow/dags/python_shortcircuit_dag.py
[2025-12-06T17:19:57.631+0000] {logging_mixin.py:188} INFO - [2025-12-06T17:19:57.630+0000] {dag.py:3047} INFO - Sync 1 DAGs
[2025-12-06T17:19:57.652+0000] {logging_mixin.py:188} INFO - [2025-12-06T17:19:57.652+0000] {dag.py:3834} INFO - Setting next_dagrun for short_circuit_example to None, run_after=None
[2025-12-06T17:19:57.694+0000] {processor.py:183} INFO - Processing /opt/airflow/dags/python_shortcircuit_dag.py took 0.160 seconds
[2025-12-06T17:20:28.172+0000] {processor.py:161} INFO - Started process (PID=1026) to work on /opt/airflow/dags/python_shortcircuit_dag.py
[2025-12-06T17:20:28.175+0000] {processor.py:830} INFO - Processing file /opt/airflow/dags/python_shortcircuit_dag.py for tasks to queue
[2025-12-06T17:20:28.182+0000] {logging_mixin.py:188} INFO - [2025-12-06T17:20:28.181+0000] {dagbag.py:540} INFO - Filling up the DagBag from /opt/airflow/dags/python_shortcircuit_dag.py
[2025-12-06T17:20:28.258+0000] {processor.py:840} INFO - DAG(s) 'short_circuit_example' retrieved from /opt/airflow/dags/python_shortcircuit_dag.py
[2025-12-06T17:20:28.295+0000] {logging_mixin.py:188} INFO - [2025-12-06T17:20:28.294+0000] {dag.py:3047} INFO - Sync 1 DAGs
[2025-12-06T17:20:28.310+0000] {logging_mixin.py:188} INFO - [2025-12-06T17:20:28.310+0000] {dag.py:3834} INFO - Setting next_dagrun for short_circuit_example to None, run_after=None
[2025-12-06T17:20:28.348+0000] {processor.py:183} INFO - Processing /opt/airflow/dags/python_shortcircuit_dag.py took 0.188 seconds
[2025-12-06T17:20:58.840+0000] {processor.py:161} INFO - Started process (PID=1052) to work on /opt/airflow/dags/python_shortcircuit_dag.py
[2025-12-06T17:20:58.843+0000] {processor.py:830} INFO - Processing file /opt/airflow/dags/python_shortcircuit_dag.py for tasks to queue
[2025-12-06T17:20:58.846+0000] {logging_mixin.py:188} INFO - [2025-12-06T17:20:58.845+0000] {dagbag.py:540} INFO - Filling up the DagBag from /opt/airflow/dags/python_shortcircuit_dag.py
[2025-12-06T17:20:58.890+0000] {processor.py:840} INFO - DAG(s) 'short_circuit_example' retrieved from /opt/airflow/dags/python_shortcircuit_dag.py
[2025-12-06T17:20:58.933+0000] {logging_mixin.py:188} INFO - [2025-12-06T17:20:58.933+0000] {dag.py:3047} INFO - Sync 1 DAGs
[2025-12-06T17:20:58.949+0000] {logging_mixin.py:188} INFO - [2025-12-06T17:20:58.948+0000] {dag.py:3834} INFO - Setting next_dagrun for short_circuit_example to None, run_after=None
[2025-12-06T17:20:58.986+0000] {processor.py:183} INFO - Processing /opt/airflow/dags/python_shortcircuit_dag.py took 0.150 seconds
[2025-12-06T17:21:29.346+0000] {processor.py:161} INFO - Started process (PID=1078) to work on /opt/airflow/dags/python_shortcircuit_dag.py
[2025-12-06T17:21:29.348+0000] {processor.py:830} INFO - Processing file /opt/airflow/dags/python_shortcircuit_dag.py for tasks to queue
[2025-12-06T17:21:29.352+0000] {logging_mixin.py:188} INFO - [2025-12-06T17:21:29.351+0000] {dagbag.py:540} INFO - Filling up the DagBag from /opt/airflow/dags/python_shortcircuit_dag.py
[2025-12-06T17:21:29.393+0000] {processor.py:840} INFO - DAG(s) 'short_circuit_example' retrieved from /opt/airflow/dags/python_shortcircuit_dag.py
[2025-12-06T17:21:29.434+0000] {logging_mixin.py:188} INFO - [2025-12-06T17:21:29.433+0000] {dag.py:3047} INFO - Sync 1 DAGs
[2025-12-06T17:21:29.452+0000] {logging_mixin.py:188} INFO - [2025-12-06T17:21:29.452+0000] {dag.py:3834} INFO - Setting next_dagrun for short_circuit_example to None, run_after=None
[2025-12-06T17:21:29.492+0000] {processor.py:183} INFO - Processing /opt/airflow/dags/python_shortcircuit_dag.py took 0.153 seconds
[2025-12-06T17:21:59.824+0000] {processor.py:161} INFO - Started process (PID=1104) to work on /opt/airflow/dags/python_shortcircuit_dag.py
[2025-12-06T17:21:59.827+0000] {processor.py:830} INFO - Processing file /opt/airflow/dags/python_shortcircuit_dag.py for tasks to queue
[2025-12-06T17:21:59.831+0000] {logging_mixin.py:188} INFO - [2025-12-06T17:21:59.831+0000] {dagbag.py:540} INFO - Filling up the DagBag from /opt/airflow/dags/python_shortcircuit_dag.py
[2025-12-06T17:21:59.880+0000] {processor.py:840} INFO - DAG(s) 'short_circuit_example' retrieved from /opt/airflow/dags/python_shortcircuit_dag.py
[2025-12-06T17:21:59.931+0000] {logging_mixin.py:188} INFO - [2025-12-06T17:21:59.930+0000] {dag.py:3047} INFO - Sync 1 DAGs
[2025-12-06T17:21:59.949+0000] {logging_mixin.py:188} INFO - [2025-12-06T17:21:59.949+0000] {dag.py:3834} INFO - Setting next_dagrun for short_circuit_example to None, run_after=None
[2025-12-06T17:21:59.984+0000] {processor.py:183} INFO - Processing /opt/airflow/dags/python_shortcircuit_dag.py took 0.172 seconds
[2025-12-06T17:22:30.269+0000] {processor.py:161} INFO - Started process (PID=1139) to work on /opt/airflow/dags/python_shortcircuit_dag.py
[2025-12-06T17:22:30.271+0000] {processor.py:830} INFO - Processing file /opt/airflow/dags/python_shortcircuit_dag.py for tasks to queue
[2025-12-06T17:22:30.283+0000] {logging_mixin.py:188} INFO - [2025-12-06T17:22:30.282+0000] {dagbag.py:540} INFO - Filling up the DagBag from /opt/airflow/dags/python_shortcircuit_dag.py
[2025-12-06T17:22:30.329+0000] {processor.py:840} INFO - DAG(s) 'short_circuit_example' retrieved from /opt/airflow/dags/python_shortcircuit_dag.py
[2025-12-06T17:22:30.417+0000] {logging_mixin.py:188} INFO - [2025-12-06T17:22:30.416+0000] {dag.py:3047} INFO - Sync 1 DAGs
[2025-12-06T17:22:30.445+0000] {logging_mixin.py:188} INFO - [2025-12-06T17:22:30.445+0000] {dag.py:3834} INFO - Setting next_dagrun for short_circuit_example to None, run_after=None
[2025-12-06T17:22:30.485+0000] {processor.py:183} INFO - Processing /opt/airflow/dags/python_shortcircuit_dag.py took 0.234 seconds
[2025-12-06T17:23:00.593+0000] {processor.py:161} INFO - Started process (PID=1157) to work on /opt/airflow/dags/python_shortcircuit_dag.py
[2025-12-06T17:23:00.595+0000] {processor.py:830} INFO - Processing file /opt/airflow/dags/python_shortcircuit_dag.py for tasks to queue
[2025-12-06T17:23:00.601+0000] {logging_mixin.py:188} INFO - [2025-12-06T17:23:00.601+0000] {dagbag.py:540} INFO - Filling up the DagBag from /opt/airflow/dags/python_shortcircuit_dag.py
[2025-12-06T17:23:00.624+0000] {processor.py:840} INFO - DAG(s) 'short_circuit_example' retrieved from /opt/airflow/dags/python_shortcircuit_dag.py
[2025-12-06T17:23:00.661+0000] {logging_mixin.py:188} INFO - [2025-12-06T17:23:00.661+0000] {dag.py:3047} INFO - Sync 1 DAGs
[2025-12-06T17:23:00.677+0000] {logging_mixin.py:188} INFO - [2025-12-06T17:23:00.676+0000] {dag.py:3834} INFO - Setting next_dagrun for short_circuit_example to None, run_after=None
[2025-12-06T17:23:00.707+0000] {processor.py:183} INFO - Processing /opt/airflow/dags/python_shortcircuit_dag.py took 0.120 seconds
[2025-12-06T17:23:30.971+0000] {processor.py:161} INFO - Started process (PID=1183) to work on /opt/airflow/dags/python_shortcircuit_dag.py
[2025-12-06T17:23:30.973+0000] {processor.py:830} INFO - Processing file /opt/airflow/dags/python_shortcircuit_dag.py for tasks to queue
[2025-12-06T17:23:30.976+0000] {logging_mixin.py:188} INFO - [2025-12-06T17:23:30.976+0000] {dagbag.py:540} INFO - Filling up the DagBag from /opt/airflow/dags/python_shortcircuit_dag.py
[2025-12-06T17:23:31.021+0000] {processor.py:840} INFO - DAG(s) 'short_circuit_example' retrieved from /opt/airflow/dags/python_shortcircuit_dag.py
[2025-12-06T17:23:31.079+0000] {logging_mixin.py:188} INFO - [2025-12-06T17:23:31.079+0000] {dag.py:3047} INFO - Sync 1 DAGs
[2025-12-06T17:23:31.097+0000] {logging_mixin.py:188} INFO - [2025-12-06T17:23:31.097+0000] {dag.py:3834} INFO - Setting next_dagrun for short_circuit_example to None, run_after=None
[2025-12-06T17:23:31.134+0000] {processor.py:183} INFO - Processing /opt/airflow/dags/python_shortcircuit_dag.py took 0.168 seconds
[2025-12-06T17:24:01.279+0000] {processor.py:161} INFO - Started process (PID=1211) to work on /opt/airflow/dags/python_shortcircuit_dag.py
[2025-12-06T17:24:01.281+0000] {processor.py:830} INFO - Processing file /opt/airflow/dags/python_shortcircuit_dag.py for tasks to queue
[2025-12-06T17:24:01.284+0000] {logging_mixin.py:188} INFO - [2025-12-06T17:24:01.283+0000] {dagbag.py:540} INFO - Filling up the DagBag from /opt/airflow/dags/python_shortcircuit_dag.py
[2025-12-06T17:24:01.318+0000] {processor.py:840} INFO - DAG(s) 'short_circuit_example' retrieved from /opt/airflow/dags/python_shortcircuit_dag.py
[2025-12-06T17:24:01.360+0000] {logging_mixin.py:188} INFO - [2025-12-06T17:24:01.359+0000] {dag.py:3047} INFO - Sync 1 DAGs
[2025-12-06T17:24:01.382+0000] {logging_mixin.py:188} INFO - [2025-12-06T17:24:01.382+0000] {dag.py:3834} INFO - Setting next_dagrun for short_circuit_example to None, run_after=None
[2025-12-06T17:24:01.420+0000] {processor.py:183} INFO - Processing /opt/airflow/dags/python_shortcircuit_dag.py took 0.146 seconds
[2025-12-06T17:24:32.134+0000] {processor.py:161} INFO - Started process (PID=1245) to work on /opt/airflow/dags/python_shortcircuit_dag.py
[2025-12-06T17:24:32.136+0000] {processor.py:830} INFO - Processing file /opt/airflow/dags/python_shortcircuit_dag.py for tasks to queue
[2025-12-06T17:24:32.140+0000] {logging_mixin.py:188} INFO - [2025-12-06T17:24:32.139+0000] {dagbag.py:540} INFO - Filling up the DagBag from /opt/airflow/dags/python_shortcircuit_dag.py
[2025-12-06T17:24:32.172+0000] {processor.py:840} INFO - DAG(s) 'short_circuit_example' retrieved from /opt/airflow/dags/python_shortcircuit_dag.py
[2025-12-06T17:24:32.228+0000] {logging_mixin.py:188} INFO - [2025-12-06T17:24:32.228+0000] {dag.py:3047} INFO - Sync 1 DAGs
[2025-12-06T17:24:32.253+0000] {logging_mixin.py:188} INFO - [2025-12-06T17:24:32.252+0000] {dag.py:3834} INFO - Setting next_dagrun for short_circuit_example to None, run_after=None
[2025-12-06T17:24:32.294+0000] {processor.py:183} INFO - Processing /opt/airflow/dags/python_shortcircuit_dag.py took 0.165 seconds
[2025-12-06T17:25:03.096+0000] {processor.py:161} INFO - Started process (PID=1272) to work on /opt/airflow/dags/python_shortcircuit_dag.py
[2025-12-06T17:25:03.098+0000] {processor.py:830} INFO - Processing file /opt/airflow/dags/python_shortcircuit_dag.py for tasks to queue
[2025-12-06T17:25:03.102+0000] {logging_mixin.py:188} INFO - [2025-12-06T17:25:03.102+0000] {dagbag.py:540} INFO - Filling up the DagBag from /opt/airflow/dags/python_shortcircuit_dag.py
[2025-12-06T17:25:03.152+0000] {processor.py:840} INFO - DAG(s) 'short_circuit_example' retrieved from /opt/airflow/dags/python_shortcircuit_dag.py
[2025-12-06T17:25:03.209+0000] {logging_mixin.py:188} INFO - [2025-12-06T17:25:03.208+0000] {dag.py:3047} INFO - Sync 1 DAGs
[2025-12-06T17:25:03.236+0000] {logging_mixin.py:188} INFO - [2025-12-06T17:25:03.235+0000] {dag.py:3834} INFO - Setting next_dagrun for short_circuit_example to None, run_after=None
[2025-12-06T17:25:03.275+0000] {processor.py:183} INFO - Processing /opt/airflow/dags/python_shortcircuit_dag.py took 0.186 seconds
[2025-12-06T17:25:33.917+0000] {processor.py:161} INFO - Started process (PID=1297) to work on /opt/airflow/dags/python_shortcircuit_dag.py
[2025-12-06T17:25:33.926+0000] {processor.py:830} INFO - Processing file /opt/airflow/dags/python_shortcircuit_dag.py for tasks to queue
[2025-12-06T17:25:33.932+0000] {logging_mixin.py:188} INFO - [2025-12-06T17:25:33.932+0000] {dagbag.py:540} INFO - Filling up the DagBag from /opt/airflow/dags/python_shortcircuit_dag.py
[2025-12-06T17:25:34.038+0000] {processor.py:840} INFO - DAG(s) 'short_circuit_example' retrieved from /opt/airflow/dags/python_shortcircuit_dag.py
[2025-12-06T17:25:34.111+0000] {logging_mixin.py:188} INFO - [2025-12-06T17:25:34.110+0000] {dag.py:3047} INFO - Sync 1 DAGs
[2025-12-06T17:25:34.143+0000] {logging_mixin.py:188} INFO - [2025-12-06T17:25:34.142+0000] {dag.py:3834} INFO - Setting next_dagrun for short_circuit_example to None, run_after=None
[2025-12-06T17:25:34.177+0000] {processor.py:183} INFO - Processing /opt/airflow/dags/python_shortcircuit_dag.py took 0.276 seconds
[2025-12-06T17:26:04.341+0000] {processor.py:161} INFO - Started process (PID=1322) to work on /opt/airflow/dags/python_shortcircuit_dag.py
[2025-12-06T17:26:04.343+0000] {processor.py:830} INFO - Processing file /opt/airflow/dags/python_shortcircuit_dag.py for tasks to queue
[2025-12-06T17:26:04.347+0000] {logging_mixin.py:188} INFO - [2025-12-06T17:26:04.346+0000] {dagbag.py:540} INFO - Filling up the DagBag from /opt/airflow/dags/python_shortcircuit_dag.py
[2025-12-06T17:26:04.386+0000] {processor.py:840} INFO - DAG(s) 'short_circuit_example' retrieved from /opt/airflow/dags/python_shortcircuit_dag.py
[2025-12-06T17:26:04.457+0000] {logging_mixin.py:188} INFO - [2025-12-06T17:26:04.456+0000] {dag.py:3047} INFO - Sync 1 DAGs
[2025-12-06T17:26:04.481+0000] {logging_mixin.py:188} INFO - [2025-12-06T17:26:04.481+0000] {dag.py:3834} INFO - Setting next_dagrun for short_circuit_example to None, run_after=None
[2025-12-06T17:26:04.514+0000] {processor.py:183} INFO - Processing /opt/airflow/dags/python_shortcircuit_dag.py took 0.178 seconds
[2025-12-06T17:26:35.123+0000] {processor.py:161} INFO - Started process (PID=1348) to work on /opt/airflow/dags/python_shortcircuit_dag.py
[2025-12-06T17:26:35.125+0000] {processor.py:830} INFO - Processing file /opt/airflow/dags/python_shortcircuit_dag.py for tasks to queue
[2025-12-06T17:26:35.128+0000] {logging_mixin.py:188} INFO - [2025-12-06T17:26:35.127+0000] {dagbag.py:540} INFO - Filling up the DagBag from /opt/airflow/dags/python_shortcircuit_dag.py
[2025-12-06T17:26:35.158+0000] {processor.py:840} INFO - DAG(s) 'short_circuit_example' retrieved from /opt/airflow/dags/python_shortcircuit_dag.py
[2025-12-06T17:26:35.190+0000] {logging_mixin.py:188} INFO - [2025-12-06T17:26:35.189+0000] {dag.py:3047} INFO - Sync 1 DAGs
[2025-12-06T17:26:35.204+0000] {logging_mixin.py:188} INFO - [2025-12-06T17:26:35.204+0000] {dag.py:3834} INFO - Setting next_dagrun for short_circuit_example to None, run_after=None
[2025-12-06T17:26:35.234+0000] {processor.py:183} INFO - Processing /opt/airflow/dags/python_shortcircuit_dag.py took 0.114 seconds
[2025-12-06T17:27:05.906+0000] {processor.py:161} INFO - Started process (PID=1376) to work on /opt/airflow/dags/python_shortcircuit_dag.py
[2025-12-06T17:27:05.908+0000] {processor.py:830} INFO - Processing file /opt/airflow/dags/python_shortcircuit_dag.py for tasks to queue
[2025-12-06T17:27:05.910+0000] {logging_mixin.py:188} INFO - [2025-12-06T17:27:05.910+0000] {dagbag.py:540} INFO - Filling up the DagBag from /opt/airflow/dags/python_shortcircuit_dag.py
[2025-12-06T17:27:05.931+0000] {processor.py:840} INFO - DAG(s) 'short_circuit_example' retrieved from /opt/airflow/dags/python_shortcircuit_dag.py
[2025-12-06T17:27:05.962+0000] {logging_mixin.py:188} INFO - [2025-12-06T17:27:05.962+0000] {dag.py:3047} INFO - Sync 1 DAGs
[2025-12-06T17:27:05.976+0000] {logging_mixin.py:188} INFO - [2025-12-06T17:27:05.975+0000] {dag.py:3834} INFO - Setting next_dagrun for short_circuit_example to None, run_after=None
[2025-12-06T17:27:06.004+0000] {processor.py:183} INFO - Processing /opt/airflow/dags/python_shortcircuit_dag.py took 0.102 seconds
[2025-12-06T17:27:37.099+0000] {processor.py:161} INFO - Started process (PID=1402) to work on /opt/airflow/dags/python_shortcircuit_dag.py
[2025-12-06T17:27:37.101+0000] {processor.py:830} INFO - Processing file /opt/airflow/dags/python_shortcircuit_dag.py for tasks to queue
[2025-12-06T17:27:37.104+0000] {logging_mixin.py:188} INFO - [2025-12-06T17:27:37.104+0000] {dagbag.py:540} INFO - Filling up the DagBag from /opt/airflow/dags/python_shortcircuit_dag.py
[2025-12-06T17:27:37.149+0000] {processor.py:840} INFO - DAG(s) 'short_circuit_example' retrieved from /opt/airflow/dags/python_shortcircuit_dag.py
[2025-12-06T17:27:37.245+0000] {logging_mixin.py:188} INFO - [2025-12-06T17:27:37.245+0000] {dag.py:3047} INFO - Sync 1 DAGs
[2025-12-06T17:27:37.275+0000] {logging_mixin.py:188} INFO - [2025-12-06T17:27:37.274+0000] {dag.py:3834} INFO - Setting next_dagrun for short_circuit_example to None, run_after=None
[2025-12-06T17:27:37.317+0000] {processor.py:183} INFO - Processing /opt/airflow/dags/python_shortcircuit_dag.py took 0.223 seconds
[2025-12-06T17:28:07.544+0000] {processor.py:161} INFO - Started process (PID=1428) to work on /opt/airflow/dags/python_shortcircuit_dag.py
[2025-12-06T17:28:07.546+0000] {processor.py:830} INFO - Processing file /opt/airflow/dags/python_shortcircuit_dag.py for tasks to queue
[2025-12-06T17:28:07.551+0000] {logging_mixin.py:188} INFO - [2025-12-06T17:28:07.550+0000] {dagbag.py:540} INFO - Filling up the DagBag from /opt/airflow/dags/python_shortcircuit_dag.py
[2025-12-06T17:28:07.592+0000] {processor.py:840} INFO - DAG(s) 'short_circuit_example' retrieved from /opt/airflow/dags/python_shortcircuit_dag.py
[2025-12-06T17:28:07.633+0000] {logging_mixin.py:188} INFO - [2025-12-06T17:28:07.632+0000] {dag.py:3047} INFO - Sync 1 DAGs
[2025-12-06T17:28:07.652+0000] {logging_mixin.py:188} INFO - [2025-12-06T17:28:07.651+0000] {dag.py:3834} INFO - Setting next_dagrun for short_circuit_example to None, run_after=None
[2025-12-06T17:28:07.682+0000] {processor.py:183} INFO - Processing /opt/airflow/dags/python_shortcircuit_dag.py took 0.143 seconds
[2025-12-06T17:28:38.007+0000] {processor.py:161} INFO - Started process (PID=1453) to work on /opt/airflow/dags/python_shortcircuit_dag.py
[2025-12-06T17:28:38.009+0000] {processor.py:830} INFO - Processing file /opt/airflow/dags/python_shortcircuit_dag.py for tasks to queue
[2025-12-06T17:28:38.013+0000] {logging_mixin.py:188} INFO - [2025-12-06T17:28:38.012+0000] {dagbag.py:540} INFO - Filling up the DagBag from /opt/airflow/dags/python_shortcircuit_dag.py
[2025-12-06T17:28:38.164+0000] {processor.py:840} INFO - DAG(s) 'short_circuit_example' retrieved from /opt/airflow/dags/python_shortcircuit_dag.py
[2025-12-06T17:28:38.208+0000] {logging_mixin.py:188} INFO - [2025-12-06T17:28:38.208+0000] {dag.py:3047} INFO - Sync 1 DAGs
[2025-12-06T17:28:38.226+0000] {logging_mixin.py:188} INFO - [2025-12-06T17:28:38.226+0000] {dag.py:3834} INFO - Setting next_dagrun for short_circuit_example to None, run_after=None
[2025-12-06T17:28:38.279+0000] {processor.py:183} INFO - Processing /opt/airflow/dags/python_shortcircuit_dag.py took 0.280 seconds
[2025-12-06T17:29:08.454+0000] {processor.py:161} INFO - Started process (PID=1479) to work on /opt/airflow/dags/python_shortcircuit_dag.py
[2025-12-06T17:29:08.457+0000] {processor.py:830} INFO - Processing file /opt/airflow/dags/python_shortcircuit_dag.py for tasks to queue
[2025-12-06T17:29:08.460+0000] {logging_mixin.py:188} INFO - [2025-12-06T17:29:08.459+0000] {dagbag.py:540} INFO - Filling up the DagBag from /opt/airflow/dags/python_shortcircuit_dag.py
[2025-12-06T17:29:08.495+0000] {processor.py:840} INFO - DAG(s) 'short_circuit_example' retrieved from /opt/airflow/dags/python_shortcircuit_dag.py
[2025-12-06T17:29:08.546+0000] {logging_mixin.py:188} INFO - [2025-12-06T17:29:08.546+0000] {dag.py:3047} INFO - Sync 1 DAGs
[2025-12-06T17:29:08.564+0000] {logging_mixin.py:188} INFO - [2025-12-06T17:29:08.564+0000] {dag.py:3834} INFO - Setting next_dagrun for short_circuit_example to None, run_after=None
[2025-12-06T17:29:08.605+0000] {processor.py:183} INFO - Processing /opt/airflow/dags/python_shortcircuit_dag.py took 0.155 seconds
[2025-12-06T17:29:39.374+0000] {processor.py:161} INFO - Started process (PID=1505) to work on /opt/airflow/dags/python_shortcircuit_dag.py
[2025-12-06T17:29:39.376+0000] {processor.py:830} INFO - Processing file /opt/airflow/dags/python_shortcircuit_dag.py for tasks to queue
[2025-12-06T17:29:39.380+0000] {logging_mixin.py:188} INFO - [2025-12-06T17:29:39.379+0000] {dagbag.py:540} INFO - Filling up the DagBag from /opt/airflow/dags/python_shortcircuit_dag.py
[2025-12-06T17:29:39.411+0000] {processor.py:840} INFO - DAG(s) 'short_circuit_example' retrieved from /opt/airflow/dags/python_shortcircuit_dag.py
[2025-12-06T17:29:39.488+0000] {logging_mixin.py:188} INFO - [2025-12-06T17:29:39.488+0000] {dag.py:3047} INFO - Sync 1 DAGs
[2025-12-06T17:29:39.521+0000] {logging_mixin.py:188} INFO - [2025-12-06T17:29:39.521+0000] {dag.py:3834} INFO - Setting next_dagrun for short_circuit_example to None, run_after=None
[2025-12-06T17:29:39.580+0000] {processor.py:183} INFO - Processing /opt/airflow/dags/python_shortcircuit_dag.py took 0.214 seconds
[2025-12-06T17:30:09.883+0000] {processor.py:161} INFO - Started process (PID=1532) to work on /opt/airflow/dags/python_shortcircuit_dag.py
[2025-12-06T17:30:09.884+0000] {processor.py:830} INFO - Processing file /opt/airflow/dags/python_shortcircuit_dag.py for tasks to queue
[2025-12-06T17:30:09.888+0000] {logging_mixin.py:188} INFO - [2025-12-06T17:30:09.887+0000] {dagbag.py:540} INFO - Filling up the DagBag from /opt/airflow/dags/python_shortcircuit_dag.py
[2025-12-06T17:30:09.928+0000] {processor.py:840} INFO - DAG(s) 'short_circuit_example' retrieved from /opt/airflow/dags/python_shortcircuit_dag.py
[2025-12-06T17:30:09.975+0000] {logging_mixin.py:188} INFO - [2025-12-06T17:30:09.974+0000] {dag.py:3047} INFO - Sync 1 DAGs
[2025-12-06T17:30:09.995+0000] {logging_mixin.py:188} INFO - [2025-12-06T17:30:09.994+0000] {dag.py:3834} INFO - Setting next_dagrun for short_circuit_example to None, run_after=None
[2025-12-06T17:30:10.032+0000] {processor.py:183} INFO - Processing /opt/airflow/dags/python_shortcircuit_dag.py took 0.154 seconds
[2025-12-06T17:30:41.217+0000] {processor.py:161} INFO - Started process (PID=1556) to work on /opt/airflow/dags/python_shortcircuit_dag.py
[2025-12-06T17:30:41.223+0000] {processor.py:830} INFO - Processing file /opt/airflow/dags/python_shortcircuit_dag.py for tasks to queue
[2025-12-06T17:30:41.227+0000] {logging_mixin.py:188} INFO - [2025-12-06T17:30:41.226+0000] {dagbag.py:540} INFO - Filling up the DagBag from /opt/airflow/dags/python_shortcircuit_dag.py
[2025-12-06T17:30:41.286+0000] {processor.py:840} INFO - DAG(s) 'short_circuit_example' retrieved from /opt/airflow/dags/python_shortcircuit_dag.py
[2025-12-06T17:30:41.374+0000] {logging_mixin.py:188} INFO - [2025-12-06T17:30:41.373+0000] {dag.py:3047} INFO - Sync 1 DAGs
[2025-12-06T17:30:41.419+0000] {logging_mixin.py:188} INFO - [2025-12-06T17:30:41.419+0000] {dag.py:3834} INFO - Setting next_dagrun for short_circuit_example to None, run_after=None
[2025-12-06T17:30:41.496+0000] {processor.py:183} INFO - Processing /opt/airflow/dags/python_shortcircuit_dag.py took 0.288 seconds
[2025-12-06T17:31:11.702+0000] {processor.py:161} INFO - Started process (PID=1583) to work on /opt/airflow/dags/python_shortcircuit_dag.py
[2025-12-06T17:31:11.704+0000] {processor.py:830} INFO - Processing file /opt/airflow/dags/python_shortcircuit_dag.py for tasks to queue
[2025-12-06T17:31:11.706+0000] {logging_mixin.py:188} INFO - [2025-12-06T17:31:11.706+0000] {dagbag.py:540} INFO - Filling up the DagBag from /opt/airflow/dags/python_shortcircuit_dag.py
[2025-12-06T17:31:11.724+0000] {processor.py:840} INFO - DAG(s) 'short_circuit_example' retrieved from /opt/airflow/dags/python_shortcircuit_dag.py
[2025-12-06T17:31:11.754+0000] {logging_mixin.py:188} INFO - [2025-12-06T17:31:11.754+0000] {dag.py:3047} INFO - Sync 1 DAGs
[2025-12-06T17:31:11.769+0000] {logging_mixin.py:188} INFO - [2025-12-06T17:31:11.769+0000] {dag.py:3834} INFO - Setting next_dagrun for short_circuit_example to None, run_after=None
[2025-12-06T17:31:11.797+0000] {processor.py:183} INFO - Processing /opt/airflow/dags/python_shortcircuit_dag.py took 0.099 seconds
[2025-12-06T17:31:46.432+0000] {processor.py:161} INFO - Started process (PID=1608) to work on /opt/airflow/dags/python_shortcircuit_dag.py
[2025-12-06T17:31:46.436+0000] {processor.py:830} INFO - Processing file /opt/airflow/dags/python_shortcircuit_dag.py for tasks to queue
[2025-12-06T17:31:46.451+0000] {logging_mixin.py:188} INFO - [2025-12-06T17:31:46.451+0000] {dagbag.py:540} INFO - Filling up the DagBag from /opt/airflow/dags/python_shortcircuit_dag.py
[2025-12-06T17:31:46.688+0000] {processor.py:840} INFO - DAG(s) 'short_circuit_example' retrieved from /opt/airflow/dags/python_shortcircuit_dag.py
[2025-12-06T17:31:46.919+0000] {logging_mixin.py:188} INFO - [2025-12-06T17:31:46.919+0000] {dag.py:3047} INFO - Sync 1 DAGs
[2025-12-06T17:31:47.080+0000] {logging_mixin.py:188} INFO - [2025-12-06T17:31:47.079+0000] {dag.py:3834} INFO - Setting next_dagrun for short_circuit_example to None, run_after=None
[2025-12-06T17:31:47.304+0000] {processor.py:183} INFO - Processing /opt/airflow/dags/python_shortcircuit_dag.py took 0.934 seconds
[2025-12-06T17:32:17.616+0000] {processor.py:161} INFO - Started process (PID=1633) to work on /opt/airflow/dags/python_shortcircuit_dag.py
[2025-12-06T17:32:17.624+0000] {processor.py:830} INFO - Processing file /opt/airflow/dags/python_shortcircuit_dag.py for tasks to queue
[2025-12-06T17:32:17.628+0000] {logging_mixin.py:188} INFO - [2025-12-06T17:32:17.628+0000] {dagbag.py:540} INFO - Filling up the DagBag from /opt/airflow/dags/python_shortcircuit_dag.py
[2025-12-06T17:32:17.664+0000] {processor.py:840} INFO - DAG(s) 'short_circuit_example' retrieved from /opt/airflow/dags/python_shortcircuit_dag.py
[2025-12-06T17:32:17.720+0000] {logging_mixin.py:188} INFO - [2025-12-06T17:32:17.719+0000] {dag.py:3047} INFO - Sync 1 DAGs
[2025-12-06T17:32:17.747+0000] {logging_mixin.py:188} INFO - [2025-12-06T17:32:17.747+0000] {dag.py:3834} INFO - Setting next_dagrun for short_circuit_example to None, run_after=None
[2025-12-06T17:32:17.790+0000] {processor.py:183} INFO - Processing /opt/airflow/dags/python_shortcircuit_dag.py took 0.186 seconds
[2025-12-06T17:32:48.265+0000] {processor.py:161} INFO - Started process (PID=1659) to work on /opt/airflow/dags/python_shortcircuit_dag.py
[2025-12-06T17:32:48.272+0000] {processor.py:830} INFO - Processing file /opt/airflow/dags/python_shortcircuit_dag.py for tasks to queue
[2025-12-06T17:32:48.282+0000] {logging_mixin.py:188} INFO - [2025-12-06T17:32:48.281+0000] {dagbag.py:540} INFO - Filling up the DagBag from /opt/airflow/dags/python_shortcircuit_dag.py
[2025-12-06T17:32:48.357+0000] {processor.py:840} INFO - DAG(s) 'short_circuit_example' retrieved from /opt/airflow/dags/python_shortcircuit_dag.py
[2025-12-06T17:32:48.479+0000] {logging_mixin.py:188} INFO - [2025-12-06T17:32:48.478+0000] {dag.py:3047} INFO - Sync 1 DAGs
[2025-12-06T17:32:48.518+0000] {logging_mixin.py:188} INFO - [2025-12-06T17:32:48.518+0000] {dag.py:3834} INFO - Setting next_dagrun for short_circuit_example to None, run_after=None
[2025-12-06T17:32:48.612+0000] {processor.py:183} INFO - Processing /opt/airflow/dags/python_shortcircuit_dag.py took 0.364 seconds
