[2025-12-06T16:55:23.244+0000] {processor.py:161} INFO - Started process (PID=94) to work on /opt/airflow/dags/python_branch_operator.py
[2025-12-06T16:55:23.254+0000] {processor.py:830} INFO - Processing file /opt/airflow/dags/python_branch_operator.py for tasks to queue
[2025-12-06T16:55:23.284+0000] {logging_mixin.py:188} INFO - [2025-12-06T16:55:23.282+0000] {dagbag.py:540} INFO - Filling up the DagBag from /opt/airflow/dags/python_branch_operator.py
[2025-12-06T16:55:23.960+0000] {processor.py:840} INFO - DAG(s) 'python_branch_operator_ex' retrieved from /opt/airflow/dags/python_branch_operator.py
[2025-12-06T16:55:26.996+0000] {logging_mixin.py:188} INFO - [2025-12-06T16:55:26.996+0000] {dag.py:3047} INFO - Sync 1 DAGs
[2025-12-06T16:55:27.349+0000] {logging_mixin.py:188} INFO - [2025-12-06T16:55:27.349+0000] {dag.py:3834} INFO - Setting next_dagrun for python_branch_operator_ex to 2025-12-04 00:00:00+00:00, run_after=2025-12-05 00:00:00+00:00
[2025-12-06T16:55:27.705+0000] {processor.py:183} INFO - Processing /opt/airflow/dags/python_branch_operator.py took 4.499 seconds
[2025-12-06T16:55:59.652+0000] {processor.py:161} INFO - Started process (PID=121) to work on /opt/airflow/dags/python_branch_operator.py
[2025-12-06T16:55:59.683+0000] {processor.py:830} INFO - Processing file /opt/airflow/dags/python_branch_operator.py for tasks to queue
[2025-12-06T16:55:59.712+0000] {logging_mixin.py:188} INFO - [2025-12-06T16:55:59.711+0000] {dagbag.py:540} INFO - Filling up the DagBag from /opt/airflow/dags/python_branch_operator.py
[2025-12-06T16:56:01.053+0000] {processor.py:840} INFO - DAG(s) 'python_branch_operator_ex' retrieved from /opt/airflow/dags/python_branch_operator.py
[2025-12-06T16:56:01.525+0000] {logging_mixin.py:188} INFO - [2025-12-06T16:56:01.524+0000] {dag.py:3047} INFO - Sync 1 DAGs
[2025-12-06T16:56:02.199+0000] {logging_mixin.py:188} INFO - [2025-12-06T16:56:02.186+0000] {dag.py:3834} INFO - Setting next_dagrun for python_branch_operator_ex to 2025-12-04 00:00:00+00:00, run_after=2025-12-05 00:00:00+00:00
[2025-12-06T16:56:02.868+0000] {processor.py:183} INFO - Processing /opt/airflow/dags/python_branch_operator.py took 3.322 seconds
[2025-12-06T16:56:34.752+0000] {processor.py:161} INFO - Started process (PID=140) to work on /opt/airflow/dags/python_branch_operator.py
[2025-12-06T16:56:34.781+0000] {processor.py:830} INFO - Processing file /opt/airflow/dags/python_branch_operator.py for tasks to queue
[2025-12-06T16:56:34.799+0000] {logging_mixin.py:188} INFO - [2025-12-06T16:56:34.792+0000] {dagbag.py:540} INFO - Filling up the DagBag from /opt/airflow/dags/python_branch_operator.py
[2025-12-06T16:56:36.920+0000] {processor.py:840} INFO - DAG(s) 'python_branch_operator_ex' retrieved from /opt/airflow/dags/python_branch_operator.py
[2025-12-06T16:56:39.339+0000] {logging_mixin.py:188} INFO - [2025-12-06T16:56:39.338+0000] {dag.py:3047} INFO - Sync 1 DAGs
[2025-12-06T16:56:41.691+0000] {logging_mixin.py:188} INFO - [2025-12-06T16:56:41.690+0000] {dag.py:3834} INFO - Setting next_dagrun for python_branch_operator_ex to 2025-12-04 00:00:00+00:00, run_after=2025-12-05 00:00:00+00:00
[2025-12-06T16:56:42.841+0000] {processor.py:183} INFO - Processing /opt/airflow/dags/python_branch_operator.py took 8.125 seconds
[2025-12-06T17:01:48.071+0000] {processor.py:161} INFO - Started process (PID=70) to work on /opt/airflow/dags/python_branch_operator.py
[2025-12-06T17:01:48.082+0000] {processor.py:830} INFO - Processing file /opt/airflow/dags/python_branch_operator.py for tasks to queue
[2025-12-06T17:01:48.089+0000] {logging_mixin.py:188} INFO - [2025-12-06T17:01:48.087+0000] {dagbag.py:540} INFO - Filling up the DagBag from /opt/airflow/dags/python_branch_operator.py
[2025-12-06T17:01:48.148+0000] {processor.py:840} INFO - DAG(s) 'python_branch_operator_ex' retrieved from /opt/airflow/dags/python_branch_operator.py
[2025-12-06T17:01:48.591+0000] {logging_mixin.py:188} INFO - [2025-12-06T17:01:48.590+0000] {dag.py:3047} INFO - Sync 1 DAGs
[2025-12-06T17:01:48.651+0000] {logging_mixin.py:188} INFO - [2025-12-06T17:01:48.650+0000] {dag.py:3834} INFO - Setting next_dagrun for python_branch_operator_ex to 2025-12-04 00:00:00+00:00, run_after=2025-12-05 00:00:00+00:00
[2025-12-06T17:01:48.704+0000] {processor.py:183} INFO - Processing /opt/airflow/dags/python_branch_operator.py took 0.654 seconds
[2025-12-06T17:02:21.250+0000] {processor.py:161} INFO - Started process (PID=95) to work on /opt/airflow/dags/python_branch_operator.py
[2025-12-06T17:02:21.253+0000] {processor.py:830} INFO - Processing file /opt/airflow/dags/python_branch_operator.py for tasks to queue
[2025-12-06T17:02:21.266+0000] {logging_mixin.py:188} INFO - [2025-12-06T17:02:21.265+0000] {dagbag.py:540} INFO - Filling up the DagBag from /opt/airflow/dags/python_branch_operator.py
[2025-12-06T17:02:21.339+0000] {processor.py:840} INFO - DAG(s) 'python_branch_operator_ex' retrieved from /opt/airflow/dags/python_branch_operator.py
[2025-12-06T17:02:21.496+0000] {logging_mixin.py:188} INFO - [2025-12-06T17:02:21.495+0000] {dag.py:3047} INFO - Sync 1 DAGs
[2025-12-06T17:02:21.622+0000] {logging_mixin.py:188} INFO - [2025-12-06T17:02:21.621+0000] {dag.py:3834} INFO - Setting next_dagrun for python_branch_operator_ex to 2025-12-04 00:00:00+00:00, run_after=2025-12-05 00:00:00+00:00
[2025-12-06T17:02:21.715+0000] {processor.py:183} INFO - Processing /opt/airflow/dags/python_branch_operator.py took 0.474 seconds
[2025-12-06T17:02:53.164+0000] {processor.py:161} INFO - Started process (PID=129) to work on /opt/airflow/dags/python_branch_operator.py
[2025-12-06T17:02:53.171+0000] {processor.py:830} INFO - Processing file /opt/airflow/dags/python_branch_operator.py for tasks to queue
[2025-12-06T17:02:53.180+0000] {logging_mixin.py:188} INFO - [2025-12-06T17:02:53.179+0000] {dagbag.py:540} INFO - Filling up the DagBag from /opt/airflow/dags/python_branch_operator.py
[2025-12-06T17:02:53.273+0000] {processor.py:840} INFO - DAG(s) 'python_branch_operator_ex' retrieved from /opt/airflow/dags/python_branch_operator.py
[2025-12-06T17:02:53.346+0000] {logging_mixin.py:188} INFO - [2025-12-06T17:02:53.345+0000] {dag.py:3047} INFO - Sync 1 DAGs
[2025-12-06T17:02:53.513+0000] {logging_mixin.py:188} INFO - [2025-12-06T17:02:53.512+0000] {dag.py:3834} INFO - Setting next_dagrun for python_branch_operator_ex to 2025-12-04 00:00:00+00:00, run_after=2025-12-05 00:00:00+00:00
[2025-12-06T17:02:53.739+0000] {processor.py:183} INFO - Processing /opt/airflow/dags/python_branch_operator.py took 0.630 seconds
[2025-12-06T17:03:25.864+0000] {processor.py:161} INFO - Started process (PID=155) to work on /opt/airflow/dags/python_branch_operator.py
[2025-12-06T17:03:25.871+0000] {processor.py:830} INFO - Processing file /opt/airflow/dags/python_branch_operator.py for tasks to queue
[2025-12-06T17:03:25.885+0000] {logging_mixin.py:188} INFO - [2025-12-06T17:03:25.884+0000] {dagbag.py:540} INFO - Filling up the DagBag from /opt/airflow/dags/python_branch_operator.py
[2025-12-06T17:03:26.217+0000] {processor.py:840} INFO - DAG(s) 'python_branch_operator_ex' retrieved from /opt/airflow/dags/python_branch_operator.py
[2025-12-06T17:03:26.445+0000] {logging_mixin.py:188} INFO - [2025-12-06T17:03:26.444+0000] {dag.py:3047} INFO - Sync 1 DAGs
[2025-12-06T17:03:26.531+0000] {logging_mixin.py:188} INFO - [2025-12-06T17:03:26.530+0000] {dag.py:3834} INFO - Setting next_dagrun for python_branch_operator_ex to 2025-12-04 00:00:00+00:00, run_after=2025-12-05 00:00:00+00:00
[2025-12-06T17:03:26.645+0000] {processor.py:183} INFO - Processing /opt/airflow/dags/python_branch_operator.py took 0.800 seconds
[2025-12-06T17:03:57.694+0000] {processor.py:161} INFO - Started process (PID=181) to work on /opt/airflow/dags/python_branch_operator.py
[2025-12-06T17:03:57.698+0000] {processor.py:830} INFO - Processing file /opt/airflow/dags/python_branch_operator.py for tasks to queue
[2025-12-06T17:03:57.711+0000] {logging_mixin.py:188} INFO - [2025-12-06T17:03:57.710+0000] {dagbag.py:540} INFO - Filling up the DagBag from /opt/airflow/dags/python_branch_operator.py
[2025-12-06T17:03:57.845+0000] {processor.py:840} INFO - DAG(s) 'python_branch_operator_ex' retrieved from /opt/airflow/dags/python_branch_operator.py
[2025-12-06T17:03:57.986+0000] {logging_mixin.py:188} INFO - [2025-12-06T17:03:57.985+0000] {dag.py:3047} INFO - Sync 1 DAGs
[2025-12-06T17:03:58.125+0000] {logging_mixin.py:188} INFO - [2025-12-06T17:03:58.124+0000] {dag.py:3834} INFO - Setting next_dagrun for python_branch_operator_ex to 2025-12-04 00:00:00+00:00, run_after=2025-12-05 00:00:00+00:00
[2025-12-06T17:03:58.211+0000] {processor.py:183} INFO - Processing /opt/airflow/dags/python_branch_operator.py took 0.536 seconds
[2025-12-06T17:04:28.429+0000] {processor.py:161} INFO - Started process (PID=207) to work on /opt/airflow/dags/python_branch_operator.py
[2025-12-06T17:04:28.430+0000] {processor.py:830} INFO - Processing file /opt/airflow/dags/python_branch_operator.py for tasks to queue
[2025-12-06T17:04:28.434+0000] {logging_mixin.py:188} INFO - [2025-12-06T17:04:28.433+0000] {dagbag.py:540} INFO - Filling up the DagBag from /opt/airflow/dags/python_branch_operator.py
[2025-12-06T17:04:28.559+0000] {processor.py:840} INFO - DAG(s) 'python_branch_operator_ex' retrieved from /opt/airflow/dags/python_branch_operator.py
[2025-12-06T17:04:28.707+0000] {logging_mixin.py:188} INFO - [2025-12-06T17:04:28.707+0000] {dag.py:3047} INFO - Sync 1 DAGs
[2025-12-06T17:04:28.749+0000] {logging_mixin.py:188} INFO - [2025-12-06T17:04:28.749+0000] {dag.py:3834} INFO - Setting next_dagrun for python_branch_operator_ex to 2025-12-04 00:00:00+00:00, run_after=2025-12-05 00:00:00+00:00
[2025-12-06T17:04:28.847+0000] {processor.py:183} INFO - Processing /opt/airflow/dags/python_branch_operator.py took 0.424 seconds
[2025-12-06T17:04:59.038+0000] {processor.py:161} INFO - Started process (PID=231) to work on /opt/airflow/dags/python_branch_operator.py
[2025-12-06T17:04:59.040+0000] {processor.py:830} INFO - Processing file /opt/airflow/dags/python_branch_operator.py for tasks to queue
[2025-12-06T17:04:59.044+0000] {logging_mixin.py:188} INFO - [2025-12-06T17:04:59.043+0000] {dagbag.py:540} INFO - Filling up the DagBag from /opt/airflow/dags/python_branch_operator.py
[2025-12-06T17:04:59.099+0000] {processor.py:840} INFO - DAG(s) 'python_branch_operator_ex' retrieved from /opt/airflow/dags/python_branch_operator.py
[2025-12-06T17:04:59.164+0000] {logging_mixin.py:188} INFO - [2025-12-06T17:04:59.164+0000] {dag.py:3047} INFO - Sync 1 DAGs
[2025-12-06T17:04:59.200+0000] {logging_mixin.py:188} INFO - [2025-12-06T17:04:59.199+0000] {dag.py:3834} INFO - Setting next_dagrun for python_branch_operator_ex to 2025-12-04 00:00:00+00:00, run_after=2025-12-05 00:00:00+00:00
[2025-12-06T17:04:59.238+0000] {processor.py:183} INFO - Processing /opt/airflow/dags/python_branch_operator.py took 0.212 seconds
[2025-12-06T17:05:29.688+0000] {processor.py:161} INFO - Started process (PID=256) to work on /opt/airflow/dags/python_branch_operator.py
[2025-12-06T17:05:29.690+0000] {processor.py:830} INFO - Processing file /opt/airflow/dags/python_branch_operator.py for tasks to queue
[2025-12-06T17:05:29.695+0000] {logging_mixin.py:188} INFO - [2025-12-06T17:05:29.693+0000] {dagbag.py:540} INFO - Filling up the DagBag from /opt/airflow/dags/python_branch_operator.py
[2025-12-06T17:05:29.735+0000] {processor.py:840} INFO - DAG(s) 'python_branch_operator_ex' retrieved from /opt/airflow/dags/python_branch_operator.py
[2025-12-06T17:05:29.859+0000] {logging_mixin.py:188} INFO - [2025-12-06T17:05:29.859+0000] {dag.py:3047} INFO - Sync 1 DAGs
[2025-12-06T17:05:29.947+0000] {logging_mixin.py:188} INFO - [2025-12-06T17:05:29.946+0000] {dag.py:3834} INFO - Setting next_dagrun for python_branch_operator_ex to 2025-12-04 00:00:00+00:00, run_after=2025-12-05 00:00:00+00:00
[2025-12-06T17:05:30.074+0000] {processor.py:183} INFO - Processing /opt/airflow/dags/python_branch_operator.py took 0.393 seconds
[2025-12-06T17:06:00.573+0000] {processor.py:161} INFO - Started process (PID=287) to work on /opt/airflow/dags/python_branch_operator.py
[2025-12-06T17:06:00.575+0000] {processor.py:830} INFO - Processing file /opt/airflow/dags/python_branch_operator.py for tasks to queue
[2025-12-06T17:06:00.584+0000] {logging_mixin.py:188} INFO - [2025-12-06T17:06:00.583+0000] {dagbag.py:540} INFO - Filling up the DagBag from /opt/airflow/dags/python_branch_operator.py
[2025-12-06T17:06:00.618+0000] {processor.py:840} INFO - DAG(s) 'python_branch_operator_ex' retrieved from /opt/airflow/dags/python_branch_operator.py
[2025-12-06T17:06:00.705+0000] {logging_mixin.py:188} INFO - [2025-12-06T17:06:00.703+0000] {dag.py:3047} INFO - Sync 1 DAGs
[2025-12-06T17:06:00.811+0000] {logging_mixin.py:188} INFO - [2025-12-06T17:06:00.811+0000] {dag.py:3834} INFO - Setting next_dagrun for python_branch_operator_ex to 2025-12-04 00:00:00+00:00, run_after=2025-12-05 00:00:00+00:00
[2025-12-06T17:06:00.932+0000] {processor.py:183} INFO - Processing /opt/airflow/dags/python_branch_operator.py took 0.372 seconds
[2025-12-06T17:06:31.757+0000] {processor.py:161} INFO - Started process (PID=314) to work on /opt/airflow/dags/python_branch_operator.py
[2025-12-06T17:06:31.759+0000] {processor.py:830} INFO - Processing file /opt/airflow/dags/python_branch_operator.py for tasks to queue
[2025-12-06T17:06:31.767+0000] {logging_mixin.py:188} INFO - [2025-12-06T17:06:31.766+0000] {dagbag.py:540} INFO - Filling up the DagBag from /opt/airflow/dags/python_branch_operator.py
[2025-12-06T17:06:31.812+0000] {processor.py:840} INFO - DAG(s) 'python_branch_operator_ex' retrieved from /opt/airflow/dags/python_branch_operator.py
[2025-12-06T17:06:31.864+0000] {logging_mixin.py:188} INFO - [2025-12-06T17:06:31.864+0000] {dag.py:3047} INFO - Sync 1 DAGs
[2025-12-06T17:06:31.909+0000] {logging_mixin.py:188} INFO - [2025-12-06T17:06:31.908+0000] {dag.py:3834} INFO - Setting next_dagrun for python_branch_operator_ex to 2025-12-04 00:00:00+00:00, run_after=2025-12-05 00:00:00+00:00
[2025-12-06T17:06:31.962+0000] {processor.py:183} INFO - Processing /opt/airflow/dags/python_branch_operator.py took 0.219 seconds
[2025-12-06T17:07:02.747+0000] {processor.py:161} INFO - Started process (PID=340) to work on /opt/airflow/dags/python_branch_operator.py
[2025-12-06T17:07:02.749+0000] {processor.py:830} INFO - Processing file /opt/airflow/dags/python_branch_operator.py for tasks to queue
[2025-12-06T17:07:02.753+0000] {logging_mixin.py:188} INFO - [2025-12-06T17:07:02.752+0000] {dagbag.py:540} INFO - Filling up the DagBag from /opt/airflow/dags/python_branch_operator.py
[2025-12-06T17:07:02.780+0000] {processor.py:840} INFO - DAG(s) 'python_branch_operator_ex' retrieved from /opt/airflow/dags/python_branch_operator.py
[2025-12-06T17:07:02.828+0000] {logging_mixin.py:188} INFO - [2025-12-06T17:07:02.827+0000] {dag.py:3047} INFO - Sync 1 DAGs
[2025-12-06T17:07:02.864+0000] {logging_mixin.py:188} INFO - [2025-12-06T17:07:02.864+0000] {dag.py:3834} INFO - Setting next_dagrun for python_branch_operator_ex to 2025-12-04 00:00:00+00:00, run_after=2025-12-05 00:00:00+00:00
[2025-12-06T17:07:02.919+0000] {processor.py:183} INFO - Processing /opt/airflow/dags/python_branch_operator.py took 0.177 seconds
[2025-12-06T17:07:33.786+0000] {processor.py:161} INFO - Started process (PID=366) to work on /opt/airflow/dags/python_branch_operator.py
[2025-12-06T17:07:33.789+0000] {processor.py:830} INFO - Processing file /opt/airflow/dags/python_branch_operator.py for tasks to queue
[2025-12-06T17:07:33.795+0000] {logging_mixin.py:188} INFO - [2025-12-06T17:07:33.793+0000] {dagbag.py:540} INFO - Filling up the DagBag from /opt/airflow/dags/python_branch_operator.py
[2025-12-06T17:07:33.825+0000] {processor.py:840} INFO - DAG(s) 'python_branch_operator_ex' retrieved from /opt/airflow/dags/python_branch_operator.py
[2025-12-06T17:07:33.871+0000] {logging_mixin.py:188} INFO - [2025-12-06T17:07:33.871+0000] {dag.py:3047} INFO - Sync 1 DAGs
[2025-12-06T17:07:33.905+0000] {logging_mixin.py:188} INFO - [2025-12-06T17:07:33.905+0000] {dag.py:3834} INFO - Setting next_dagrun for python_branch_operator_ex to 2025-12-04 00:00:00+00:00, run_after=2025-12-05 00:00:00+00:00
[2025-12-06T17:07:33.938+0000] {processor.py:183} INFO - Processing /opt/airflow/dags/python_branch_operator.py took 0.157 seconds
[2025-12-06T17:08:04.383+0000] {processor.py:161} INFO - Started process (PID=399) to work on /opt/airflow/dags/python_branch_operator.py
[2025-12-06T17:08:04.385+0000] {processor.py:830} INFO - Processing file /opt/airflow/dags/python_branch_operator.py for tasks to queue
[2025-12-06T17:08:04.394+0000] {logging_mixin.py:188} INFO - [2025-12-06T17:08:04.389+0000] {dagbag.py:540} INFO - Filling up the DagBag from /opt/airflow/dags/python_branch_operator.py
[2025-12-06T17:08:04.444+0000] {processor.py:840} INFO - DAG(s) 'python_branch_operator_ex' retrieved from /opt/airflow/dags/python_branch_operator.py
[2025-12-06T17:08:04.508+0000] {logging_mixin.py:188} INFO - [2025-12-06T17:08:04.504+0000] {dag.py:3047} INFO - Sync 1 DAGs
[2025-12-06T17:08:04.560+0000] {logging_mixin.py:188} INFO - [2025-12-06T17:08:04.559+0000] {dag.py:3834} INFO - Setting next_dagrun for python_branch_operator_ex to 2025-12-04 00:00:00+00:00, run_after=2025-12-05 00:00:00+00:00
[2025-12-06T17:08:04.600+0000] {processor.py:183} INFO - Processing /opt/airflow/dags/python_branch_operator.py took 0.221 seconds
[2025-12-06T17:08:35.342+0000] {processor.py:161} INFO - Started process (PID=426) to work on /opt/airflow/dags/python_branch_operator.py
[2025-12-06T17:08:35.344+0000] {processor.py:830} INFO - Processing file /opt/airflow/dags/python_branch_operator.py for tasks to queue
[2025-12-06T17:08:35.347+0000] {logging_mixin.py:188} INFO - [2025-12-06T17:08:35.347+0000] {dagbag.py:540} INFO - Filling up the DagBag from /opt/airflow/dags/python_branch_operator.py
[2025-12-06T17:08:35.386+0000] {processor.py:840} INFO - DAG(s) 'python_branch_operator_ex' retrieved from /opt/airflow/dags/python_branch_operator.py
[2025-12-06T17:08:35.434+0000] {logging_mixin.py:188} INFO - [2025-12-06T17:08:35.434+0000] {dag.py:3047} INFO - Sync 1 DAGs
[2025-12-06T17:08:35.468+0000] {logging_mixin.py:188} INFO - [2025-12-06T17:08:35.467+0000] {dag.py:3834} INFO - Setting next_dagrun for python_branch_operator_ex to 2025-12-04 00:00:00+00:00, run_after=2025-12-05 00:00:00+00:00
[2025-12-06T17:08:35.594+0000] {processor.py:183} INFO - Processing /opt/airflow/dags/python_branch_operator.py took 0.260 seconds
[2025-12-06T17:09:06.370+0000] {processor.py:161} INFO - Started process (PID=452) to work on /opt/airflow/dags/python_branch_operator.py
[2025-12-06T17:09:06.373+0000] {processor.py:830} INFO - Processing file /opt/airflow/dags/python_branch_operator.py for tasks to queue
[2025-12-06T17:09:06.379+0000] {logging_mixin.py:188} INFO - [2025-12-06T17:09:06.376+0000] {dagbag.py:540} INFO - Filling up the DagBag from /opt/airflow/dags/python_branch_operator.py
[2025-12-06T17:09:06.442+0000] {processor.py:840} INFO - DAG(s) 'python_branch_operator_ex' retrieved from /opt/airflow/dags/python_branch_operator.py
[2025-12-06T17:09:06.502+0000] {logging_mixin.py:188} INFO - [2025-12-06T17:09:06.502+0000] {dag.py:3047} INFO - Sync 1 DAGs
[2025-12-06T17:09:06.544+0000] {logging_mixin.py:188} INFO - [2025-12-06T17:09:06.543+0000] {dag.py:3834} INFO - Setting next_dagrun for python_branch_operator_ex to 2025-12-04 00:00:00+00:00, run_after=2025-12-05 00:00:00+00:00
[2025-12-06T17:09:06.588+0000] {processor.py:183} INFO - Processing /opt/airflow/dags/python_branch_operator.py took 0.227 seconds
[2025-12-06T17:09:37.113+0000] {processor.py:161} INFO - Started process (PID=478) to work on /opt/airflow/dags/python_branch_operator.py
[2025-12-06T17:09:37.116+0000] {processor.py:830} INFO - Processing file /opt/airflow/dags/python_branch_operator.py for tasks to queue
[2025-12-06T17:09:37.127+0000] {logging_mixin.py:188} INFO - [2025-12-06T17:09:37.125+0000] {dagbag.py:540} INFO - Filling up the DagBag from /opt/airflow/dags/python_branch_operator.py
[2025-12-06T17:09:37.197+0000] {processor.py:840} INFO - DAG(s) 'python_branch_operator_ex' retrieved from /opt/airflow/dags/python_branch_operator.py
[2025-12-06T17:09:37.289+0000] {logging_mixin.py:188} INFO - [2025-12-06T17:09:37.288+0000] {dag.py:3047} INFO - Sync 1 DAGs
[2025-12-06T17:09:37.343+0000] {logging_mixin.py:188} INFO - [2025-12-06T17:09:37.342+0000] {dag.py:3834} INFO - Setting next_dagrun for python_branch_operator_ex to 2025-12-04 00:00:00+00:00, run_after=2025-12-05 00:00:00+00:00
[2025-12-06T17:09:37.421+0000] {processor.py:183} INFO - Processing /opt/airflow/dags/python_branch_operator.py took 0.315 seconds
[2025-12-06T17:10:07.803+0000] {processor.py:161} INFO - Started process (PID=505) to work on /opt/airflow/dags/python_branch_operator.py
[2025-12-06T17:10:07.806+0000] {processor.py:830} INFO - Processing file /opt/airflow/dags/python_branch_operator.py for tasks to queue
[2025-12-06T17:10:07.811+0000] {logging_mixin.py:188} INFO - [2025-12-06T17:10:07.810+0000] {dagbag.py:540} INFO - Filling up the DagBag from /opt/airflow/dags/python_branch_operator.py
[2025-12-06T17:10:07.855+0000] {processor.py:840} INFO - DAG(s) 'python_branch_operator_ex' retrieved from /opt/airflow/dags/python_branch_operator.py
[2025-12-06T17:10:07.920+0000] {logging_mixin.py:188} INFO - [2025-12-06T17:10:07.919+0000] {dag.py:3047} INFO - Sync 1 DAGs
[2025-12-06T17:10:07.976+0000] {logging_mixin.py:188} INFO - [2025-12-06T17:10:07.975+0000] {dag.py:3834} INFO - Setting next_dagrun for python_branch_operator_ex to 2025-12-04 00:00:00+00:00, run_after=2025-12-05 00:00:00+00:00
[2025-12-06T17:10:08.036+0000] {processor.py:183} INFO - Processing /opt/airflow/dags/python_branch_operator.py took 0.240 seconds
[2025-12-06T17:10:38.191+0000] {processor.py:161} INFO - Started process (PID=531) to work on /opt/airflow/dags/python_branch_operator.py
[2025-12-06T17:10:38.193+0000] {processor.py:830} INFO - Processing file /opt/airflow/dags/python_branch_operator.py for tasks to queue
[2025-12-06T17:10:38.197+0000] {logging_mixin.py:188} INFO - [2025-12-06T17:10:38.197+0000] {dagbag.py:540} INFO - Filling up the DagBag from /opt/airflow/dags/python_branch_operator.py
[2025-12-06T17:10:38.233+0000] {processor.py:840} INFO - DAG(s) 'python_branch_operator_ex' retrieved from /opt/airflow/dags/python_branch_operator.py
[2025-12-06T17:10:38.277+0000] {logging_mixin.py:188} INFO - [2025-12-06T17:10:38.277+0000] {dag.py:3047} INFO - Sync 1 DAGs
[2025-12-06T17:10:38.320+0000] {logging_mixin.py:188} INFO - [2025-12-06T17:10:38.320+0000] {dag.py:3834} INFO - Setting next_dagrun for python_branch_operator_ex to 2025-12-04 00:00:00+00:00, run_after=2025-12-05 00:00:00+00:00
[2025-12-06T17:10:38.376+0000] {processor.py:183} INFO - Processing /opt/airflow/dags/python_branch_operator.py took 0.192 seconds
[2025-12-06T17:11:09.541+0000] {processor.py:161} INFO - Started process (PID=565) to work on /opt/airflow/dags/python_branch_operator.py
[2025-12-06T17:11:09.544+0000] {processor.py:830} INFO - Processing file /opt/airflow/dags/python_branch_operator.py for tasks to queue
[2025-12-06T17:11:09.549+0000] {logging_mixin.py:188} INFO - [2025-12-06T17:11:09.548+0000] {dagbag.py:540} INFO - Filling up the DagBag from /opt/airflow/dags/python_branch_operator.py
[2025-12-06T17:11:09.608+0000] {processor.py:840} INFO - DAG(s) 'python_branch_operator_ex' retrieved from /opt/airflow/dags/python_branch_operator.py
[2025-12-06T17:11:09.664+0000] {logging_mixin.py:188} INFO - [2025-12-06T17:11:09.663+0000] {dag.py:3047} INFO - Sync 1 DAGs
[2025-12-06T17:11:09.714+0000] {logging_mixin.py:188} INFO - [2025-12-06T17:11:09.713+0000] {dag.py:3834} INFO - Setting next_dagrun for python_branch_operator_ex to 2025-12-04 00:00:00+00:00, run_after=2025-12-05 00:00:00+00:00
[2025-12-06T17:11:09.761+0000] {processor.py:183} INFO - Processing /opt/airflow/dags/python_branch_operator.py took 0.233 seconds
[2025-12-06T17:11:40.674+0000] {processor.py:161} INFO - Started process (PID=591) to work on /opt/airflow/dags/python_branch_operator.py
[2025-12-06T17:11:40.680+0000] {processor.py:830} INFO - Processing file /opt/airflow/dags/python_branch_operator.py for tasks to queue
[2025-12-06T17:11:40.686+0000] {logging_mixin.py:188} INFO - [2025-12-06T17:11:40.685+0000] {dagbag.py:540} INFO - Filling up the DagBag from /opt/airflow/dags/python_branch_operator.py
[2025-12-06T17:11:40.729+0000] {processor.py:840} INFO - DAG(s) 'python_branch_operator_ex' retrieved from /opt/airflow/dags/python_branch_operator.py
[2025-12-06T17:11:40.774+0000] {logging_mixin.py:188} INFO - [2025-12-06T17:11:40.773+0000] {dag.py:3047} INFO - Sync 1 DAGs
[2025-12-06T17:11:40.819+0000] {logging_mixin.py:188} INFO - [2025-12-06T17:11:40.818+0000] {dag.py:3834} INFO - Setting next_dagrun for python_branch_operator_ex to 2025-12-04 00:00:00+00:00, run_after=2025-12-05 00:00:00+00:00
[2025-12-06T17:11:40.859+0000] {processor.py:183} INFO - Processing /opt/airflow/dags/python_branch_operator.py took 0.196 seconds
[2025-12-06T17:12:11.752+0000] {processor.py:161} INFO - Started process (PID=616) to work on /opt/airflow/dags/python_branch_operator.py
[2025-12-06T17:12:11.755+0000] {processor.py:830} INFO - Processing file /opt/airflow/dags/python_branch_operator.py for tasks to queue
[2025-12-06T17:12:11.760+0000] {logging_mixin.py:188} INFO - [2025-12-06T17:12:11.759+0000] {dagbag.py:540} INFO - Filling up the DagBag from /opt/airflow/dags/python_branch_operator.py
[2025-12-06T17:12:11.816+0000] {processor.py:840} INFO - DAG(s) 'python_branch_operator_ex' retrieved from /opt/airflow/dags/python_branch_operator.py
[2025-12-06T17:12:11.948+0000] {logging_mixin.py:188} INFO - [2025-12-06T17:12:11.947+0000] {dag.py:3047} INFO - Sync 1 DAGs
[2025-12-06T17:12:12.046+0000] {logging_mixin.py:188} INFO - [2025-12-06T17:12:12.046+0000] {dag.py:3834} INFO - Setting next_dagrun for python_branch_operator_ex to 2025-12-04 00:00:00+00:00, run_after=2025-12-05 00:00:00+00:00
[2025-12-06T17:12:12.092+0000] {processor.py:183} INFO - Processing /opt/airflow/dags/python_branch_operator.py took 0.351 seconds
[2025-12-06T17:12:42.367+0000] {processor.py:161} INFO - Started process (PID=649) to work on /opt/airflow/dags/python_branch_operator.py
[2025-12-06T17:12:42.370+0000] {processor.py:830} INFO - Processing file /opt/airflow/dags/python_branch_operator.py for tasks to queue
[2025-12-06T17:12:42.374+0000] {logging_mixin.py:188} INFO - [2025-12-06T17:12:42.373+0000] {dagbag.py:540} INFO - Filling up the DagBag from /opt/airflow/dags/python_branch_operator.py
[2025-12-06T17:12:42.407+0000] {processor.py:840} INFO - DAG(s) 'python_branch_operator_ex' retrieved from /opt/airflow/dags/python_branch_operator.py
[2025-12-06T17:12:42.475+0000] {logging_mixin.py:188} INFO - [2025-12-06T17:12:42.475+0000] {dag.py:3047} INFO - Sync 1 DAGs
[2025-12-06T17:12:42.537+0000] {logging_mixin.py:188} INFO - [2025-12-06T17:12:42.536+0000] {dag.py:3834} INFO - Setting next_dagrun for python_branch_operator_ex to 2025-12-04 00:00:00+00:00, run_after=2025-12-05 00:00:00+00:00
[2025-12-06T17:12:42.589+0000] {processor.py:183} INFO - Processing /opt/airflow/dags/python_branch_operator.py took 0.229 seconds
[2025-12-06T17:13:15.044+0000] {processor.py:161} INFO - Started process (PID=676) to work on /opt/airflow/dags/python_branch_operator.py
[2025-12-06T17:13:15.050+0000] {processor.py:830} INFO - Processing file /opt/airflow/dags/python_branch_operator.py for tasks to queue
[2025-12-06T17:13:15.055+0000] {logging_mixin.py:188} INFO - [2025-12-06T17:13:15.054+0000] {dagbag.py:540} INFO - Filling up the DagBag from /opt/airflow/dags/python_branch_operator.py
[2025-12-06T17:13:15.212+0000] {processor.py:840} INFO - DAG(s) 'python_branch_operator_ex' retrieved from /opt/airflow/dags/python_branch_operator.py
[2025-12-06T17:13:15.495+0000] {logging_mixin.py:188} INFO - [2025-12-06T17:13:15.494+0000] {dag.py:3047} INFO - Sync 1 DAGs
[2025-12-06T17:13:15.667+0000] {logging_mixin.py:188} INFO - [2025-12-06T17:13:15.666+0000] {dag.py:3834} INFO - Setting next_dagrun for python_branch_operator_ex to 2025-12-04 00:00:00+00:00, run_after=2025-12-05 00:00:00+00:00
[2025-12-06T17:13:15.770+0000] {processor.py:183} INFO - Processing /opt/airflow/dags/python_branch_operator.py took 0.738 seconds
[2025-12-06T17:13:46.388+0000] {processor.py:161} INFO - Started process (PID=702) to work on /opt/airflow/dags/python_branch_operator.py
[2025-12-06T17:13:46.406+0000] {processor.py:830} INFO - Processing file /opt/airflow/dags/python_branch_operator.py for tasks to queue
[2025-12-06T17:13:46.417+0000] {logging_mixin.py:188} INFO - [2025-12-06T17:13:46.416+0000] {dagbag.py:540} INFO - Filling up the DagBag from /opt/airflow/dags/python_branch_operator.py
[2025-12-06T17:13:46.840+0000] {processor.py:840} INFO - DAG(s) 'python_branch_operator_ex' retrieved from /opt/airflow/dags/python_branch_operator.py
[2025-12-06T17:13:47.057+0000] {logging_mixin.py:188} INFO - [2025-12-06T17:13:47.057+0000] {dag.py:3047} INFO - Sync 1 DAGs
[2025-12-06T17:13:47.279+0000] {logging_mixin.py:188} INFO - [2025-12-06T17:13:47.278+0000] {dag.py:3834} INFO - Setting next_dagrun for python_branch_operator_ex to 2025-12-04 00:00:00+00:00, run_after=2025-12-05 00:00:00+00:00
[2025-12-06T17:13:47.435+0000] {processor.py:183} INFO - Processing /opt/airflow/dags/python_branch_operator.py took 1.054 seconds
[2025-12-06T17:14:18.016+0000] {processor.py:161} INFO - Started process (PID=720) to work on /opt/airflow/dags/python_branch_operator.py
[2025-12-06T17:14:18.027+0000] {processor.py:830} INFO - Processing file /opt/airflow/dags/python_branch_operator.py for tasks to queue
[2025-12-06T17:14:18.033+0000] {logging_mixin.py:188} INFO - [2025-12-06T17:14:18.032+0000] {dagbag.py:540} INFO - Filling up the DagBag from /opt/airflow/dags/python_branch_operator.py
[2025-12-06T17:14:18.109+0000] {processor.py:840} INFO - DAG(s) 'python_branch_operator_ex' retrieved from /opt/airflow/dags/python_branch_operator.py
[2025-12-06T17:14:18.225+0000] {logging_mixin.py:188} INFO - [2025-12-06T17:14:18.224+0000] {dag.py:3047} INFO - Sync 1 DAGs
[2025-12-06T17:14:18.284+0000] {logging_mixin.py:188} INFO - [2025-12-06T17:14:18.284+0000] {dag.py:3834} INFO - Setting next_dagrun for python_branch_operator_ex to 2025-12-04 00:00:00+00:00, run_after=2025-12-05 00:00:00+00:00
[2025-12-06T17:14:18.332+0000] {processor.py:183} INFO - Processing /opt/airflow/dags/python_branch_operator.py took 0.325 seconds
[2025-12-06T17:14:50.589+0000] {processor.py:161} INFO - Started process (PID=746) to work on /opt/airflow/dags/python_branch_operator.py
[2025-12-06T17:14:50.621+0000] {processor.py:830} INFO - Processing file /opt/airflow/dags/python_branch_operator.py for tasks to queue
[2025-12-06T17:14:50.653+0000] {logging_mixin.py:188} INFO - [2025-12-06T17:14:50.651+0000] {dagbag.py:540} INFO - Filling up the DagBag from /opt/airflow/dags/python_branch_operator.py
[2025-12-06T17:14:51.250+0000] {processor.py:840} INFO - DAG(s) 'python_branch_operator_ex' retrieved from /opt/airflow/dags/python_branch_operator.py
[2025-12-06T17:14:51.461+0000] {logging_mixin.py:188} INFO - [2025-12-06T17:14:51.461+0000] {dag.py:3047} INFO - Sync 1 DAGs
[2025-12-06T17:14:51.635+0000] {logging_mixin.py:188} INFO - [2025-12-06T17:14:51.635+0000] {dag.py:3834} INFO - Setting next_dagrun for python_branch_operator_ex to 2025-12-04 00:00:00+00:00, run_after=2025-12-05 00:00:00+00:00
[2025-12-06T17:14:51.765+0000] {processor.py:183} INFO - Processing /opt/airflow/dags/python_branch_operator.py took 1.194 seconds
[2025-12-06T17:15:22.653+0000] {processor.py:161} INFO - Started process (PID=770) to work on /opt/airflow/dags/python_branch_operator.py
[2025-12-06T17:15:22.656+0000] {processor.py:830} INFO - Processing file /opt/airflow/dags/python_branch_operator.py for tasks to queue
[2025-12-06T17:15:22.674+0000] {logging_mixin.py:188} INFO - [2025-12-06T17:15:22.673+0000] {dagbag.py:540} INFO - Filling up the DagBag from /opt/airflow/dags/python_branch_operator.py
[2025-12-06T17:15:22.738+0000] {processor.py:840} INFO - DAG(s) 'python_branch_operator_ex' retrieved from /opt/airflow/dags/python_branch_operator.py
[2025-12-06T17:15:22.967+0000] {logging_mixin.py:188} INFO - [2025-12-06T17:15:22.966+0000] {dag.py:3047} INFO - Sync 1 DAGs
[2025-12-06T17:15:23.081+0000] {logging_mixin.py:188} INFO - [2025-12-06T17:15:23.080+0000] {dag.py:3834} INFO - Setting next_dagrun for python_branch_operator_ex to 2025-12-04 00:00:00+00:00, run_after=2025-12-05 00:00:00+00:00
[2025-12-06T17:15:23.192+0000] {processor.py:183} INFO - Processing /opt/airflow/dags/python_branch_operator.py took 0.583 seconds
[2025-12-06T17:15:53.438+0000] {processor.py:161} INFO - Started process (PID=789) to work on /opt/airflow/dags/python_branch_operator.py
[2025-12-06T17:15:53.440+0000] {processor.py:830} INFO - Processing file /opt/airflow/dags/python_branch_operator.py for tasks to queue
[2025-12-06T17:15:53.444+0000] {logging_mixin.py:188} INFO - [2025-12-06T17:15:53.443+0000] {dagbag.py:540} INFO - Filling up the DagBag from /opt/airflow/dags/python_branch_operator.py
[2025-12-06T17:15:53.498+0000] {processor.py:840} INFO - DAG(s) 'python_branch_operator_ex' retrieved from /opt/airflow/dags/python_branch_operator.py
[2025-12-06T17:15:53.547+0000] {logging_mixin.py:188} INFO - [2025-12-06T17:15:53.546+0000] {dag.py:3047} INFO - Sync 1 DAGs
[2025-12-06T17:15:53.581+0000] {logging_mixin.py:188} INFO - [2025-12-06T17:15:53.580+0000] {dag.py:3834} INFO - Setting next_dagrun for python_branch_operator_ex to 2025-12-04 00:00:00+00:00, run_after=2025-12-05 00:00:00+00:00
[2025-12-06T17:15:53.625+0000] {processor.py:183} INFO - Processing /opt/airflow/dags/python_branch_operator.py took 0.197 seconds
[2025-12-06T17:16:23.848+0000] {processor.py:161} INFO - Started process (PID=815) to work on /opt/airflow/dags/python_branch_operator.py
[2025-12-06T17:16:23.850+0000] {processor.py:830} INFO - Processing file /opt/airflow/dags/python_branch_operator.py for tasks to queue
[2025-12-06T17:16:23.853+0000] {logging_mixin.py:188} INFO - [2025-12-06T17:16:23.852+0000] {dagbag.py:540} INFO - Filling up the DagBag from /opt/airflow/dags/python_branch_operator.py
[2025-12-06T17:16:23.892+0000] {processor.py:840} INFO - DAG(s) 'python_branch_operator_ex' retrieved from /opt/airflow/dags/python_branch_operator.py
[2025-12-06T17:16:23.930+0000] {logging_mixin.py:188} INFO - [2025-12-06T17:16:23.929+0000] {dag.py:3047} INFO - Sync 1 DAGs
[2025-12-06T17:16:23.967+0000] {logging_mixin.py:188} INFO - [2025-12-06T17:16:23.966+0000] {dag.py:3834} INFO - Setting next_dagrun for python_branch_operator_ex to 2025-12-04 00:00:00+00:00, run_after=2025-12-05 00:00:00+00:00
[2025-12-06T17:16:24.009+0000] {processor.py:183} INFO - Processing /opt/airflow/dags/python_branch_operator.py took 0.165 seconds
[2025-12-06T17:16:54.644+0000] {processor.py:161} INFO - Started process (PID=841) to work on /opt/airflow/dags/python_branch_operator.py
[2025-12-06T17:16:54.647+0000] {processor.py:830} INFO - Processing file /opt/airflow/dags/python_branch_operator.py for tasks to queue
[2025-12-06T17:16:54.656+0000] {logging_mixin.py:188} INFO - [2025-12-06T17:16:54.655+0000] {dagbag.py:540} INFO - Filling up the DagBag from /opt/airflow/dags/python_branch_operator.py
[2025-12-06T17:16:54.692+0000] {processor.py:840} INFO - DAG(s) 'python_branch_operator_ex' retrieved from /opt/airflow/dags/python_branch_operator.py
[2025-12-06T17:16:54.745+0000] {logging_mixin.py:188} INFO - [2025-12-06T17:16:54.744+0000] {dag.py:3047} INFO - Sync 1 DAGs
[2025-12-06T17:16:54.781+0000] {logging_mixin.py:188} INFO - [2025-12-06T17:16:54.780+0000] {dag.py:3834} INFO - Setting next_dagrun for python_branch_operator_ex to 2025-12-04 00:00:00+00:00, run_after=2025-12-05 00:00:00+00:00
[2025-12-06T17:16:54.823+0000] {processor.py:183} INFO - Processing /opt/airflow/dags/python_branch_operator.py took 0.190 seconds
[2025-12-06T17:17:25.034+0000] {processor.py:161} INFO - Started process (PID=866) to work on /opt/airflow/dags/python_branch_operator.py
[2025-12-06T17:17:25.038+0000] {processor.py:830} INFO - Processing file /opt/airflow/dags/python_branch_operator.py for tasks to queue
[2025-12-06T17:17:25.045+0000] {logging_mixin.py:188} INFO - [2025-12-06T17:17:25.044+0000] {dagbag.py:540} INFO - Filling up the DagBag from /opt/airflow/dags/python_branch_operator.py
[2025-12-06T17:17:25.116+0000] {processor.py:840} INFO - DAG(s) 'python_branch_operator_ex' retrieved from /opt/airflow/dags/python_branch_operator.py
[2025-12-06T17:17:25.194+0000] {logging_mixin.py:188} INFO - [2025-12-06T17:17:25.193+0000] {dag.py:3047} INFO - Sync 1 DAGs
[2025-12-06T17:17:25.225+0000] {logging_mixin.py:188} INFO - [2025-12-06T17:17:25.225+0000] {dag.py:3834} INFO - Setting next_dagrun for python_branch_operator_ex to 2025-12-04 00:00:00+00:00, run_after=2025-12-05 00:00:00+00:00
[2025-12-06T17:17:25.250+0000] {processor.py:183} INFO - Processing /opt/airflow/dags/python_branch_operator.py took 0.229 seconds
[2025-12-06T17:17:55.932+0000] {processor.py:161} INFO - Started process (PID=892) to work on /opt/airflow/dags/python_branch_operator.py
[2025-12-06T17:17:55.934+0000] {processor.py:830} INFO - Processing file /opt/airflow/dags/python_branch_operator.py for tasks to queue
[2025-12-06T17:17:55.936+0000] {logging_mixin.py:188} INFO - [2025-12-06T17:17:55.936+0000] {dagbag.py:540} INFO - Filling up the DagBag from /opt/airflow/dags/python_branch_operator.py
[2025-12-06T17:17:55.965+0000] {processor.py:840} INFO - DAG(s) 'python_branch_operator_ex' retrieved from /opt/airflow/dags/python_branch_operator.py
[2025-12-06T17:17:55.997+0000] {logging_mixin.py:188} INFO - [2025-12-06T17:17:55.997+0000] {dag.py:3047} INFO - Sync 1 DAGs
[2025-12-06T17:17:56.021+0000] {logging_mixin.py:188} INFO - [2025-12-06T17:17:56.020+0000] {dag.py:3834} INFO - Setting next_dagrun for python_branch_operator_ex to 2025-12-04 00:00:00+00:00, run_after=2025-12-05 00:00:00+00:00
[2025-12-06T17:17:56.050+0000] {processor.py:183} INFO - Processing /opt/airflow/dags/python_branch_operator.py took 0.123 seconds
[2025-12-06T17:18:26.597+0000] {processor.py:161} INFO - Started process (PID=918) to work on /opt/airflow/dags/python_branch_operator.py
[2025-12-06T17:18:26.600+0000] {processor.py:830} INFO - Processing file /opt/airflow/dags/python_branch_operator.py for tasks to queue
[2025-12-06T17:18:26.603+0000] {logging_mixin.py:188} INFO - [2025-12-06T17:18:26.602+0000] {dagbag.py:540} INFO - Filling up the DagBag from /opt/airflow/dags/python_branch_operator.py
[2025-12-06T17:18:26.638+0000] {processor.py:840} INFO - DAG(s) 'python_branch_operator_ex' retrieved from /opt/airflow/dags/python_branch_operator.py
[2025-12-06T17:18:26.747+0000] {logging_mixin.py:188} INFO - [2025-12-06T17:18:26.746+0000] {dag.py:3047} INFO - Sync 1 DAGs
[2025-12-06T17:18:26.825+0000] {logging_mixin.py:188} INFO - [2025-12-06T17:18:26.825+0000] {dag.py:3834} INFO - Setting next_dagrun for python_branch_operator_ex to 2025-12-04 00:00:00+00:00, run_after=2025-12-05 00:00:00+00:00
[2025-12-06T17:18:26.857+0000] {processor.py:183} INFO - Processing /opt/airflow/dags/python_branch_operator.py took 0.265 seconds
[2025-12-06T17:18:57.199+0000] {processor.py:161} INFO - Started process (PID=950) to work on /opt/airflow/dags/python_branch_operator.py
[2025-12-06T17:18:57.202+0000] {processor.py:830} INFO - Processing file /opt/airflow/dags/python_branch_operator.py for tasks to queue
[2025-12-06T17:18:57.219+0000] {logging_mixin.py:188} INFO - [2025-12-06T17:18:57.219+0000] {dagbag.py:540} INFO - Filling up the DagBag from /opt/airflow/dags/python_branch_operator.py
[2025-12-06T17:18:57.265+0000] {processor.py:840} INFO - DAG(s) 'python_branch_operator_ex' retrieved from /opt/airflow/dags/python_branch_operator.py
[2025-12-06T17:18:57.324+0000] {logging_mixin.py:188} INFO - [2025-12-06T17:18:57.324+0000] {dag.py:3047} INFO - Sync 1 DAGs
[2025-12-06T17:18:57.395+0000] {logging_mixin.py:188} INFO - [2025-12-06T17:18:57.395+0000] {dag.py:3834} INFO - Setting next_dagrun for python_branch_operator_ex to 2025-12-04 00:00:00+00:00, run_after=2025-12-05 00:00:00+00:00
[2025-12-06T17:18:57.451+0000] {processor.py:183} INFO - Processing /opt/airflow/dags/python_branch_operator.py took 0.271 seconds
[2025-12-06T17:19:27.924+0000] {processor.py:161} INFO - Started process (PID=976) to work on /opt/airflow/dags/python_branch_operator.py
[2025-12-06T17:19:27.927+0000] {processor.py:830} INFO - Processing file /opt/airflow/dags/python_branch_operator.py for tasks to queue
[2025-12-06T17:19:27.931+0000] {logging_mixin.py:188} INFO - [2025-12-06T17:19:27.930+0000] {dagbag.py:540} INFO - Filling up the DagBag from /opt/airflow/dags/python_branch_operator.py
[2025-12-06T17:19:27.964+0000] {processor.py:840} INFO - DAG(s) 'python_branch_operator_ex' retrieved from /opt/airflow/dags/python_branch_operator.py
[2025-12-06T17:19:28.017+0000] {logging_mixin.py:188} INFO - [2025-12-06T17:19:28.017+0000] {dag.py:3047} INFO - Sync 1 DAGs
[2025-12-06T17:19:28.052+0000] {logging_mixin.py:188} INFO - [2025-12-06T17:19:28.052+0000] {dag.py:3834} INFO - Setting next_dagrun for python_branch_operator_ex to 2025-12-04 00:00:00+00:00, run_after=2025-12-05 00:00:00+00:00
[2025-12-06T17:19:28.097+0000] {processor.py:183} INFO - Processing /opt/airflow/dags/python_branch_operator.py took 0.180 seconds
[2025-12-06T17:19:58.568+0000] {processor.py:161} INFO - Started process (PID=1001) to work on /opt/airflow/dags/python_branch_operator.py
[2025-12-06T17:19:58.570+0000] {processor.py:830} INFO - Processing file /opt/airflow/dags/python_branch_operator.py for tasks to queue
[2025-12-06T17:19:58.574+0000] {logging_mixin.py:188} INFO - [2025-12-06T17:19:58.573+0000] {dagbag.py:540} INFO - Filling up the DagBag from /opt/airflow/dags/python_branch_operator.py
[2025-12-06T17:19:58.602+0000] {processor.py:840} INFO - DAG(s) 'python_branch_operator_ex' retrieved from /opt/airflow/dags/python_branch_operator.py
[2025-12-06T17:19:58.648+0000] {logging_mixin.py:188} INFO - [2025-12-06T17:19:58.648+0000] {dag.py:3047} INFO - Sync 1 DAGs
[2025-12-06T17:19:58.683+0000] {logging_mixin.py:188} INFO - [2025-12-06T17:19:58.683+0000] {dag.py:3834} INFO - Setting next_dagrun for python_branch_operator_ex to 2025-12-04 00:00:00+00:00, run_after=2025-12-05 00:00:00+00:00
[2025-12-06T17:19:58.725+0000] {processor.py:183} INFO - Processing /opt/airflow/dags/python_branch_operator.py took 0.162 seconds
[2025-12-06T17:20:29.365+0000] {processor.py:161} INFO - Started process (PID=1027) to work on /opt/airflow/dags/python_branch_operator.py
[2025-12-06T17:20:29.368+0000] {processor.py:830} INFO - Processing file /opt/airflow/dags/python_branch_operator.py for tasks to queue
[2025-12-06T17:20:29.371+0000] {logging_mixin.py:188} INFO - [2025-12-06T17:20:29.371+0000] {dagbag.py:540} INFO - Filling up the DagBag from /opt/airflow/dags/python_branch_operator.py
[2025-12-06T17:20:29.404+0000] {processor.py:840} INFO - DAG(s) 'python_branch_operator_ex' retrieved from /opt/airflow/dags/python_branch_operator.py
[2025-12-06T17:20:29.444+0000] {logging_mixin.py:188} INFO - [2025-12-06T17:20:29.444+0000] {dag.py:3047} INFO - Sync 1 DAGs
[2025-12-06T17:20:29.481+0000] {logging_mixin.py:188} INFO - [2025-12-06T17:20:29.480+0000] {dag.py:3834} INFO - Setting next_dagrun for python_branch_operator_ex to 2025-12-04 00:00:00+00:00, run_after=2025-12-05 00:00:00+00:00
[2025-12-06T17:20:29.520+0000] {processor.py:183} INFO - Processing /opt/airflow/dags/python_branch_operator.py took 0.159 seconds
[2025-12-06T17:21:00.078+0000] {processor.py:161} INFO - Started process (PID=1053) to work on /opt/airflow/dags/python_branch_operator.py
[2025-12-06T17:21:00.080+0000] {processor.py:830} INFO - Processing file /opt/airflow/dags/python_branch_operator.py for tasks to queue
[2025-12-06T17:21:00.083+0000] {logging_mixin.py:188} INFO - [2025-12-06T17:21:00.083+0000] {dagbag.py:540} INFO - Filling up the DagBag from /opt/airflow/dags/python_branch_operator.py
[2025-12-06T17:21:00.126+0000] {processor.py:840} INFO - DAG(s) 'python_branch_operator_ex' retrieved from /opt/airflow/dags/python_branch_operator.py
[2025-12-06T17:21:00.169+0000] {logging_mixin.py:188} INFO - [2025-12-06T17:21:00.168+0000] {dag.py:3047} INFO - Sync 1 DAGs
[2025-12-06T17:21:00.197+0000] {logging_mixin.py:188} INFO - [2025-12-06T17:21:00.197+0000] {dag.py:3834} INFO - Setting next_dagrun for python_branch_operator_ex to 2025-12-04 00:00:00+00:00, run_after=2025-12-05 00:00:00+00:00
[2025-12-06T17:21:00.239+0000] {processor.py:183} INFO - Processing /opt/airflow/dags/python_branch_operator.py took 0.167 seconds
[2025-12-06T17:21:30.547+0000] {processor.py:161} INFO - Started process (PID=1079) to work on /opt/airflow/dags/python_branch_operator.py
[2025-12-06T17:21:30.549+0000] {processor.py:830} INFO - Processing file /opt/airflow/dags/python_branch_operator.py for tasks to queue
[2025-12-06T17:21:30.552+0000] {logging_mixin.py:188} INFO - [2025-12-06T17:21:30.551+0000] {dagbag.py:540} INFO - Filling up the DagBag from /opt/airflow/dags/python_branch_operator.py
[2025-12-06T17:21:30.581+0000] {processor.py:840} INFO - DAG(s) 'python_branch_operator_ex' retrieved from /opt/airflow/dags/python_branch_operator.py
[2025-12-06T17:21:30.623+0000] {logging_mixin.py:188} INFO - [2025-12-06T17:21:30.623+0000] {dag.py:3047} INFO - Sync 1 DAGs
[2025-12-06T17:21:30.658+0000] {logging_mixin.py:188} INFO - [2025-12-06T17:21:30.658+0000] {dag.py:3834} INFO - Setting next_dagrun for python_branch_operator_ex to 2025-12-04 00:00:00+00:00, run_after=2025-12-05 00:00:00+00:00
[2025-12-06T17:21:30.700+0000] {processor.py:183} INFO - Processing /opt/airflow/dags/python_branch_operator.py took 0.158 seconds
[2025-12-06T17:22:00.856+0000] {processor.py:161} INFO - Started process (PID=1112) to work on /opt/airflow/dags/python_branch_operator.py
[2025-12-06T17:22:00.858+0000] {processor.py:830} INFO - Processing file /opt/airflow/dags/python_branch_operator.py for tasks to queue
[2025-12-06T17:22:00.861+0000] {logging_mixin.py:188} INFO - [2025-12-06T17:22:00.860+0000] {dagbag.py:540} INFO - Filling up the DagBag from /opt/airflow/dags/python_branch_operator.py
[2025-12-06T17:22:00.896+0000] {processor.py:840} INFO - DAG(s) 'python_branch_operator_ex' retrieved from /opt/airflow/dags/python_branch_operator.py
[2025-12-06T17:22:00.948+0000] {logging_mixin.py:188} INFO - [2025-12-06T17:22:00.948+0000] {dag.py:3047} INFO - Sync 1 DAGs
[2025-12-06T17:22:00.990+0000] {logging_mixin.py:188} INFO - [2025-12-06T17:22:00.990+0000] {dag.py:3834} INFO - Setting next_dagrun for python_branch_operator_ex to 2025-12-04 00:00:00+00:00, run_after=2025-12-05 00:00:00+00:00
[2025-12-06T17:22:01.044+0000] {processor.py:183} INFO - Processing /opt/airflow/dags/python_branch_operator.py took 0.195 seconds
[2025-12-06T17:22:31.470+0000] {processor.py:161} INFO - Started process (PID=1140) to work on /opt/airflow/dags/python_branch_operator.py
[2025-12-06T17:22:31.472+0000] {processor.py:830} INFO - Processing file /opt/airflow/dags/python_branch_operator.py for tasks to queue
[2025-12-06T17:22:31.477+0000] {logging_mixin.py:188} INFO - [2025-12-06T17:22:31.476+0000] {dagbag.py:540} INFO - Filling up the DagBag from /opt/airflow/dags/python_branch_operator.py
[2025-12-06T17:22:31.506+0000] {processor.py:840} INFO - DAG(s) 'python_branch_operator_ex' retrieved from /opt/airflow/dags/python_branch_operator.py
[2025-12-06T17:22:31.559+0000] {logging_mixin.py:188} INFO - [2025-12-06T17:22:31.558+0000] {dag.py:3047} INFO - Sync 1 DAGs
[2025-12-06T17:22:31.603+0000] {logging_mixin.py:188} INFO - [2025-12-06T17:22:31.602+0000] {dag.py:3834} INFO - Setting next_dagrun for python_branch_operator_ex to 2025-12-04 00:00:00+00:00, run_after=2025-12-05 00:00:00+00:00
[2025-12-06T17:22:31.648+0000] {processor.py:183} INFO - Processing /opt/airflow/dags/python_branch_operator.py took 0.183 seconds
[2025-12-06T17:23:01.893+0000] {processor.py:161} INFO - Started process (PID=1165) to work on /opt/airflow/dags/python_branch_operator.py
[2025-12-06T17:23:01.908+0000] {processor.py:830} INFO - Processing file /opt/airflow/dags/python_branch_operator.py for tasks to queue
[2025-12-06T17:23:01.916+0000] {logging_mixin.py:188} INFO - [2025-12-06T17:23:01.915+0000] {dagbag.py:540} INFO - Filling up the DagBag from /opt/airflow/dags/python_branch_operator.py
[2025-12-06T17:23:01.973+0000] {processor.py:840} INFO - DAG(s) 'python_branch_operator_ex' retrieved from /opt/airflow/dags/python_branch_operator.py
[2025-12-06T17:23:02.050+0000] {logging_mixin.py:188} INFO - [2025-12-06T17:23:02.050+0000] {dag.py:3047} INFO - Sync 1 DAGs
[2025-12-06T17:23:02.093+0000] {logging_mixin.py:188} INFO - [2025-12-06T17:23:02.093+0000] {dag.py:3834} INFO - Setting next_dagrun for python_branch_operator_ex to 2025-12-04 00:00:00+00:00, run_after=2025-12-05 00:00:00+00:00
[2025-12-06T17:23:02.135+0000] {processor.py:183} INFO - Processing /opt/airflow/dags/python_branch_operator.py took 0.254 seconds
[2025-12-06T17:23:32.240+0000] {processor.py:161} INFO - Started process (PID=1192) to work on /opt/airflow/dags/python_branch_operator.py
[2025-12-06T17:23:32.243+0000] {processor.py:830} INFO - Processing file /opt/airflow/dags/python_branch_operator.py for tasks to queue
[2025-12-06T17:23:32.249+0000] {logging_mixin.py:188} INFO - [2025-12-06T17:23:32.249+0000] {dagbag.py:540} INFO - Filling up the DagBag from /opt/airflow/dags/python_branch_operator.py
[2025-12-06T17:23:32.288+0000] {processor.py:840} INFO - DAG(s) 'python_branch_operator_ex' retrieved from /opt/airflow/dags/python_branch_operator.py
[2025-12-06T17:23:32.372+0000] {logging_mixin.py:188} INFO - [2025-12-06T17:23:32.371+0000] {dag.py:3047} INFO - Sync 1 DAGs
[2025-12-06T17:23:32.481+0000] {logging_mixin.py:188} INFO - [2025-12-06T17:23:32.480+0000] {dag.py:3834} INFO - Setting next_dagrun for python_branch_operator_ex to 2025-12-04 00:00:00+00:00, run_after=2025-12-05 00:00:00+00:00
[2025-12-06T17:23:32.689+0000] {processor.py:183} INFO - Processing /opt/airflow/dags/python_branch_operator.py took 0.457 seconds
[2025-12-06T17:24:03.338+0000] {processor.py:161} INFO - Started process (PID=1220) to work on /opt/airflow/dags/python_branch_operator.py
[2025-12-06T17:24:03.340+0000] {processor.py:830} INFO - Processing file /opt/airflow/dags/python_branch_operator.py for tasks to queue
[2025-12-06T17:24:03.343+0000] {logging_mixin.py:188} INFO - [2025-12-06T17:24:03.342+0000] {dagbag.py:540} INFO - Filling up the DagBag from /opt/airflow/dags/python_branch_operator.py
[2025-12-06T17:24:03.381+0000] {processor.py:840} INFO - DAG(s) 'python_branch_operator_ex' retrieved from /opt/airflow/dags/python_branch_operator.py
[2025-12-06T17:24:03.429+0000] {logging_mixin.py:188} INFO - [2025-12-06T17:24:03.429+0000] {dag.py:3047} INFO - Sync 1 DAGs
[2025-12-06T17:24:03.469+0000] {logging_mixin.py:188} INFO - [2025-12-06T17:24:03.469+0000] {dag.py:3834} INFO - Setting next_dagrun for python_branch_operator_ex to 2025-12-04 00:00:00+00:00, run_after=2025-12-05 00:00:00+00:00
[2025-12-06T17:24:03.515+0000] {processor.py:183} INFO - Processing /opt/airflow/dags/python_branch_operator.py took 0.184 seconds
[2025-12-06T17:24:34.232+0000] {processor.py:161} INFO - Started process (PID=1247) to work on /opt/airflow/dags/python_branch_operator.py
[2025-12-06T17:24:34.237+0000] {processor.py:830} INFO - Processing file /opt/airflow/dags/python_branch_operator.py for tasks to queue
[2025-12-06T17:24:34.242+0000] {logging_mixin.py:188} INFO - [2025-12-06T17:24:34.241+0000] {dagbag.py:540} INFO - Filling up the DagBag from /opt/airflow/dags/python_branch_operator.py
[2025-12-06T17:24:34.304+0000] {processor.py:840} INFO - DAG(s) 'python_branch_operator_ex' retrieved from /opt/airflow/dags/python_branch_operator.py
[2025-12-06T17:24:34.375+0000] {logging_mixin.py:188} INFO - [2025-12-06T17:24:34.374+0000] {dag.py:3047} INFO - Sync 1 DAGs
[2025-12-06T17:24:34.418+0000] {logging_mixin.py:188} INFO - [2025-12-06T17:24:34.418+0000] {dag.py:3834} INFO - Setting next_dagrun for python_branch_operator_ex to 2025-12-04 00:00:00+00:00, run_after=2025-12-05 00:00:00+00:00
[2025-12-06T17:24:34.459+0000] {processor.py:183} INFO - Processing /opt/airflow/dags/python_branch_operator.py took 0.235 seconds
[2025-12-06T17:25:05.153+0000] {processor.py:161} INFO - Started process (PID=1273) to work on /opt/airflow/dags/python_branch_operator.py
[2025-12-06T17:25:05.156+0000] {processor.py:830} INFO - Processing file /opt/airflow/dags/python_branch_operator.py for tasks to queue
[2025-12-06T17:25:05.160+0000] {logging_mixin.py:188} INFO - [2025-12-06T17:25:05.159+0000] {dagbag.py:540} INFO - Filling up the DagBag from /opt/airflow/dags/python_branch_operator.py
[2025-12-06T17:25:05.193+0000] {processor.py:840} INFO - DAG(s) 'python_branch_operator_ex' retrieved from /opt/airflow/dags/python_branch_operator.py
[2025-12-06T17:25:05.238+0000] {logging_mixin.py:188} INFO - [2025-12-06T17:25:05.238+0000] {dag.py:3047} INFO - Sync 1 DAGs
[2025-12-06T17:25:05.277+0000] {logging_mixin.py:188} INFO - [2025-12-06T17:25:05.277+0000] {dag.py:3834} INFO - Setting next_dagrun for python_branch_operator_ex to 2025-12-04 00:00:00+00:00, run_after=2025-12-05 00:00:00+00:00
[2025-12-06T17:25:05.322+0000] {processor.py:183} INFO - Processing /opt/airflow/dags/python_branch_operator.py took 0.179 seconds
[2025-12-06T17:25:36.238+0000] {processor.py:161} INFO - Started process (PID=1298) to work on /opt/airflow/dags/python_branch_operator.py
[2025-12-06T17:25:36.242+0000] {processor.py:830} INFO - Processing file /opt/airflow/dags/python_branch_operator.py for tasks to queue
[2025-12-06T17:25:36.251+0000] {logging_mixin.py:188} INFO - [2025-12-06T17:25:36.248+0000] {dagbag.py:540} INFO - Filling up the DagBag from /opt/airflow/dags/python_branch_operator.py
[2025-12-06T17:25:36.296+0000] {processor.py:840} INFO - DAG(s) 'python_branch_operator_ex' retrieved from /opt/airflow/dags/python_branch_operator.py
[2025-12-06T17:25:36.341+0000] {logging_mixin.py:188} INFO - [2025-12-06T17:25:36.340+0000] {dag.py:3047} INFO - Sync 1 DAGs
[2025-12-06T17:25:36.369+0000] {logging_mixin.py:188} INFO - [2025-12-06T17:25:36.369+0000] {dag.py:3834} INFO - Setting next_dagrun for python_branch_operator_ex to 2025-12-04 00:00:00+00:00, run_after=2025-12-05 00:00:00+00:00
[2025-12-06T17:25:36.406+0000] {processor.py:183} INFO - Processing /opt/airflow/dags/python_branch_operator.py took 0.182 seconds
[2025-12-06T17:26:06.658+0000] {processor.py:161} INFO - Started process (PID=1323) to work on /opt/airflow/dags/python_branch_operator.py
[2025-12-06T17:26:06.660+0000] {processor.py:830} INFO - Processing file /opt/airflow/dags/python_branch_operator.py for tasks to queue
[2025-12-06T17:26:06.665+0000] {logging_mixin.py:188} INFO - [2025-12-06T17:26:06.664+0000] {dagbag.py:540} INFO - Filling up the DagBag from /opt/airflow/dags/python_branch_operator.py
[2025-12-06T17:26:06.700+0000] {processor.py:840} INFO - DAG(s) 'python_branch_operator_ex' retrieved from /opt/airflow/dags/python_branch_operator.py
[2025-12-06T17:26:06.762+0000] {logging_mixin.py:188} INFO - [2025-12-06T17:26:06.762+0000] {dag.py:3047} INFO - Sync 1 DAGs
[2025-12-06T17:26:06.809+0000] {logging_mixin.py:188} INFO - [2025-12-06T17:26:06.808+0000] {dag.py:3834} INFO - Setting next_dagrun for python_branch_operator_ex to 2025-12-04 00:00:00+00:00, run_after=2025-12-05 00:00:00+00:00
[2025-12-06T17:26:06.854+0000] {processor.py:183} INFO - Processing /opt/airflow/dags/python_branch_operator.py took 0.202 seconds
[2025-12-06T17:26:37.228+0000] {processor.py:161} INFO - Started process (PID=1349) to work on /opt/airflow/dags/python_branch_operator.py
[2025-12-06T17:26:37.230+0000] {processor.py:830} INFO - Processing file /opt/airflow/dags/python_branch_operator.py for tasks to queue
[2025-12-06T17:26:37.234+0000] {logging_mixin.py:188} INFO - [2025-12-06T17:26:37.234+0000] {dagbag.py:540} INFO - Filling up the DagBag from /opt/airflow/dags/python_branch_operator.py
[2025-12-06T17:26:37.265+0000] {processor.py:840} INFO - DAG(s) 'python_branch_operator_ex' retrieved from /opt/airflow/dags/python_branch_operator.py
[2025-12-06T17:26:37.307+0000] {logging_mixin.py:188} INFO - [2025-12-06T17:26:37.306+0000] {dag.py:3047} INFO - Sync 1 DAGs
[2025-12-06T17:26:37.346+0000] {logging_mixin.py:188} INFO - [2025-12-06T17:26:37.345+0000] {dag.py:3834} INFO - Setting next_dagrun for python_branch_operator_ex to 2025-12-04 00:00:00+00:00, run_after=2025-12-05 00:00:00+00:00
[2025-12-06T17:26:37.386+0000] {processor.py:183} INFO - Processing /opt/airflow/dags/python_branch_operator.py took 0.163 seconds
[2025-12-06T17:27:08.019+0000] {processor.py:161} INFO - Started process (PID=1377) to work on /opt/airflow/dags/python_branch_operator.py
[2025-12-06T17:27:08.021+0000] {processor.py:830} INFO - Processing file /opt/airflow/dags/python_branch_operator.py for tasks to queue
[2025-12-06T17:27:08.025+0000] {logging_mixin.py:188} INFO - [2025-12-06T17:27:08.024+0000] {dagbag.py:540} INFO - Filling up the DagBag from /opt/airflow/dags/python_branch_operator.py
[2025-12-06T17:27:08.066+0000] {processor.py:840} INFO - DAG(s) 'python_branch_operator_ex' retrieved from /opt/airflow/dags/python_branch_operator.py
[2025-12-06T17:27:08.149+0000] {logging_mixin.py:188} INFO - [2025-12-06T17:27:08.148+0000] {dag.py:3047} INFO - Sync 1 DAGs
[2025-12-06T17:27:08.185+0000] {logging_mixin.py:188} INFO - [2025-12-06T17:27:08.184+0000] {dag.py:3834} INFO - Setting next_dagrun for python_branch_operator_ex to 2025-12-04 00:00:00+00:00, run_after=2025-12-05 00:00:00+00:00
[2025-12-06T17:27:08.219+0000] {processor.py:183} INFO - Processing /opt/airflow/dags/python_branch_operator.py took 0.208 seconds
[2025-12-06T17:27:38.437+0000] {processor.py:161} INFO - Started process (PID=1403) to work on /opt/airflow/dags/python_branch_operator.py
[2025-12-06T17:27:38.439+0000] {processor.py:830} INFO - Processing file /opt/airflow/dags/python_branch_operator.py for tasks to queue
[2025-12-06T17:27:38.444+0000] {logging_mixin.py:188} INFO - [2025-12-06T17:27:38.443+0000] {dagbag.py:540} INFO - Filling up the DagBag from /opt/airflow/dags/python_branch_operator.py
[2025-12-06T17:27:38.480+0000] {processor.py:840} INFO - DAG(s) 'python_branch_operator_ex' retrieved from /opt/airflow/dags/python_branch_operator.py
[2025-12-06T17:27:38.530+0000] {logging_mixin.py:188} INFO - [2025-12-06T17:27:38.530+0000] {dag.py:3047} INFO - Sync 1 DAGs
[2025-12-06T17:27:38.569+0000] {logging_mixin.py:188} INFO - [2025-12-06T17:27:38.569+0000] {dag.py:3834} INFO - Setting next_dagrun for python_branch_operator_ex to 2025-12-04 00:00:00+00:00, run_after=2025-12-05 00:00:00+00:00
[2025-12-06T17:27:38.607+0000] {processor.py:183} INFO - Processing /opt/airflow/dags/python_branch_operator.py took 0.177 seconds
[2025-12-06T17:28:08.777+0000] {processor.py:161} INFO - Started process (PID=1429) to work on /opt/airflow/dags/python_branch_operator.py
[2025-12-06T17:28:08.782+0000] {processor.py:830} INFO - Processing file /opt/airflow/dags/python_branch_operator.py for tasks to queue
[2025-12-06T17:28:08.789+0000] {logging_mixin.py:188} INFO - [2025-12-06T17:28:08.788+0000] {dagbag.py:540} INFO - Filling up the DagBag from /opt/airflow/dags/python_branch_operator.py
[2025-12-06T17:28:08.837+0000] {processor.py:840} INFO - DAG(s) 'python_branch_operator_ex' retrieved from /opt/airflow/dags/python_branch_operator.py
[2025-12-06T17:28:08.887+0000] {logging_mixin.py:188} INFO - [2025-12-06T17:28:08.887+0000] {dag.py:3047} INFO - Sync 1 DAGs
[2025-12-06T17:28:08.926+0000] {logging_mixin.py:188} INFO - [2025-12-06T17:28:08.925+0000] {dag.py:3834} INFO - Setting next_dagrun for python_branch_operator_ex to 2025-12-04 00:00:00+00:00, run_after=2025-12-05 00:00:00+00:00
[2025-12-06T17:28:08.975+0000] {processor.py:183} INFO - Processing /opt/airflow/dags/python_branch_operator.py took 0.205 seconds
[2025-12-06T17:28:39.387+0000] {processor.py:161} INFO - Started process (PID=1454) to work on /opt/airflow/dags/python_branch_operator.py
[2025-12-06T17:28:39.389+0000] {processor.py:830} INFO - Processing file /opt/airflow/dags/python_branch_operator.py for tasks to queue
[2025-12-06T17:28:39.393+0000] {logging_mixin.py:188} INFO - [2025-12-06T17:28:39.393+0000] {dagbag.py:540} INFO - Filling up the DagBag from /opt/airflow/dags/python_branch_operator.py
[2025-12-06T17:28:39.431+0000] {processor.py:840} INFO - DAG(s) 'python_branch_operator_ex' retrieved from /opt/airflow/dags/python_branch_operator.py
[2025-12-06T17:28:39.482+0000] {logging_mixin.py:188} INFO - [2025-12-06T17:28:39.481+0000] {dag.py:3047} INFO - Sync 1 DAGs
[2025-12-06T17:28:39.538+0000] {logging_mixin.py:188} INFO - [2025-12-06T17:28:39.537+0000] {dag.py:3834} INFO - Setting next_dagrun for python_branch_operator_ex to 2025-12-04 00:00:00+00:00, run_after=2025-12-05 00:00:00+00:00
[2025-12-06T17:28:39.580+0000] {processor.py:183} INFO - Processing /opt/airflow/dags/python_branch_operator.py took 0.200 seconds
[2025-12-06T17:29:09.715+0000] {processor.py:161} INFO - Started process (PID=1480) to work on /opt/airflow/dags/python_branch_operator.py
[2025-12-06T17:29:09.719+0000] {processor.py:830} INFO - Processing file /opt/airflow/dags/python_branch_operator.py for tasks to queue
[2025-12-06T17:29:09.724+0000] {logging_mixin.py:188} INFO - [2025-12-06T17:29:09.723+0000] {dagbag.py:540} INFO - Filling up the DagBag from /opt/airflow/dags/python_branch_operator.py
[2025-12-06T17:29:09.758+0000] {processor.py:840} INFO - DAG(s) 'python_branch_operator_ex' retrieved from /opt/airflow/dags/python_branch_operator.py
[2025-12-06T17:29:09.813+0000] {logging_mixin.py:188} INFO - [2025-12-06T17:29:09.813+0000] {dag.py:3047} INFO - Sync 1 DAGs
[2025-12-06T17:29:09.853+0000] {logging_mixin.py:188} INFO - [2025-12-06T17:29:09.853+0000] {dag.py:3834} INFO - Setting next_dagrun for python_branch_operator_ex to 2025-12-04 00:00:00+00:00, run_after=2025-12-05 00:00:00+00:00
[2025-12-06T17:29:09.892+0000] {processor.py:183} INFO - Processing /opt/airflow/dags/python_branch_operator.py took 0.186 seconds
[2025-12-06T17:29:40.387+0000] {processor.py:161} INFO - Started process (PID=1506) to work on /opt/airflow/dags/python_branch_operator.py
[2025-12-06T17:29:40.389+0000] {processor.py:830} INFO - Processing file /opt/airflow/dags/python_branch_operator.py for tasks to queue
[2025-12-06T17:29:40.393+0000] {logging_mixin.py:188} INFO - [2025-12-06T17:29:40.393+0000] {dagbag.py:540} INFO - Filling up the DagBag from /opt/airflow/dags/python_branch_operator.py
[2025-12-06T17:29:40.432+0000] {processor.py:840} INFO - DAG(s) 'python_branch_operator_ex' retrieved from /opt/airflow/dags/python_branch_operator.py
[2025-12-06T17:29:40.501+0000] {logging_mixin.py:188} INFO - [2025-12-06T17:29:40.497+0000] {dag.py:3047} INFO - Sync 1 DAGs
[2025-12-06T17:29:40.576+0000] {logging_mixin.py:188} INFO - [2025-12-06T17:29:40.575+0000] {dag.py:3834} INFO - Setting next_dagrun for python_branch_operator_ex to 2025-12-04 00:00:00+00:00, run_after=2025-12-05 00:00:00+00:00
[2025-12-06T17:29:40.623+0000] {processor.py:183} INFO - Processing /opt/airflow/dags/python_branch_operator.py took 0.244 seconds
[2025-12-06T17:30:10.952+0000] {processor.py:161} INFO - Started process (PID=1533) to work on /opt/airflow/dags/python_branch_operator.py
[2025-12-06T17:30:10.955+0000] {processor.py:830} INFO - Processing file /opt/airflow/dags/python_branch_operator.py for tasks to queue
[2025-12-06T17:30:10.960+0000] {logging_mixin.py:188} INFO - [2025-12-06T17:30:10.959+0000] {dagbag.py:540} INFO - Filling up the DagBag from /opt/airflow/dags/python_branch_operator.py
[2025-12-06T17:30:10.996+0000] {processor.py:840} INFO - DAG(s) 'python_branch_operator_ex' retrieved from /opt/airflow/dags/python_branch_operator.py
[2025-12-06T17:30:11.045+0000] {logging_mixin.py:188} INFO - [2025-12-06T17:30:11.044+0000] {dag.py:3047} INFO - Sync 1 DAGs
[2025-12-06T17:30:11.099+0000] {logging_mixin.py:188} INFO - [2025-12-06T17:30:11.098+0000] {dag.py:3834} INFO - Setting next_dagrun for python_branch_operator_ex to 2025-12-04 00:00:00+00:00, run_after=2025-12-05 00:00:00+00:00
[2025-12-06T17:30:11.142+0000] {processor.py:183} INFO - Processing /opt/airflow/dags/python_branch_operator.py took 0.198 seconds
[2025-12-06T17:30:41.776+0000] {processor.py:161} INFO - Started process (PID=1557) to work on /opt/airflow/dags/python_branch_operator.py
[2025-12-06T17:30:41.779+0000] {processor.py:830} INFO - Processing file /opt/airflow/dags/python_branch_operator.py for tasks to queue
[2025-12-06T17:30:41.785+0000] {logging_mixin.py:188} INFO - [2025-12-06T17:30:41.783+0000] {dagbag.py:540} INFO - Filling up the DagBag from /opt/airflow/dags/python_branch_operator.py
[2025-12-06T17:30:41.833+0000] {processor.py:840} INFO - DAG(s) 'python_branch_operator_ex' retrieved from /opt/airflow/dags/python_branch_operator.py
[2025-12-06T17:30:41.912+0000] {logging_mixin.py:188} INFO - [2025-12-06T17:30:41.912+0000] {dag.py:3047} INFO - Sync 1 DAGs
[2025-12-06T17:30:41.959+0000] {logging_mixin.py:188} INFO - [2025-12-06T17:30:41.959+0000] {dag.py:3834} INFO - Setting next_dagrun for python_branch_operator_ex to 2025-12-04 00:00:00+00:00, run_after=2025-12-05 00:00:00+00:00
[2025-12-06T17:30:42.005+0000] {processor.py:183} INFO - Processing /opt/airflow/dags/python_branch_operator.py took 0.258 seconds
[2025-12-06T17:31:12.764+0000] {processor.py:161} INFO - Started process (PID=1584) to work on /opt/airflow/dags/python_branch_operator.py
[2025-12-06T17:31:12.768+0000] {processor.py:830} INFO - Processing file /opt/airflow/dags/python_branch_operator.py for tasks to queue
[2025-12-06T17:31:12.774+0000] {logging_mixin.py:188} INFO - [2025-12-06T17:31:12.772+0000] {dagbag.py:540} INFO - Filling up the DagBag from /opt/airflow/dags/python_branch_operator.py
[2025-12-06T17:31:12.815+0000] {processor.py:840} INFO - DAG(s) 'python_branch_operator_ex' retrieved from /opt/airflow/dags/python_branch_operator.py
[2025-12-06T17:31:12.876+0000] {logging_mixin.py:188} INFO - [2025-12-06T17:31:12.875+0000] {dag.py:3047} INFO - Sync 1 DAGs
[2025-12-06T17:31:12.919+0000] {logging_mixin.py:188} INFO - [2025-12-06T17:31:12.919+0000] {dag.py:3834} INFO - Setting next_dagrun for python_branch_operator_ex to 2025-12-04 00:00:00+00:00, run_after=2025-12-05 00:00:00+00:00
[2025-12-06T17:31:12.966+0000] {processor.py:183} INFO - Processing /opt/airflow/dags/python_branch_operator.py took 0.208 seconds
[2025-12-06T17:31:46.897+0000] {processor.py:161} INFO - Started process (PID=1609) to work on /opt/airflow/dags/python_branch_operator.py
[2025-12-06T17:31:46.924+0000] {processor.py:830} INFO - Processing file /opt/airflow/dags/python_branch_operator.py for tasks to queue
[2025-12-06T17:31:46.966+0000] {logging_mixin.py:188} INFO - [2025-12-06T17:31:46.965+0000] {dagbag.py:540} INFO - Filling up the DagBag from /opt/airflow/dags/python_branch_operator.py
[2025-12-06T17:31:47.543+0000] {processor.py:840} INFO - DAG(s) 'python_branch_operator_ex' retrieved from /opt/airflow/dags/python_branch_operator.py
[2025-12-06T17:31:47.890+0000] {logging_mixin.py:188} INFO - [2025-12-06T17:31:47.889+0000] {dag.py:3047} INFO - Sync 1 DAGs
[2025-12-06T17:31:48.158+0000] {logging_mixin.py:188} INFO - [2025-12-06T17:31:48.158+0000] {dag.py:3834} INFO - Setting next_dagrun for python_branch_operator_ex to 2025-12-04 00:00:00+00:00, run_after=2025-12-05 00:00:00+00:00
[2025-12-06T17:31:48.529+0000] {processor.py:183} INFO - Processing /opt/airflow/dags/python_branch_operator.py took 1.695 seconds
[2025-12-06T17:32:19.951+0000] {processor.py:161} INFO - Started process (PID=1634) to work on /opt/airflow/dags/python_branch_operator.py
[2025-12-06T17:32:19.953+0000] {processor.py:830} INFO - Processing file /opt/airflow/dags/python_branch_operator.py for tasks to queue
[2025-12-06T17:32:19.958+0000] {logging_mixin.py:188} INFO - [2025-12-06T17:32:19.958+0000] {dagbag.py:540} INFO - Filling up the DagBag from /opt/airflow/dags/python_branch_operator.py
[2025-12-06T17:32:19.981+0000] {processor.py:840} INFO - DAG(s) 'python_branch_operator_ex' retrieved from /opt/airflow/dags/python_branch_operator.py
[2025-12-06T17:32:20.037+0000] {logging_mixin.py:188} INFO - [2025-12-06T17:32:20.037+0000] {dag.py:3047} INFO - Sync 1 DAGs
[2025-12-06T17:32:20.079+0000] {logging_mixin.py:188} INFO - [2025-12-06T17:32:20.079+0000] {dag.py:3834} INFO - Setting next_dagrun for python_branch_operator_ex to 2025-12-04 00:00:00+00:00, run_after=2025-12-05 00:00:00+00:00
[2025-12-06T17:32:20.123+0000] {processor.py:183} INFO - Processing /opt/airflow/dags/python_branch_operator.py took 0.177 seconds
[2025-12-06T17:32:50.785+0000] {processor.py:161} INFO - Started process (PID=1660) to work on /opt/airflow/dags/python_branch_operator.py
[2025-12-06T17:32:50.787+0000] {processor.py:830} INFO - Processing file /opt/airflow/dags/python_branch_operator.py for tasks to queue
[2025-12-06T17:32:50.792+0000] {logging_mixin.py:188} INFO - [2025-12-06T17:32:50.791+0000] {dagbag.py:540} INFO - Filling up the DagBag from /opt/airflow/dags/python_branch_operator.py
[2025-12-06T17:32:50.833+0000] {processor.py:840} INFO - DAG(s) 'python_branch_operator_ex' retrieved from /opt/airflow/dags/python_branch_operator.py
[2025-12-06T17:32:50.889+0000] {logging_mixin.py:188} INFO - [2025-12-06T17:32:50.889+0000] {dag.py:3047} INFO - Sync 1 DAGs
[2025-12-06T17:32:50.941+0000] {logging_mixin.py:188} INFO - [2025-12-06T17:32:50.940+0000] {dag.py:3834} INFO - Setting next_dagrun for python_branch_operator_ex to 2025-12-04 00:00:00+00:00, run_after=2025-12-05 00:00:00+00:00
[2025-12-06T17:32:51.009+0000] {processor.py:183} INFO - Processing /opt/airflow/dags/python_branch_operator.py took 0.232 seconds
