[2025-12-06T16:55:29.045+0000] {processor.py:161} INFO - Started process (PID=98) to work on /opt/airflow/dags/x_com_dag.py
[2025-12-06T16:55:29.066+0000] {processor.py:830} INFO - Processing file /opt/airflow/dags/x_com_dag.py for tasks to queue
[2025-12-06T16:55:29.232+0000] {logging_mixin.py:188} INFO - [2025-12-06T16:55:29.231+0000] {dagbag.py:540} INFO - Filling up the DagBag from /opt/airflow/dags/x_com_dag.py
[2025-12-06T16:55:29.807+0000] {processor.py:840} INFO - DAG(s) 'dog_owner_dag_classic' retrieved from /opt/airflow/dags/x_com_dag.py
[2025-12-06T16:55:31.694+0000] {logging_mixin.py:188} INFO - [2025-12-06T16:55:31.694+0000] {dag.py:3047} INFO - Sync 1 DAGs
[2025-12-06T16:55:31.912+0000] {logging_mixin.py:188} INFO - [2025-12-06T16:55:31.911+0000] {dag.py:3834} INFO - Setting next_dagrun for dog_owner_dag_classic to None, run_after=None
[2025-12-06T16:55:32.684+0000] {processor.py:183} INFO - Processing /opt/airflow/dags/x_com_dag.py took 3.735 seconds
[2025-12-06T16:56:05.484+0000] {processor.py:161} INFO - Started process (PID=125) to work on /opt/airflow/dags/x_com_dag.py
[2025-12-06T16:56:05.498+0000] {processor.py:830} INFO - Processing file /opt/airflow/dags/x_com_dag.py for tasks to queue
[2025-12-06T16:56:05.515+0000] {logging_mixin.py:188} INFO - [2025-12-06T16:56:05.514+0000] {dagbag.py:540} INFO - Filling up the DagBag from /opt/airflow/dags/x_com_dag.py
[2025-12-06T16:56:06.746+0000] {processor.py:840} INFO - DAG(s) 'dog_owner_dag_classic' retrieved from /opt/airflow/dags/x_com_dag.py
[2025-12-06T16:56:07.227+0000] {logging_mixin.py:188} INFO - [2025-12-06T16:56:07.227+0000] {dag.py:3047} INFO - Sync 1 DAGs
[2025-12-06T16:56:07.392+0000] {logging_mixin.py:188} INFO - [2025-12-06T16:56:07.379+0000] {dag.py:3834} INFO - Setting next_dagrun for dog_owner_dag_classic to None, run_after=None
[2025-12-06T16:56:08.073+0000] {processor.py:183} INFO - Processing /opt/airflow/dags/x_com_dag.py took 2.686 seconds
[2025-12-06T16:56:43.957+0000] {processor.py:161} INFO - Started process (PID=149) to work on /opt/airflow/dags/x_com_dag.py
[2025-12-06T16:56:43.974+0000] {processor.py:830} INFO - Processing file /opt/airflow/dags/x_com_dag.py for tasks to queue
[2025-12-06T16:56:44.176+0000] {logging_mixin.py:188} INFO - [2025-12-06T16:56:44.086+0000] {dagbag.py:540} INFO - Filling up the DagBag from /opt/airflow/dags/x_com_dag.py
[2025-12-06T16:56:44.910+0000] {processor.py:840} INFO - DAG(s) 'dog_owner_dag_classic' retrieved from /opt/airflow/dags/x_com_dag.py
[2025-12-06T16:56:45.450+0000] {logging_mixin.py:188} INFO - [2025-12-06T16:56:45.447+0000] {dag.py:3047} INFO - Sync 1 DAGs
[2025-12-06T16:56:46.236+0000] {logging_mixin.py:188} INFO - [2025-12-06T16:56:46.236+0000] {dag.py:3834} INFO - Setting next_dagrun for dog_owner_dag_classic to None, run_after=None
[2025-12-06T16:56:46.881+0000] {processor.py:183} INFO - Processing /opt/airflow/dags/x_com_dag.py took 3.047 seconds
[2025-12-06T17:01:50.106+0000] {processor.py:161} INFO - Started process (PID=73) to work on /opt/airflow/dags/x_com_dag.py
[2025-12-06T17:01:50.109+0000] {processor.py:830} INFO - Processing file /opt/airflow/dags/x_com_dag.py for tasks to queue
[2025-12-06T17:01:50.113+0000] {logging_mixin.py:188} INFO - [2025-12-06T17:01:50.112+0000] {dagbag.py:540} INFO - Filling up the DagBag from /opt/airflow/dags/x_com_dag.py
[2025-12-06T17:01:50.160+0000] {processor.py:840} INFO - DAG(s) 'dog_owner_dag_classic' retrieved from /opt/airflow/dags/x_com_dag.py
[2025-12-06T17:01:50.593+0000] {logging_mixin.py:188} INFO - [2025-12-06T17:01:50.592+0000] {dag.py:3047} INFO - Sync 1 DAGs
[2025-12-06T17:01:50.610+0000] {logging_mixin.py:188} INFO - [2025-12-06T17:01:50.609+0000] {dag.py:3834} INFO - Setting next_dagrun for dog_owner_dag_classic to None, run_after=None
[2025-12-06T17:01:52.417+0000] {processor.py:183} INFO - Processing /opt/airflow/dags/x_com_dag.py took 2.318 seconds
[2025-12-06T17:02:22.760+0000] {processor.py:161} INFO - Started process (PID=98) to work on /opt/airflow/dags/x_com_dag.py
[2025-12-06T17:02:22.764+0000] {processor.py:830} INFO - Processing file /opt/airflow/dags/x_com_dag.py for tasks to queue
[2025-12-06T17:02:22.780+0000] {logging_mixin.py:188} INFO - [2025-12-06T17:02:22.779+0000] {dagbag.py:540} INFO - Filling up the DagBag from /opt/airflow/dags/x_com_dag.py
[2025-12-06T17:02:22.858+0000] {processor.py:840} INFO - DAG(s) 'dog_owner_dag_classic' retrieved from /opt/airflow/dags/x_com_dag.py
[2025-12-06T17:02:22.916+0000] {logging_mixin.py:188} INFO - [2025-12-06T17:02:22.916+0000] {dag.py:3047} INFO - Sync 1 DAGs
[2025-12-06T17:02:22.935+0000] {logging_mixin.py:188} INFO - [2025-12-06T17:02:22.935+0000] {dag.py:3834} INFO - Setting next_dagrun for dog_owner_dag_classic to None, run_after=None
[2025-12-06T17:02:22.968+0000] {processor.py:183} INFO - Processing /opt/airflow/dags/x_com_dag.py took 0.223 seconds
[2025-12-06T17:02:55.280+0000] {processor.py:161} INFO - Started process (PID=132) to work on /opt/airflow/dags/x_com_dag.py
[2025-12-06T17:02:55.295+0000] {processor.py:830} INFO - Processing file /opt/airflow/dags/x_com_dag.py for tasks to queue
[2025-12-06T17:02:55.312+0000] {logging_mixin.py:188} INFO - [2025-12-06T17:02:55.311+0000] {dagbag.py:540} INFO - Filling up the DagBag from /opt/airflow/dags/x_com_dag.py
[2025-12-06T17:02:55.534+0000] {processor.py:840} INFO - DAG(s) 'dog_owner_dag_classic' retrieved from /opt/airflow/dags/x_com_dag.py
[2025-12-06T17:02:55.823+0000] {logging_mixin.py:188} INFO - [2025-12-06T17:02:55.822+0000] {dag.py:3047} INFO - Sync 1 DAGs
[2025-12-06T17:02:55.902+0000] {logging_mixin.py:188} INFO - [2025-12-06T17:02:55.902+0000] {dag.py:3834} INFO - Setting next_dagrun for dog_owner_dag_classic to None, run_after=None
[2025-12-06T17:02:55.991+0000] {processor.py:183} INFO - Processing /opt/airflow/dags/x_com_dag.py took 0.748 seconds
[2025-12-06T17:03:27.028+0000] {processor.py:161} INFO - Started process (PID=158) to work on /opt/airflow/dags/x_com_dag.py
[2025-12-06T17:03:27.031+0000] {processor.py:830} INFO - Processing file /opt/airflow/dags/x_com_dag.py for tasks to queue
[2025-12-06T17:03:27.036+0000] {logging_mixin.py:188} INFO - [2025-12-06T17:03:27.035+0000] {dagbag.py:540} INFO - Filling up the DagBag from /opt/airflow/dags/x_com_dag.py
[2025-12-06T17:03:27.080+0000] {processor.py:840} INFO - DAG(s) 'dog_owner_dag_classic' retrieved from /opt/airflow/dags/x_com_dag.py
[2025-12-06T17:03:27.141+0000] {logging_mixin.py:188} INFO - [2025-12-06T17:03:27.140+0000] {dag.py:3047} INFO - Sync 1 DAGs
[2025-12-06T17:03:27.171+0000] {logging_mixin.py:188} INFO - [2025-12-06T17:03:27.171+0000] {dag.py:3834} INFO - Setting next_dagrun for dog_owner_dag_classic to None, run_after=None
[2025-12-06T17:03:27.213+0000] {processor.py:183} INFO - Processing /opt/airflow/dags/x_com_dag.py took 0.193 seconds
[2025-12-06T17:03:58.450+0000] {processor.py:161} INFO - Started process (PID=184) to work on /opt/airflow/dags/x_com_dag.py
[2025-12-06T17:03:58.453+0000] {processor.py:830} INFO - Processing file /opt/airflow/dags/x_com_dag.py for tasks to queue
[2025-12-06T17:03:58.465+0000] {logging_mixin.py:188} INFO - [2025-12-06T17:03:58.465+0000] {dagbag.py:540} INFO - Filling up the DagBag from /opt/airflow/dags/x_com_dag.py
[2025-12-06T17:03:58.525+0000] {processor.py:840} INFO - DAG(s) 'dog_owner_dag_classic' retrieved from /opt/airflow/dags/x_com_dag.py
[2025-12-06T17:03:58.579+0000] {logging_mixin.py:188} INFO - [2025-12-06T17:03:58.578+0000] {dag.py:3047} INFO - Sync 1 DAGs
[2025-12-06T17:03:58.607+0000] {logging_mixin.py:188} INFO - [2025-12-06T17:03:58.607+0000] {dag.py:3834} INFO - Setting next_dagrun for dog_owner_dag_classic to None, run_after=None
[2025-12-06T17:03:58.666+0000] {processor.py:183} INFO - Processing /opt/airflow/dags/x_com_dag.py took 0.231 seconds
[2025-12-06T17:04:29.071+0000] {processor.py:161} INFO - Started process (PID=210) to work on /opt/airflow/dags/x_com_dag.py
[2025-12-06T17:04:29.073+0000] {processor.py:830} INFO - Processing file /opt/airflow/dags/x_com_dag.py for tasks to queue
[2025-12-06T17:04:29.076+0000] {logging_mixin.py:188} INFO - [2025-12-06T17:04:29.076+0000] {dagbag.py:540} INFO - Filling up the DagBag from /opt/airflow/dags/x_com_dag.py
[2025-12-06T17:04:29.113+0000] {processor.py:840} INFO - DAG(s) 'dog_owner_dag_classic' retrieved from /opt/airflow/dags/x_com_dag.py
[2025-12-06T17:04:29.174+0000] {logging_mixin.py:188} INFO - [2025-12-06T17:04:29.173+0000] {dag.py:3047} INFO - Sync 1 DAGs
[2025-12-06T17:04:29.196+0000] {logging_mixin.py:188} INFO - [2025-12-06T17:04:29.195+0000] {dag.py:3834} INFO - Setting next_dagrun for dog_owner_dag_classic to None, run_after=None
[2025-12-06T17:04:29.238+0000] {processor.py:183} INFO - Processing /opt/airflow/dags/x_com_dag.py took 0.172 seconds
[2025-12-06T17:04:59.542+0000] {processor.py:161} INFO - Started process (PID=234) to work on /opt/airflow/dags/x_com_dag.py
[2025-12-06T17:04:59.544+0000] {processor.py:830} INFO - Processing file /opt/airflow/dags/x_com_dag.py for tasks to queue
[2025-12-06T17:04:59.547+0000] {logging_mixin.py:188} INFO - [2025-12-06T17:04:59.547+0000] {dagbag.py:540} INFO - Filling up the DagBag from /opt/airflow/dags/x_com_dag.py
[2025-12-06T17:04:59.571+0000] {processor.py:840} INFO - DAG(s) 'dog_owner_dag_classic' retrieved from /opt/airflow/dags/x_com_dag.py
[2025-12-06T17:04:59.614+0000] {logging_mixin.py:188} INFO - [2025-12-06T17:04:59.614+0000] {dag.py:3047} INFO - Sync 1 DAGs
[2025-12-06T17:04:59.628+0000] {logging_mixin.py:188} INFO - [2025-12-06T17:04:59.628+0000] {dag.py:3834} INFO - Setting next_dagrun for dog_owner_dag_classic to None, run_after=None
[2025-12-06T17:04:59.659+0000] {processor.py:183} INFO - Processing /opt/airflow/dags/x_com_dag.py took 0.122 seconds
[2025-12-06T17:05:30.761+0000] {processor.py:161} INFO - Started process (PID=265) to work on /opt/airflow/dags/x_com_dag.py
[2025-12-06T17:05:30.765+0000] {processor.py:830} INFO - Processing file /opt/airflow/dags/x_com_dag.py for tasks to queue
[2025-12-06T17:05:30.769+0000] {logging_mixin.py:188} INFO - [2025-12-06T17:05:30.769+0000] {dagbag.py:540} INFO - Filling up the DagBag from /opt/airflow/dags/x_com_dag.py
[2025-12-06T17:05:30.825+0000] {processor.py:840} INFO - DAG(s) 'dog_owner_dag_classic' retrieved from /opt/airflow/dags/x_com_dag.py
[2025-12-06T17:05:30.967+0000] {logging_mixin.py:188} INFO - [2025-12-06T17:05:30.967+0000] {dag.py:3047} INFO - Sync 1 DAGs
[2025-12-06T17:05:31.024+0000] {logging_mixin.py:188} INFO - [2025-12-06T17:05:31.023+0000] {dag.py:3834} INFO - Setting next_dagrun for dog_owner_dag_classic to None, run_after=None
[2025-12-06T17:05:31.327+0000] {processor.py:183} INFO - Processing /opt/airflow/dags/x_com_dag.py took 0.573 seconds
[2025-12-06T17:06:01.625+0000] {processor.py:161} INFO - Started process (PID=291) to work on /opt/airflow/dags/x_com_dag.py
[2025-12-06T17:06:01.630+0000] {processor.py:830} INFO - Processing file /opt/airflow/dags/x_com_dag.py for tasks to queue
[2025-12-06T17:06:01.638+0000] {logging_mixin.py:188} INFO - [2025-12-06T17:06:01.637+0000] {dagbag.py:540} INFO - Filling up the DagBag from /opt/airflow/dags/x_com_dag.py
[2025-12-06T17:06:01.719+0000] {processor.py:840} INFO - DAG(s) 'dog_owner_dag_classic' retrieved from /opt/airflow/dags/x_com_dag.py
[2025-12-06T17:06:01.827+0000] {logging_mixin.py:188} INFO - [2025-12-06T17:06:01.827+0000] {dag.py:3047} INFO - Sync 1 DAGs
[2025-12-06T17:06:01.853+0000] {logging_mixin.py:188} INFO - [2025-12-06T17:06:01.852+0000] {dag.py:3834} INFO - Setting next_dagrun for dog_owner_dag_classic to None, run_after=None
[2025-12-06T17:06:01.915+0000] {processor.py:183} INFO - Processing /opt/airflow/dags/x_com_dag.py took 0.296 seconds
[2025-12-06T17:06:32.482+0000] {processor.py:161} INFO - Started process (PID=317) to work on /opt/airflow/dags/x_com_dag.py
[2025-12-06T17:06:32.485+0000] {processor.py:830} INFO - Processing file /opt/airflow/dags/x_com_dag.py for tasks to queue
[2025-12-06T17:06:32.490+0000] {logging_mixin.py:188} INFO - [2025-12-06T17:06:32.488+0000] {dagbag.py:540} INFO - Filling up the DagBag from /opt/airflow/dags/x_com_dag.py
[2025-12-06T17:06:32.528+0000] {processor.py:840} INFO - DAG(s) 'dog_owner_dag_classic' retrieved from /opt/airflow/dags/x_com_dag.py
[2025-12-06T17:06:32.593+0000] {logging_mixin.py:188} INFO - [2025-12-06T17:06:32.592+0000] {dag.py:3047} INFO - Sync 1 DAGs
[2025-12-06T17:06:32.635+0000] {logging_mixin.py:188} INFO - [2025-12-06T17:06:32.634+0000] {dag.py:3834} INFO - Setting next_dagrun for dog_owner_dag_classic to None, run_after=None
[2025-12-06T17:06:32.683+0000] {processor.py:183} INFO - Processing /opt/airflow/dags/x_com_dag.py took 0.208 seconds
[2025-12-06T17:07:03.420+0000] {processor.py:161} INFO - Started process (PID=343) to work on /opt/airflow/dags/x_com_dag.py
[2025-12-06T17:07:03.422+0000] {processor.py:830} INFO - Processing file /opt/airflow/dags/x_com_dag.py for tasks to queue
[2025-12-06T17:07:03.425+0000] {logging_mixin.py:188} INFO - [2025-12-06T17:07:03.424+0000] {dagbag.py:540} INFO - Filling up the DagBag from /opt/airflow/dags/x_com_dag.py
[2025-12-06T17:07:03.454+0000] {processor.py:840} INFO - DAG(s) 'dog_owner_dag_classic' retrieved from /opt/airflow/dags/x_com_dag.py
[2025-12-06T17:07:03.500+0000] {logging_mixin.py:188} INFO - [2025-12-06T17:07:03.500+0000] {dag.py:3047} INFO - Sync 1 DAGs
[2025-12-06T17:07:03.520+0000] {logging_mixin.py:188} INFO - [2025-12-06T17:07:03.520+0000] {dag.py:3834} INFO - Setting next_dagrun for dog_owner_dag_classic to None, run_after=None
[2025-12-06T17:07:03.547+0000] {processor.py:183} INFO - Processing /opt/airflow/dags/x_com_dag.py took 0.133 seconds
[2025-12-06T17:07:34.405+0000] {processor.py:161} INFO - Started process (PID=369) to work on /opt/airflow/dags/x_com_dag.py
[2025-12-06T17:07:34.407+0000] {processor.py:830} INFO - Processing file /opt/airflow/dags/x_com_dag.py for tasks to queue
[2025-12-06T17:07:34.411+0000] {logging_mixin.py:188} INFO - [2025-12-06T17:07:34.411+0000] {dagbag.py:540} INFO - Filling up the DagBag from /opt/airflow/dags/x_com_dag.py
[2025-12-06T17:07:34.434+0000] {processor.py:840} INFO - DAG(s) 'dog_owner_dag_classic' retrieved from /opt/airflow/dags/x_com_dag.py
[2025-12-06T17:07:34.475+0000] {logging_mixin.py:188} INFO - [2025-12-06T17:07:34.474+0000] {dag.py:3047} INFO - Sync 1 DAGs
[2025-12-06T17:07:34.491+0000] {logging_mixin.py:188} INFO - [2025-12-06T17:07:34.491+0000] {dag.py:3834} INFO - Setting next_dagrun for dog_owner_dag_classic to None, run_after=None
[2025-12-06T17:07:34.525+0000] {processor.py:183} INFO - Processing /opt/airflow/dags/x_com_dag.py took 0.125 seconds
[2025-12-06T17:08:04.982+0000] {processor.py:161} INFO - Started process (PID=403) to work on /opt/airflow/dags/x_com_dag.py
[2025-12-06T17:08:04.989+0000] {processor.py:830} INFO - Processing file /opt/airflow/dags/x_com_dag.py for tasks to queue
[2025-12-06T17:08:04.993+0000] {logging_mixin.py:188} INFO - [2025-12-06T17:08:04.992+0000] {dagbag.py:540} INFO - Filling up the DagBag from /opt/airflow/dags/x_com_dag.py
[2025-12-06T17:08:05.028+0000] {processor.py:840} INFO - DAG(s) 'dog_owner_dag_classic' retrieved from /opt/airflow/dags/x_com_dag.py
[2025-12-06T17:08:05.083+0000] {logging_mixin.py:188} INFO - [2025-12-06T17:08:05.083+0000] {dag.py:3047} INFO - Sync 1 DAGs
[2025-12-06T17:08:05.108+0000] {logging_mixin.py:188} INFO - [2025-12-06T17:08:05.107+0000] {dag.py:3834} INFO - Setting next_dagrun for dog_owner_dag_classic to None, run_after=None
[2025-12-06T17:08:05.156+0000] {processor.py:183} INFO - Processing /opt/airflow/dags/x_com_dag.py took 0.192 seconds
[2025-12-06T17:08:35.958+0000] {processor.py:161} INFO - Started process (PID=429) to work on /opt/airflow/dags/x_com_dag.py
[2025-12-06T17:08:35.960+0000] {processor.py:830} INFO - Processing file /opt/airflow/dags/x_com_dag.py for tasks to queue
[2025-12-06T17:08:35.964+0000] {logging_mixin.py:188} INFO - [2025-12-06T17:08:35.963+0000] {dagbag.py:540} INFO - Filling up the DagBag from /opt/airflow/dags/x_com_dag.py
[2025-12-06T17:08:36.057+0000] {processor.py:840} INFO - DAG(s) 'dog_owner_dag_classic' retrieved from /opt/airflow/dags/x_com_dag.py
[2025-12-06T17:08:36.103+0000] {logging_mixin.py:188} INFO - [2025-12-06T17:08:36.102+0000] {dag.py:3047} INFO - Sync 1 DAGs
[2025-12-06T17:08:36.148+0000] {logging_mixin.py:188} INFO - [2025-12-06T17:08:36.147+0000] {dag.py:3834} INFO - Setting next_dagrun for dog_owner_dag_classic to None, run_after=None
[2025-12-06T17:08:36.364+0000] {processor.py:183} INFO - Processing /opt/airflow/dags/x_com_dag.py took 0.412 seconds
[2025-12-06T17:09:07.025+0000] {processor.py:161} INFO - Started process (PID=455) to work on /opt/airflow/dags/x_com_dag.py
[2025-12-06T17:09:07.027+0000] {processor.py:830} INFO - Processing file /opt/airflow/dags/x_com_dag.py for tasks to queue
[2025-12-06T17:09:07.030+0000] {logging_mixin.py:188} INFO - [2025-12-06T17:09:07.029+0000] {dagbag.py:540} INFO - Filling up the DagBag from /opt/airflow/dags/x_com_dag.py
[2025-12-06T17:09:07.084+0000] {processor.py:840} INFO - DAG(s) 'dog_owner_dag_classic' retrieved from /opt/airflow/dags/x_com_dag.py
[2025-12-06T17:09:07.148+0000] {logging_mixin.py:188} INFO - [2025-12-06T17:09:07.147+0000] {dag.py:3047} INFO - Sync 1 DAGs
[2025-12-06T17:09:07.172+0000] {logging_mixin.py:188} INFO - [2025-12-06T17:09:07.171+0000] {dag.py:3834} INFO - Setting next_dagrun for dog_owner_dag_classic to None, run_after=None
[2025-12-06T17:09:07.220+0000] {processor.py:183} INFO - Processing /opt/airflow/dags/x_com_dag.py took 0.202 seconds
[2025-12-06T17:09:37.827+0000] {processor.py:161} INFO - Started process (PID=481) to work on /opt/airflow/dags/x_com_dag.py
[2025-12-06T17:09:37.831+0000] {processor.py:830} INFO - Processing file /opt/airflow/dags/x_com_dag.py for tasks to queue
[2025-12-06T17:09:37.836+0000] {logging_mixin.py:188} INFO - [2025-12-06T17:09:37.835+0000] {dagbag.py:540} INFO - Filling up the DagBag from /opt/airflow/dags/x_com_dag.py
[2025-12-06T17:09:37.878+0000] {processor.py:840} INFO - DAG(s) 'dog_owner_dag_classic' retrieved from /opt/airflow/dags/x_com_dag.py
[2025-12-06T17:09:37.975+0000] {logging_mixin.py:188} INFO - [2025-12-06T17:09:37.974+0000] {dag.py:3047} INFO - Sync 1 DAGs
[2025-12-06T17:09:38.015+0000] {logging_mixin.py:188} INFO - [2025-12-06T17:09:38.012+0000] {dag.py:3834} INFO - Setting next_dagrun for dog_owner_dag_classic to None, run_after=None
[2025-12-06T17:09:38.062+0000] {processor.py:183} INFO - Processing /opt/airflow/dags/x_com_dag.py took 0.253 seconds
[2025-12-06T17:10:08.526+0000] {processor.py:161} INFO - Started process (PID=508) to work on /opt/airflow/dags/x_com_dag.py
[2025-12-06T17:10:08.528+0000] {processor.py:830} INFO - Processing file /opt/airflow/dags/x_com_dag.py for tasks to queue
[2025-12-06T17:10:08.535+0000] {logging_mixin.py:188} INFO - [2025-12-06T17:10:08.534+0000] {dagbag.py:540} INFO - Filling up the DagBag from /opt/airflow/dags/x_com_dag.py
[2025-12-06T17:10:08.587+0000] {processor.py:840} INFO - DAG(s) 'dog_owner_dag_classic' retrieved from /opt/airflow/dags/x_com_dag.py
[2025-12-06T17:10:08.671+0000] {logging_mixin.py:188} INFO - [2025-12-06T17:10:08.670+0000] {dag.py:3047} INFO - Sync 1 DAGs
[2025-12-06T17:10:08.701+0000] {logging_mixin.py:188} INFO - [2025-12-06T17:10:08.700+0000] {dag.py:3834} INFO - Setting next_dagrun for dog_owner_dag_classic to None, run_after=None
[2025-12-06T17:10:08.777+0000] {processor.py:183} INFO - Processing /opt/airflow/dags/x_com_dag.py took 0.259 seconds
[2025-12-06T17:10:39.006+0000] {processor.py:161} INFO - Started process (PID=534) to work on /opt/airflow/dags/x_com_dag.py
[2025-12-06T17:10:39.011+0000] {processor.py:830} INFO - Processing file /opt/airflow/dags/x_com_dag.py for tasks to queue
[2025-12-06T17:10:39.016+0000] {logging_mixin.py:188} INFO - [2025-12-06T17:10:39.016+0000] {dagbag.py:540} INFO - Filling up the DagBag from /opt/airflow/dags/x_com_dag.py
[2025-12-06T17:10:39.050+0000] {processor.py:840} INFO - DAG(s) 'dog_owner_dag_classic' retrieved from /opt/airflow/dags/x_com_dag.py
[2025-12-06T17:10:39.104+0000] {logging_mixin.py:188} INFO - [2025-12-06T17:10:39.104+0000] {dag.py:3047} INFO - Sync 1 DAGs
[2025-12-06T17:10:39.127+0000] {logging_mixin.py:188} INFO - [2025-12-06T17:10:39.127+0000] {dag.py:3834} INFO - Setting next_dagrun for dog_owner_dag_classic to None, run_after=None
[2025-12-06T17:10:39.167+0000] {processor.py:183} INFO - Processing /opt/airflow/dags/x_com_dag.py took 0.170 seconds
[2025-12-06T17:11:10.016+0000] {processor.py:161} INFO - Started process (PID=568) to work on /opt/airflow/dags/x_com_dag.py
[2025-12-06T17:11:10.018+0000] {processor.py:830} INFO - Processing file /opt/airflow/dags/x_com_dag.py for tasks to queue
[2025-12-06T17:11:10.022+0000] {logging_mixin.py:188} INFO - [2025-12-06T17:11:10.022+0000] {dagbag.py:540} INFO - Filling up the DagBag from /opt/airflow/dags/x_com_dag.py
[2025-12-06T17:11:10.057+0000] {processor.py:840} INFO - DAG(s) 'dog_owner_dag_classic' retrieved from /opt/airflow/dags/x_com_dag.py
[2025-12-06T17:11:10.112+0000] {logging_mixin.py:188} INFO - [2025-12-06T17:11:10.112+0000] {dag.py:3047} INFO - Sync 1 DAGs
[2025-12-06T17:11:10.158+0000] {logging_mixin.py:188} INFO - [2025-12-06T17:11:10.158+0000] {dag.py:3834} INFO - Setting next_dagrun for dog_owner_dag_classic to None, run_after=None
[2025-12-06T17:11:10.272+0000] {processor.py:183} INFO - Processing /opt/airflow/dags/x_com_dag.py took 0.263 seconds
[2025-12-06T17:11:41.234+0000] {processor.py:161} INFO - Started process (PID=594) to work on /opt/airflow/dags/x_com_dag.py
[2025-12-06T17:11:41.236+0000] {processor.py:830} INFO - Processing file /opt/airflow/dags/x_com_dag.py for tasks to queue
[2025-12-06T17:11:41.241+0000] {logging_mixin.py:188} INFO - [2025-12-06T17:11:41.240+0000] {dagbag.py:540} INFO - Filling up the DagBag from /opt/airflow/dags/x_com_dag.py
[2025-12-06T17:11:41.269+0000] {processor.py:840} INFO - DAG(s) 'dog_owner_dag_classic' retrieved from /opt/airflow/dags/x_com_dag.py
[2025-12-06T17:11:41.320+0000] {logging_mixin.py:188} INFO - [2025-12-06T17:11:41.320+0000] {dag.py:3047} INFO - Sync 1 DAGs
[2025-12-06T17:11:41.343+0000] {logging_mixin.py:188} INFO - [2025-12-06T17:11:41.342+0000] {dag.py:3834} INFO - Setting next_dagrun for dog_owner_dag_classic to None, run_after=None
[2025-12-06T17:11:41.383+0000] {processor.py:183} INFO - Processing /opt/airflow/dags/x_com_dag.py took 0.154 seconds
[2025-12-06T17:12:12.468+0000] {processor.py:161} INFO - Started process (PID=619) to work on /opt/airflow/dags/x_com_dag.py
[2025-12-06T17:12:12.470+0000] {processor.py:830} INFO - Processing file /opt/airflow/dags/x_com_dag.py for tasks to queue
[2025-12-06T17:12:12.474+0000] {logging_mixin.py:188} INFO - [2025-12-06T17:12:12.474+0000] {dagbag.py:540} INFO - Filling up the DagBag from /opt/airflow/dags/x_com_dag.py
[2025-12-06T17:12:12.523+0000] {processor.py:840} INFO - DAG(s) 'dog_owner_dag_classic' retrieved from /opt/airflow/dags/x_com_dag.py
[2025-12-06T17:12:12.592+0000] {logging_mixin.py:188} INFO - [2025-12-06T17:12:12.591+0000] {dag.py:3047} INFO - Sync 1 DAGs
[2025-12-06T17:12:12.627+0000] {logging_mixin.py:188} INFO - [2025-12-06T17:12:12.626+0000] {dag.py:3834} INFO - Setting next_dagrun for dog_owner_dag_classic to None, run_after=None
[2025-12-06T17:12:12.701+0000] {processor.py:183} INFO - Processing /opt/airflow/dags/x_com_dag.py took 0.243 seconds
[2025-12-06T17:12:43.106+0000] {processor.py:161} INFO - Started process (PID=653) to work on /opt/airflow/dags/x_com_dag.py
[2025-12-06T17:12:43.109+0000] {processor.py:830} INFO - Processing file /opt/airflow/dags/x_com_dag.py for tasks to queue
[2025-12-06T17:12:43.117+0000] {logging_mixin.py:188} INFO - [2025-12-06T17:12:43.116+0000] {dagbag.py:540} INFO - Filling up the DagBag from /opt/airflow/dags/x_com_dag.py
[2025-12-06T17:12:43.172+0000] {processor.py:840} INFO - DAG(s) 'dog_owner_dag_classic' retrieved from /opt/airflow/dags/x_com_dag.py
[2025-12-06T17:12:43.228+0000] {logging_mixin.py:188} INFO - [2025-12-06T17:12:43.227+0000] {dag.py:3047} INFO - Sync 1 DAGs
[2025-12-06T17:12:43.253+0000] {logging_mixin.py:188} INFO - [2025-12-06T17:12:43.253+0000] {dag.py:3834} INFO - Setting next_dagrun for dog_owner_dag_classic to None, run_after=None
[2025-12-06T17:12:43.290+0000] {processor.py:183} INFO - Processing /opt/airflow/dags/x_com_dag.py took 0.190 seconds
[2025-12-06T17:13:16.600+0000] {processor.py:161} INFO - Started process (PID=679) to work on /opt/airflow/dags/x_com_dag.py
[2025-12-06T17:13:16.604+0000] {processor.py:830} INFO - Processing file /opt/airflow/dags/x_com_dag.py for tasks to queue
[2025-12-06T17:13:16.611+0000] {logging_mixin.py:188} INFO - [2025-12-06T17:13:16.610+0000] {dagbag.py:540} INFO - Filling up the DagBag from /opt/airflow/dags/x_com_dag.py
[2025-12-06T17:13:16.672+0000] {processor.py:840} INFO - DAG(s) 'dog_owner_dag_classic' retrieved from /opt/airflow/dags/x_com_dag.py
[2025-12-06T17:13:16.824+0000] {logging_mixin.py:188} INFO - [2025-12-06T17:13:16.824+0000] {dag.py:3047} INFO - Sync 1 DAGs
[2025-12-06T17:13:16.872+0000] {logging_mixin.py:188} INFO - [2025-12-06T17:13:16.871+0000] {dag.py:3834} INFO - Setting next_dagrun for dog_owner_dag_classic to None, run_after=None
[2025-12-06T17:13:16.929+0000] {processor.py:183} INFO - Processing /opt/airflow/dags/x_com_dag.py took 0.353 seconds
[2025-12-06T17:13:49.058+0000] {processor.py:161} INFO - Started process (PID=705) to work on /opt/airflow/dags/x_com_dag.py
[2025-12-06T17:13:49.073+0000] {processor.py:830} INFO - Processing file /opt/airflow/dags/x_com_dag.py for tasks to queue
[2025-12-06T17:13:49.106+0000] {logging_mixin.py:188} INFO - [2025-12-06T17:13:49.105+0000] {dagbag.py:540} INFO - Filling up the DagBag from /opt/airflow/dags/x_com_dag.py
[2025-12-06T17:13:49.745+0000] {processor.py:840} INFO - DAG(s) 'dog_owner_dag_classic' retrieved from /opt/airflow/dags/x_com_dag.py
[2025-12-06T17:13:50.080+0000] {logging_mixin.py:188} INFO - [2025-12-06T17:13:50.080+0000] {dag.py:3047} INFO - Sync 1 DAGs
[2025-12-06T17:13:50.241+0000] {logging_mixin.py:188} INFO - [2025-12-06T17:13:50.241+0000] {dag.py:3834} INFO - Setting next_dagrun for dog_owner_dag_classic to None, run_after=None
[2025-12-06T17:13:50.794+0000] {processor.py:183} INFO - Processing /opt/airflow/dags/x_com_dag.py took 1.752 seconds
[2025-12-06T17:14:21.598+0000] {processor.py:161} INFO - Started process (PID=723) to work on /opt/airflow/dags/x_com_dag.py
[2025-12-06T17:14:21.608+0000] {processor.py:830} INFO - Processing file /opt/airflow/dags/x_com_dag.py for tasks to queue
[2025-12-06T17:14:21.620+0000] {logging_mixin.py:188} INFO - [2025-12-06T17:14:21.619+0000] {dagbag.py:540} INFO - Filling up the DagBag from /opt/airflow/dags/x_com_dag.py
[2025-12-06T17:14:21.711+0000] {processor.py:840} INFO - DAG(s) 'dog_owner_dag_classic' retrieved from /opt/airflow/dags/x_com_dag.py
[2025-12-06T17:14:21.844+0000] {logging_mixin.py:188} INFO - [2025-12-06T17:14:21.843+0000] {dag.py:3047} INFO - Sync 1 DAGs
[2025-12-06T17:14:21.913+0000] {logging_mixin.py:188} INFO - [2025-12-06T17:14:21.913+0000] {dag.py:3834} INFO - Setting next_dagrun for dog_owner_dag_classic to None, run_after=None
[2025-12-06T17:14:22.050+0000] {processor.py:183} INFO - Processing /opt/airflow/dags/x_com_dag.py took 0.463 seconds
[2025-12-06T17:14:53.621+0000] {processor.py:161} INFO - Started process (PID=749) to work on /opt/airflow/dags/x_com_dag.py
[2025-12-06T17:14:53.624+0000] {processor.py:830} INFO - Processing file /opt/airflow/dags/x_com_dag.py for tasks to queue
[2025-12-06T17:14:53.641+0000] {logging_mixin.py:188} INFO - [2025-12-06T17:14:53.640+0000] {dagbag.py:540} INFO - Filling up the DagBag from /opt/airflow/dags/x_com_dag.py
[2025-12-06T17:14:54.056+0000] {processor.py:840} INFO - DAG(s) 'dog_owner_dag_classic' retrieved from /opt/airflow/dags/x_com_dag.py
[2025-12-06T17:14:54.236+0000] {logging_mixin.py:188} INFO - [2025-12-06T17:14:54.236+0000] {dag.py:3047} INFO - Sync 1 DAGs
[2025-12-06T17:14:54.300+0000] {logging_mixin.py:188} INFO - [2025-12-06T17:14:54.299+0000] {dag.py:3834} INFO - Setting next_dagrun for dog_owner_dag_classic to None, run_after=None
[2025-12-06T17:14:54.424+0000] {processor.py:183} INFO - Processing /opt/airflow/dags/x_com_dag.py took 0.839 seconds
[2025-12-06T17:15:25.176+0000] {processor.py:161} INFO - Started process (PID=773) to work on /opt/airflow/dags/x_com_dag.py
[2025-12-06T17:15:25.178+0000] {processor.py:830} INFO - Processing file /opt/airflow/dags/x_com_dag.py for tasks to queue
[2025-12-06T17:15:25.188+0000] {logging_mixin.py:188} INFO - [2025-12-06T17:15:25.187+0000] {dagbag.py:540} INFO - Filling up the DagBag from /opt/airflow/dags/x_com_dag.py
[2025-12-06T17:15:25.295+0000] {processor.py:840} INFO - DAG(s) 'dog_owner_dag_classic' retrieved from /opt/airflow/dags/x_com_dag.py
[2025-12-06T17:15:25.551+0000] {logging_mixin.py:188} INFO - [2025-12-06T17:15:25.551+0000] {dag.py:3047} INFO - Sync 1 DAGs
[2025-12-06T17:15:25.635+0000] {logging_mixin.py:188} INFO - [2025-12-06T17:15:25.635+0000] {dag.py:3834} INFO - Setting next_dagrun for dog_owner_dag_classic to None, run_after=None
[2025-12-06T17:15:25.816+0000] {processor.py:183} INFO - Processing /opt/airflow/dags/x_com_dag.py took 0.647 seconds
[2025-12-06T17:15:56.073+0000] {processor.py:161} INFO - Started process (PID=792) to work on /opt/airflow/dags/x_com_dag.py
[2025-12-06T17:15:56.076+0000] {processor.py:830} INFO - Processing file /opt/airflow/dags/x_com_dag.py for tasks to queue
[2025-12-06T17:15:56.090+0000] {logging_mixin.py:188} INFO - [2025-12-06T17:15:56.088+0000] {dagbag.py:540} INFO - Filling up the DagBag from /opt/airflow/dags/x_com_dag.py
[2025-12-06T17:15:56.135+0000] {processor.py:840} INFO - DAG(s) 'dog_owner_dag_classic' retrieved from /opt/airflow/dags/x_com_dag.py
[2025-12-06T17:15:56.203+0000] {logging_mixin.py:188} INFO - [2025-12-06T17:15:56.202+0000] {dag.py:3047} INFO - Sync 1 DAGs
[2025-12-06T17:15:56.224+0000] {logging_mixin.py:188} INFO - [2025-12-06T17:15:56.224+0000] {dag.py:3834} INFO - Setting next_dagrun for dog_owner_dag_classic to None, run_after=None
[2025-12-06T17:15:56.255+0000] {processor.py:183} INFO - Processing /opt/airflow/dags/x_com_dag.py took 0.212 seconds
[2025-12-06T17:16:26.396+0000] {processor.py:161} INFO - Started process (PID=818) to work on /opt/airflow/dags/x_com_dag.py
[2025-12-06T17:16:26.398+0000] {processor.py:830} INFO - Processing file /opt/airflow/dags/x_com_dag.py for tasks to queue
[2025-12-06T17:16:26.402+0000] {logging_mixin.py:188} INFO - [2025-12-06T17:16:26.401+0000] {dagbag.py:540} INFO - Filling up the DagBag from /opt/airflow/dags/x_com_dag.py
[2025-12-06T17:16:26.435+0000] {processor.py:840} INFO - DAG(s) 'dog_owner_dag_classic' retrieved from /opt/airflow/dags/x_com_dag.py
[2025-12-06T17:16:26.497+0000] {logging_mixin.py:188} INFO - [2025-12-06T17:16:26.497+0000] {dag.py:3047} INFO - Sync 1 DAGs
[2025-12-06T17:16:26.522+0000] {logging_mixin.py:188} INFO - [2025-12-06T17:16:26.522+0000] {dag.py:3834} INFO - Setting next_dagrun for dog_owner_dag_classic to None, run_after=None
[2025-12-06T17:16:26.599+0000] {processor.py:183} INFO - Processing /opt/airflow/dags/x_com_dag.py took 0.210 seconds
[2025-12-06T17:16:56.949+0000] {processor.py:161} INFO - Started process (PID=844) to work on /opt/airflow/dags/x_com_dag.py
[2025-12-06T17:16:56.952+0000] {processor.py:830} INFO - Processing file /opt/airflow/dags/x_com_dag.py for tasks to queue
[2025-12-06T17:16:56.955+0000] {logging_mixin.py:188} INFO - [2025-12-06T17:16:56.955+0000] {dagbag.py:540} INFO - Filling up the DagBag from /opt/airflow/dags/x_com_dag.py
[2025-12-06T17:16:56.990+0000] {processor.py:840} INFO - DAG(s) 'dog_owner_dag_classic' retrieved from /opt/airflow/dags/x_com_dag.py
[2025-12-06T17:16:57.040+0000] {logging_mixin.py:188} INFO - [2025-12-06T17:16:57.039+0000] {dag.py:3047} INFO - Sync 1 DAGs
[2025-12-06T17:16:57.065+0000] {logging_mixin.py:188} INFO - [2025-12-06T17:16:57.064+0000] {dag.py:3834} INFO - Setting next_dagrun for dog_owner_dag_classic to None, run_after=None
[2025-12-06T17:16:57.106+0000] {processor.py:183} INFO - Processing /opt/airflow/dags/x_com_dag.py took 0.167 seconds
[2025-12-06T17:17:27.384+0000] {processor.py:161} INFO - Started process (PID=869) to work on /opt/airflow/dags/x_com_dag.py
[2025-12-06T17:17:27.387+0000] {processor.py:830} INFO - Processing file /opt/airflow/dags/x_com_dag.py for tasks to queue
[2025-12-06T17:17:27.391+0000] {logging_mixin.py:188} INFO - [2025-12-06T17:17:27.390+0000] {dagbag.py:540} INFO - Filling up the DagBag from /opt/airflow/dags/x_com_dag.py
[2025-12-06T17:17:27.433+0000] {processor.py:840} INFO - DAG(s) 'dog_owner_dag_classic' retrieved from /opt/airflow/dags/x_com_dag.py
[2025-12-06T17:17:27.480+0000] {logging_mixin.py:188} INFO - [2025-12-06T17:17:27.480+0000] {dag.py:3047} INFO - Sync 1 DAGs
[2025-12-06T17:17:27.501+0000] {logging_mixin.py:188} INFO - [2025-12-06T17:17:27.500+0000] {dag.py:3834} INFO - Setting next_dagrun for dog_owner_dag_classic to None, run_after=None
[2025-12-06T17:17:27.535+0000] {processor.py:183} INFO - Processing /opt/airflow/dags/x_com_dag.py took 0.159 seconds
[2025-12-06T17:17:58.172+0000] {processor.py:161} INFO - Started process (PID=895) to work on /opt/airflow/dags/x_com_dag.py
[2025-12-06T17:17:58.174+0000] {processor.py:830} INFO - Processing file /opt/airflow/dags/x_com_dag.py for tasks to queue
[2025-12-06T17:17:58.178+0000] {logging_mixin.py:188} INFO - [2025-12-06T17:17:58.178+0000] {dagbag.py:540} INFO - Filling up the DagBag from /opt/airflow/dags/x_com_dag.py
[2025-12-06T17:17:58.215+0000] {processor.py:840} INFO - DAG(s) 'dog_owner_dag_classic' retrieved from /opt/airflow/dags/x_com_dag.py
[2025-12-06T17:17:58.283+0000] {logging_mixin.py:188} INFO - [2025-12-06T17:17:58.282+0000] {dag.py:3047} INFO - Sync 1 DAGs
[2025-12-06T17:17:58.311+0000] {logging_mixin.py:188} INFO - [2025-12-06T17:17:58.310+0000] {dag.py:3834} INFO - Setting next_dagrun for dog_owner_dag_classic to None, run_after=None
[2025-12-06T17:17:58.352+0000] {processor.py:183} INFO - Processing /opt/airflow/dags/x_com_dag.py took 0.186 seconds
[2025-12-06T17:18:29.002+0000] {processor.py:161} INFO - Started process (PID=927) to work on /opt/airflow/dags/x_com_dag.py
[2025-12-06T17:18:29.005+0000] {processor.py:830} INFO - Processing file /opt/airflow/dags/x_com_dag.py for tasks to queue
[2025-12-06T17:18:29.009+0000] {logging_mixin.py:188} INFO - [2025-12-06T17:18:29.009+0000] {dagbag.py:540} INFO - Filling up the DagBag from /opt/airflow/dags/x_com_dag.py
[2025-12-06T17:18:29.061+0000] {processor.py:840} INFO - DAG(s) 'dog_owner_dag_classic' retrieved from /opt/airflow/dags/x_com_dag.py
[2025-12-06T17:18:29.115+0000] {logging_mixin.py:188} INFO - [2025-12-06T17:18:29.115+0000] {dag.py:3047} INFO - Sync 1 DAGs
[2025-12-06T17:18:29.145+0000] {logging_mixin.py:188} INFO - [2025-12-06T17:18:29.144+0000] {dag.py:3834} INFO - Setting next_dagrun for dog_owner_dag_classic to None, run_after=None
[2025-12-06T17:18:29.187+0000] {processor.py:183} INFO - Processing /opt/airflow/dags/x_com_dag.py took 0.195 seconds
[2025-12-06T17:18:59.462+0000] {processor.py:161} INFO - Started process (PID=953) to work on /opt/airflow/dags/x_com_dag.py
[2025-12-06T17:18:59.465+0000] {processor.py:830} INFO - Processing file /opt/airflow/dags/x_com_dag.py for tasks to queue
[2025-12-06T17:18:59.474+0000] {logging_mixin.py:188} INFO - [2025-12-06T17:18:59.474+0000] {dagbag.py:540} INFO - Filling up the DagBag from /opt/airflow/dags/x_com_dag.py
[2025-12-06T17:18:59.629+0000] {processor.py:840} INFO - DAG(s) 'dog_owner_dag_classic' retrieved from /opt/airflow/dags/x_com_dag.py
[2025-12-06T17:18:59.765+0000] {logging_mixin.py:188} INFO - [2025-12-06T17:18:59.764+0000] {dag.py:3047} INFO - Sync 1 DAGs
[2025-12-06T17:18:59.812+0000] {logging_mixin.py:188} INFO - [2025-12-06T17:18:59.811+0000] {dag.py:3834} INFO - Setting next_dagrun for dog_owner_dag_classic to None, run_after=None
[2025-12-06T17:18:59.879+0000] {processor.py:183} INFO - Processing /opt/airflow/dags/x_com_dag.py took 0.435 seconds
[2025-12-06T17:19:30.230+0000] {processor.py:161} INFO - Started process (PID=979) to work on /opt/airflow/dags/x_com_dag.py
[2025-12-06T17:19:30.232+0000] {processor.py:830} INFO - Processing file /opt/airflow/dags/x_com_dag.py for tasks to queue
[2025-12-06T17:19:30.236+0000] {logging_mixin.py:188} INFO - [2025-12-06T17:19:30.235+0000] {dagbag.py:540} INFO - Filling up the DagBag from /opt/airflow/dags/x_com_dag.py
[2025-12-06T17:19:30.264+0000] {processor.py:840} INFO - DAG(s) 'dog_owner_dag_classic' retrieved from /opt/airflow/dags/x_com_dag.py
[2025-12-06T17:19:30.309+0000] {logging_mixin.py:188} INFO - [2025-12-06T17:19:30.309+0000] {dag.py:3047} INFO - Sync 1 DAGs
[2025-12-06T17:19:30.337+0000] {logging_mixin.py:188} INFO - [2025-12-06T17:19:30.337+0000] {dag.py:3834} INFO - Setting next_dagrun for dog_owner_dag_classic to None, run_after=None
[2025-12-06T17:19:30.396+0000] {processor.py:183} INFO - Processing /opt/airflow/dags/x_com_dag.py took 0.173 seconds
[2025-12-06T17:20:00.906+0000] {processor.py:161} INFO - Started process (PID=1004) to work on /opt/airflow/dags/x_com_dag.py
[2025-12-06T17:20:00.909+0000] {processor.py:830} INFO - Processing file /opt/airflow/dags/x_com_dag.py for tasks to queue
[2025-12-06T17:20:00.915+0000] {logging_mixin.py:188} INFO - [2025-12-06T17:20:00.915+0000] {dagbag.py:540} INFO - Filling up the DagBag from /opt/airflow/dags/x_com_dag.py
[2025-12-06T17:20:00.946+0000] {processor.py:840} INFO - DAG(s) 'dog_owner_dag_classic' retrieved from /opt/airflow/dags/x_com_dag.py
[2025-12-06T17:20:00.999+0000] {logging_mixin.py:188} INFO - [2025-12-06T17:20:00.998+0000] {dag.py:3047} INFO - Sync 1 DAGs
[2025-12-06T17:20:01.027+0000] {logging_mixin.py:188} INFO - [2025-12-06T17:20:01.026+0000] {dag.py:3834} INFO - Setting next_dagrun for dog_owner_dag_classic to None, run_after=None
[2025-12-06T17:20:01.060+0000] {processor.py:183} INFO - Processing /opt/airflow/dags/x_com_dag.py took 0.162 seconds
[2025-12-06T17:20:31.676+0000] {processor.py:161} INFO - Started process (PID=1030) to work on /opt/airflow/dags/x_com_dag.py
[2025-12-06T17:20:31.678+0000] {processor.py:830} INFO - Processing file /opt/airflow/dags/x_com_dag.py for tasks to queue
[2025-12-06T17:20:31.682+0000] {logging_mixin.py:188} INFO - [2025-12-06T17:20:31.682+0000] {dagbag.py:540} INFO - Filling up the DagBag from /opt/airflow/dags/x_com_dag.py
[2025-12-06T17:20:31.725+0000] {processor.py:840} INFO - DAG(s) 'dog_owner_dag_classic' retrieved from /opt/airflow/dags/x_com_dag.py
[2025-12-06T17:20:31.772+0000] {logging_mixin.py:188} INFO - [2025-12-06T17:20:31.772+0000] {dag.py:3047} INFO - Sync 1 DAGs
[2025-12-06T17:20:31.792+0000] {logging_mixin.py:188} INFO - [2025-12-06T17:20:31.792+0000] {dag.py:3834} INFO - Setting next_dagrun for dog_owner_dag_classic to None, run_after=None
[2025-12-06T17:20:31.829+0000] {processor.py:183} INFO - Processing /opt/airflow/dags/x_com_dag.py took 0.160 seconds
[2025-12-06T17:21:02.177+0000] {processor.py:161} INFO - Started process (PID=1056) to work on /opt/airflow/dags/x_com_dag.py
[2025-12-06T17:21:02.179+0000] {processor.py:830} INFO - Processing file /opt/airflow/dags/x_com_dag.py for tasks to queue
[2025-12-06T17:21:02.183+0000] {logging_mixin.py:188} INFO - [2025-12-06T17:21:02.182+0000] {dagbag.py:540} INFO - Filling up the DagBag from /opt/airflow/dags/x_com_dag.py
[2025-12-06T17:21:02.217+0000] {processor.py:840} INFO - DAG(s) 'dog_owner_dag_classic' retrieved from /opt/airflow/dags/x_com_dag.py
[2025-12-06T17:21:02.260+0000] {logging_mixin.py:188} INFO - [2025-12-06T17:21:02.259+0000] {dag.py:3047} INFO - Sync 1 DAGs
[2025-12-06T17:21:02.288+0000] {logging_mixin.py:188} INFO - [2025-12-06T17:21:02.288+0000] {dag.py:3834} INFO - Setting next_dagrun for dog_owner_dag_classic to None, run_after=None
[2025-12-06T17:21:02.330+0000] {processor.py:183} INFO - Processing /opt/airflow/dags/x_com_dag.py took 0.161 seconds
[2025-12-06T17:21:32.911+0000] {processor.py:161} INFO - Started process (PID=1090) to work on /opt/airflow/dags/x_com_dag.py
[2025-12-06T17:21:32.916+0000] {processor.py:830} INFO - Processing file /opt/airflow/dags/x_com_dag.py for tasks to queue
[2025-12-06T17:21:32.920+0000] {logging_mixin.py:188} INFO - [2025-12-06T17:21:32.919+0000] {dagbag.py:540} INFO - Filling up the DagBag from /opt/airflow/dags/x_com_dag.py
[2025-12-06T17:21:32.973+0000] {processor.py:840} INFO - DAG(s) 'dog_owner_dag_classic' retrieved from /opt/airflow/dags/x_com_dag.py
[2025-12-06T17:21:33.118+0000] {logging_mixin.py:188} INFO - [2025-12-06T17:21:33.117+0000] {dag.py:3047} INFO - Sync 1 DAGs
[2025-12-06T17:21:33.187+0000] {logging_mixin.py:188} INFO - [2025-12-06T17:21:33.186+0000] {dag.py:3834} INFO - Setting next_dagrun for dog_owner_dag_classic to None, run_after=None
[2025-12-06T17:21:33.250+0000] {processor.py:183} INFO - Processing /opt/airflow/dags/x_com_dag.py took 0.356 seconds
[2025-12-06T17:22:03.504+0000] {processor.py:161} INFO - Started process (PID=1116) to work on /opt/airflow/dags/x_com_dag.py
[2025-12-06T17:22:03.506+0000] {processor.py:830} INFO - Processing file /opt/airflow/dags/x_com_dag.py for tasks to queue
[2025-12-06T17:22:03.511+0000] {logging_mixin.py:188} INFO - [2025-12-06T17:22:03.510+0000] {dagbag.py:540} INFO - Filling up the DagBag from /opt/airflow/dags/x_com_dag.py
[2025-12-06T17:22:03.556+0000] {processor.py:840} INFO - DAG(s) 'dog_owner_dag_classic' retrieved from /opt/airflow/dags/x_com_dag.py
[2025-12-06T17:22:03.623+0000] {logging_mixin.py:188} INFO - [2025-12-06T17:22:03.623+0000] {dag.py:3047} INFO - Sync 1 DAGs
[2025-12-06T17:22:03.654+0000] {logging_mixin.py:188} INFO - [2025-12-06T17:22:03.654+0000] {dag.py:3834} INFO - Setting next_dagrun for dog_owner_dag_classic to None, run_after=None
[2025-12-06T17:22:03.704+0000] {processor.py:183} INFO - Processing /opt/airflow/dags/x_com_dag.py took 0.210 seconds
[2025-12-06T17:22:33.803+0000] {processor.py:161} INFO - Started process (PID=1142) to work on /opt/airflow/dags/x_com_dag.py
[2025-12-06T17:22:33.805+0000] {processor.py:830} INFO - Processing file /opt/airflow/dags/x_com_dag.py for tasks to queue
[2025-12-06T17:22:33.811+0000] {logging_mixin.py:188} INFO - [2025-12-06T17:22:33.810+0000] {dagbag.py:540} INFO - Filling up the DagBag from /opt/airflow/dags/x_com_dag.py
[2025-12-06T17:22:33.843+0000] {processor.py:840} INFO - DAG(s) 'dog_owner_dag_classic' retrieved from /opt/airflow/dags/x_com_dag.py
[2025-12-06T17:22:33.889+0000] {logging_mixin.py:188} INFO - [2025-12-06T17:22:33.889+0000] {dag.py:3047} INFO - Sync 1 DAGs
[2025-12-06T17:22:33.915+0000] {logging_mixin.py:188} INFO - [2025-12-06T17:22:33.914+0000] {dag.py:3834} INFO - Setting next_dagrun for dog_owner_dag_classic to None, run_after=None
[2025-12-06T17:22:33.957+0000] {processor.py:183} INFO - Processing /opt/airflow/dags/x_com_dag.py took 0.160 seconds
[2025-12-06T17:23:04.357+0000] {processor.py:161} INFO - Started process (PID=1169) to work on /opt/airflow/dags/x_com_dag.py
[2025-12-06T17:23:04.359+0000] {processor.py:830} INFO - Processing file /opt/airflow/dags/x_com_dag.py for tasks to queue
[2025-12-06T17:23:04.365+0000] {logging_mixin.py:188} INFO - [2025-12-06T17:23:04.365+0000] {dagbag.py:540} INFO - Filling up the DagBag from /opt/airflow/dags/x_com_dag.py
[2025-12-06T17:23:04.478+0000] {processor.py:840} INFO - DAG(s) 'dog_owner_dag_classic' retrieved from /opt/airflow/dags/x_com_dag.py
[2025-12-06T17:23:04.629+0000] {logging_mixin.py:188} INFO - [2025-12-06T17:23:04.626+0000] {dag.py:3047} INFO - Sync 1 DAGs
[2025-12-06T17:23:04.730+0000] {logging_mixin.py:188} INFO - [2025-12-06T17:23:04.729+0000] {dag.py:3834} INFO - Setting next_dagrun for dog_owner_dag_classic to None, run_after=None
[2025-12-06T17:23:04.846+0000] {processor.py:183} INFO - Processing /opt/airflow/dags/x_com_dag.py took 0.500 seconds
[2025-12-06T17:23:35.087+0000] {processor.py:161} INFO - Started process (PID=1196) to work on /opt/airflow/dags/x_com_dag.py
[2025-12-06T17:23:35.093+0000] {processor.py:830} INFO - Processing file /opt/airflow/dags/x_com_dag.py for tasks to queue
[2025-12-06T17:23:35.102+0000] {logging_mixin.py:188} INFO - [2025-12-06T17:23:35.101+0000] {dagbag.py:540} INFO - Filling up the DagBag from /opt/airflow/dags/x_com_dag.py
[2025-12-06T17:23:35.176+0000] {processor.py:840} INFO - DAG(s) 'dog_owner_dag_classic' retrieved from /opt/airflow/dags/x_com_dag.py
[2025-12-06T17:23:35.290+0000] {logging_mixin.py:188} INFO - [2025-12-06T17:23:35.290+0000] {dag.py:3047} INFO - Sync 1 DAGs
[2025-12-06T17:23:35.336+0000] {logging_mixin.py:188} INFO - [2025-12-06T17:23:35.336+0000] {dag.py:3834} INFO - Setting next_dagrun for dog_owner_dag_classic to None, run_after=None
[2025-12-06T17:23:35.410+0000] {processor.py:183} INFO - Processing /opt/airflow/dags/x_com_dag.py took 0.342 seconds
[2025-12-06T17:24:05.671+0000] {processor.py:161} INFO - Started process (PID=1224) to work on /opt/airflow/dags/x_com_dag.py
[2025-12-06T17:24:05.673+0000] {processor.py:830} INFO - Processing file /opt/airflow/dags/x_com_dag.py for tasks to queue
[2025-12-06T17:24:05.678+0000] {logging_mixin.py:188} INFO - [2025-12-06T17:24:05.677+0000] {dagbag.py:540} INFO - Filling up the DagBag from /opt/airflow/dags/x_com_dag.py
[2025-12-06T17:24:05.710+0000] {processor.py:840} INFO - DAG(s) 'dog_owner_dag_classic' retrieved from /opt/airflow/dags/x_com_dag.py
[2025-12-06T17:24:05.764+0000] {logging_mixin.py:188} INFO - [2025-12-06T17:24:05.763+0000] {dag.py:3047} INFO - Sync 1 DAGs
[2025-12-06T17:24:05.792+0000] {logging_mixin.py:188} INFO - [2025-12-06T17:24:05.792+0000] {dag.py:3834} INFO - Setting next_dagrun for dog_owner_dag_classic to None, run_after=None
[2025-12-06T17:24:05.847+0000] {processor.py:183} INFO - Processing /opt/airflow/dags/x_com_dag.py took 0.183 seconds
[2025-12-06T17:24:36.613+0000] {processor.py:161} INFO - Started process (PID=1250) to work on /opt/airflow/dags/x_com_dag.py
[2025-12-06T17:24:36.615+0000] {processor.py:830} INFO - Processing file /opt/airflow/dags/x_com_dag.py for tasks to queue
[2025-12-06T17:24:36.618+0000] {logging_mixin.py:188} INFO - [2025-12-06T17:24:36.618+0000] {dagbag.py:540} INFO - Filling up the DagBag from /opt/airflow/dags/x_com_dag.py
[2025-12-06T17:24:36.655+0000] {processor.py:840} INFO - DAG(s) 'dog_owner_dag_classic' retrieved from /opt/airflow/dags/x_com_dag.py
[2025-12-06T17:24:36.697+0000] {logging_mixin.py:188} INFO - [2025-12-06T17:24:36.697+0000] {dag.py:3047} INFO - Sync 1 DAGs
[2025-12-06T17:24:36.719+0000] {logging_mixin.py:188} INFO - [2025-12-06T17:24:36.719+0000] {dag.py:3834} INFO - Setting next_dagrun for dog_owner_dag_classic to None, run_after=None
[2025-12-06T17:24:36.758+0000] {processor.py:183} INFO - Processing /opt/airflow/dags/x_com_dag.py took 0.152 seconds
[2025-12-06T17:25:07.450+0000] {processor.py:161} INFO - Started process (PID=1276) to work on /opt/airflow/dags/x_com_dag.py
[2025-12-06T17:25:07.451+0000] {processor.py:830} INFO - Processing file /opt/airflow/dags/x_com_dag.py for tasks to queue
[2025-12-06T17:25:07.460+0000] {logging_mixin.py:188} INFO - [2025-12-06T17:25:07.459+0000] {dagbag.py:540} INFO - Filling up the DagBag from /opt/airflow/dags/x_com_dag.py
[2025-12-06T17:25:07.532+0000] {processor.py:840} INFO - DAG(s) 'dog_owner_dag_classic' retrieved from /opt/airflow/dags/x_com_dag.py
[2025-12-06T17:25:07.620+0000] {logging_mixin.py:188} INFO - [2025-12-06T17:25:07.620+0000] {dag.py:3047} INFO - Sync 1 DAGs
[2025-12-06T17:25:07.657+0000] {logging_mixin.py:188} INFO - [2025-12-06T17:25:07.656+0000] {dag.py:3834} INFO - Setting next_dagrun for dog_owner_dag_classic to None, run_after=None
[2025-12-06T17:25:07.718+0000] {processor.py:183} INFO - Processing /opt/airflow/dags/x_com_dag.py took 0.275 seconds
[2025-12-06T17:25:38.603+0000] {processor.py:161} INFO - Started process (PID=1301) to work on /opt/airflow/dags/x_com_dag.py
[2025-12-06T17:25:38.606+0000] {processor.py:830} INFO - Processing file /opt/airflow/dags/x_com_dag.py for tasks to queue
[2025-12-06T17:25:38.612+0000] {logging_mixin.py:188} INFO - [2025-12-06T17:25:38.611+0000] {dagbag.py:540} INFO - Filling up the DagBag from /opt/airflow/dags/x_com_dag.py
[2025-12-06T17:25:38.649+0000] {processor.py:840} INFO - DAG(s) 'dog_owner_dag_classic' retrieved from /opt/airflow/dags/x_com_dag.py
[2025-12-06T17:25:38.699+0000] {logging_mixin.py:188} INFO - [2025-12-06T17:25:38.698+0000] {dag.py:3047} INFO - Sync 1 DAGs
[2025-12-06T17:25:38.724+0000] {logging_mixin.py:188} INFO - [2025-12-06T17:25:38.723+0000] {dag.py:3834} INFO - Setting next_dagrun for dog_owner_dag_classic to None, run_after=None
[2025-12-06T17:25:38.767+0000] {processor.py:183} INFO - Processing /opt/airflow/dags/x_com_dag.py took 0.172 seconds
[2025-12-06T17:26:09.042+0000] {processor.py:161} INFO - Started process (PID=1326) to work on /opt/airflow/dags/x_com_dag.py
[2025-12-06T17:26:09.045+0000] {processor.py:830} INFO - Processing file /opt/airflow/dags/x_com_dag.py for tasks to queue
[2025-12-06T17:26:09.050+0000] {logging_mixin.py:188} INFO - [2025-12-06T17:26:09.048+0000] {dagbag.py:540} INFO - Filling up the DagBag from /opt/airflow/dags/x_com_dag.py
[2025-12-06T17:26:09.083+0000] {processor.py:840} INFO - DAG(s) 'dog_owner_dag_classic' retrieved from /opt/airflow/dags/x_com_dag.py
[2025-12-06T17:26:09.141+0000] {logging_mixin.py:188} INFO - [2025-12-06T17:26:09.141+0000] {dag.py:3047} INFO - Sync 1 DAGs
[2025-12-06T17:26:09.167+0000] {logging_mixin.py:188} INFO - [2025-12-06T17:26:09.167+0000] {dag.py:3834} INFO - Setting next_dagrun for dog_owner_dag_classic to None, run_after=None
[2025-12-06T17:26:09.208+0000] {processor.py:183} INFO - Processing /opt/airflow/dags/x_com_dag.py took 0.173 seconds
[2025-12-06T17:26:39.479+0000] {processor.py:161} INFO - Started process (PID=1352) to work on /opt/airflow/dags/x_com_dag.py
[2025-12-06T17:26:39.482+0000] {processor.py:830} INFO - Processing file /opt/airflow/dags/x_com_dag.py for tasks to queue
[2025-12-06T17:26:39.488+0000] {logging_mixin.py:188} INFO - [2025-12-06T17:26:39.486+0000] {dagbag.py:540} INFO - Filling up the DagBag from /opt/airflow/dags/x_com_dag.py
[2025-12-06T17:26:39.518+0000] {processor.py:840} INFO - DAG(s) 'dog_owner_dag_classic' retrieved from /opt/airflow/dags/x_com_dag.py
[2025-12-06T17:26:39.555+0000] {logging_mixin.py:188} INFO - [2025-12-06T17:26:39.555+0000] {dag.py:3047} INFO - Sync 1 DAGs
[2025-12-06T17:26:39.573+0000] {logging_mixin.py:188} INFO - [2025-12-06T17:26:39.572+0000] {dag.py:3834} INFO - Setting next_dagrun for dog_owner_dag_classic to None, run_after=None
[2025-12-06T17:26:39.616+0000] {processor.py:183} INFO - Processing /opt/airflow/dags/x_com_dag.py took 0.144 seconds
[2025-12-06T17:27:10.356+0000] {processor.py:161} INFO - Started process (PID=1380) to work on /opt/airflow/dags/x_com_dag.py
[2025-12-06T17:27:10.358+0000] {processor.py:830} INFO - Processing file /opt/airflow/dags/x_com_dag.py for tasks to queue
[2025-12-06T17:27:10.362+0000] {logging_mixin.py:188} INFO - [2025-12-06T17:27:10.361+0000] {dagbag.py:540} INFO - Filling up the DagBag from /opt/airflow/dags/x_com_dag.py
[2025-12-06T17:27:10.405+0000] {processor.py:840} INFO - DAG(s) 'dog_owner_dag_classic' retrieved from /opt/airflow/dags/x_com_dag.py
[2025-12-06T17:27:10.462+0000] {logging_mixin.py:188} INFO - [2025-12-06T17:27:10.462+0000] {dag.py:3047} INFO - Sync 1 DAGs
[2025-12-06T17:27:10.491+0000] {logging_mixin.py:188} INFO - [2025-12-06T17:27:10.490+0000] {dag.py:3834} INFO - Setting next_dagrun for dog_owner_dag_classic to None, run_after=None
[2025-12-06T17:27:10.527+0000] {processor.py:183} INFO - Processing /opt/airflow/dags/x_com_dag.py took 0.178 seconds
[2025-12-06T17:27:40.832+0000] {processor.py:161} INFO - Started process (PID=1406) to work on /opt/airflow/dags/x_com_dag.py
[2025-12-06T17:27:40.837+0000] {processor.py:830} INFO - Processing file /opt/airflow/dags/x_com_dag.py for tasks to queue
[2025-12-06T17:27:40.845+0000] {logging_mixin.py:188} INFO - [2025-12-06T17:27:40.843+0000] {dagbag.py:540} INFO - Filling up the DagBag from /opt/airflow/dags/x_com_dag.py
[2025-12-06T17:27:40.918+0000] {processor.py:840} INFO - DAG(s) 'dog_owner_dag_classic' retrieved from /opt/airflow/dags/x_com_dag.py
[2025-12-06T17:27:40.973+0000] {logging_mixin.py:188} INFO - [2025-12-06T17:27:40.972+0000] {dag.py:3047} INFO - Sync 1 DAGs
[2025-12-06T17:27:40.994+0000] {logging_mixin.py:188} INFO - [2025-12-06T17:27:40.994+0000] {dag.py:3834} INFO - Setting next_dagrun for dog_owner_dag_classic to None, run_after=None
[2025-12-06T17:27:41.037+0000] {processor.py:183} INFO - Processing /opt/airflow/dags/x_com_dag.py took 0.218 seconds
[2025-12-06T17:28:11.408+0000] {processor.py:161} INFO - Started process (PID=1432) to work on /opt/airflow/dags/x_com_dag.py
[2025-12-06T17:28:11.410+0000] {processor.py:830} INFO - Processing file /opt/airflow/dags/x_com_dag.py for tasks to queue
[2025-12-06T17:28:11.416+0000] {logging_mixin.py:188} INFO - [2025-12-06T17:28:11.415+0000] {dagbag.py:540} INFO - Filling up the DagBag from /opt/airflow/dags/x_com_dag.py
[2025-12-06T17:28:11.451+0000] {processor.py:840} INFO - DAG(s) 'dog_owner_dag_classic' retrieved from /opt/airflow/dags/x_com_dag.py
[2025-12-06T17:28:11.505+0000] {logging_mixin.py:188} INFO - [2025-12-06T17:28:11.505+0000] {dag.py:3047} INFO - Sync 1 DAGs
[2025-12-06T17:28:11.523+0000] {logging_mixin.py:188} INFO - [2025-12-06T17:28:11.523+0000] {dag.py:3834} INFO - Setting next_dagrun for dog_owner_dag_classic to None, run_after=None
[2025-12-06T17:28:11.565+0000] {processor.py:183} INFO - Processing /opt/airflow/dags/x_com_dag.py took 0.161 seconds
[2025-12-06T17:28:41.717+0000] {processor.py:161} INFO - Started process (PID=1457) to work on /opt/airflow/dags/x_com_dag.py
[2025-12-06T17:28:41.719+0000] {processor.py:830} INFO - Processing file /opt/airflow/dags/x_com_dag.py for tasks to queue
[2025-12-06T17:28:41.724+0000] {logging_mixin.py:188} INFO - [2025-12-06T17:28:41.723+0000] {dagbag.py:540} INFO - Filling up the DagBag from /opt/airflow/dags/x_com_dag.py
[2025-12-06T17:28:41.779+0000] {processor.py:840} INFO - DAG(s) 'dog_owner_dag_classic' retrieved from /opt/airflow/dags/x_com_dag.py
[2025-12-06T17:28:41.826+0000] {logging_mixin.py:188} INFO - [2025-12-06T17:28:41.825+0000] {dag.py:3047} INFO - Sync 1 DAGs
[2025-12-06T17:28:41.849+0000] {logging_mixin.py:188} INFO - [2025-12-06T17:28:41.849+0000] {dag.py:3834} INFO - Setting next_dagrun for dog_owner_dag_classic to None, run_after=None
[2025-12-06T17:28:41.890+0000] {processor.py:183} INFO - Processing /opt/airflow/dags/x_com_dag.py took 0.180 seconds
[2025-12-06T17:29:12.039+0000] {processor.py:161} INFO - Started process (PID=1483) to work on /opt/airflow/dags/x_com_dag.py
[2025-12-06T17:29:12.042+0000] {processor.py:830} INFO - Processing file /opt/airflow/dags/x_com_dag.py for tasks to queue
[2025-12-06T17:29:12.048+0000] {logging_mixin.py:188} INFO - [2025-12-06T17:29:12.047+0000] {dagbag.py:540} INFO - Filling up the DagBag from /opt/airflow/dags/x_com_dag.py
[2025-12-06T17:29:12.089+0000] {processor.py:840} INFO - DAG(s) 'dog_owner_dag_classic' retrieved from /opt/airflow/dags/x_com_dag.py
[2025-12-06T17:29:12.137+0000] {logging_mixin.py:188} INFO - [2025-12-06T17:29:12.136+0000] {dag.py:3047} INFO - Sync 1 DAGs
[2025-12-06T17:29:12.163+0000] {logging_mixin.py:188} INFO - [2025-12-06T17:29:12.162+0000] {dag.py:3834} INFO - Setting next_dagrun for dog_owner_dag_classic to None, run_after=None
[2025-12-06T17:29:12.197+0000] {processor.py:183} INFO - Processing /opt/airflow/dags/x_com_dag.py took 0.164 seconds
[2025-12-06T17:29:42.920+0000] {processor.py:161} INFO - Started process (PID=1509) to work on /opt/airflow/dags/x_com_dag.py
[2025-12-06T17:29:42.922+0000] {processor.py:830} INFO - Processing file /opt/airflow/dags/x_com_dag.py for tasks to queue
[2025-12-06T17:29:42.926+0000] {logging_mixin.py:188} INFO - [2025-12-06T17:29:42.926+0000] {dagbag.py:540} INFO - Filling up the DagBag from /opt/airflow/dags/x_com_dag.py
[2025-12-06T17:29:42.959+0000] {processor.py:840} INFO - DAG(s) 'dog_owner_dag_classic' retrieved from /opt/airflow/dags/x_com_dag.py
[2025-12-06T17:29:43.001+0000] {logging_mixin.py:188} INFO - [2025-12-06T17:29:43.001+0000] {dag.py:3047} INFO - Sync 1 DAGs
[2025-12-06T17:29:43.022+0000] {logging_mixin.py:188} INFO - [2025-12-06T17:29:43.021+0000] {dag.py:3834} INFO - Setting next_dagrun for dog_owner_dag_classic to None, run_after=None
[2025-12-06T17:29:43.072+0000] {processor.py:183} INFO - Processing /opt/airflow/dags/x_com_dag.py took 0.158 seconds
[2025-12-06T17:30:13.307+0000] {processor.py:161} INFO - Started process (PID=1536) to work on /opt/airflow/dags/x_com_dag.py
[2025-12-06T17:30:13.310+0000] {processor.py:830} INFO - Processing file /opt/airflow/dags/x_com_dag.py for tasks to queue
[2025-12-06T17:30:13.314+0000] {logging_mixin.py:188} INFO - [2025-12-06T17:30:13.313+0000] {dagbag.py:540} INFO - Filling up the DagBag from /opt/airflow/dags/x_com_dag.py
[2025-12-06T17:30:13.355+0000] {processor.py:840} INFO - DAG(s) 'dog_owner_dag_classic' retrieved from /opt/airflow/dags/x_com_dag.py
[2025-12-06T17:30:13.407+0000] {logging_mixin.py:188} INFO - [2025-12-06T17:30:13.407+0000] {dag.py:3047} INFO - Sync 1 DAGs
[2025-12-06T17:30:13.427+0000] {logging_mixin.py:188} INFO - [2025-12-06T17:30:13.427+0000] {dag.py:3834} INFO - Setting next_dagrun for dog_owner_dag_classic to None, run_after=None
[2025-12-06T17:30:13.462+0000] {processor.py:183} INFO - Processing /opt/airflow/dags/x_com_dag.py took 0.161 seconds
[2025-12-06T17:30:44.193+0000] {processor.py:161} INFO - Started process (PID=1560) to work on /opt/airflow/dags/x_com_dag.py
[2025-12-06T17:30:44.197+0000] {processor.py:830} INFO - Processing file /opt/airflow/dags/x_com_dag.py for tasks to queue
[2025-12-06T17:30:44.202+0000] {logging_mixin.py:188} INFO - [2025-12-06T17:30:44.201+0000] {dagbag.py:540} INFO - Filling up the DagBag from /opt/airflow/dags/x_com_dag.py
[2025-12-06T17:30:44.288+0000] {processor.py:840} INFO - DAG(s) 'dog_owner_dag_classic' retrieved from /opt/airflow/dags/x_com_dag.py
[2025-12-06T17:30:44.401+0000] {logging_mixin.py:188} INFO - [2025-12-06T17:30:44.400+0000] {dag.py:3047} INFO - Sync 1 DAGs
[2025-12-06T17:30:44.439+0000] {logging_mixin.py:188} INFO - [2025-12-06T17:30:44.439+0000] {dag.py:3834} INFO - Setting next_dagrun for dog_owner_dag_classic to None, run_after=None
[2025-12-06T17:30:44.527+0000] {processor.py:183} INFO - Processing /opt/airflow/dags/x_com_dag.py took 0.350 seconds
[2025-12-06T17:31:15.004+0000] {processor.py:161} INFO - Started process (PID=1587) to work on /opt/airflow/dags/x_com_dag.py
[2025-12-06T17:31:15.006+0000] {processor.py:830} INFO - Processing file /opt/airflow/dags/x_com_dag.py for tasks to queue
[2025-12-06T17:31:15.009+0000] {logging_mixin.py:188} INFO - [2025-12-06T17:31:15.009+0000] {dagbag.py:540} INFO - Filling up the DagBag from /opt/airflow/dags/x_com_dag.py
[2025-12-06T17:31:15.133+0000] {processor.py:840} INFO - DAG(s) 'dog_owner_dag_classic' retrieved from /opt/airflow/dags/x_com_dag.py
[2025-12-06T17:31:15.291+0000] {logging_mixin.py:188} INFO - [2025-12-06T17:31:15.290+0000] {dag.py:3047} INFO - Sync 1 DAGs
[2025-12-06T17:31:15.310+0000] {logging_mixin.py:188} INFO - [2025-12-06T17:31:15.310+0000] {dag.py:3834} INFO - Setting next_dagrun for dog_owner_dag_classic to None, run_after=None
[2025-12-06T17:31:15.345+0000] {processor.py:183} INFO - Processing /opt/airflow/dags/x_com_dag.py took 0.346 seconds
[2025-12-06T17:31:49.896+0000] {processor.py:161} INFO - Started process (PID=1612) to work on /opt/airflow/dags/x_com_dag.py
[2025-12-06T17:31:49.900+0000] {processor.py:830} INFO - Processing file /opt/airflow/dags/x_com_dag.py for tasks to queue
[2025-12-06T17:31:49.906+0000] {logging_mixin.py:188} INFO - [2025-12-06T17:31:49.904+0000] {dagbag.py:540} INFO - Filling up the DagBag from /opt/airflow/dags/x_com_dag.py
[2025-12-06T17:31:49.999+0000] {processor.py:840} INFO - DAG(s) 'dog_owner_dag_classic' retrieved from /opt/airflow/dags/x_com_dag.py
[2025-12-06T17:31:50.145+0000] {logging_mixin.py:188} INFO - [2025-12-06T17:31:50.145+0000] {dag.py:3047} INFO - Sync 1 DAGs
[2025-12-06T17:31:50.275+0000] {logging_mixin.py:188} INFO - [2025-12-06T17:31:50.275+0000] {dag.py:3834} INFO - Setting next_dagrun for dog_owner_dag_classic to None, run_after=None
[2025-12-06T17:31:50.504+0000] {processor.py:183} INFO - Processing /opt/airflow/dags/x_com_dag.py took 0.615 seconds
[2025-12-06T17:32:21.308+0000] {processor.py:161} INFO - Started process (PID=1637) to work on /opt/airflow/dags/x_com_dag.py
[2025-12-06T17:32:21.310+0000] {processor.py:830} INFO - Processing file /opt/airflow/dags/x_com_dag.py for tasks to queue
[2025-12-06T17:32:21.315+0000] {logging_mixin.py:188} INFO - [2025-12-06T17:32:21.314+0000] {dagbag.py:540} INFO - Filling up the DagBag from /opt/airflow/dags/x_com_dag.py
[2025-12-06T17:32:21.359+0000] {processor.py:840} INFO - DAG(s) 'dog_owner_dag_classic' retrieved from /opt/airflow/dags/x_com_dag.py
[2025-12-06T17:32:21.404+0000] {logging_mixin.py:188} INFO - [2025-12-06T17:32:21.403+0000] {dag.py:3047} INFO - Sync 1 DAGs
[2025-12-06T17:32:21.423+0000] {logging_mixin.py:188} INFO - [2025-12-06T17:32:21.423+0000] {dag.py:3834} INFO - Setting next_dagrun for dog_owner_dag_classic to None, run_after=None
[2025-12-06T17:32:21.461+0000] {processor.py:183} INFO - Processing /opt/airflow/dags/x_com_dag.py took 0.162 seconds
[2025-12-06T17:32:51.931+0000] {processor.py:161} INFO - Started process (PID=1663) to work on /opt/airflow/dags/x_com_dag.py
[2025-12-06T17:32:51.933+0000] {processor.py:830} INFO - Processing file /opt/airflow/dags/x_com_dag.py for tasks to queue
[2025-12-06T17:32:51.939+0000] {logging_mixin.py:188} INFO - [2025-12-06T17:32:51.939+0000] {dagbag.py:540} INFO - Filling up the DagBag from /opt/airflow/dags/x_com_dag.py
[2025-12-06T17:32:51.990+0000] {processor.py:840} INFO - DAG(s) 'dog_owner_dag_classic' retrieved from /opt/airflow/dags/x_com_dag.py
[2025-12-06T17:32:52.060+0000] {logging_mixin.py:188} INFO - [2025-12-06T17:32:52.059+0000] {dag.py:3047} INFO - Sync 1 DAGs
[2025-12-06T17:32:52.102+0000] {logging_mixin.py:188} INFO - [2025-12-06T17:32:52.102+0000] {dag.py:3834} INFO - Setting next_dagrun for dog_owner_dag_classic to None, run_after=None
[2025-12-06T17:32:52.153+0000] {processor.py:183} INFO - Processing /opt/airflow/dags/x_com_dag.py took 0.233 seconds
