[2025-11-23T10:06:04.086+0000] {taskinstance.py:1165} INFO - Dependencies all met for <TaskInstance: python_branch_operator_ex.branching_task manual__2025-11-23T10:05:57.815019+00:00 [queued]>
[2025-11-23T10:06:04.098+0000] {taskinstance.py:1165} INFO - Dependencies all met for <TaskInstance: python_branch_operator_ex.branching_task manual__2025-11-23T10:05:57.815019+00:00 [queued]>
[2025-11-23T10:06:04.098+0000] {taskinstance.py:1362} INFO - 
--------------------------------------------------------------------------------
[2025-11-23T10:06:04.098+0000] {taskinstance.py:1363} INFO - Starting attempt 1 of 1
[2025-11-23T10:06:04.099+0000] {taskinstance.py:1364} INFO - 
--------------------------------------------------------------------------------
[2025-11-23T10:06:04.115+0000] {taskinstance.py:1383} INFO - Executing <Task(BranchPythonOperator): branching_task> on 2025-11-23 10:05:57.815019+00:00
[2025-11-23T10:06:04.121+0000] {standard_task_runner.py:55} INFO - Started process 466 to run task
[2025-11-23T10:06:04.125+0000] {standard_task_runner.py:82} INFO - Running: ['***', 'tasks', 'run', 'python_branch_operator_ex', 'branching_task', 'manual__2025-11-23T10:05:57.815019+00:00', '--job-id', '74', '--raw', '--subdir', 'DAGS_FOLDER/python_branch_operator.py', '--cfg-path', '/tmp/tmplbjlsboz']
[2025-11-23T10:06:04.126+0000] {standard_task_runner.py:83} INFO - Job 74: Subtask branching_task
[2025-11-23T10:06:04.221+0000] {task_command.py:376} INFO - Running <TaskInstance: python_branch_operator_ex.branching_task manual__2025-11-23T10:05:57.815019+00:00 [running]> on host c29f43dc8107
[2025-11-23T10:06:04.294+0000] {taskinstance.py:1592} INFO - Exporting the following env vars:
AIRFLOW_CTX_DAG_OWNER=***
AIRFLOW_CTX_DAG_ID=python_branch_operator_ex
AIRFLOW_CTX_TASK_ID=branching_task
AIRFLOW_CTX_EXECUTION_DATE=2025-11-23T10:05:57.815019+00:00
AIRFLOW_CTX_TRY_NUMBER=1
AIRFLOW_CTX_DAG_RUN_ID=manual__2025-11-23T10:05:57.815019+00:00
[2025-11-23T10:06:04.296+0000] {python.py:177} INFO - Done. Returned value was: task3
[2025-11-23T10:06:04.307+0000] {taskinstance.py:1851} ERROR - Task failed with exception
Traceback (most recent call last):
  File "/home/airflow/.local/lib/python3.7/site-packages/airflow/operators/python.py", line 225, in execute
    f"Branch callable must return valid task_ids. Invalid tasks found: {invalid_task_ids}"
airflow.exceptions.AirflowException: Branch callable must return valid task_ids. Invalid tasks found: {'task3'}
[2025-11-23T10:06:04.320+0000] {taskinstance.py:1406} INFO - Marking task as FAILED. dag_id=python_branch_operator_ex, task_id=branching_task, execution_date=20251123T100557, start_date=20251123T100604, end_date=20251123T100604
[2025-11-23T10:06:04.336+0000] {standard_task_runner.py:105} ERROR - Failed to execute job 74 for task branching_task (Branch callable must return valid task_ids. Invalid tasks found: {'task3'}; 466)
[2025-11-23T10:06:04.379+0000] {local_task_job.py:164} INFO - Task exited with return code 1
[2025-11-23T10:06:04.434+0000] {local_task_job.py:273} INFO - 0 downstream tasks scheduled from follow-on schedule check
