[2025-11-29T09:33:58.483+0000] {taskinstance.py:1165} INFO - Dependencies all met for <TaskInstance: catch-up_backfill_dag.task1 scheduled__2025-11-22T00:00:00+00:00 [queued]>
[2025-11-29T09:33:58.548+0000] {taskinstance.py:1165} INFO - Dependencies all met for <TaskInstance: catch-up_backfill_dag.task1 scheduled__2025-11-22T00:00:00+00:00 [queued]>
[2025-11-29T09:33:58.557+0000] {taskinstance.py:1362} INFO - 
--------------------------------------------------------------------------------
[2025-11-29T09:33:58.558+0000] {taskinstance.py:1363} INFO - Starting attempt 1 of 6
[2025-11-29T09:33:58.560+0000] {taskinstance.py:1364} INFO - 
--------------------------------------------------------------------------------
[2025-11-29T09:33:58.762+0000] {taskinstance.py:1383} INFO - Executing <Task(BashOperator): task1> on 2025-11-22 00:00:00+00:00
[2025-11-29T09:33:58.784+0000] {standard_task_runner.py:55} INFO - Started process 594 to run task
[2025-11-29T09:33:58.799+0000] {standard_task_runner.py:82} INFO - Running: ['***', 'tasks', 'run', 'catch-up_backfill_dag', 'task1', 'scheduled__2025-11-22T00:00:00+00:00', '--job-id', '159', '--raw', '--subdir', 'DAGS_FOLDER/cathcup_and_backfill.py', '--cfg-path', '/tmp/tmp2jnb0xvy']
[2025-11-29T09:33:58.804+0000] {standard_task_runner.py:83} INFO - Job 159: Subtask task1
[2025-11-29T09:33:59.743+0000] {task_command.py:376} INFO - Running <TaskInstance: catch-up_backfill_dag.task1 scheduled__2025-11-22T00:00:00+00:00 [running]> on host e6234453012c
[2025-11-29T09:34:01.103+0000] {taskinstance.py:1592} INFO - Exporting the following env vars:
AIRFLOW_CTX_DAG_OWNER=admin
AIRFLOW_CTX_DAG_ID=catch-up_backfill_dag
AIRFLOW_CTX_TASK_ID=task1
AIRFLOW_CTX_EXECUTION_DATE=2025-11-22T00:00:00+00:00
AIRFLOW_CTX_TRY_NUMBER=1
AIRFLOW_CTX_DAG_RUN_ID=scheduled__2025-11-22T00:00:00+00:00
[2025-11-29T09:34:01.291+0000] {subprocess.py:63} INFO - Tmp dir root location: 
 /tmp
[2025-11-29T09:34:01.306+0000] {subprocess.py:75} INFO - Running command: ['/bin/bash', '-c', 'echo this is simple backfill dag']
[2025-11-29T09:34:01.652+0000] {subprocess.py:86} INFO - Output:
[2025-11-29T09:34:01.654+0000] {subprocess.py:93} INFO - this is simple backfill dag
[2025-11-29T09:34:01.657+0000] {subprocess.py:97} INFO - Command exited with return code 0
[2025-11-29T09:34:01.888+0000] {taskinstance.py:1406} INFO - Marking task as SUCCESS. dag_id=catch-up_backfill_dag, task_id=task1, execution_date=20251122T000000, start_date=20251129T093358, end_date=20251129T093401
[2025-11-29T09:34:02.149+0000] {local_task_job.py:164} INFO - Task exited with return code 0
[2025-11-29T09:34:02.375+0000] {local_task_job.py:273} INFO - 0 downstream tasks scheduled from follow-on schedule check
