[2025-11-23T09:58:51.277+0000] {taskinstance.py:1165} INFO - Dependencies all met for <TaskInstance: python_branch_operator_ex.branching_task scheduled__2025-11-21T00:00:00+00:00 [queued]>
[2025-11-23T09:58:51.294+0000] {taskinstance.py:1165} INFO - Dependencies all met for <TaskInstance: python_branch_operator_ex.branching_task scheduled__2025-11-21T00:00:00+00:00 [queued]>
[2025-11-23T09:58:51.296+0000] {taskinstance.py:1362} INFO - 
--------------------------------------------------------------------------------
[2025-11-23T09:58:51.297+0000] {taskinstance.py:1363} INFO - Starting attempt 1 of 1
[2025-11-23T09:58:51.299+0000] {taskinstance.py:1364} INFO - 
--------------------------------------------------------------------------------
[2025-11-23T09:58:51.332+0000] {taskinstance.py:1383} INFO - Executing <Task(BranchPythonOperator): branching_task> on 2025-11-21 00:00:00+00:00
[2025-11-23T09:58:51.349+0000] {standard_task_runner.py:55} INFO - Started process 148 to run task
[2025-11-23T09:58:51.357+0000] {standard_task_runner.py:82} INFO - Running: ['***', 'tasks', 'run', 'python_branch_operator_ex', 'branching_task', 'scheduled__2025-11-21T00:00:00+00:00', '--job-id', '70', '--raw', '--subdir', 'DAGS_FOLDER/python_branch_operator.py', '--cfg-path', '/tmp/tmp0tqajzab']
[2025-11-23T09:58:51.358+0000] {standard_task_runner.py:83} INFO - Job 70: Subtask branching_task
[2025-11-23T09:58:51.881+0000] {task_command.py:376} INFO - Running <TaskInstance: python_branch_operator_ex.branching_task scheduled__2025-11-21T00:00:00+00:00 [running]> on host c29f43dc8107
[2025-11-23T09:58:52.319+0000] {taskinstance.py:1592} INFO - Exporting the following env vars:
AIRFLOW_CTX_DAG_OWNER=***
AIRFLOW_CTX_DAG_ID=python_branch_operator_ex
AIRFLOW_CTX_TASK_ID=branching_task
AIRFLOW_CTX_EXECUTION_DATE=2025-11-21T00:00:00+00:00
AIRFLOW_CTX_TRY_NUMBER=1
AIRFLOW_CTX_DAG_RUN_ID=scheduled__2025-11-21T00:00:00+00:00
[2025-11-23T09:58:52.324+0000] {python.py:177} INFO - Done. Returned value was: smaller
[2025-11-23T09:58:52.326+0000] {skipmixin.py:155} INFO - Following branch smaller
[2025-11-23T09:58:52.328+0000] {skipmixin.py:190} INFO - Skipping tasks ['greater']
[2025-11-23T09:58:52.614+0000] {taskinstance.py:1406} INFO - Marking task as SUCCESS. dag_id=python_branch_operator_ex, task_id=branching_task, execution_date=20251121T000000, start_date=20251123T095851, end_date=20251123T095852
[2025-11-23T09:58:52.716+0000] {local_task_job.py:164} INFO - Task exited with return code 0
[2025-11-23T09:58:52.831+0000] {local_task_job.py:273} INFO - 0 downstream tasks scheduled from follow-on schedule check
